Command line invocation:
    /Applications/Xcode.app/Contents/Developer/usr/bin/xcodebuild -scheme EliteAgentXPC -destination platform=macOS build

Resolve Package Graph


Resolved source packages:
  Sparkle: https://github.com/sparkle-project/Sparkle @ 2.9.0
  mlx-swift-lm: https://github.com/ml-explore/mlx-swift-lm @ 2.30.6
  swift-asn1: https://github.com/apple/swift-asn1.git @ 1.6.0
  swift-collections: https://github.com/apple/swift-collections.git @ 1.4.1
  yyjson: https://github.com/ibireme/yyjson.git @ 0.12.0
  swift-crypto: https://github.com/apple/swift-crypto.git @ 4.3.1
  mlx-swift: https://github.com/ml-explore/mlx-swift.git @ 0.30.6
  swift-numerics: https://github.com/apple/swift-numerics @ 1.1.1
  swift-transformers: https://github.com/huggingface/swift-transformers @ 1.1.9
  Jinja: https://github.com/huggingface/swift-jinja.git @ 2.3.5

ComputePackagePrebuildTargetDependencyGraph

Prepare packages

CreateBuildRequest

SendProjectDescription

CreateBuildOperation

ComputeTargetDependencyGraph
note: Building targets in dependency order
note: Target dependency graph (48 targets)
    Target 'EliteAgentXPC' in project 'EliteAgent'
        ➜ Explicit dependency on target 'EliteAgentCore' in project 'EliteAgent'
        ➜ Explicit dependency on target 'Numerics' in project 'swift-numerics'
        ➜ Explicit dependency on target 'MLXLLM' in project 'mlx-swift-lm'
        ➜ Explicit dependency on target 'MLXLinalg' in project 'mlx-swift'
        ➜ Explicit dependency on target 'MLXEmbedders' in project 'mlx-swift-lm'
        ➜ Explicit dependency on target 'MLXFast' in project 'mlx-swift'
        ➜ Explicit dependency on target 'MLXOptimizers' in project 'mlx-swift'
        ➜ Explicit dependency on target 'MLXRandom' in project 'mlx-swift'
        ➜ Explicit dependency on target 'MLXNN' in project 'mlx-swift'
        ➜ Explicit dependency on target 'MLXLMCommon' in project 'mlx-swift-lm'
        ➜ Explicit dependency on target 'MLX' in project 'mlx-swift'
        ➜ Explicit dependency on target 'MLXFFT' in project 'mlx-swift'
        ➜ Explicit dependency on target 'MLXVLM' in project 'mlx-swift-lm'
    Target 'EliteAgentCore' in project 'EliteAgent'
        ➜ Explicit dependency on target 'MLXLLM' in project 'mlx-swift-lm'
        ➜ Explicit dependency on target 'MLXNN' in project 'mlx-swift'
        ➜ Explicit dependency on target 'MLXVLM' in project 'mlx-swift-lm'
        ➜ Explicit dependency on target 'MLXLinalg' in project 'mlx-swift'
        ➜ Explicit dependency on target 'MLXLMCommon' in project 'mlx-swift-lm'
        ➜ Explicit dependency on target 'MLXEmbedders' in project 'mlx-swift-lm'
        ➜ Explicit dependency on target 'MLX' in project 'mlx-swift'
        ➜ Explicit dependency on target 'MLXRandom' in project 'mlx-swift'
        ➜ Explicit dependency on target 'Sparkle' in project 'Sparkle'
        ➜ Explicit dependency on target 'MLXOptimizers' in project 'mlx-swift'
        ➜ Explicit dependency on target 'MLXFast' in project 'mlx-swift'
        ➜ Explicit dependency on target 'MLXFFT' in project 'mlx-swift'
    Target 'MLXFFT' in project 'mlx-swift'
        ➜ Explicit dependency on target 'MLXFFT' in project 'mlx-swift'
        ➜ Explicit dependency on target 'Cmlx' in project 'mlx-swift'
        ➜ Explicit dependency on target 'MLX' in project 'mlx-swift'
        ➜ Explicit dependency on target 'Numerics' in project 'swift-numerics'
    Target 'MLXFFT' in project 'mlx-swift'
        ➜ Explicit dependency on target 'Cmlx' in project 'mlx-swift'
        ➜ Explicit dependency on target 'MLX' in project 'mlx-swift'
        ➜ Explicit dependency on target 'Numerics' in project 'swift-numerics'
    Target 'MLXFast' in project 'mlx-swift'
        ➜ Explicit dependency on target 'MLXFast' in project 'mlx-swift'
        ➜ Explicit dependency on target 'Cmlx' in project 'mlx-swift'
        ➜ Explicit dependency on target 'MLX' in project 'mlx-swift'
        ➜ Explicit dependency on target 'Numerics' in project 'swift-numerics'
    Target 'MLXFast' in project 'mlx-swift'
        ➜ Explicit dependency on target 'Cmlx' in project 'mlx-swift'
        ➜ Explicit dependency on target 'MLX' in project 'mlx-swift'
        ➜ Explicit dependency on target 'Numerics' in project 'swift-numerics'
    Target 'Sparkle' in project 'Sparkle' (no dependencies)
    Target 'MLXRandom' in project 'mlx-swift'
        ➜ Explicit dependency on target 'MLXRandom' in project 'mlx-swift'
        ➜ Explicit dependency on target 'Cmlx' in project 'mlx-swift'
        ➜ Explicit dependency on target 'MLX' in project 'mlx-swift'
        ➜ Explicit dependency on target 'Numerics' in project 'swift-numerics'
    Target 'MLXRandom' in project 'mlx-swift'
        ➜ Explicit dependency on target 'Cmlx' in project 'mlx-swift'
        ➜ Explicit dependency on target 'MLX' in project 'mlx-swift'
        ➜ Explicit dependency on target 'Numerics' in project 'swift-numerics'
    Target 'MLXEmbedders' in project 'mlx-swift-lm'
        ➜ Explicit dependency on target 'MLXEmbedders' in project 'mlx-swift-lm'
        ➜ Explicit dependency on target 'MLXLMCommon' in project 'mlx-swift-lm'
        ➜ Explicit dependency on target 'MLX' in project 'mlx-swift'
        ➜ Explicit dependency on target 'MLXNN' in project 'mlx-swift'
        ➜ Explicit dependency on target 'MLXOptimizers' in project 'mlx-swift'
        ➜ Explicit dependency on target 'Transformers' in project 'swift-transformers'
    Target 'MLXEmbedders' in project 'mlx-swift-lm'
        ➜ Explicit dependency on target 'MLXLMCommon' in project 'mlx-swift-lm'
        ➜ Explicit dependency on target 'MLX' in project 'mlx-swift'
        ➜ Explicit dependency on target 'MLXNN' in project 'mlx-swift'
        ➜ Explicit dependency on target 'MLXOptimizers' in project 'mlx-swift'
        ➜ Explicit dependency on target 'Transformers' in project 'swift-transformers'
    Target 'MLXLMCommon' in project 'mlx-swift-lm'
        ➜ Explicit dependency on target 'MLXLMCommon' in project 'mlx-swift-lm'
        ➜ Explicit dependency on target 'MLX' in project 'mlx-swift'
        ➜ Explicit dependency on target 'MLXNN' in project 'mlx-swift'
        ➜ Explicit dependency on target 'MLXOptimizers' in project 'mlx-swift'
        ➜ Explicit dependency on target 'Transformers' in project 'swift-transformers'
    Target 'MLXLinalg' in project 'mlx-swift'
        ➜ Explicit dependency on target 'MLXLinalg' in project 'mlx-swift'
        ➜ Explicit dependency on target 'Cmlx' in project 'mlx-swift'
        ➜ Explicit dependency on target 'MLX' in project 'mlx-swift'
        ➜ Explicit dependency on target 'Numerics' in project 'swift-numerics'
    Target 'MLXLinalg' in project 'mlx-swift'
        ➜ Explicit dependency on target 'Cmlx' in project 'mlx-swift'
        ➜ Explicit dependency on target 'MLX' in project 'mlx-swift'
        ➜ Explicit dependency on target 'Numerics' in project 'swift-numerics'
    Target 'MLXVLM' in project 'mlx-swift-lm'
        ➜ Explicit dependency on target 'MLXVLM' in project 'mlx-swift-lm'
        ➜ Explicit dependency on target 'MLXLMCommon' in project 'mlx-swift-lm'
        ➜ Explicit dependency on target 'MLX' in project 'mlx-swift'
        ➜ Explicit dependency on target 'MLXNN' in project 'mlx-swift'
        ➜ Explicit dependency on target 'MLXOptimizers' in project 'mlx-swift'
        ➜ Explicit dependency on target 'Transformers' in project 'swift-transformers'
    Target 'MLXVLM' in project 'mlx-swift-lm'
        ➜ Explicit dependency on target 'MLXLMCommon' in project 'mlx-swift-lm'
        ➜ Explicit dependency on target 'MLX' in project 'mlx-swift'
        ➜ Explicit dependency on target 'MLXNN' in project 'mlx-swift'
        ➜ Explicit dependency on target 'MLXOptimizers' in project 'mlx-swift'
        ➜ Explicit dependency on target 'Transformers' in project 'swift-transformers'
    Target 'MLXLLM' in project 'mlx-swift-lm'
        ➜ Explicit dependency on target 'MLXLLM' in project 'mlx-swift-lm'
        ➜ Explicit dependency on target 'MLXLMCommon' in project 'mlx-swift-lm'
        ➜ Explicit dependency on target 'MLX' in project 'mlx-swift'
        ➜ Explicit dependency on target 'MLXNN' in project 'mlx-swift'
        ➜ Explicit dependency on target 'MLXOptimizers' in project 'mlx-swift'
        ➜ Explicit dependency on target 'Transformers' in project 'swift-transformers'
    Target 'MLXLLM' in project 'mlx-swift-lm'
        ➜ Explicit dependency on target 'MLXLMCommon' in project 'mlx-swift-lm'
        ➜ Explicit dependency on target 'MLX' in project 'mlx-swift'
        ➜ Explicit dependency on target 'MLXNN' in project 'mlx-swift'
        ➜ Explicit dependency on target 'MLXOptimizers' in project 'mlx-swift'
        ➜ Explicit dependency on target 'Transformers' in project 'swift-transformers'
    Target 'MLXLMCommon' in project 'mlx-swift-lm'
        ➜ Explicit dependency on target 'MLX' in project 'mlx-swift'
        ➜ Explicit dependency on target 'MLXNN' in project 'mlx-swift'
        ➜ Explicit dependency on target 'MLXOptimizers' in project 'mlx-swift'
        ➜ Explicit dependency on target 'Transformers' in project 'swift-transformers'
    Target 'Transformers' in project 'swift-transformers'
        ➜ Explicit dependency on target 'Tokenizers' in project 'swift-transformers'
        ➜ Explicit dependency on target 'Generation' in project 'swift-transformers'
        ➜ Explicit dependency on target 'Models' in project 'swift-transformers'
        ➜ Explicit dependency on target 'Hub' in project 'swift-transformers'
        ➜ Explicit dependency on target 'Jinja' in project 'Jinja'
        ➜ Explicit dependency on target 'OrderedCollections' in project 'swift-collections'
        ➜ Explicit dependency on target 'Crypto' in project 'swift-crypto'
        ➜ Explicit dependency on target 'yyjson' in project 'yyjson'
    Target 'Models' in project 'swift-transformers'
        ➜ Explicit dependency on target 'Hub' in project 'swift-transformers'
        ➜ Explicit dependency on target 'Tokenizers' in project 'swift-transformers'
        ➜ Explicit dependency on target 'Generation' in project 'swift-transformers'
        ➜ Explicit dependency on target 'Jinja' in project 'Jinja'
        ➜ Explicit dependency on target 'OrderedCollections' in project 'swift-collections'
        ➜ Explicit dependency on target 'Crypto' in project 'swift-crypto'
        ➜ Explicit dependency on target 'yyjson' in project 'yyjson'
    Target 'Generation' in project 'swift-transformers'
        ➜ Explicit dependency on target 'Hub' in project 'swift-transformers'
        ➜ Explicit dependency on target 'Tokenizers' in project 'swift-transformers'
        ➜ Explicit dependency on target 'Jinja' in project 'Jinja'
        ➜ Explicit dependency on target 'OrderedCollections' in project 'swift-collections'
        ➜ Explicit dependency on target 'Crypto' in project 'swift-crypto'
        ➜ Explicit dependency on target 'yyjson' in project 'yyjson'
    Target 'Tokenizers' in project 'swift-transformers'
        ➜ Explicit dependency on target 'Hub' in project 'swift-transformers'
        ➜ Explicit dependency on target 'Jinja' in project 'Jinja'
        ➜ Explicit dependency on target 'OrderedCollections' in project 'swift-collections'
        ➜ Explicit dependency on target 'Crypto' in project 'swift-crypto'
        ➜ Explicit dependency on target 'yyjson' in project 'yyjson'
    Target 'Hub' in project 'swift-transformers'
        ➜ Explicit dependency on target 'swift-transformers_Hub' in project 'swift-transformers'
        ➜ Explicit dependency on target 'Jinja' in project 'Jinja'
        ➜ Explicit dependency on target 'OrderedCollections' in project 'swift-collections'
        ➜ Explicit dependency on target 'Crypto' in project 'swift-crypto'
        ➜ Explicit dependency on target 'yyjson' in project 'yyjson'
    Target 'yyjson' in project 'yyjson'
        ➜ Explicit dependency on target 'yyjson' in project 'yyjson'
    Target 'yyjson' in project 'yyjson' (no dependencies)
    Target 'Crypto' in project 'swift-crypto'
        ➜ Explicit dependency on target 'Crypto' in project 'swift-crypto'
        ➜ Explicit dependency on target 'swift-crypto_Crypto' in project 'swift-crypto'
    Target 'Crypto' in project 'swift-crypto'
        ➜ Explicit dependency on target 'swift-crypto_Crypto' in project 'swift-crypto'
    Target 'swift-crypto_Crypto' in project 'swift-crypto' (no dependencies)
    Target 'Jinja' in project 'Jinja'
        ➜ Explicit dependency on target 'Jinja' in project 'Jinja'
        ➜ Explicit dependency on target 'OrderedCollections' in project 'swift-collections'
    Target 'Jinja' in project 'Jinja'
        ➜ Explicit dependency on target 'OrderedCollections' in project 'swift-collections'
    Target 'OrderedCollections' in project 'swift-collections'
        ➜ Explicit dependency on target 'OrderedCollections' in project 'swift-collections'
        ➜ Explicit dependency on target 'InternalCollectionsUtilities' in project 'swift-collections'
    Target 'OrderedCollections' in project 'swift-collections'
        ➜ Explicit dependency on target 'InternalCollectionsUtilities' in project 'swift-collections'
    Target 'InternalCollectionsUtilities' in project 'swift-collections' (no dependencies)
    Target 'swift-transformers_Hub' in project 'swift-transformers' (no dependencies)
    Target 'MLXOptimizers' in project 'mlx-swift'
        ➜ Explicit dependency on target 'MLXOptimizers' in project 'mlx-swift'
        ➜ Explicit dependency on target 'Cmlx' in project 'mlx-swift'
        ➜ Explicit dependency on target 'MLX' in project 'mlx-swift'
        ➜ Explicit dependency on target 'MLXNN' in project 'mlx-swift'
        ➜ Explicit dependency on target 'Numerics' in project 'swift-numerics'
    Target 'MLXOptimizers' in project 'mlx-swift'
        ➜ Explicit dependency on target 'Cmlx' in project 'mlx-swift'
        ➜ Explicit dependency on target 'MLX' in project 'mlx-swift'
        ➜ Explicit dependency on target 'MLXNN' in project 'mlx-swift'
        ➜ Explicit dependency on target 'Numerics' in project 'swift-numerics'
    Target 'MLXNN' in project 'mlx-swift'
        ➜ Explicit dependency on target 'MLXNN' in project 'mlx-swift'
        ➜ Explicit dependency on target 'Cmlx' in project 'mlx-swift'
        ➜ Explicit dependency on target 'MLX' in project 'mlx-swift'
        ➜ Explicit dependency on target 'Numerics' in project 'swift-numerics'
    Target 'MLXNN' in project 'mlx-swift'
        ➜ Explicit dependency on target 'Cmlx' in project 'mlx-swift'
        ➜ Explicit dependency on target 'MLX' in project 'mlx-swift'
        ➜ Explicit dependency on target 'Numerics' in project 'swift-numerics'
    Target 'MLX' in project 'mlx-swift'
        ➜ Explicit dependency on target 'MLX' in project 'mlx-swift'
        ➜ Explicit dependency on target 'Cmlx' in project 'mlx-swift'
        ➜ Explicit dependency on target 'Numerics' in project 'swift-numerics'
    Target 'MLX' in project 'mlx-swift'
        ➜ Explicit dependency on target 'Cmlx' in project 'mlx-swift'
        ➜ Explicit dependency on target 'Numerics' in project 'swift-numerics'
    Target 'Numerics' in project 'swift-numerics'
        ➜ Explicit dependency on target 'Numerics' in project 'swift-numerics'
        ➜ Explicit dependency on target '_NumericsShims' in project 'swift-numerics'
        ➜ Explicit dependency on target 'RealModule' in project 'swift-numerics'
        ➜ Explicit dependency on target 'ComplexModule' in project 'swift-numerics'
    Target 'Numerics' in project 'swift-numerics'
        ➜ Explicit dependency on target '_NumericsShims' in project 'swift-numerics'
        ➜ Explicit dependency on target 'RealModule' in project 'swift-numerics'
        ➜ Explicit dependency on target 'ComplexModule' in project 'swift-numerics'
    Target 'ComplexModule' in project 'swift-numerics'
        ➜ Explicit dependency on target '_NumericsShims' in project 'swift-numerics'
        ➜ Explicit dependency on target 'RealModule' in project 'swift-numerics'
    Target 'RealModule' in project 'swift-numerics'
        ➜ Explicit dependency on target '_NumericsShims' in project 'swift-numerics'
    Target '_NumericsShims' in project 'swift-numerics' (no dependencies)
    Target 'Cmlx' in project 'mlx-swift'
        ➜ Explicit dependency on target 'mlx-swift_Cmlx' in project 'mlx-swift'
    Target 'mlx-swift_Cmlx' in project 'mlx-swift' (no dependencies)

GatherProvisioningInputs

CreateBuildDescription

ExecuteExternalTool /Applications/Xcode.app/Contents/Developer/Toolchains/XcodeDefault.xctoolchain/usr/bin/clang -v -E -dM -arch arm64 -isysroot /Applications/Xcode.app/Contents/Developer/Platforms/MacOSX.platform/Developer/SDKs/MacOSX26.4.sdk -x c -c /dev/null

ExecuteExternalTool /Applications/Xcode.app/Contents/Developer/Toolchains/XcodeDefault.xctoolchain/usr/bin/swiftc --version

ExecuteExternalTool /Applications/Xcode.app/Contents/Developer/Toolchains/XcodeDefault.xctoolchain/usr/bin/clang -v -E -dM -arch arm64 -isysroot /Applications/Xcode.app/Contents/Developer/Platforms/MacOSX.platform/Developer/SDKs/MacOSX26.4.sdk -x objective-c -c /dev/null

ExecuteExternalTool /Applications/Xcode.app/Contents/Developer/Toolchains/XcodeDefault.xctoolchain/usr/bin/clang -v -E -dM -isysroot /Applications/Xcode.app/Contents/Developer/Platforms/MacOSX.platform/Developer/SDKs/MacOSX26.4.sdk -x c -c /dev/null

ExecuteExternalTool /Applications/Xcode.app/Contents/Developer/Toolchains/XcodeDefault.xctoolchain/usr/bin/clang -v -E -dM -arch arm64 -isysroot /Applications/Xcode.app/Contents/Developer/Platforms/MacOSX.platform/Developer/SDKs/MacOSX26.4.sdk -x c++ -c /dev/null

ExecuteExternalTool /Applications/Xcode.app/Contents/Developer/Toolchains/XcodeDefault.xctoolchain/usr/bin/ld -version_details

ReadFileContents /Applications/Xcode.app/Contents/Developer/Toolchains/XcodeDefault.xctoolchain/usr/share/docc/features.json

ExecuteExternalTool /Applications/Xcode.app/Contents/Developer/Toolchains/XcodeDefault.xctoolchain/usr/bin/libtool -V

Build description signature: 1955f6a42c2a9376a9f1fa10516d5edb
Build description path: /Users/trgysvc/Library/Developer/Xcode/DerivedData/EliteAgent-btzokozrfsnzjtcxxfzhmbcisvbu/Build/Intermediates.noindex/XCBuildData/1955f6a42c2a9376a9f1fa10516d5edb.xcbuilddata
ClangStatCache /Applications/Xcode.app/Contents/Developer/Toolchains/XcodeDefault.xctoolchain/usr/bin/clang-stat-cache /Applications/Xcode.app/Contents/Developer/Platforms/MacOSX.platform/Developer/SDKs/MacOSX26.4.sdk /Users/trgysvc/Library/Developer/Xcode/DerivedData/SDKStatCaches.noindex/macosx26.4-25E236-688ef53f1462e2c8f657fdc38a81448f30f9ca8789b706f8bd3fc906a70d770f.sdkstatcache
    cd /Users/trgysvc/Developer/EliteAgent/EliteAgent.xcodeproj
    /Applications/Xcode.app/Contents/Developer/Toolchains/XcodeDefault.xctoolchain/usr/bin/clang-stat-cache /Applications/Xcode.app/Contents/Developer/Platforms/MacOSX.platform/Developer/SDKs/MacOSX26.4.sdk -o /Users/trgysvc/Library/Developer/Xcode/DerivedData/SDKStatCaches.noindex/macosx26.4-25E236-688ef53f1462e2c8f657fdc38a81448f30f9ca8789b706f8bd3fc906a70d770f.sdkstatcache

ProcessInfoPlistFile /Users/trgysvc/Library/Developer/Xcode/DerivedData/EliteAgent-btzokozrfsnzjtcxxfzhmbcisvbu/Build/Products/Debug/swift-transformers_Hub.bundle/Contents/Info.plist /Users/trgysvc/Library/Developer/Xcode/DerivedData/EliteAgent-btzokozrfsnzjtcxxfzhmbcisvbu/Build/Intermediates.noindex/swift-transformers.build/Debug/swift-transformers_Hub.build/empty-swift-transformers_Hub.plist (in target 'swift-transformers_Hub' from project 'swift-transformers')
    cd /Users/trgysvc/Library/Developer/Xcode/DerivedData/EliteAgent-btzokozrfsnzjtcxxfzhmbcisvbu/SourcePackages/checkouts/swift-transformers
    builtin-infoPlistUtility /Users/trgysvc/Library/Developer/Xcode/DerivedData/EliteAgent-btzokozrfsnzjtcxxfzhmbcisvbu/Build/Intermediates.noindex/swift-transformers.build/Debug/swift-transformers_Hub.build/empty-swift-transformers_Hub.plist -producttype com.apple.product-type.bundle -expandbuildsettings -platform macosx -o /Users/trgysvc/Library/Developer/Xcode/DerivedData/EliteAgent-btzokozrfsnzjtcxxfzhmbcisvbu/Build/Products/Debug/swift-transformers_Hub.bundle/Contents/Info.plist

ProcessInfoPlistFile /Users/trgysvc/Library/Developer/Xcode/DerivedData/EliteAgent-btzokozrfsnzjtcxxfzhmbcisvbu/Build/Products/Debug/mlx-swift_Cmlx.bundle/Contents/Info.plist /Users/trgysvc/Library/Developer/Xcode/DerivedData/EliteAgent-btzokozrfsnzjtcxxfzhmbcisvbu/Build/Intermediates.noindex/mlx-swift.build/Debug/mlx-swift_Cmlx.build/empty-mlx-swift_Cmlx.plist (in target 'mlx-swift_Cmlx' from project 'mlx-swift')
    cd /Users/trgysvc/Library/Developer/Xcode/DerivedData/EliteAgent-btzokozrfsnzjtcxxfzhmbcisvbu/SourcePackages/checkouts/mlx-swift
    builtin-infoPlistUtility /Users/trgysvc/Library/Developer/Xcode/DerivedData/EliteAgent-btzokozrfsnzjtcxxfzhmbcisvbu/Build/Intermediates.noindex/mlx-swift.build/Debug/mlx-swift_Cmlx.build/empty-mlx-swift_Cmlx.plist -producttype com.apple.product-type.bundle -expandbuildsettings -platform macosx -o /Users/trgysvc/Library/Developer/Xcode/DerivedData/EliteAgent-btzokozrfsnzjtcxxfzhmbcisvbu/Build/Products/Debug/mlx-swift_Cmlx.bundle/Contents/Info.plist

ProcessInfoPlistFile /Users/trgysvc/Library/Developer/Xcode/DerivedData/EliteAgent-btzokozrfsnzjtcxxfzhmbcisvbu/Build/Products/Debug/swift-crypto_Crypto.bundle/Contents/Info.plist /Users/trgysvc/Library/Developer/Xcode/DerivedData/EliteAgent-btzokozrfsnzjtcxxfzhmbcisvbu/Build/Intermediates.noindex/swift-crypto.build/Debug/swift-crypto_Crypto.build/empty-swift-crypto_Crypto.plist (in target 'swift-crypto_Crypto' from project 'swift-crypto')
    cd /Users/trgysvc/Library/Developer/Xcode/DerivedData/EliteAgent-btzokozrfsnzjtcxxfzhmbcisvbu/SourcePackages/checkouts/swift-crypto
    builtin-infoPlistUtility /Users/trgysvc/Library/Developer/Xcode/DerivedData/EliteAgent-btzokozrfsnzjtcxxfzhmbcisvbu/Build/Intermediates.noindex/swift-crypto.build/Debug/swift-crypto_Crypto.build/empty-swift-crypto_Crypto.plist -producttype com.apple.product-type.bundle -expandbuildsettings -platform macosx -o /Users/trgysvc/Library/Developer/Xcode/DerivedData/EliteAgent-btzokozrfsnzjtcxxfzhmbcisvbu/Build/Products/Debug/swift-crypto_Crypto.bundle/Contents/Info.plist

MkDir /Users/trgysvc/Library/Developer/Xcode/DerivedData/EliteAgent-btzokozrfsnzjtcxxfzhmbcisvbu/Build/Products/Debug/EliteAgentXPC.xpc/Contents/Resources (in target 'EliteAgentXPC' from project 'EliteAgent')
    cd /Users/trgysvc/Developer/EliteAgent
    /bin/mkdir -p /Users/trgysvc/Library/Developer/Xcode/DerivedData/EliteAgent-btzokozrfsnzjtcxxfzhmbcisvbu/Build/Products/Debug/EliteAgentXPC.xpc/Contents/Resources

Ld /Users/trgysvc/Library/Developer/Xcode/DerivedData/EliteAgent-btzokozrfsnzjtcxxfzhmbcisvbu/Build/Products/Debug/yyjson.o normal (in target 'yyjson' from project 'yyjson')
    cd /Users/trgysvc/Library/Developer/Xcode/DerivedData/EliteAgent-btzokozrfsnzjtcxxfzhmbcisvbu/SourcePackages/checkouts/yyjson
    /Applications/Xcode.app/Contents/Developer/Toolchains/XcodeDefault.xctoolchain/usr/bin/clang -Xlinker -reproducible -target arm64-apple-macos10.13 -r -isysroot /Applications/Xcode.app/Contents/Developer/Platforms/MacOSX.platform/Developer/SDKs/MacOSX26.4.sdk -O0 -w -F/Users/trgysvc/Library/Developer/Xcode/DerivedData/EliteAgent-btzokozrfsnzjtcxxfzhmbcisvbu/Build/Intermediates.noindex/EagerLinkingTBDs/Debug -F/Users/trgysvc/Library/Developer/Xcode/DerivedData/EliteAgent-btzokozrfsnzjtcxxfzhmbcisvbu/Build/Products/Debug -iframework /Applications/Xcode.app/Contents/Developer/Platforms/MacOSX.platform/Developer/Library/Frameworks -filelist /Users/trgysvc/Library/Developer/Xcode/DerivedData/EliteAgent-btzokozrfsnzjtcxxfzhmbcisvbu/Build/Intermediates.noindex/yyjson.build/Debug/yyjson.build/Objects-normal/arm64/yyjson.LinkFileList -nostdlib -Xlinker -object_path_lto -Xlinker /Users/trgysvc/Library/Developer/Xcode/DerivedData/EliteAgent-btzokozrfsnzjtcxxfzhmbcisvbu/Build/Intermediates.noindex/yyjson.build/Debug/yyjson.build/Objects-normal/arm64/yyjson_lto.o -Xlinker -no_deduplicate -Xlinker -dependency_info -Xlinker /Users/trgysvc/Library/Developer/Xcode/DerivedData/EliteAgent-btzokozrfsnzjtcxxfzhmbcisvbu/Build/Intermediates.noindex/yyjson.build/Debug/yyjson.build/Objects-normal/arm64/yyjson_dependency_info.dat -o /Users/trgysvc/Library/Developer/Xcode/DerivedData/EliteAgent-btzokozrfsnzjtcxxfzhmbcisvbu/Build/Products/Debug/yyjson.o

Ld /Users/trgysvc/Library/Developer/Xcode/DerivedData/EliteAgent-btzokozrfsnzjtcxxfzhmbcisvbu/Build/Products/Debug/_NumericsShims.o normal (in target '_NumericsShims' from project 'swift-numerics')
    cd /Users/trgysvc/Library/Developer/Xcode/DerivedData/EliteAgent-btzokozrfsnzjtcxxfzhmbcisvbu/SourcePackages/checkouts/swift-numerics
    /Applications/Xcode.app/Contents/Developer/Toolchains/XcodeDefault.xctoolchain/usr/bin/clang -Xlinker -reproducible -target arm64-apple-macos10.13 -r -isysroot /Applications/Xcode.app/Contents/Developer/Platforms/MacOSX.platform/Developer/SDKs/MacOSX26.4.sdk -O0 -w -F/Users/trgysvc/Library/Developer/Xcode/DerivedData/EliteAgent-btzokozrfsnzjtcxxfzhmbcisvbu/Build/Intermediates.noindex/EagerLinkingTBDs/Debug -F/Users/trgysvc/Library/Developer/Xcode/DerivedData/EliteAgent-btzokozrfsnzjtcxxfzhmbcisvbu/Build/Products/Debug -iframework /Applications/Xcode.app/Contents/Developer/Platforms/MacOSX.platform/Developer/Library/Frameworks -filelist /Users/trgysvc/Library/Developer/Xcode/DerivedData/EliteAgent-btzokozrfsnzjtcxxfzhmbcisvbu/Build/Intermediates.noindex/swift-numerics.build/Debug/_NumericsShims.build/Objects-normal/arm64/_NumericsShims.LinkFileList -nostdlib -Xlinker -object_path_lto -Xlinker /Users/trgysvc/Library/Developer/Xcode/DerivedData/EliteAgent-btzokozrfsnzjtcxxfzhmbcisvbu/Build/Intermediates.noindex/swift-numerics.build/Debug/_NumericsShims.build/Objects-normal/arm64/_NumericsShims_lto.o -Xlinker -no_deduplicate -Xlinker -dependency_info -Xlinker /Users/trgysvc/Library/Developer/Xcode/DerivedData/EliteAgent-btzokozrfsnzjtcxxfzhmbcisvbu/Build/Intermediates.noindex/swift-numerics.build/Debug/_NumericsShims.build/Objects-normal/arm64/_NumericsShims_dependency_info.dat -o /Users/trgysvc/Library/Developer/Xcode/DerivedData/EliteAgent-btzokozrfsnzjtcxxfzhmbcisvbu/Build/Products/Debug/_NumericsShims.o

Ld /Users/trgysvc/Library/Developer/Xcode/DerivedData/EliteAgent-btzokozrfsnzjtcxxfzhmbcisvbu/Build/Products/Debug/InternalCollectionsUtilities.o normal (in target 'InternalCollectionsUtilities' from project 'swift-collections')
    cd /Users/trgysvc/Library/Developer/Xcode/DerivedData/EliteAgent-btzokozrfsnzjtcxxfzhmbcisvbu/SourcePackages/checkouts/swift-collections
    /Applications/Xcode.app/Contents/Developer/Toolchains/XcodeDefault.xctoolchain/usr/bin/clang -Xlinker -reproducible -target arm64-apple-macos10.13 -r -isysroot /Applications/Xcode.app/Contents/Developer/Platforms/MacOSX.platform/Developer/SDKs/MacOSX26.4.sdk -O0 -w -F/Users/trgysvc/Library/Developer/Xcode/DerivedData/EliteAgent-btzokozrfsnzjtcxxfzhmbcisvbu/Build/Intermediates.noindex/EagerLinkingTBDs/Debug -F/Users/trgysvc/Library/Developer/Xcode/DerivedData/EliteAgent-btzokozrfsnzjtcxxfzhmbcisvbu/Build/Products/Debug -iframework /Applications/Xcode.app/Contents/Developer/Platforms/MacOSX.platform/Developer/Library/Frameworks -filelist /Users/trgysvc/Library/Developer/Xcode/DerivedData/EliteAgent-btzokozrfsnzjtcxxfzhmbcisvbu/Build/Intermediates.noindex/swift-collections.build/Debug/InternalCollectionsUtilities.build/Objects-normal/arm64/InternalCollectionsUtilities.LinkFileList -nostdlib -Xlinker -object_path_lto -Xlinker /Users/trgysvc/Library/Developer/Xcode/DerivedData/EliteAgent-btzokozrfsnzjtcxxfzhmbcisvbu/Build/Intermediates.noindex/swift-collections.build/Debug/InternalCollectionsUtilities.build/Objects-normal/arm64/InternalCollectionsUtilities_lto.o -Xlinker -no_deduplicate -Xlinker -dependency_info -Xlinker /Users/trgysvc/Library/Developer/Xcode/DerivedData/EliteAgent-btzokozrfsnzjtcxxfzhmbcisvbu/Build/Intermediates.noindex/swift-collections.build/Debug/InternalCollectionsUtilities.build/Objects-normal/arm64/InternalCollectionsUtilities_dependency_info.dat -fobjc-link-runtime -L/Applications/Xcode.app/Contents/Developer/Toolchains/XcodeDefault.xctoolchain/usr/lib/swift/macosx -L/usr/lib/swift -Xlinker -add_ast_path -Xlinker /Users/trgysvc/Library/Developer/Xcode/DerivedData/EliteAgent-btzokozrfsnzjtcxxfzhmbcisvbu/Build/Intermediates.noindex/swift-collections.build/Debug/InternalCollectionsUtilities.build/Objects-normal/arm64/InternalCollectionsUtilities.swiftmodule @/Users/trgysvc/Library/Developer/Xcode/DerivedData/EliteAgent-btzokozrfsnzjtcxxfzhmbcisvbu/Build/Intermediates.noindex/swift-collections.build/Debug/InternalCollectionsUtilities.build/Objects-normal/arm64/InternalCollectionsUtilities-linker-args.resp -o /Users/trgysvc/Library/Developer/Xcode/DerivedData/EliteAgent-btzokozrfsnzjtcxxfzhmbcisvbu/Build/Products/Debug/InternalCollectionsUtilities.o

SwiftDriver EliteAgentCore normal arm64 com.apple.xcode.tools.swift.compiler (in target 'EliteAgentCore' from project 'EliteAgent')
    cd /Users/trgysvc/Developer/EliteAgent
    builtin-SwiftDriver -- /Applications/Xcode.app/Contents/Developer/Toolchains/XcodeDefault.xctoolchain/usr/bin/swiftc -module-name EliteAgentCore -Onone @/Users/trgysvc/Library/Developer/Xcode/DerivedData/EliteAgent-btzokozrfsnzjtcxxfzhmbcisvbu/Build/Intermediates.noindex/EliteAgent.build/Debug/EliteAgentCore.build/Objects-normal/arm64/EliteAgentCore.SwiftFileList -DDEBUG -Xcc -fmodule-map-file\=/Users/trgysvc/Library/Developer/Xcode/DerivedData/EliteAgent-btzokozrfsnzjtcxxfzhmbcisvbu/Build/Intermediates.noindex/GeneratedModuleMaps/yyjson.modulemap -enable-experimental-feature DebugDescriptionMacro -sdk /Applications/Xcode.app/Contents/Developer/Platforms/MacOSX.platform/Developer/SDKs/MacOSX26.4.sdk -target arm64-apple-macos15.0 -g -module-cache-path /Users/trgysvc/Library/Developer/Xcode/DerivedData/ModuleCache.noindex -Xfrontend -serialize-debugging-options -enable-testing -index-store-path /Users/trgysvc/Library/Developer/Xcode/DerivedData/EliteAgent-btzokozrfsnzjtcxxfzhmbcisvbu/Index.noindex/DataStore -Xcc -D_LIBCPP_HARDENING_MODE\=_LIBCPP_HARDENING_MODE_DEBUG -swift-version 6 -I /Users/trgysvc/Library/Developer/Xcode/DerivedData/EliteAgent-btzokozrfsnzjtcxxfzhmbcisvbu/Build/Products/Debug -F /Users/trgysvc/Library/Developer/Xcode/DerivedData/EliteAgent-btzokozrfsnzjtcxxfzhmbcisvbu/Build/Products/Debug/PackageFrameworks -F /Users/trgysvc/Library/Developer/Xcode/DerivedData/EliteAgent-btzokozrfsnzjtcxxfzhmbcisvbu/Build/Products/Debug/PackageFrameworks -F /Users/trgysvc/Library/Developer/Xcode/DerivedData/EliteAgent-btzokozrfsnzjtcxxfzhmbcisvbu/Build/Products/Debug/PackageFrameworks -F /Users/trgysvc/Library/Developer/Xcode/DerivedData/EliteAgent-btzokozrfsnzjtcxxfzhmbcisvbu/Build/Products/Debug/PackageFrameworks -F /Users/trgysvc/Library/Developer/Xcode/DerivedData/EliteAgent-btzokozrfsnzjtcxxfzhmbcisvbu/Build/Products/Debug/PackageFrameworks -F /Users/trgysvc/Library/Developer/Xcode/DerivedData/EliteAgent-btzokozrfsnzjtcxxfzhmbcisvbu/Build/Products/Debug/PackageFrameworks -F /Users/trgysvc/Library/Developer/Xcode/DerivedData/EliteAgent-btzokozrfsnzjtcxxfzhmbcisvbu/Build/Products/Debug/PackageFrameworks -F /Users/trgysvc/Library/Developer/Xcode/DerivedData/EliteAgent-btzokozrfsnzjtcxxfzhmbcisvbu/Build/Products/Debug/PackageFrameworks -F /Users/trgysvc/Library/Developer/Xcode/DerivedData/EliteAgent-btzokozrfsnzjtcxxfzhmbcisvbu/Build/Products/Debug/PackageFrameworks -F /Users/trgysvc/Library/Developer/Xcode/DerivedData/EliteAgent-btzokozrfsnzjtcxxfzhmbcisvbu/Build/Products/Debug/PackageFrameworks -F /Users/trgysvc/Library/Developer/Xcode/DerivedData/EliteAgent-btzokozrfsnzjtcxxfzhmbcisvbu/Build/Products/Debug/PackageFrameworks -F /Users/trgysvc/Library/Developer/Xcode/DerivedData/EliteAgent-btzokozrfsnzjtcxxfzhmbcisvbu/Build/Products/Debug/PackageFrameworks -F /Users/trgysvc/Library/Developer/Xcode/DerivedData/EliteAgent-btzokozrfsnzjtcxxfzhmbcisvbu/Build/Products/Debug/PackageFrameworks -F /Users/trgysvc/Library/Developer/Xcode/DerivedData/EliteAgent-btzokozrfsnzjtcxxfzhmbcisvbu/Build/Products/Debug/PackageFrameworks -F /Users/trgysvc/Library/Developer/Xcode/DerivedData/EliteAgent-btzokozrfsnzjtcxxfzhmbcisvbu/Build/Products/Debug/PackageFrameworks -F /Users/trgysvc/Library/Developer/Xcode/DerivedData/EliteAgent-btzokozrfsnzjtcxxfzhmbcisvbu/Build/Products/Debug/PackageFrameworks -F /Users/trgysvc/Library/Developer/Xcode/DerivedData/EliteAgent-btzokozrfsnzjtcxxfzhmbcisvbu/Build/Products/Debug/PackageFrameworks -F /Users/trgysvc/Library/Developer/Xcode/DerivedData/EliteAgent-btzokozrfsnzjtcxxfzhmbcisvbu/Build/Products/Debug/PackageFrameworks -F /Users/trgysvc/Library/Developer/Xcode/DerivedData/EliteAgent-btzokozrfsnzjtcxxfzhmbcisvbu/Build/Products/Debug/PackageFrameworks -F /Users/trgysvc/Library/Developer/Xcode/DerivedData/EliteAgent-btzokozrfsnzjtcxxfzhmbcisvbu/Build/Products/Debug/PackageFrameworks -F /Users/trgysvc/Library/Developer/Xcode/DerivedData/EliteAgent-btzokozrfsnzjtcxxfzhmbcisvbu/Build/Products/Debug/PackageFrameworks -F /Users/trgysvc/Library/Developer/Xcode/DerivedData/EliteAgent-btzokozrfsnzjtcxxfzhmbcisvbu/Build/Products/Debug/PackageFrameworks -F /Users/trgysvc/Library/Developer/Xcode/DerivedData/EliteAgent-btzokozrfsnzjtcxxfzhmbcisvbu/Build/Products/Debug/PackageFrameworks -F /Users/trgysvc/Library/Developer/Xcode/DerivedData/EliteAgent-btzokozrfsnzjtcxxfzhmbcisvbu/Build/Products/Debug/PackageFrameworks -F /Users/trgysvc/Library/Developer/Xcode/DerivedData/EliteAgent-btzokozrfsnzjtcxxfzhmbcisvbu/Build/Products/Debug/PackageFrameworks -F /Users/trgysvc/Library/Developer/Xcode/DerivedData/EliteAgent-btzokozrfsnzjtcxxfzhmbcisvbu/Build/Products/Debug -c -j10 -enable-batch-mode -incremental -Xcc -ivfsstatcache -Xcc /Users/trgysvc/Library/Developer/Xcode/DerivedData/SDKStatCaches.noindex/macosx26.4-25E236-688ef53f1462e2c8f657fdc38a81448f30f9ca8789b706f8bd3fc906a70d770f.sdkstatcache -output-file-map /Users/trgysvc/Library/Developer/Xcode/DerivedData/EliteAgent-btzokozrfsnzjtcxxfzhmbcisvbu/Build/Intermediates.noindex/EliteAgent.build/Debug/EliteAgentCore.build/Objects-normal/arm64/EliteAgentCore-OutputFileMap.json -use-frontend-parseable-output -save-temps -no-color-diagnostics -explicit-module-build -module-cache-path /Users/trgysvc/Library/Developer/Xcode/DerivedData/EliteAgent-btzokozrfsnzjtcxxfzhmbcisvbu/Build/Intermediates.noindex/SwiftExplicitPrecompiledModules -clang-scanner-module-cache-path /Users/trgysvc/Library/Developer/Xcode/DerivedData/ModuleCache.noindex -sdk-module-cache-path /Users/trgysvc/Library/Developer/Xcode/DerivedData/ModuleCache.noindex -serialize-diagnostics -emit-dependencies -emit-module -emit-module-path /Users/trgysvc/Library/Developer/Xcode/DerivedData/EliteAgent-btzokozrfsnzjtcxxfzhmbcisvbu/Build/Intermediates.noindex/EliteAgent.build/Debug/EliteAgentCore.build/Objects-normal/arm64/EliteAgentCore.swiftmodule -validate-clang-modules-once -clang-build-session-file /Users/trgysvc/Library/Developer/Xcode/DerivedData/ModuleCache.noindex/Session.modulevalidation -Xcc -I/Users/trgysvc/Library/Developer/Xcode/DerivedData/EliteAgent-btzokozrfsnzjtcxxfzhmbcisvbu/Build/Intermediates.noindex/EliteAgent.build/Debug/EliteAgentCore.build/swift-overrides.hmap -emit-const-values -Xfrontend -const-gather-protocols-file -Xfrontend /Users/trgysvc/Library/Developer/Xcode/DerivedData/EliteAgent-btzokozrfsnzjtcxxfzhmbcisvbu/Build/Intermediates.noindex/EliteAgent.build/Debug/EliteAgentCore.build/Objects-normal/arm64/EliteAgentCore_const_extract_protocols.json -Xcc -iquote -Xcc /Users/trgysvc/Library/Developer/Xcode/DerivedData/EliteAgent-btzokozrfsnzjtcxxfzhmbcisvbu/Build/Intermediates.noindex/EliteAgent.build/Debug/EliteAgentCore.build/EliteAgentCore-generated-files.hmap -Xcc -I/Users/trgysvc/Library/Developer/Xcode/DerivedData/EliteAgent-btzokozrfsnzjtcxxfzhmbcisvbu/Build/Intermediates.noindex/EliteAgent.build/Debug/EliteAgentCore.build/EliteAgentCore-own-target-headers.hmap -Xcc -I/Users/trgysvc/Library/Developer/Xcode/DerivedData/EliteAgent-btzokozrfsnzjtcxxfzhmbcisvbu/Build/Intermediates.noindex/EliteAgent.build/Debug/EliteAgentCore.build/EliteAgentCore-all-non-framework-target-headers.hmap -Xcc -ivfsoverlay -Xcc /Users/trgysvc/Library/Developer/Xcode/DerivedData/EliteAgent-btzokozrfsnzjtcxxfzhmbcisvbu/Build/Intermediates.noindex/EliteAgent.build/Debug/EliteAgent-721b4d269f90b0c1aa899c38a8b2021d-VFS/all-product-headers.yaml -Xcc -iquote -Xcc /Users/trgysvc/Library/Developer/Xcode/DerivedData/EliteAgent-btzokozrfsnzjtcxxfzhmbcisvbu/Build/Intermediates.noindex/EliteAgent.build/Debug/EliteAgentCore.build/EliteAgentCore-project-headers.hmap -Xcc -I/Users/trgysvc/Library/Developer/Xcode/DerivedData/EliteAgent-btzokozrfsnzjtcxxfzhmbcisvbu/SourcePackages/checkouts/yyjson/src -Xcc -I/Users/trgysvc/Library/Developer/Xcode/DerivedData/EliteAgent-btzokozrfsnzjtcxxfzhmbcisvbu/SourcePackages/checkouts/swift-numerics/Sources/_NumericsShims/include -Xcc -I/Users/trgysvc/Library/Developer/Xcode/DerivedData/EliteAgent-btzokozrfsnzjtcxxfzhmbcisvbu/SourcePackages/checkouts/mlx-swift/Source/Cmlx/include -Xcc -I/Users/trgysvc/Library/Developer/Xcode/DerivedData/EliteAgent-btzokozrfsnzjtcxxfzhmbcisvbu/Build/Products/Debug/include -Xcc -I/Users/trgysvc/Library/Developer/Xcode/DerivedData/EliteAgent-btzokozrfsnzjtcxxfzhmbcisvbu/Build/Intermediates.noindex/EliteAgent.build/Debug/EliteAgentCore.build/DerivedSources-normal/arm64 -Xcc -I/Users/trgysvc/Library/Developer/Xcode/DerivedData/EliteAgent-btzokozrfsnzjtcxxfzhmbcisvbu/Build/Intermediates.noindex/EliteAgent.build/Debug/EliteAgentCore.build/DerivedSources/arm64 -Xcc -I/Users/trgysvc/Library/Developer/Xcode/DerivedData/EliteAgent-btzokozrfsnzjtcxxfzhmbcisvbu/Build/Intermediates.noindex/EliteAgent.build/Debug/EliteAgentCore.build/DerivedSources -Xcc -DDEBUG\=1 -Xcc -DFMT_USE_CONSTEVAL\=0 -Xcc -DFMT_ENFORCE_COMPILE_STRING\=0 -Xcc -DFMT_USE_CONSTEXPR\=0 -emit-objc-header -emit-objc-header-path /Users/trgysvc/Library/Developer/Xcode/DerivedData/EliteAgent-btzokozrfsnzjtcxxfzhmbcisvbu/Build/Intermediates.noindex/EliteAgent.build/Debug/EliteAgentCore.build/Objects-normal/arm64/EliteAgentCore-Swift.h -working-directory /Users/trgysvc/Developer/EliteAgent -experimental-emit-module-separately -disable-cmo

Ld /Users/trgysvc/Library/Developer/Xcode/DerivedData/EliteAgent-btzokozrfsnzjtcxxfzhmbcisvbu/Build/Products/Debug/Cmlx.o normal (in target 'Cmlx' from project 'mlx-swift')
    cd /Users/trgysvc/Library/Developer/Xcode/DerivedData/EliteAgent-btzokozrfsnzjtcxxfzhmbcisvbu/SourcePackages/checkouts/mlx-swift
    /Applications/Xcode.app/Contents/Developer/Toolchains/XcodeDefault.xctoolchain/usr/bin/clang++ -Xlinker -reproducible -target arm64-apple-macos14.0 -r -isysroot /Applications/Xcode.app/Contents/Developer/Platforms/MacOSX.platform/Developer/SDKs/MacOSX26.4.sdk -O0 -w -F/Users/trgysvc/Library/Developer/Xcode/DerivedData/EliteAgent-btzokozrfsnzjtcxxfzhmbcisvbu/Build/Intermediates.noindex/EagerLinkingTBDs/Debug -F/Users/trgysvc/Library/Developer/Xcode/DerivedData/EliteAgent-btzokozrfsnzjtcxxfzhmbcisvbu/Build/Products/Debug -iframework /Applications/Xcode.app/Contents/Developer/Platforms/MacOSX.platform/Developer/Library/Frameworks -filelist /Users/trgysvc/Library/Developer/Xcode/DerivedData/EliteAgent-btzokozrfsnzjtcxxfzhmbcisvbu/Build/Intermediates.noindex/mlx-swift.build/Debug/Cmlx.build/Objects-normal/arm64/Cmlx.LinkFileList -nostdlib -Xlinker -object_path_lto -Xlinker /Users/trgysvc/Library/Developer/Xcode/DerivedData/EliteAgent-btzokozrfsnzjtcxxfzhmbcisvbu/Build/Intermediates.noindex/mlx-swift.build/Debug/Cmlx.build/Objects-normal/arm64/Cmlx_lto.o -Xlinker -no_deduplicate -Xlinker -dependency_info -Xlinker /Users/trgysvc/Library/Developer/Xcode/DerivedData/EliteAgent-btzokozrfsnzjtcxxfzhmbcisvbu/Build/Intermediates.noindex/mlx-swift.build/Debug/Cmlx.build/Objects-normal/arm64/Cmlx_dependency_info.dat -fobjc-arc -fobjc-link-runtime -o /Users/trgysvc/Library/Developer/Xcode/DerivedData/EliteAgent-btzokozrfsnzjtcxxfzhmbcisvbu/Build/Products/Debug/Cmlx.o

Ld /Users/trgysvc/Library/Developer/Xcode/DerivedData/EliteAgent-btzokozrfsnzjtcxxfzhmbcisvbu/Build/Products/Debug/Crypto.o normal (in target 'Crypto' from project 'swift-crypto')
    cd /Users/trgysvc/Library/Developer/Xcode/DerivedData/EliteAgent-btzokozrfsnzjtcxxfzhmbcisvbu/SourcePackages/checkouts/swift-crypto
    /Applications/Xcode.app/Contents/Developer/Toolchains/XcodeDefault.xctoolchain/usr/bin/clang -Xlinker -reproducible -target arm64-apple-macos10.13 -r -isysroot /Applications/Xcode.app/Contents/Developer/Platforms/MacOSX.platform/Developer/SDKs/MacOSX26.4.sdk -O0 -w -F/Users/trgysvc/Library/Developer/Xcode/DerivedData/EliteAgent-btzokozrfsnzjtcxxfzhmbcisvbu/Build/Intermediates.noindex/EagerLinkingTBDs/Debug -F/Users/trgysvc/Library/Developer/Xcode/DerivedData/EliteAgent-btzokozrfsnzjtcxxfzhmbcisvbu/Build/Products/Debug -iframework /Applications/Xcode.app/Contents/Developer/Platforms/MacOSX.platform/Developer/Library/Frameworks -filelist /Users/trgysvc/Library/Developer/Xcode/DerivedData/EliteAgent-btzokozrfsnzjtcxxfzhmbcisvbu/Build/Intermediates.noindex/swift-crypto.build/Debug/Crypto.build/Objects-normal/arm64/Crypto.LinkFileList -nostdlib -Xlinker -object_path_lto -Xlinker /Users/trgysvc/Library/Developer/Xcode/DerivedData/EliteAgent-btzokozrfsnzjtcxxfzhmbcisvbu/Build/Intermediates.noindex/swift-crypto.build/Debug/Crypto.build/Objects-normal/arm64/Crypto_lto.o -Xlinker -no_deduplicate -Xlinker -dependency_info -Xlinker /Users/trgysvc/Library/Developer/Xcode/DerivedData/EliteAgent-btzokozrfsnzjtcxxfzhmbcisvbu/Build/Intermediates.noindex/swift-crypto.build/Debug/Crypto.build/Objects-normal/arm64/Crypto_dependency_info.dat -fobjc-link-runtime -L/Applications/Xcode.app/Contents/Developer/Toolchains/XcodeDefault.xctoolchain/usr/lib/swift/macosx -L/usr/lib/swift -Xlinker -add_ast_path -Xlinker /Users/trgysvc/Library/Developer/Xcode/DerivedData/EliteAgent-btzokozrfsnzjtcxxfzhmbcisvbu/Build/Intermediates.noindex/swift-crypto.build/Debug/Crypto.build/Objects-normal/arm64/Crypto.swiftmodule @/Users/trgysvc/Library/Developer/Xcode/DerivedData/EliteAgent-btzokozrfsnzjtcxxfzhmbcisvbu/Build/Intermediates.noindex/swift-crypto.build/Debug/Crypto.build/Objects-normal/arm64/Crypto-linker-args.resp -o /Users/trgysvc/Library/Developer/Xcode/DerivedData/EliteAgent-btzokozrfsnzjtcxxfzhmbcisvbu/Build/Products/Debug/Crypto.o

SwiftDriver EliteAgentXPC normal arm64 com.apple.xcode.tools.swift.compiler (in target 'EliteAgentXPC' from project 'EliteAgent')
    cd /Users/trgysvc/Developer/EliteAgent
    builtin-SwiftDriver -- /Applications/Xcode.app/Contents/Developer/Toolchains/XcodeDefault.xctoolchain/usr/bin/swiftc -module-name EliteAgentXPC -Onone @/Users/trgysvc/Library/Developer/Xcode/DerivedData/EliteAgent-btzokozrfsnzjtcxxfzhmbcisvbu/Build/Intermediates.noindex/EliteAgent.build/Debug/EliteAgentXPC.build/Objects-normal/arm64/EliteAgentXPC.SwiftFileList -DDEBUG -Xcc -fmodule-map-file\=/Users/trgysvc/Library/Developer/Xcode/DerivedData/EliteAgent-btzokozrfsnzjtcxxfzhmbcisvbu/Build/Intermediates.noindex/GeneratedModuleMaps/yyjson.modulemap -enable-experimental-feature DebugDescriptionMacro -sdk /Applications/Xcode.app/Contents/Developer/Platforms/MacOSX.platform/Developer/SDKs/MacOSX26.4.sdk -target arm64-apple-macos15.0 -g -module-cache-path /Users/trgysvc/Library/Developer/Xcode/DerivedData/ModuleCache.noindex -Xfrontend -serialize-debugging-options -enable-testing -index-store-path /Users/trgysvc/Library/Developer/Xcode/DerivedData/EliteAgent-btzokozrfsnzjtcxxfzhmbcisvbu/Index.noindex/DataStore -Xcc -D_LIBCPP_HARDENING_MODE\=_LIBCPP_HARDENING_MODE_DEBUG -swift-version 6 -I /Users/trgysvc/Library/Developer/Xcode/DerivedData/EliteAgent-btzokozrfsnzjtcxxfzhmbcisvbu/Build/Products/Debug -I /Users/trgysvc/Library/Developer/Xcode/DerivedData/EliteAgent-btzokozrfsnzjtcxxfzhmbcisvbu/Build/Products/Debug -I /Users/trgysvc/Library/Developer/Xcode/DerivedData/EliteAgent-btzokozrfsnzjtcxxfzhmbcisvbu/Build/Products/Debug/include -F /Users/trgysvc/Library/Developer/Xcode/DerivedData/EliteAgent-btzokozrfsnzjtcxxfzhmbcisvbu/Build/Products/Debug/PackageFrameworks -F /Users/trgysvc/Library/Developer/Xcode/DerivedData/EliteAgent-btzokozrfsnzjtcxxfzhmbcisvbu/Build/Products/Debug/PackageFrameworks -F /Users/trgysvc/Library/Developer/Xcode/DerivedData/EliteAgent-btzokozrfsnzjtcxxfzhmbcisvbu/Build/Products/Debug/PackageFrameworks -F /Users/trgysvc/Library/Developer/Xcode/DerivedData/EliteAgent-btzokozrfsnzjtcxxfzhmbcisvbu/Build/Products/Debug/PackageFrameworks -F /Users/trgysvc/Library/Developer/Xcode/DerivedData/EliteAgent-btzokozrfsnzjtcxxfzhmbcisvbu/Build/Products/Debug/PackageFrameworks -F /Users/trgysvc/Library/Developer/Xcode/DerivedData/EliteAgent-btzokozrfsnzjtcxxfzhmbcisvbu/Build/Products/Debug/PackageFrameworks -F /Users/trgysvc/Library/Developer/Xcode/DerivedData/EliteAgent-btzokozrfsnzjtcxxfzhmbcisvbu/Build/Products/Debug/PackageFrameworks -F /Users/trgysvc/Library/Developer/Xcode/DerivedData/EliteAgent-btzokozrfsnzjtcxxfzhmbcisvbu/Build/Products/Debug/PackageFrameworks -F /Users/trgysvc/Library/Developer/Xcode/DerivedData/EliteAgent-btzokozrfsnzjtcxxfzhmbcisvbu/Build/Products/Debug/PackageFrameworks -F /Users/trgysvc/Library/Developer/Xcode/DerivedData/EliteAgent-btzokozrfsnzjtcxxfzhmbcisvbu/Build/Products/Debug/PackageFrameworks -F /Users/trgysvc/Library/Developer/Xcode/DerivedData/EliteAgent-btzokozrfsnzjtcxxfzhmbcisvbu/Build/Products/Debug/PackageFrameworks -F /Users/trgysvc/Library/Developer/Xcode/DerivedData/EliteAgent-btzokozrfsnzjtcxxfzhmbcisvbu/Build/Products/Debug/PackageFrameworks -F /Users/trgysvc/Library/Developer/Xcode/DerivedData/EliteAgent-btzokozrfsnzjtcxxfzhmbcisvbu/Build/Products/Debug/PackageFrameworks -F /Users/trgysvc/Library/Developer/Xcode/DerivedData/EliteAgent-btzokozrfsnzjtcxxfzhmbcisvbu/Build/Products/Debug/PackageFrameworks -F /Users/trgysvc/Library/Developer/Xcode/DerivedData/EliteAgent-btzokozrfsnzjtcxxfzhmbcisvbu/Build/Products/Debug/PackageFrameworks -F /Users/trgysvc/Library/Developer/Xcode/DerivedData/EliteAgent-btzokozrfsnzjtcxxfzhmbcisvbu/Build/Products/Debug/PackageFrameworks -F /Users/trgysvc/Library/Developer/Xcode/DerivedData/EliteAgent-btzokozrfsnzjtcxxfzhmbcisvbu/Build/Products/Debug/PackageFrameworks -F /Users/trgysvc/Library/Developer/Xcode/DerivedData/EliteAgent-btzokozrfsnzjtcxxfzhmbcisvbu/Build/Products/Debug/PackageFrameworks -F /Users/trgysvc/Library/Developer/Xcode/DerivedData/EliteAgent-btzokozrfsnzjtcxxfzhmbcisvbu/Build/Products/Debug/PackageFrameworks -F /Users/trgysvc/Library/Developer/Xcode/DerivedData/EliteAgent-btzokozrfsnzjtcxxfzhmbcisvbu/Build/Products/Debug/PackageFrameworks -F /Users/trgysvc/Library/Developer/Xcode/DerivedData/EliteAgent-btzokozrfsnzjtcxxfzhmbcisvbu/Build/Products/Debug/PackageFrameworks -F /Users/trgysvc/Library/Developer/Xcode/DerivedData/EliteAgent-btzokozrfsnzjtcxxfzhmbcisvbu/Build/Products/Debug/PackageFrameworks -F /Users/trgysvc/Library/Developer/Xcode/DerivedData/EliteAgent-btzokozrfsnzjtcxxfzhmbcisvbu/Build/Products/Debug/PackageFrameworks -F /Users/trgysvc/Library/Developer/Xcode/DerivedData/EliteAgent-btzokozrfsnzjtcxxfzhmbcisvbu/Build/Products/Debug/PackageFrameworks -F /Users/trgysvc/Library/Developer/Xcode/DerivedData/EliteAgent-btzokozrfsnzjtcxxfzhmbcisvbu/Build/Products/Debug/PackageFrameworks -F /Users/trgysvc/Library/Developer/Xcode/DerivedData/EliteAgent-btzokozrfsnzjtcxxfzhmbcisvbu/Build/Products/Debug -c -j10 -enable-batch-mode -incremental -Xcc -ivfsstatcache -Xcc /Users/trgysvc/Library/Developer/Xcode/DerivedData/SDKStatCaches.noindex/macosx26.4-25E236-688ef53f1462e2c8f657fdc38a81448f30f9ca8789b706f8bd3fc906a70d770f.sdkstatcache -output-file-map /Users/trgysvc/Library/Developer/Xcode/DerivedData/EliteAgent-btzokozrfsnzjtcxxfzhmbcisvbu/Build/Intermediates.noindex/EliteAgent.build/Debug/EliteAgentXPC.build/Objects-normal/arm64/EliteAgentXPC-OutputFileMap.json -use-frontend-parseable-output -save-temps -no-color-diagnostics -serialize-diagnostics -emit-dependencies -emit-module -emit-module-path /Users/trgysvc/Library/Developer/Xcode/DerivedData/EliteAgent-btzokozrfsnzjtcxxfzhmbcisvbu/Build/Intermediates.noindex/EliteAgent.build/Debug/EliteAgentXPC.build/Objects-normal/arm64/EliteAgentXPC.swiftmodule -validate-clang-modules-once -clang-build-session-file /Users/trgysvc/Library/Developer/Xcode/DerivedData/ModuleCache.noindex/Session.modulevalidation -Xcc -I/Users/trgysvc/Library/Developer/Xcode/DerivedData/EliteAgent-btzokozrfsnzjtcxxfzhmbcisvbu/Build/Intermediates.noindex/EliteAgent.build/Debug/EliteAgentXPC.build/swift-overrides.hmap -emit-const-values -Xfrontend -const-gather-protocols-file -Xfrontend /Users/trgysvc/Library/Developer/Xcode/DerivedData/EliteAgent-btzokozrfsnzjtcxxfzhmbcisvbu/Build/Intermediates.noindex/EliteAgent.build/Debug/EliteAgentXPC.build/Objects-normal/arm64/EliteAgentXPC_const_extract_protocols.json -Xcc -iquote -Xcc /Users/trgysvc/Library/Developer/Xcode/DerivedData/EliteAgent-btzokozrfsnzjtcxxfzhmbcisvbu/Build/Intermediates.noindex/EliteAgent.build/Debug/EliteAgentXPC.build/EliteAgentXPC-generated-files.hmap -Xcc -I/Users/trgysvc/Library/Developer/Xcode/DerivedData/EliteAgent-btzokozrfsnzjtcxxfzhmbcisvbu/Build/Intermediates.noindex/EliteAgent.build/Debug/EliteAgentXPC.build/EliteAgentXPC-own-target-headers.hmap -Xcc -I/Users/trgysvc/Library/Developer/Xcode/DerivedData/EliteAgent-btzokozrfsnzjtcxxfzhmbcisvbu/Build/Intermediates.noindex/EliteAgent.build/Debug/EliteAgentXPC.build/EliteAgentXPC-all-non-framework-target-headers.hmap -Xcc -ivfsoverlay -Xcc /Users/trgysvc/Library/Developer/Xcode/DerivedData/EliteAgent-btzokozrfsnzjtcxxfzhmbcisvbu/Build/Intermediates.noindex/EliteAgent.build/Debug/EliteAgent-721b4d269f90b0c1aa899c38a8b2021d-VFS/all-product-headers.yaml -Xcc -iquote -Xcc /Users/trgysvc/Library/Developer/Xcode/DerivedData/EliteAgent-btzokozrfsnzjtcxxfzhmbcisvbu/Build/Intermediates.noindex/EliteAgent.build/Debug/EliteAgentXPC.build/EliteAgentXPC-project-headers.hmap -Xcc -I/Users/trgysvc/Library/Developer/Xcode/DerivedData/EliteAgent-btzokozrfsnzjtcxxfzhmbcisvbu/SourcePackages/checkouts/swift-numerics/Sources/_NumericsShims/include -Xcc -I/Users/trgysvc/Library/Developer/Xcode/DerivedData/EliteAgent-btzokozrfsnzjtcxxfzhmbcisvbu/SourcePackages/checkouts/mlx-swift/Source/Cmlx/include -Xcc -I/Users/trgysvc/Library/Developer/Xcode/DerivedData/EliteAgent-btzokozrfsnzjtcxxfzhmbcisvbu/SourcePackages/checkouts/yyjson/src -Xcc -I/Users/trgysvc/Library/Developer/Xcode/DerivedData/EliteAgent-btzokozrfsnzjtcxxfzhmbcisvbu/Build/Products/Debug/include -Xcc -I/Users/trgysvc/Library/Developer/Xcode/DerivedData/EliteAgent-btzokozrfsnzjtcxxfzhmbcisvbu/Build/Intermediates.noindex/EliteAgent.build/Debug/EliteAgentXPC.build/DerivedSources-normal/arm64 -Xcc -I/Users/trgysvc/Library/Developer/Xcode/DerivedData/EliteAgent-btzokozrfsnzjtcxxfzhmbcisvbu/Build/Intermediates.noindex/EliteAgent.build/Debug/EliteAgentXPC.build/DerivedSources/arm64 -Xcc -I/Users/trgysvc/Library/Developer/Xcode/DerivedData/EliteAgent-btzokozrfsnzjtcxxfzhmbcisvbu/Build/Intermediates.noindex/EliteAgent.build/Debug/EliteAgentXPC.build/DerivedSources -Xcc -DDEBUG\=1 -emit-objc-header -emit-objc-header-path /Users/trgysvc/Library/Developer/Xcode/DerivedData/EliteAgent-btzokozrfsnzjtcxxfzhmbcisvbu/Build/Intermediates.noindex/EliteAgent.build/Debug/EliteAgentXPC.build/Objects-normal/arm64/EliteAgentXPC-Swift.h -working-directory /Users/trgysvc/Developer/EliteAgent -experimental-emit-module-separately -disable-cmo

ExtractAppIntentsMetadata (in target 'InternalCollectionsUtilities' from project 'swift-collections')
    cd /Users/trgysvc/Library/Developer/Xcode/DerivedData/EliteAgent-btzokozrfsnzjtcxxfzhmbcisvbu/SourcePackages/checkouts/swift-collections
    /Applications/Xcode.app/Contents/Developer/Toolchains/XcodeDefault.xctoolchain/usr/bin/appintentsmetadataprocessor --toolchain-dir /var/run/com.apple.security.cryptexd/mnt/com.apple.MobileAsset.MetalToolchain-v17.5.188.0.qT0CL0/Metal.xctoolchain --module-name InternalCollectionsUtilities --sdk-root /Applications/Xcode.app/Contents/Developer/Platforms/MacOSX.platform/Developer/SDKs/MacOSX26.4.sdk --xcode-version 17E192 --platform-family macOS --deployment-target 10.13 --bundle-identifier swift-collections.InternalCollectionsUtilities --output /Users/trgysvc/Library/Developer/Xcode/DerivedData/EliteAgent-btzokozrfsnzjtcxxfzhmbcisvbu/Build/Products/Debug/InternalCollectionsUtilities.appintents --target-triple arm64-apple-macos10.13 --binary-file /Users/trgysvc/Library/Developer/Xcode/DerivedData/EliteAgent-btzokozrfsnzjtcxxfzhmbcisvbu/Build/Products/Debug/InternalCollectionsUtilities.o --dependency-file /Users/trgysvc/Library/Developer/Xcode/DerivedData/EliteAgent-btzokozrfsnzjtcxxfzhmbcisvbu/Build/Intermediates.noindex/swift-collections.build/Debug/InternalCollectionsUtilities.build/Objects-normal/arm64/InternalCollectionsUtilities_dependency_info.dat --stringsdata-file /Users/trgysvc/Library/Developer/Xcode/DerivedData/EliteAgent-btzokozrfsnzjtcxxfzhmbcisvbu/Build/Intermediates.noindex/swift-collections.build/Debug/InternalCollectionsUtilities.build/Objects-normal/arm64/ExtractedAppShortcutsMetadata.stringsdata --source-file-list /Users/trgysvc/Library/Developer/Xcode/DerivedData/EliteAgent-btzokozrfsnzjtcxxfzhmbcisvbu/Build/Intermediates.noindex/swift-collections.build/Debug/InternalCollectionsUtilities.build/Objects-normal/arm64/InternalCollectionsUtilities.SwiftFileList --metadata-file-list /Users/trgysvc/Library/Developer/Xcode/DerivedData/EliteAgent-btzokozrfsnzjtcxxfzhmbcisvbu/Build/Intermediates.noindex/swift-collections.build/Debug/InternalCollectionsUtilities.build/InternalCollectionsUtilities.DependencyMetadataFileList --static-metadata-file-list /Users/trgysvc/Library/Developer/Xcode/DerivedData/EliteAgent-btzokozrfsnzjtcxxfzhmbcisvbu/Build/Intermediates.noindex/swift-collections.build/Debug/InternalCollectionsUtilities.build/InternalCollectionsUtilities.DependencyStaticMetadataFileList --swift-const-vals-list /Users/trgysvc/Library/Developer/Xcode/DerivedData/EliteAgent-btzokozrfsnzjtcxxfzhmbcisvbu/Build/Intermediates.noindex/swift-collections.build/Debug/InternalCollectionsUtilities.build/Objects-normal/arm64/InternalCollectionsUtilities.SwiftConstValuesFileList --force --compile-time-extraction --deployment-aware-processing --validate-assistant-intents --no-app-shortcuts-localization
2026-04-10 01:47:11.105 appintentsmetadataprocessor[32235:243302] Starting appintentsmetadataprocessor export
2026-04-10 01:47:11.113 appintentsmetadataprocessor[32235:243302] Extracted no relevant App Intents symbols, skipping writing output

RegisterExecutionPolicyException /Users/trgysvc/Library/Developer/Xcode/DerivedData/EliteAgent-btzokozrfsnzjtcxxfzhmbcisvbu/Build/Products/Debug/_NumericsShims.o (in target '_NumericsShims' from project 'swift-numerics')
    cd /Users/trgysvc/Library/Developer/Xcode/DerivedData/EliteAgent-btzokozrfsnzjtcxxfzhmbcisvbu/SourcePackages/checkouts/swift-numerics
    builtin-RegisterExecutionPolicyException /Users/trgysvc/Library/Developer/Xcode/DerivedData/EliteAgent-btzokozrfsnzjtcxxfzhmbcisvbu/Build/Products/Debug/_NumericsShims.o

RegisterExecutionPolicyException /Users/trgysvc/Library/Developer/Xcode/DerivedData/EliteAgent-btzokozrfsnzjtcxxfzhmbcisvbu/Build/Products/Debug/yyjson.o (in target 'yyjson' from project 'yyjson')
    cd /Users/trgysvc/Library/Developer/Xcode/DerivedData/EliteAgent-btzokozrfsnzjtcxxfzhmbcisvbu/SourcePackages/checkouts/yyjson
    builtin-RegisterExecutionPolicyException /Users/trgysvc/Library/Developer/Xcode/DerivedData/EliteAgent-btzokozrfsnzjtcxxfzhmbcisvbu/Build/Products/Debug/yyjson.o

ExtractAppIntentsMetadata (in target 'Crypto' from project 'swift-crypto')
    cd /Users/trgysvc/Library/Developer/Xcode/DerivedData/EliteAgent-btzokozrfsnzjtcxxfzhmbcisvbu/SourcePackages/checkouts/swift-crypto
    /Applications/Xcode.app/Contents/Developer/Toolchains/XcodeDefault.xctoolchain/usr/bin/appintentsmetadataprocessor --toolchain-dir /var/run/com.apple.security.cryptexd/mnt/com.apple.MobileAsset.MetalToolchain-v17.5.188.0.qT0CL0/Metal.xctoolchain --module-name Crypto --sdk-root /Applications/Xcode.app/Contents/Developer/Platforms/MacOSX.platform/Developer/SDKs/MacOSX26.4.sdk --xcode-version 17E192 --platform-family macOS --deployment-target 10.13 --bundle-identifier swift-crypto.Crypto --output /Users/trgysvc/Library/Developer/Xcode/DerivedData/EliteAgent-btzokozrfsnzjtcxxfzhmbcisvbu/Build/Products/Debug/Crypto.appintents --target-triple arm64-apple-macos10.13 --binary-file /Users/trgysvc/Library/Developer/Xcode/DerivedData/EliteAgent-btzokozrfsnzjtcxxfzhmbcisvbu/Build/Products/Debug/Crypto.o --dependency-file /Users/trgysvc/Library/Developer/Xcode/DerivedData/EliteAgent-btzokozrfsnzjtcxxfzhmbcisvbu/Build/Intermediates.noindex/swift-crypto.build/Debug/Crypto.build/Objects-normal/arm64/Crypto_dependency_info.dat --stringsdata-file /Users/trgysvc/Library/Developer/Xcode/DerivedData/EliteAgent-btzokozrfsnzjtcxxfzhmbcisvbu/Build/Intermediates.noindex/swift-crypto.build/Debug/Crypto.build/Objects-normal/arm64/ExtractedAppShortcutsMetadata.stringsdata --source-file-list /Users/trgysvc/Library/Developer/Xcode/DerivedData/EliteAgent-btzokozrfsnzjtcxxfzhmbcisvbu/Build/Intermediates.noindex/swift-crypto.build/Debug/Crypto.build/Objects-normal/arm64/Crypto.SwiftFileList --metadata-file-list /Users/trgysvc/Library/Developer/Xcode/DerivedData/EliteAgent-btzokozrfsnzjtcxxfzhmbcisvbu/Build/Intermediates.noindex/swift-crypto.build/Debug/Crypto.build/Crypto.DependencyMetadataFileList --static-metadata-file-list /Users/trgysvc/Library/Developer/Xcode/DerivedData/EliteAgent-btzokozrfsnzjtcxxfzhmbcisvbu/Build/Intermediates.noindex/swift-crypto.build/Debug/Crypto.build/Crypto.DependencyStaticMetadataFileList --swift-const-vals-list /Users/trgysvc/Library/Developer/Xcode/DerivedData/EliteAgent-btzokozrfsnzjtcxxfzhmbcisvbu/Build/Intermediates.noindex/swift-crypto.build/Debug/Crypto.build/Objects-normal/arm64/Crypto.SwiftConstValuesFileList --force --compile-time-extraction --deployment-aware-processing --validate-assistant-intents --no-app-shortcuts-localization
2026-04-10 01:47:11.107 appintentsmetadataprocessor[32236:243305] Starting appintentsmetadataprocessor export
2026-04-10 01:47:11.116 appintentsmetadataprocessor[32236:243305] Extracted no relevant App Intents symbols, skipping writing output

SwiftEmitModule normal arm64 Emitting\ module\ for\ EliteAgentXPC (in target 'EliteAgentXPC' from project 'EliteAgent')

SwiftCompile normal arm64 /Users/trgysvc/Developer/EliteAgent/Sources/EliteAgentXPC/main.swift (in target 'EliteAgentXPC' from project 'EliteAgent')
    cd /Users/trgysvc/Developer/EliteAgent
    

SwiftCompile normal arm64 Compiling\ main.swift /Users/trgysvc/Developer/EliteAgent/Sources/EliteAgentXPC/main.swift (in target 'EliteAgentXPC' from project 'EliteAgent')

SwiftCompile normal arm64 /Users/trgysvc/Developer/EliteAgent/Sources/EliteAgentXPC/main.swift (in target 'EliteAgentXPC' from project 'EliteAgent')
    cd /Users/trgysvc/Developer/EliteAgent
    

Ld /Users/trgysvc/Library/Developer/Xcode/DerivedData/EliteAgent-btzokozrfsnzjtcxxfzhmbcisvbu/Build/Products/Debug/RealModule.o normal (in target 'RealModule' from project 'swift-numerics')
    cd /Users/trgysvc/Library/Developer/Xcode/DerivedData/EliteAgent-btzokozrfsnzjtcxxfzhmbcisvbu/SourcePackages/checkouts/swift-numerics
    /Applications/Xcode.app/Contents/Developer/Toolchains/XcodeDefault.xctoolchain/usr/bin/clang -Xlinker -reproducible -target arm64-apple-macos10.13 -r -isysroot /Applications/Xcode.app/Contents/Developer/Platforms/MacOSX.platform/Developer/SDKs/MacOSX26.4.sdk -O0 -w -F/Users/trgysvc/Library/Developer/Xcode/DerivedData/EliteAgent-btzokozrfsnzjtcxxfzhmbcisvbu/Build/Intermediates.noindex/EagerLinkingTBDs/Debug -F/Users/trgysvc/Library/Developer/Xcode/DerivedData/EliteAgent-btzokozrfsnzjtcxxfzhmbcisvbu/Build/Products/Debug/PackageFrameworks -F/Users/trgysvc/Library/Developer/Xcode/DerivedData/EliteAgent-btzokozrfsnzjtcxxfzhmbcisvbu/Build/Products/Debug -iframework /Applications/Xcode.app/Contents/Developer/Platforms/MacOSX.platform/Developer/Library/Frameworks -filelist /Users/trgysvc/Library/Developer/Xcode/DerivedData/EliteAgent-btzokozrfsnzjtcxxfzhmbcisvbu/Build/Intermediates.noindex/swift-numerics.build/Debug/RealModule.build/Objects-normal/arm64/RealModule.LinkFileList -nostdlib -Xlinker -object_path_lto -Xlinker /Users/trgysvc/Library/Developer/Xcode/DerivedData/EliteAgent-btzokozrfsnzjtcxxfzhmbcisvbu/Build/Intermediates.noindex/swift-numerics.build/Debug/RealModule.build/Objects-normal/arm64/RealModule_lto.o -Xlinker -no_deduplicate -Xlinker -dependency_info -Xlinker /Users/trgysvc/Library/Developer/Xcode/DerivedData/EliteAgent-btzokozrfsnzjtcxxfzhmbcisvbu/Build/Intermediates.noindex/swift-numerics.build/Debug/RealModule.build/Objects-normal/arm64/RealModule_dependency_info.dat -fobjc-link-runtime -L/Applications/Xcode.app/Contents/Developer/Toolchains/XcodeDefault.xctoolchain/usr/lib/swift/macosx -L/usr/lib/swift -Xlinker -add_ast_path -Xlinker /Users/trgysvc/Library/Developer/Xcode/DerivedData/EliteAgent-btzokozrfsnzjtcxxfzhmbcisvbu/Build/Intermediates.noindex/swift-numerics.build/Debug/RealModule.build/Objects-normal/arm64/RealModule.swiftmodule @/Users/trgysvc/Library/Developer/Xcode/DerivedData/EliteAgent-btzokozrfsnzjtcxxfzhmbcisvbu/Build/Intermediates.noindex/swift-numerics.build/Debug/RealModule.build/Objects-normal/arm64/RealModule-linker-args.resp -o /Users/trgysvc/Library/Developer/Xcode/DerivedData/EliteAgent-btzokozrfsnzjtcxxfzhmbcisvbu/Build/Products/Debug/RealModule.o

RegisterExecutionPolicyException /Users/trgysvc/Library/Developer/Xcode/DerivedData/EliteAgent-btzokozrfsnzjtcxxfzhmbcisvbu/Build/Products/Debug/InternalCollectionsUtilities.o (in target 'InternalCollectionsUtilities' from project 'swift-collections')
    cd /Users/trgysvc/Library/Developer/Xcode/DerivedData/EliteAgent-btzokozrfsnzjtcxxfzhmbcisvbu/SourcePackages/checkouts/swift-collections
    builtin-RegisterExecutionPolicyException /Users/trgysvc/Library/Developer/Xcode/DerivedData/EliteAgent-btzokozrfsnzjtcxxfzhmbcisvbu/Build/Products/Debug/InternalCollectionsUtilities.o

RegisterExecutionPolicyException /Users/trgysvc/Library/Developer/Xcode/DerivedData/EliteAgent-btzokozrfsnzjtcxxfzhmbcisvbu/Build/Products/Debug/Crypto.o (in target 'Crypto' from project 'swift-crypto')
    cd /Users/trgysvc/Library/Developer/Xcode/DerivedData/EliteAgent-btzokozrfsnzjtcxxfzhmbcisvbu/SourcePackages/checkouts/swift-crypto
    builtin-RegisterExecutionPolicyException /Users/trgysvc/Library/Developer/Xcode/DerivedData/EliteAgent-btzokozrfsnzjtcxxfzhmbcisvbu/Build/Products/Debug/Crypto.o

Ld /Users/trgysvc/Library/Developer/Xcode/DerivedData/EliteAgent-btzokozrfsnzjtcxxfzhmbcisvbu/Build/Products/Debug/OrderedCollections.o normal (in target 'OrderedCollections' from project 'swift-collections')
    cd /Users/trgysvc/Library/Developer/Xcode/DerivedData/EliteAgent-btzokozrfsnzjtcxxfzhmbcisvbu/SourcePackages/checkouts/swift-collections
    /Applications/Xcode.app/Contents/Developer/Toolchains/XcodeDefault.xctoolchain/usr/bin/clang -Xlinker -reproducible -target arm64-apple-macos10.13 -r -isysroot /Applications/Xcode.app/Contents/Developer/Platforms/MacOSX.platform/Developer/SDKs/MacOSX26.4.sdk -O0 -w -F/Users/trgysvc/Library/Developer/Xcode/DerivedData/EliteAgent-btzokozrfsnzjtcxxfzhmbcisvbu/Build/Intermediates.noindex/EagerLinkingTBDs/Debug -F/Users/trgysvc/Library/Developer/Xcode/DerivedData/EliteAgent-btzokozrfsnzjtcxxfzhmbcisvbu/Build/Products/Debug/PackageFrameworks -F/Users/trgysvc/Library/Developer/Xcode/DerivedData/EliteAgent-btzokozrfsnzjtcxxfzhmbcisvbu/Build/Products/Debug -iframework /Applications/Xcode.app/Contents/Developer/Platforms/MacOSX.platform/Developer/Library/Frameworks -filelist /Users/trgysvc/Library/Developer/Xcode/DerivedData/EliteAgent-btzokozrfsnzjtcxxfzhmbcisvbu/Build/Intermediates.noindex/swift-collections.build/Debug/OrderedCollections.build/Objects-normal/arm64/OrderedCollections.LinkFileList -nostdlib -Xlinker -object_path_lto -Xlinker /Users/trgysvc/Library/Developer/Xcode/DerivedData/EliteAgent-btzokozrfsnzjtcxxfzhmbcisvbu/Build/Intermediates.noindex/swift-collections.build/Debug/OrderedCollections.build/Objects-normal/arm64/OrderedCollections_lto.o -Xlinker -no_deduplicate -Xlinker -dependency_info -Xlinker /Users/trgysvc/Library/Developer/Xcode/DerivedData/EliteAgent-btzokozrfsnzjtcxxfzhmbcisvbu/Build/Intermediates.noindex/swift-collections.build/Debug/OrderedCollections.build/Objects-normal/arm64/OrderedCollections_dependency_info.dat -fobjc-link-runtime -L/Applications/Xcode.app/Contents/Developer/Toolchains/XcodeDefault.xctoolchain/usr/lib/swift/macosx -L/usr/lib/swift -Xlinker -add_ast_path -Xlinker /Users/trgysvc/Library/Developer/Xcode/DerivedData/EliteAgent-btzokozrfsnzjtcxxfzhmbcisvbu/Build/Intermediates.noindex/swift-collections.build/Debug/OrderedCollections.build/Objects-normal/arm64/OrderedCollections.swiftmodule @/Users/trgysvc/Library/Developer/Xcode/DerivedData/EliteAgent-btzokozrfsnzjtcxxfzhmbcisvbu/Build/Intermediates.noindex/swift-collections.build/Debug/OrderedCollections.build/Objects-normal/arm64/OrderedCollections-linker-args.resp -o /Users/trgysvc/Library/Developer/Xcode/DerivedData/EliteAgent-btzokozrfsnzjtcxxfzhmbcisvbu/Build/Products/Debug/OrderedCollections.o

ExtractAppIntentsMetadata (in target 'RealModule' from project 'swift-numerics')
    cd /Users/trgysvc/Library/Developer/Xcode/DerivedData/EliteAgent-btzokozrfsnzjtcxxfzhmbcisvbu/SourcePackages/checkouts/swift-numerics
    /Applications/Xcode.app/Contents/Developer/Toolchains/XcodeDefault.xctoolchain/usr/bin/appintentsmetadataprocessor --toolchain-dir /var/run/com.apple.security.cryptexd/mnt/com.apple.MobileAsset.MetalToolchain-v17.5.188.0.qT0CL0/Metal.xctoolchain --module-name RealModule --sdk-root /Applications/Xcode.app/Contents/Developer/Platforms/MacOSX.platform/Developer/SDKs/MacOSX26.4.sdk --xcode-version 17E192 --platform-family macOS --deployment-target 10.13 --bundle-identifier swift-numerics.RealModule --output /Users/trgysvc/Library/Developer/Xcode/DerivedData/EliteAgent-btzokozrfsnzjtcxxfzhmbcisvbu/Build/Products/Debug/RealModule.appintents --target-triple arm64-apple-macos10.13 --binary-file /Users/trgysvc/Library/Developer/Xcode/DerivedData/EliteAgent-btzokozrfsnzjtcxxfzhmbcisvbu/Build/Products/Debug/RealModule.o --dependency-file /Users/trgysvc/Library/Developer/Xcode/DerivedData/EliteAgent-btzokozrfsnzjtcxxfzhmbcisvbu/Build/Intermediates.noindex/swift-numerics.build/Debug/RealModule.build/Objects-normal/arm64/RealModule_dependency_info.dat --stringsdata-file /Users/trgysvc/Library/Developer/Xcode/DerivedData/EliteAgent-btzokozrfsnzjtcxxfzhmbcisvbu/Build/Intermediates.noindex/swift-numerics.build/Debug/RealModule.build/Objects-normal/arm64/ExtractedAppShortcutsMetadata.stringsdata --source-file-list /Users/trgysvc/Library/Developer/Xcode/DerivedData/EliteAgent-btzokozrfsnzjtcxxfzhmbcisvbu/Build/Intermediates.noindex/swift-numerics.build/Debug/RealModule.build/Objects-normal/arm64/RealModule.SwiftFileList --metadata-file-list /Users/trgysvc/Library/Developer/Xcode/DerivedData/EliteAgent-btzokozrfsnzjtcxxfzhmbcisvbu/Build/Intermediates.noindex/swift-numerics.build/Debug/RealModule.build/RealModule.DependencyMetadataFileList --static-metadata-file-list /Users/trgysvc/Library/Developer/Xcode/DerivedData/EliteAgent-btzokozrfsnzjtcxxfzhmbcisvbu/Build/Intermediates.noindex/swift-numerics.build/Debug/RealModule.build/RealModule.DependencyStaticMetadataFileList --swift-const-vals-list /Users/trgysvc/Library/Developer/Xcode/DerivedData/EliteAgent-btzokozrfsnzjtcxxfzhmbcisvbu/Build/Intermediates.noindex/swift-numerics.build/Debug/RealModule.build/Objects-normal/arm64/RealModule.SwiftConstValuesFileList --force --compile-time-extraction --deployment-aware-processing --validate-assistant-intents --no-app-shortcuts-localization
2026-04-10 01:47:11.143 appintentsmetadataprocessor[32243:243330] Starting appintentsmetadataprocessor export
2026-04-10 01:47:11.156 appintentsmetadataprocessor[32243:243330] Extracted no relevant App Intents symbols, skipping writing output

ExtractAppIntentsMetadata (in target 'OrderedCollections' from project 'swift-collections')
    cd /Users/trgysvc/Library/Developer/Xcode/DerivedData/EliteAgent-btzokozrfsnzjtcxxfzhmbcisvbu/SourcePackages/checkouts/swift-collections
    /Applications/Xcode.app/Contents/Developer/Toolchains/XcodeDefault.xctoolchain/usr/bin/appintentsmetadataprocessor --toolchain-dir /var/run/com.apple.security.cryptexd/mnt/com.apple.MobileAsset.MetalToolchain-v17.5.188.0.qT0CL0/Metal.xctoolchain --module-name OrderedCollections --sdk-root /Applications/Xcode.app/Contents/Developer/Platforms/MacOSX.platform/Developer/SDKs/MacOSX26.4.sdk --xcode-version 17E192 --platform-family macOS --deployment-target 10.13 --bundle-identifier swift-collections.OrderedCollections --output /Users/trgysvc/Library/Developer/Xcode/DerivedData/EliteAgent-btzokozrfsnzjtcxxfzhmbcisvbu/Build/Products/Debug/OrderedCollections.appintents --target-triple arm64-apple-macos10.13 --binary-file /Users/trgysvc/Library/Developer/Xcode/DerivedData/EliteAgent-btzokozrfsnzjtcxxfzhmbcisvbu/Build/Products/Debug/OrderedCollections.o --dependency-file /Users/trgysvc/Library/Developer/Xcode/DerivedData/EliteAgent-btzokozrfsnzjtcxxfzhmbcisvbu/Build/Intermediates.noindex/swift-collections.build/Debug/OrderedCollections.build/Objects-normal/arm64/OrderedCollections_dependency_info.dat --stringsdata-file /Users/trgysvc/Library/Developer/Xcode/DerivedData/EliteAgent-btzokozrfsnzjtcxxfzhmbcisvbu/Build/Intermediates.noindex/swift-collections.build/Debug/OrderedCollections.build/Objects-normal/arm64/ExtractedAppShortcutsMetadata.stringsdata --source-file-list /Users/trgysvc/Library/Developer/Xcode/DerivedData/EliteAgent-btzokozrfsnzjtcxxfzhmbcisvbu/Build/Intermediates.noindex/swift-collections.build/Debug/OrderedCollections.build/Objects-normal/arm64/OrderedCollections.SwiftFileList --metadata-file-list /Users/trgysvc/Library/Developer/Xcode/DerivedData/EliteAgent-btzokozrfsnzjtcxxfzhmbcisvbu/Build/Intermediates.noindex/swift-collections.build/Debug/OrderedCollections.build/OrderedCollections.DependencyMetadataFileList --static-metadata-file-list /Users/trgysvc/Library/Developer/Xcode/DerivedData/EliteAgent-btzokozrfsnzjtcxxfzhmbcisvbu/Build/Intermediates.noindex/swift-collections.build/Debug/OrderedCollections.build/OrderedCollections.DependencyStaticMetadataFileList --swift-const-vals-list /Users/trgysvc/Library/Developer/Xcode/DerivedData/EliteAgent-btzokozrfsnzjtcxxfzhmbcisvbu/Build/Intermediates.noindex/swift-collections.build/Debug/OrderedCollections.build/Objects-normal/arm64/OrderedCollections.SwiftConstValuesFileList --force --compile-time-extraction --deployment-aware-processing --validate-assistant-intents --no-app-shortcuts-localization
2026-04-10 01:47:11.172 appintentsmetadataprocessor[32244:243343] Starting appintentsmetadataprocessor export
2026-04-10 01:47:11.182 appintentsmetadataprocessor[32244:243343] Extracted no relevant App Intents symbols, skipping writing output

RegisterExecutionPolicyException /Users/trgysvc/Library/Developer/Xcode/DerivedData/EliteAgent-btzokozrfsnzjtcxxfzhmbcisvbu/Build/Products/Debug/RealModule.o (in target 'RealModule' from project 'swift-numerics')
    cd /Users/trgysvc/Library/Developer/Xcode/DerivedData/EliteAgent-btzokozrfsnzjtcxxfzhmbcisvbu/SourcePackages/checkouts/swift-numerics
    builtin-RegisterExecutionPolicyException /Users/trgysvc/Library/Developer/Xcode/DerivedData/EliteAgent-btzokozrfsnzjtcxxfzhmbcisvbu/Build/Products/Debug/RealModule.o

Ld /Users/trgysvc/Library/Developer/Xcode/DerivedData/EliteAgent-btzokozrfsnzjtcxxfzhmbcisvbu/Build/Products/Debug/ComplexModule.o normal (in target 'ComplexModule' from project 'swift-numerics')
    cd /Users/trgysvc/Library/Developer/Xcode/DerivedData/EliteAgent-btzokozrfsnzjtcxxfzhmbcisvbu/SourcePackages/checkouts/swift-numerics
    /Applications/Xcode.app/Contents/Developer/Toolchains/XcodeDefault.xctoolchain/usr/bin/clang -Xlinker -reproducible -target arm64-apple-macos10.13 -r -isysroot /Applications/Xcode.app/Contents/Developer/Platforms/MacOSX.platform/Developer/SDKs/MacOSX26.4.sdk -O0 -w -F/Users/trgysvc/Library/Developer/Xcode/DerivedData/EliteAgent-btzokozrfsnzjtcxxfzhmbcisvbu/Build/Intermediates.noindex/EagerLinkingTBDs/Debug -F/Users/trgysvc/Library/Developer/Xcode/DerivedData/EliteAgent-btzokozrfsnzjtcxxfzhmbcisvbu/Build/Products/Debug/PackageFrameworks -F/Users/trgysvc/Library/Developer/Xcode/DerivedData/EliteAgent-btzokozrfsnzjtcxxfzhmbcisvbu/Build/Products/Debug/PackageFrameworks -F/Users/trgysvc/Library/Developer/Xcode/DerivedData/EliteAgent-btzokozrfsnzjtcxxfzhmbcisvbu/Build/Products/Debug -iframework /Applications/Xcode.app/Contents/Developer/Platforms/MacOSX.platform/Developer/Library/Frameworks -filelist /Users/trgysvc/Library/Developer/Xcode/DerivedData/EliteAgent-btzokozrfsnzjtcxxfzhmbcisvbu/Build/Intermediates.noindex/swift-numerics.build/Debug/ComplexModule.build/Objects-normal/arm64/ComplexModule.LinkFileList -nostdlib -Xlinker -object_path_lto -Xlinker /Users/trgysvc/Library/Developer/Xcode/DerivedData/EliteAgent-btzokozrfsnzjtcxxfzhmbcisvbu/Build/Intermediates.noindex/swift-numerics.build/Debug/ComplexModule.build/Objects-normal/arm64/ComplexModule_lto.o -Xlinker -no_deduplicate -Xlinker -dependency_info -Xlinker /Users/trgysvc/Library/Developer/Xcode/DerivedData/EliteAgent-btzokozrfsnzjtcxxfzhmbcisvbu/Build/Intermediates.noindex/swift-numerics.build/Debug/ComplexModule.build/Objects-normal/arm64/ComplexModule_dependency_info.dat -fobjc-link-runtime -L/Applications/Xcode.app/Contents/Developer/Toolchains/XcodeDefault.xctoolchain/usr/lib/swift/macosx -L/usr/lib/swift -Xlinker -add_ast_path -Xlinker /Users/trgysvc/Library/Developer/Xcode/DerivedData/EliteAgent-btzokozrfsnzjtcxxfzhmbcisvbu/Build/Intermediates.noindex/swift-numerics.build/Debug/ComplexModule.build/Objects-normal/arm64/ComplexModule.swiftmodule @/Users/trgysvc/Library/Developer/Xcode/DerivedData/EliteAgent-btzokozrfsnzjtcxxfzhmbcisvbu/Build/Intermediates.noindex/swift-numerics.build/Debug/ComplexModule.build/Objects-normal/arm64/ComplexModule-linker-args.resp -o /Users/trgysvc/Library/Developer/Xcode/DerivedData/EliteAgent-btzokozrfsnzjtcxxfzhmbcisvbu/Build/Products/Debug/ComplexModule.o

RegisterExecutionPolicyException /Users/trgysvc/Library/Developer/Xcode/DerivedData/EliteAgent-btzokozrfsnzjtcxxfzhmbcisvbu/Build/Products/Debug/OrderedCollections.o (in target 'OrderedCollections' from project 'swift-collections')
    cd /Users/trgysvc/Library/Developer/Xcode/DerivedData/EliteAgent-btzokozrfsnzjtcxxfzhmbcisvbu/SourcePackages/checkouts/swift-collections
    builtin-RegisterExecutionPolicyException /Users/trgysvc/Library/Developer/Xcode/DerivedData/EliteAgent-btzokozrfsnzjtcxxfzhmbcisvbu/Build/Products/Debug/OrderedCollections.o

Ld /Users/trgysvc/Library/Developer/Xcode/DerivedData/EliteAgent-btzokozrfsnzjtcxxfzhmbcisvbu/Build/Products/Debug/Jinja.o normal (in target 'Jinja' from project 'Jinja')
    cd /Users/trgysvc/Library/Developer/Xcode/DerivedData/EliteAgent-btzokozrfsnzjtcxxfzhmbcisvbu/SourcePackages/checkouts/swift-jinja
    /Applications/Xcode.app/Contents/Developer/Toolchains/XcodeDefault.xctoolchain/usr/bin/clang -Xlinker -reproducible -target arm64-apple-macos13.0 -r -isysroot /Applications/Xcode.app/Contents/Developer/Platforms/MacOSX.platform/Developer/SDKs/MacOSX26.4.sdk -O0 -w -F/Users/trgysvc/Library/Developer/Xcode/DerivedData/EliteAgent-btzokozrfsnzjtcxxfzhmbcisvbu/Build/Intermediates.noindex/EagerLinkingTBDs/Debug -F/Users/trgysvc/Library/Developer/Xcode/DerivedData/EliteAgent-btzokozrfsnzjtcxxfzhmbcisvbu/Build/Products/Debug/PackageFrameworks -F/Users/trgysvc/Library/Developer/Xcode/DerivedData/EliteAgent-btzokozrfsnzjtcxxfzhmbcisvbu/Build/Products/Debug/PackageFrameworks -F/Users/trgysvc/Library/Developer/Xcode/DerivedData/EliteAgent-btzokozrfsnzjtcxxfzhmbcisvbu/Build/Products/Debug -iframework /Applications/Xcode.app/Contents/Developer/Platforms/MacOSX.platform/Developer/Library/Frameworks -filelist /Users/trgysvc/Library/Developer/Xcode/DerivedData/EliteAgent-btzokozrfsnzjtcxxfzhmbcisvbu/Build/Intermediates.noindex/Jinja.build/Debug/Jinja.build/Objects-normal/arm64/Jinja.LinkFileList -nostdlib -Xlinker -object_path_lto -Xlinker /Users/trgysvc/Library/Developer/Xcode/DerivedData/EliteAgent-btzokozrfsnzjtcxxfzhmbcisvbu/Build/Intermediates.noindex/Jinja.build/Debug/Jinja.build/Objects-normal/arm64/Jinja_lto.o -Xlinker -no_deduplicate -Xlinker -dependency_info -Xlinker /Users/trgysvc/Library/Developer/Xcode/DerivedData/EliteAgent-btzokozrfsnzjtcxxfzhmbcisvbu/Build/Intermediates.noindex/Jinja.build/Debug/Jinja.build/Objects-normal/arm64/Jinja_dependency_info.dat -fobjc-link-runtime -L/Applications/Xcode.app/Contents/Developer/Toolchains/XcodeDefault.xctoolchain/usr/lib/swift/macosx -L/usr/lib/swift -Xlinker -add_ast_path -Xlinker /Users/trgysvc/Library/Developer/Xcode/DerivedData/EliteAgent-btzokozrfsnzjtcxxfzhmbcisvbu/Build/Intermediates.noindex/Jinja.build/Debug/Jinja.build/Objects-normal/arm64/Jinja.swiftmodule @/Users/trgysvc/Library/Developer/Xcode/DerivedData/EliteAgent-btzokozrfsnzjtcxxfzhmbcisvbu/Build/Intermediates.noindex/Jinja.build/Debug/Jinja.build/Objects-normal/arm64/Jinja-linker-args.resp -o /Users/trgysvc/Library/Developer/Xcode/DerivedData/EliteAgent-btzokozrfsnzjtcxxfzhmbcisvbu/Build/Products/Debug/Jinja.o

ExtractAppIntentsMetadata (in target 'ComplexModule' from project 'swift-numerics')
    cd /Users/trgysvc/Library/Developer/Xcode/DerivedData/EliteAgent-btzokozrfsnzjtcxxfzhmbcisvbu/SourcePackages/checkouts/swift-numerics
    /Applications/Xcode.app/Contents/Developer/Toolchains/XcodeDefault.xctoolchain/usr/bin/appintentsmetadataprocessor --toolchain-dir /var/run/com.apple.security.cryptexd/mnt/com.apple.MobileAsset.MetalToolchain-v17.5.188.0.qT0CL0/Metal.xctoolchain --module-name ComplexModule --sdk-root /Applications/Xcode.app/Contents/Developer/Platforms/MacOSX.platform/Developer/SDKs/MacOSX26.4.sdk --xcode-version 17E192 --platform-family macOS --deployment-target 10.13 --bundle-identifier swift-numerics.ComplexModule --output /Users/trgysvc/Library/Developer/Xcode/DerivedData/EliteAgent-btzokozrfsnzjtcxxfzhmbcisvbu/Build/Products/Debug/ComplexModule.appintents --target-triple arm64-apple-macos10.13 --binary-file /Users/trgysvc/Library/Developer/Xcode/DerivedData/EliteAgent-btzokozrfsnzjtcxxfzhmbcisvbu/Build/Products/Debug/ComplexModule.o --dependency-file /Users/trgysvc/Library/Developer/Xcode/DerivedData/EliteAgent-btzokozrfsnzjtcxxfzhmbcisvbu/Build/Intermediates.noindex/swift-numerics.build/Debug/ComplexModule.build/Objects-normal/arm64/ComplexModule_dependency_info.dat --stringsdata-file /Users/trgysvc/Library/Developer/Xcode/DerivedData/EliteAgent-btzokozrfsnzjtcxxfzhmbcisvbu/Build/Intermediates.noindex/swift-numerics.build/Debug/ComplexModule.build/Objects-normal/arm64/ExtractedAppShortcutsMetadata.stringsdata --source-file-list /Users/trgysvc/Library/Developer/Xcode/DerivedData/EliteAgent-btzokozrfsnzjtcxxfzhmbcisvbu/Build/Intermediates.noindex/swift-numerics.build/Debug/ComplexModule.build/Objects-normal/arm64/ComplexModule.SwiftFileList --metadata-file-list /Users/trgysvc/Library/Developer/Xcode/DerivedData/EliteAgent-btzokozrfsnzjtcxxfzhmbcisvbu/Build/Intermediates.noindex/swift-numerics.build/Debug/ComplexModule.build/ComplexModule.DependencyMetadataFileList --static-metadata-file-list /Users/trgysvc/Library/Developer/Xcode/DerivedData/EliteAgent-btzokozrfsnzjtcxxfzhmbcisvbu/Build/Intermediates.noindex/swift-numerics.build/Debug/ComplexModule.build/ComplexModule.DependencyStaticMetadataFileList --swift-const-vals-list /Users/trgysvc/Library/Developer/Xcode/DerivedData/EliteAgent-btzokozrfsnzjtcxxfzhmbcisvbu/Build/Intermediates.noindex/swift-numerics.build/Debug/ComplexModule.build/Objects-normal/arm64/ComplexModule.SwiftConstValuesFileList --force --compile-time-extraction --deployment-aware-processing --validate-assistant-intents --no-app-shortcuts-localization
2026-04-10 01:47:11.213 appintentsmetadataprocessor[32248:243360] Starting appintentsmetadataprocessor export
2026-04-10 01:47:11.221 appintentsmetadataprocessor[32248:243360] Extracted no relevant App Intents symbols, skipping writing output

RegisterExecutionPolicyException /Users/trgysvc/Library/Developer/Xcode/DerivedData/EliteAgent-btzokozrfsnzjtcxxfzhmbcisvbu/Build/Products/Debug/ComplexModule.o (in target 'ComplexModule' from project 'swift-numerics')
    cd /Users/trgysvc/Library/Developer/Xcode/DerivedData/EliteAgent-btzokozrfsnzjtcxxfzhmbcisvbu/SourcePackages/checkouts/swift-numerics
    builtin-RegisterExecutionPolicyException /Users/trgysvc/Library/Developer/Xcode/DerivedData/EliteAgent-btzokozrfsnzjtcxxfzhmbcisvbu/Build/Products/Debug/ComplexModule.o

ExtractAppIntentsMetadata (in target 'Jinja' from project 'Jinja')
    cd /Users/trgysvc/Library/Developer/Xcode/DerivedData/EliteAgent-btzokozrfsnzjtcxxfzhmbcisvbu/SourcePackages/checkouts/swift-jinja
    /Applications/Xcode.app/Contents/Developer/Toolchains/XcodeDefault.xctoolchain/usr/bin/appintentsmetadataprocessor --toolchain-dir /var/run/com.apple.security.cryptexd/mnt/com.apple.MobileAsset.MetalToolchain-v17.5.188.0.qT0CL0/Metal.xctoolchain --module-name Jinja --sdk-root /Applications/Xcode.app/Contents/Developer/Platforms/MacOSX.platform/Developer/SDKs/MacOSX26.4.sdk --xcode-version 17E192 --platform-family macOS --deployment-target 13.0 --bundle-identifier swift-jinja.Jinja --output /Users/trgysvc/Library/Developer/Xcode/DerivedData/EliteAgent-btzokozrfsnzjtcxxfzhmbcisvbu/Build/Products/Debug/Jinja.appintents --target-triple arm64-apple-macos13.0 --binary-file /Users/trgysvc/Library/Developer/Xcode/DerivedData/EliteAgent-btzokozrfsnzjtcxxfzhmbcisvbu/Build/Products/Debug/Jinja.o --dependency-file /Users/trgysvc/Library/Developer/Xcode/DerivedData/EliteAgent-btzokozrfsnzjtcxxfzhmbcisvbu/Build/Intermediates.noindex/Jinja.build/Debug/Jinja.build/Objects-normal/arm64/Jinja_dependency_info.dat --stringsdata-file /Users/trgysvc/Library/Developer/Xcode/DerivedData/EliteAgent-btzokozrfsnzjtcxxfzhmbcisvbu/Build/Intermediates.noindex/Jinja.build/Debug/Jinja.build/Objects-normal/arm64/ExtractedAppShortcutsMetadata.stringsdata --source-file-list /Users/trgysvc/Library/Developer/Xcode/DerivedData/EliteAgent-btzokozrfsnzjtcxxfzhmbcisvbu/Build/Intermediates.noindex/Jinja.build/Debug/Jinja.build/Objects-normal/arm64/Jinja.SwiftFileList --metadata-file-list /Users/trgysvc/Library/Developer/Xcode/DerivedData/EliteAgent-btzokozrfsnzjtcxxfzhmbcisvbu/Build/Intermediates.noindex/Jinja.build/Debug/Jinja.build/Jinja.DependencyMetadataFileList --static-metadata-file-list /Users/trgysvc/Library/Developer/Xcode/DerivedData/EliteAgent-btzokozrfsnzjtcxxfzhmbcisvbu/Build/Intermediates.noindex/Jinja.build/Debug/Jinja.build/Jinja.DependencyStaticMetadataFileList --swift-const-vals-list /Users/trgysvc/Library/Developer/Xcode/DerivedData/EliteAgent-btzokozrfsnzjtcxxfzhmbcisvbu/Build/Intermediates.noindex/Jinja.build/Debug/Jinja.build/Objects-normal/arm64/Jinja.SwiftConstValuesFileList --force --compile-time-extraction --deployment-aware-processing --validate-assistant-intents --no-app-shortcuts-localization
2026-04-10 01:47:11.265 appintentsmetadataprocessor[32250:243385] Starting appintentsmetadataprocessor export
2026-04-10 01:47:11.273 appintentsmetadataprocessor[32250:243385] Extracted no relevant App Intents symbols, skipping writing output

RegisterExecutionPolicyException /Users/trgysvc/Library/Developer/Xcode/DerivedData/EliteAgent-btzokozrfsnzjtcxxfzhmbcisvbu/Build/Products/Debug/Cmlx.o (in target 'Cmlx' from project 'mlx-swift')
    cd /Users/trgysvc/Library/Developer/Xcode/DerivedData/EliteAgent-btzokozrfsnzjtcxxfzhmbcisvbu/SourcePackages/checkouts/mlx-swift
    builtin-RegisterExecutionPolicyException /Users/trgysvc/Library/Developer/Xcode/DerivedData/EliteAgent-btzokozrfsnzjtcxxfzhmbcisvbu/Build/Products/Debug/Cmlx.o

Ld /Users/trgysvc/Library/Developer/Xcode/DerivedData/EliteAgent-btzokozrfsnzjtcxxfzhmbcisvbu/Build/Products/Debug/Numerics.o normal (in target 'Numerics' from project 'swift-numerics')
    cd /Users/trgysvc/Library/Developer/Xcode/DerivedData/EliteAgent-btzokozrfsnzjtcxxfzhmbcisvbu/SourcePackages/checkouts/swift-numerics
    /Applications/Xcode.app/Contents/Developer/Toolchains/XcodeDefault.xctoolchain/usr/bin/clang -Xlinker -reproducible -target arm64-apple-macos10.13 -r -isysroot /Applications/Xcode.app/Contents/Developer/Platforms/MacOSX.platform/Developer/SDKs/MacOSX26.4.sdk -O0 -w -F/Users/trgysvc/Library/Developer/Xcode/DerivedData/EliteAgent-btzokozrfsnzjtcxxfzhmbcisvbu/Build/Intermediates.noindex/EagerLinkingTBDs/Debug -F/Users/trgysvc/Library/Developer/Xcode/DerivedData/EliteAgent-btzokozrfsnzjtcxxfzhmbcisvbu/Build/Products/Debug/PackageFrameworks -F/Users/trgysvc/Library/Developer/Xcode/DerivedData/EliteAgent-btzokozrfsnzjtcxxfzhmbcisvbu/Build/Products/Debug/PackageFrameworks -F/Users/trgysvc/Library/Developer/Xcode/DerivedData/EliteAgent-btzokozrfsnzjtcxxfzhmbcisvbu/Build/Products/Debug/PackageFrameworks -F/Users/trgysvc/Library/Developer/Xcode/DerivedData/EliteAgent-btzokozrfsnzjtcxxfzhmbcisvbu/Build/Products/Debug -iframework /Applications/Xcode.app/Contents/Developer/Platforms/MacOSX.platform/Developer/Library/Frameworks -filelist /Users/trgysvc/Library/Developer/Xcode/DerivedData/EliteAgent-btzokozrfsnzjtcxxfzhmbcisvbu/Build/Intermediates.noindex/swift-numerics.build/Debug/Numerics.build/Objects-normal/arm64/Numerics.LinkFileList -nostdlib -Xlinker -object_path_lto -Xlinker /Users/trgysvc/Library/Developer/Xcode/DerivedData/EliteAgent-btzokozrfsnzjtcxxfzhmbcisvbu/Build/Intermediates.noindex/swift-numerics.build/Debug/Numerics.build/Objects-normal/arm64/Numerics_lto.o -Xlinker -no_deduplicate -Xlinker -dependency_info -Xlinker /Users/trgysvc/Library/Developer/Xcode/DerivedData/EliteAgent-btzokozrfsnzjtcxxfzhmbcisvbu/Build/Intermediates.noindex/swift-numerics.build/Debug/Numerics.build/Objects-normal/arm64/Numerics_dependency_info.dat -fobjc-link-runtime -L/Applications/Xcode.app/Contents/Developer/Toolchains/XcodeDefault.xctoolchain/usr/lib/swift/macosx -L/usr/lib/swift -Xlinker -add_ast_path -Xlinker /Users/trgysvc/Library/Developer/Xcode/DerivedData/EliteAgent-btzokozrfsnzjtcxxfzhmbcisvbu/Build/Intermediates.noindex/swift-numerics.build/Debug/Numerics.build/Objects-normal/arm64/Numerics.swiftmodule @/Users/trgysvc/Library/Developer/Xcode/DerivedData/EliteAgent-btzokozrfsnzjtcxxfzhmbcisvbu/Build/Intermediates.noindex/swift-numerics.build/Debug/Numerics.build/Objects-normal/arm64/Numerics-linker-args.resp -o /Users/trgysvc/Library/Developer/Xcode/DerivedData/EliteAgent-btzokozrfsnzjtcxxfzhmbcisvbu/Build/Products/Debug/Numerics.o

RegisterExecutionPolicyException /Users/trgysvc/Library/Developer/Xcode/DerivedData/EliteAgent-btzokozrfsnzjtcxxfzhmbcisvbu/Build/Products/Debug/Jinja.o (in target 'Jinja' from project 'Jinja')
    cd /Users/trgysvc/Library/Developer/Xcode/DerivedData/EliteAgent-btzokozrfsnzjtcxxfzhmbcisvbu/SourcePackages/checkouts/swift-jinja
    builtin-RegisterExecutionPolicyException /Users/trgysvc/Library/Developer/Xcode/DerivedData/EliteAgent-btzokozrfsnzjtcxxfzhmbcisvbu/Build/Products/Debug/Jinja.o

ExtractAppIntentsMetadata (in target 'Numerics' from project 'swift-numerics')
    cd /Users/trgysvc/Library/Developer/Xcode/DerivedData/EliteAgent-btzokozrfsnzjtcxxfzhmbcisvbu/SourcePackages/checkouts/swift-numerics
    /Applications/Xcode.app/Contents/Developer/Toolchains/XcodeDefault.xctoolchain/usr/bin/appintentsmetadataprocessor --toolchain-dir /var/run/com.apple.security.cryptexd/mnt/com.apple.MobileAsset.MetalToolchain-v17.5.188.0.qT0CL0/Metal.xctoolchain --module-name Numerics --sdk-root /Applications/Xcode.app/Contents/Developer/Platforms/MacOSX.platform/Developer/SDKs/MacOSX26.4.sdk --xcode-version 17E192 --platform-family macOS --deployment-target 10.13 --bundle-identifier swift-numerics.Numerics --output /Users/trgysvc/Library/Developer/Xcode/DerivedData/EliteAgent-btzokozrfsnzjtcxxfzhmbcisvbu/Build/Products/Debug/Numerics.appintents --target-triple arm64-apple-macos10.13 --binary-file /Users/trgysvc/Library/Developer/Xcode/DerivedData/EliteAgent-btzokozrfsnzjtcxxfzhmbcisvbu/Build/Products/Debug/Numerics.o --dependency-file /Users/trgysvc/Library/Developer/Xcode/DerivedData/EliteAgent-btzokozrfsnzjtcxxfzhmbcisvbu/Build/Intermediates.noindex/swift-numerics.build/Debug/Numerics.build/Objects-normal/arm64/Numerics_dependency_info.dat --stringsdata-file /Users/trgysvc/Library/Developer/Xcode/DerivedData/EliteAgent-btzokozrfsnzjtcxxfzhmbcisvbu/Build/Intermediates.noindex/swift-numerics.build/Debug/Numerics.build/Objects-normal/arm64/ExtractedAppShortcutsMetadata.stringsdata --source-file-list /Users/trgysvc/Library/Developer/Xcode/DerivedData/EliteAgent-btzokozrfsnzjtcxxfzhmbcisvbu/Build/Intermediates.noindex/swift-numerics.build/Debug/Numerics.build/Objects-normal/arm64/Numerics.SwiftFileList --metadata-file-list /Users/trgysvc/Library/Developer/Xcode/DerivedData/EliteAgent-btzokozrfsnzjtcxxfzhmbcisvbu/Build/Intermediates.noindex/swift-numerics.build/Debug/Numerics.build/Numerics.DependencyMetadataFileList --static-metadata-file-list /Users/trgysvc/Library/Developer/Xcode/DerivedData/EliteAgent-btzokozrfsnzjtcxxfzhmbcisvbu/Build/Intermediates.noindex/swift-numerics.build/Debug/Numerics.build/Numerics.DependencyStaticMetadataFileList --swift-const-vals-list /Users/trgysvc/Library/Developer/Xcode/DerivedData/EliteAgent-btzokozrfsnzjtcxxfzhmbcisvbu/Build/Intermediates.noindex/swift-numerics.build/Debug/Numerics.build/Objects-normal/arm64/Numerics.SwiftConstValuesFileList --force --compile-time-extraction --deployment-aware-processing --validate-assistant-intents --no-app-shortcuts-localization
2026-04-10 01:47:11.289 appintentsmetadataprocessor[32253:243402] Starting appintentsmetadataprocessor export
2026-04-10 01:47:11.296 appintentsmetadataprocessor[32253:243402] Extracted no relevant App Intents symbols, skipping writing output

Ld /Users/trgysvc/Library/Developer/Xcode/DerivedData/EliteAgent-btzokozrfsnzjtcxxfzhmbcisvbu/Build/Products/Debug/Hub.o normal (in target 'Hub' from project 'swift-transformers')
    cd /Users/trgysvc/Library/Developer/Xcode/DerivedData/EliteAgent-btzokozrfsnzjtcxxfzhmbcisvbu/SourcePackages/checkouts/swift-transformers
    /Applications/Xcode.app/Contents/Developer/Toolchains/XcodeDefault.xctoolchain/usr/bin/clang -Xlinker -reproducible -target arm64-apple-macos13.0 -r -isysroot /Applications/Xcode.app/Contents/Developer/Platforms/MacOSX.platform/Developer/SDKs/MacOSX26.4.sdk -O0 -w -F/Users/trgysvc/Library/Developer/Xcode/DerivedData/EliteAgent-btzokozrfsnzjtcxxfzhmbcisvbu/Build/Intermediates.noindex/EagerLinkingTBDs/Debug -F/Users/trgysvc/Library/Developer/Xcode/DerivedData/EliteAgent-btzokozrfsnzjtcxxfzhmbcisvbu/Build/Products/Debug/PackageFrameworks -F/Users/trgysvc/Library/Developer/Xcode/DerivedData/EliteAgent-btzokozrfsnzjtcxxfzhmbcisvbu/Build/Products/Debug/PackageFrameworks -F/Users/trgysvc/Library/Developer/Xcode/DerivedData/EliteAgent-btzokozrfsnzjtcxxfzhmbcisvbu/Build/Products/Debug/PackageFrameworks -F/Users/trgysvc/Library/Developer/Xcode/DerivedData/EliteAgent-btzokozrfsnzjtcxxfzhmbcisvbu/Build/Products/Debug/PackageFrameworks -F/Users/trgysvc/Library/Developer/Xcode/DerivedData/EliteAgent-btzokozrfsnzjtcxxfzhmbcisvbu/Build/Products/Debug/PackageFrameworks -F/Users/trgysvc/Library/Developer/Xcode/DerivedData/EliteAgent-btzokozrfsnzjtcxxfzhmbcisvbu/Build/Products/Debug -iframework /Applications/Xcode.app/Contents/Developer/Platforms/MacOSX.platform/Developer/Library/Frameworks -filelist /Users/trgysvc/Library/Developer/Xcode/DerivedData/EliteAgent-btzokozrfsnzjtcxxfzhmbcisvbu/Build/Intermediates.noindex/swift-transformers.build/Debug/Hub.build/Objects-normal/arm64/Hub.LinkFileList -nostdlib -Xlinker -object_path_lto -Xlinker /Users/trgysvc/Library/Developer/Xcode/DerivedData/EliteAgent-btzokozrfsnzjtcxxfzhmbcisvbu/Build/Intermediates.noindex/swift-transformers.build/Debug/Hub.build/Objects-normal/arm64/Hub_lto.o -Xlinker -no_deduplicate -Xlinker -dependency_info -Xlinker /Users/trgysvc/Library/Developer/Xcode/DerivedData/EliteAgent-btzokozrfsnzjtcxxfzhmbcisvbu/Build/Intermediates.noindex/swift-transformers.build/Debug/Hub.build/Objects-normal/arm64/Hub_dependency_info.dat -fobjc-link-runtime -L/Applications/Xcode.app/Contents/Developer/Toolchains/XcodeDefault.xctoolchain/usr/lib/swift/macosx -L/usr/lib/swift -Xlinker -add_ast_path -Xlinker /Users/trgysvc/Library/Developer/Xcode/DerivedData/EliteAgent-btzokozrfsnzjtcxxfzhmbcisvbu/Build/Intermediates.noindex/swift-transformers.build/Debug/Hub.build/Objects-normal/arm64/Hub.swiftmodule @/Users/trgysvc/Library/Developer/Xcode/DerivedData/EliteAgent-btzokozrfsnzjtcxxfzhmbcisvbu/Build/Intermediates.noindex/swift-transformers.build/Debug/Hub.build/Objects-normal/arm64/Hub-linker-args.resp -o /Users/trgysvc/Library/Developer/Xcode/DerivedData/EliteAgent-btzokozrfsnzjtcxxfzhmbcisvbu/Build/Products/Debug/Hub.o

RegisterExecutionPolicyException /Users/trgysvc/Library/Developer/Xcode/DerivedData/EliteAgent-btzokozrfsnzjtcxxfzhmbcisvbu/Build/Products/Debug/Numerics.o (in target 'Numerics' from project 'swift-numerics')
    cd /Users/trgysvc/Library/Developer/Xcode/DerivedData/EliteAgent-btzokozrfsnzjtcxxfzhmbcisvbu/SourcePackages/checkouts/swift-numerics
    builtin-RegisterExecutionPolicyException /Users/trgysvc/Library/Developer/Xcode/DerivedData/EliteAgent-btzokozrfsnzjtcxxfzhmbcisvbu/Build/Products/Debug/Numerics.o

Ld /Users/trgysvc/Library/Developer/Xcode/DerivedData/EliteAgent-btzokozrfsnzjtcxxfzhmbcisvbu/Build/Products/Debug/MLX.o normal (in target 'MLX' from project 'mlx-swift')
    cd /Users/trgysvc/Library/Developer/Xcode/DerivedData/EliteAgent-btzokozrfsnzjtcxxfzhmbcisvbu/SourcePackages/checkouts/mlx-swift
    /Applications/Xcode.app/Contents/Developer/Toolchains/XcodeDefault.xctoolchain/usr/bin/clang -Xlinker -reproducible -target arm64-apple-macos14.0 -r -isysroot /Applications/Xcode.app/Contents/Developer/Platforms/MacOSX.platform/Developer/SDKs/MacOSX26.4.sdk -O0 -w -F/Users/trgysvc/Library/Developer/Xcode/DerivedData/EliteAgent-btzokozrfsnzjtcxxfzhmbcisvbu/Build/Intermediates.noindex/EagerLinkingTBDs/Debug -F/Users/trgysvc/Library/Developer/Xcode/DerivedData/EliteAgent-btzokozrfsnzjtcxxfzhmbcisvbu/Build/Products/Debug/PackageFrameworks -F/Users/trgysvc/Library/Developer/Xcode/DerivedData/EliteAgent-btzokozrfsnzjtcxxfzhmbcisvbu/Build/Products/Debug/PackageFrameworks -F/Users/trgysvc/Library/Developer/Xcode/DerivedData/EliteAgent-btzokozrfsnzjtcxxfzhmbcisvbu/Build/Products/Debug/PackageFrameworks -F/Users/trgysvc/Library/Developer/Xcode/DerivedData/EliteAgent-btzokozrfsnzjtcxxfzhmbcisvbu/Build/Products/Debug/PackageFrameworks -F/Users/trgysvc/Library/Developer/Xcode/DerivedData/EliteAgent-btzokozrfsnzjtcxxfzhmbcisvbu/Build/Products/Debug/PackageFrameworks -F/Users/trgysvc/Library/Developer/Xcode/DerivedData/EliteAgent-btzokozrfsnzjtcxxfzhmbcisvbu/Build/Products/Debug -iframework /Applications/Xcode.app/Contents/Developer/Platforms/MacOSX.platform/Developer/Library/Frameworks -filelist /Users/trgysvc/Library/Developer/Xcode/DerivedData/EliteAgent-btzokozrfsnzjtcxxfzhmbcisvbu/Build/Intermediates.noindex/mlx-swift.build/Debug/MLX.build/Objects-normal/arm64/MLX.LinkFileList -nostdlib -Xlinker -object_path_lto -Xlinker /Users/trgysvc/Library/Developer/Xcode/DerivedData/EliteAgent-btzokozrfsnzjtcxxfzhmbcisvbu/Build/Intermediates.noindex/mlx-swift.build/Debug/MLX.build/Objects-normal/arm64/MLX_lto.o -Xlinker -no_deduplicate -Xlinker -dependency_info -Xlinker /Users/trgysvc/Library/Developer/Xcode/DerivedData/EliteAgent-btzokozrfsnzjtcxxfzhmbcisvbu/Build/Intermediates.noindex/mlx-swift.build/Debug/MLX.build/Objects-normal/arm64/MLX_dependency_info.dat -fobjc-link-runtime -L/Applications/Xcode.app/Contents/Developer/Toolchains/XcodeDefault.xctoolchain/usr/lib/swift/macosx -L/usr/lib/swift -Xlinker -add_ast_path -Xlinker /Users/trgysvc/Library/Developer/Xcode/DerivedData/EliteAgent-btzokozrfsnzjtcxxfzhmbcisvbu/Build/Intermediates.noindex/mlx-swift.build/Debug/MLX.build/Objects-normal/arm64/MLX.swiftmodule @/Users/trgysvc/Library/Developer/Xcode/DerivedData/EliteAgent-btzokozrfsnzjtcxxfzhmbcisvbu/Build/Intermediates.noindex/mlx-swift.build/Debug/MLX.build/Objects-normal/arm64/MLX-linker-args.resp -o /Users/trgysvc/Library/Developer/Xcode/DerivedData/EliteAgent-btzokozrfsnzjtcxxfzhmbcisvbu/Build/Products/Debug/MLX.o

ExtractAppIntentsMetadata (in target 'Hub' from project 'swift-transformers')
    cd /Users/trgysvc/Library/Developer/Xcode/DerivedData/EliteAgent-btzokozrfsnzjtcxxfzhmbcisvbu/SourcePackages/checkouts/swift-transformers
    /Applications/Xcode.app/Contents/Developer/Toolchains/XcodeDefault.xctoolchain/usr/bin/appintentsmetadataprocessor --toolchain-dir /var/run/com.apple.security.cryptexd/mnt/com.apple.MobileAsset.MetalToolchain-v17.5.188.0.qT0CL0/Metal.xctoolchain --module-name Hub --sdk-root /Applications/Xcode.app/Contents/Developer/Platforms/MacOSX.platform/Developer/SDKs/MacOSX26.4.sdk --xcode-version 17E192 --platform-family macOS --deployment-target 13.0 --bundle-identifier swift-transformers.Hub --output /Users/trgysvc/Library/Developer/Xcode/DerivedData/EliteAgent-btzokozrfsnzjtcxxfzhmbcisvbu/Build/Products/Debug/Hub.appintents --target-triple arm64-apple-macos13.0 --binary-file /Users/trgysvc/Library/Developer/Xcode/DerivedData/EliteAgent-btzokozrfsnzjtcxxfzhmbcisvbu/Build/Products/Debug/Hub.o --dependency-file /Users/trgysvc/Library/Developer/Xcode/DerivedData/EliteAgent-btzokozrfsnzjtcxxfzhmbcisvbu/Build/Intermediates.noindex/swift-transformers.build/Debug/Hub.build/Objects-normal/arm64/Hub_dependency_info.dat --stringsdata-file /Users/trgysvc/Library/Developer/Xcode/DerivedData/EliteAgent-btzokozrfsnzjtcxxfzhmbcisvbu/Build/Intermediates.noindex/swift-transformers.build/Debug/Hub.build/Objects-normal/arm64/ExtractedAppShortcutsMetadata.stringsdata --source-file-list /Users/trgysvc/Library/Developer/Xcode/DerivedData/EliteAgent-btzokozrfsnzjtcxxfzhmbcisvbu/Build/Intermediates.noindex/swift-transformers.build/Debug/Hub.build/Objects-normal/arm64/Hub.SwiftFileList --metadata-file-list /Users/trgysvc/Library/Developer/Xcode/DerivedData/EliteAgent-btzokozrfsnzjtcxxfzhmbcisvbu/Build/Intermediates.noindex/swift-transformers.build/Debug/Hub.build/Hub.DependencyMetadataFileList --static-metadata-file-list /Users/trgysvc/Library/Developer/Xcode/DerivedData/EliteAgent-btzokozrfsnzjtcxxfzhmbcisvbu/Build/Intermediates.noindex/swift-transformers.build/Debug/Hub.build/Hub.DependencyStaticMetadataFileList --swift-const-vals-list /Users/trgysvc/Library/Developer/Xcode/DerivedData/EliteAgent-btzokozrfsnzjtcxxfzhmbcisvbu/Build/Intermediates.noindex/swift-transformers.build/Debug/Hub.build/Objects-normal/arm64/Hub.SwiftConstValuesFileList --force --compile-time-extraction --deployment-aware-processing --validate-assistant-intents --no-app-shortcuts-localization
2026-04-10 01:47:11.339 appintentsmetadataprocessor[32258:243421] Starting appintentsmetadataprocessor export
2026-04-10 01:47:11.353 appintentsmetadataprocessor[32258:243421] Extracted no relevant App Intents symbols, skipping writing output

RegisterExecutionPolicyException /Users/trgysvc/Library/Developer/Xcode/DerivedData/EliteAgent-btzokozrfsnzjtcxxfzhmbcisvbu/Build/Products/Debug/Hub.o (in target 'Hub' from project 'swift-transformers')
    cd /Users/trgysvc/Library/Developer/Xcode/DerivedData/EliteAgent-btzokozrfsnzjtcxxfzhmbcisvbu/SourcePackages/checkouts/swift-transformers
    builtin-RegisterExecutionPolicyException /Users/trgysvc/Library/Developer/Xcode/DerivedData/EliteAgent-btzokozrfsnzjtcxxfzhmbcisvbu/Build/Products/Debug/Hub.o

ExtractAppIntentsMetadata (in target 'MLX' from project 'mlx-swift')
    cd /Users/trgysvc/Library/Developer/Xcode/DerivedData/EliteAgent-btzokozrfsnzjtcxxfzhmbcisvbu/SourcePackages/checkouts/mlx-swift
    /Applications/Xcode.app/Contents/Developer/Toolchains/XcodeDefault.xctoolchain/usr/bin/appintentsmetadataprocessor --toolchain-dir /var/run/com.apple.security.cryptexd/mnt/com.apple.MobileAsset.MetalToolchain-v17.5.188.0.qT0CL0/Metal.xctoolchain --module-name MLX --sdk-root /Applications/Xcode.app/Contents/Developer/Platforms/MacOSX.platform/Developer/SDKs/MacOSX26.4.sdk --xcode-version 17E192 --platform-family macOS --deployment-target 14.0 --bundle-identifier mlx-swift.MLX --output /Users/trgysvc/Library/Developer/Xcode/DerivedData/EliteAgent-btzokozrfsnzjtcxxfzhmbcisvbu/Build/Products/Debug/MLX.appintents --target-triple arm64-apple-macos14.0 --binary-file /Users/trgysvc/Library/Developer/Xcode/DerivedData/EliteAgent-btzokozrfsnzjtcxxfzhmbcisvbu/Build/Products/Debug/MLX.o --dependency-file /Users/trgysvc/Library/Developer/Xcode/DerivedData/EliteAgent-btzokozrfsnzjtcxxfzhmbcisvbu/Build/Intermediates.noindex/mlx-swift.build/Debug/MLX.build/Objects-normal/arm64/MLX_dependency_info.dat --stringsdata-file /Users/trgysvc/Library/Developer/Xcode/DerivedData/EliteAgent-btzokozrfsnzjtcxxfzhmbcisvbu/Build/Intermediates.noindex/mlx-swift.build/Debug/MLX.build/Objects-normal/arm64/ExtractedAppShortcutsMetadata.stringsdata --source-file-list /Users/trgysvc/Library/Developer/Xcode/DerivedData/EliteAgent-btzokozrfsnzjtcxxfzhmbcisvbu/Build/Intermediates.noindex/mlx-swift.build/Debug/MLX.build/Objects-normal/arm64/MLX.SwiftFileList --metadata-file-list /Users/trgysvc/Library/Developer/Xcode/DerivedData/EliteAgent-btzokozrfsnzjtcxxfzhmbcisvbu/Build/Intermediates.noindex/mlx-swift.build/Debug/MLX.build/MLX.DependencyMetadataFileList --static-metadata-file-list /Users/trgysvc/Library/Developer/Xcode/DerivedData/EliteAgent-btzokozrfsnzjtcxxfzhmbcisvbu/Build/Intermediates.noindex/mlx-swift.build/Debug/MLX.build/MLX.DependencyStaticMetadataFileList --swift-const-vals-list /Users/trgysvc/Library/Developer/Xcode/DerivedData/EliteAgent-btzokozrfsnzjtcxxfzhmbcisvbu/Build/Intermediates.noindex/mlx-swift.build/Debug/MLX.build/Objects-normal/arm64/MLX.SwiftConstValuesFileList --force --compile-time-extraction --deployment-aware-processing --validate-assistant-intents --no-app-shortcuts-localization
2026-04-10 01:47:11.378 appintentsmetadataprocessor[32259:243437] Starting appintentsmetadataprocessor export
2026-04-10 01:47:11.394 appintentsmetadataprocessor[32259:243437] Extracted no relevant App Intents symbols, skipping writing output

Ld /Users/trgysvc/Library/Developer/Xcode/DerivedData/EliteAgent-btzokozrfsnzjtcxxfzhmbcisvbu/Build/Products/Debug/Tokenizers.o normal (in target 'Tokenizers' from project 'swift-transformers')
    cd /Users/trgysvc/Library/Developer/Xcode/DerivedData/EliteAgent-btzokozrfsnzjtcxxfzhmbcisvbu/SourcePackages/checkouts/swift-transformers
    /Applications/Xcode.app/Contents/Developer/Toolchains/XcodeDefault.xctoolchain/usr/bin/clang -Xlinker -reproducible -target arm64-apple-macos13.0 -r -isysroot /Applications/Xcode.app/Contents/Developer/Platforms/MacOSX.platform/Developer/SDKs/MacOSX26.4.sdk -O0 -w -F/Users/trgysvc/Library/Developer/Xcode/DerivedData/EliteAgent-btzokozrfsnzjtcxxfzhmbcisvbu/Build/Intermediates.noindex/EagerLinkingTBDs/Debug -F/Users/trgysvc/Library/Developer/Xcode/DerivedData/EliteAgent-btzokozrfsnzjtcxxfzhmbcisvbu/Build/Products/Debug/PackageFrameworks -F/Users/trgysvc/Library/Developer/Xcode/DerivedData/EliteAgent-btzokozrfsnzjtcxxfzhmbcisvbu/Build/Products/Debug/PackageFrameworks -F/Users/trgysvc/Library/Developer/Xcode/DerivedData/EliteAgent-btzokozrfsnzjtcxxfzhmbcisvbu/Build/Products/Debug/PackageFrameworks -F/Users/trgysvc/Library/Developer/Xcode/DerivedData/EliteAgent-btzokozrfsnzjtcxxfzhmbcisvbu/Build/Products/Debug/PackageFrameworks -F/Users/trgysvc/Library/Developer/Xcode/DerivedData/EliteAgent-btzokozrfsnzjtcxxfzhmbcisvbu/Build/Products/Debug/PackageFrameworks -F/Users/trgysvc/Library/Developer/Xcode/DerivedData/EliteAgent-btzokozrfsnzjtcxxfzhmbcisvbu/Build/Products/Debug/PackageFrameworks -F/Users/trgysvc/Library/Developer/Xcode/DerivedData/EliteAgent-btzokozrfsnzjtcxxfzhmbcisvbu/Build/Products/Debug -iframework /Applications/Xcode.app/Contents/Developer/Platforms/MacOSX.platform/Developer/Library/Frameworks -filelist /Users/trgysvc/Library/Developer/Xcode/DerivedData/EliteAgent-btzokozrfsnzjtcxxfzhmbcisvbu/Build/Intermediates.noindex/swift-transformers.build/Debug/Tokenizers.build/Objects-normal/arm64/Tokenizers.LinkFileList -nostdlib -Xlinker -object_path_lto -Xlinker /Users/trgysvc/Library/Developer/Xcode/DerivedData/EliteAgent-btzokozrfsnzjtcxxfzhmbcisvbu/Build/Intermediates.noindex/swift-transformers.build/Debug/Tokenizers.build/Objects-normal/arm64/Tokenizers_lto.o -Xlinker -no_deduplicate -Xlinker -dependency_info -Xlinker /Users/trgysvc/Library/Developer/Xcode/DerivedData/EliteAgent-btzokozrfsnzjtcxxfzhmbcisvbu/Build/Intermediates.noindex/swift-transformers.build/Debug/Tokenizers.build/Objects-normal/arm64/Tokenizers_dependency_info.dat -fobjc-link-runtime -L/Applications/Xcode.app/Contents/Developer/Toolchains/XcodeDefault.xctoolchain/usr/lib/swift/macosx -L/usr/lib/swift -Xlinker -add_ast_path -Xlinker /Users/trgysvc/Library/Developer/Xcode/DerivedData/EliteAgent-btzokozrfsnzjtcxxfzhmbcisvbu/Build/Intermediates.noindex/swift-transformers.build/Debug/Tokenizers.build/Objects-normal/arm64/Tokenizers.swiftmodule @/Users/trgysvc/Library/Developer/Xcode/DerivedData/EliteAgent-btzokozrfsnzjtcxxfzhmbcisvbu/Build/Intermediates.noindex/swift-transformers.build/Debug/Tokenizers.build/Objects-normal/arm64/Tokenizers-linker-args.resp -o /Users/trgysvc/Library/Developer/Xcode/DerivedData/EliteAgent-btzokozrfsnzjtcxxfzhmbcisvbu/Build/Products/Debug/Tokenizers.o

SwiftDriverJobDiscovery normal arm64 Emitting module for EliteAgentXPC (in target 'EliteAgentXPC' from project 'EliteAgent')

SwiftDriver\ Compilation\ Requirements EliteAgentXPC normal arm64 com.apple.xcode.tools.swift.compiler (in target 'EliteAgentXPC' from project 'EliteAgent')
    cd /Users/trgysvc/Developer/EliteAgent
    builtin-Swift-Compilation-Requirements -- /Applications/Xcode.app/Contents/Developer/Toolchains/XcodeDefault.xctoolchain/usr/bin/swiftc -module-name EliteAgentXPC -Onone @/Users/trgysvc/Library/Developer/Xcode/DerivedData/EliteAgent-btzokozrfsnzjtcxxfzhmbcisvbu/Build/Intermediates.noindex/EliteAgent.build/Debug/EliteAgentXPC.build/Objects-normal/arm64/EliteAgentXPC.SwiftFileList -DDEBUG -Xcc -fmodule-map-file\=/Users/trgysvc/Library/Developer/Xcode/DerivedData/EliteAgent-btzokozrfsnzjtcxxfzhmbcisvbu/Build/Intermediates.noindex/GeneratedModuleMaps/yyjson.modulemap -enable-experimental-feature DebugDescriptionMacro -sdk /Applications/Xcode.app/Contents/Developer/Platforms/MacOSX.platform/Developer/SDKs/MacOSX26.4.sdk -target arm64-apple-macos15.0 -g -module-cache-path /Users/trgysvc/Library/Developer/Xcode/DerivedData/ModuleCache.noindex -Xfrontend -serialize-debugging-options -enable-testing -index-store-path /Users/trgysvc/Library/Developer/Xcode/DerivedData/EliteAgent-btzokozrfsnzjtcxxfzhmbcisvbu/Index.noindex/DataStore -Xcc -D_LIBCPP_HARDENING_MODE\=_LIBCPP_HARDENING_MODE_DEBUG -swift-version 6 -I /Users/trgysvc/Library/Developer/Xcode/DerivedData/EliteAgent-btzokozrfsnzjtcxxfzhmbcisvbu/Build/Products/Debug -I /Users/trgysvc/Library/Developer/Xcode/DerivedData/EliteAgent-btzokozrfsnzjtcxxfzhmbcisvbu/Build/Products/Debug -I /Users/trgysvc/Library/Developer/Xcode/DerivedData/EliteAgent-btzokozrfsnzjtcxxfzhmbcisvbu/Build/Products/Debug/include -F /Users/trgysvc/Library/Developer/Xcode/DerivedData/EliteAgent-btzokozrfsnzjtcxxfzhmbcisvbu/Build/Products/Debug/PackageFrameworks -F /Users/trgysvc/Library/Developer/Xcode/DerivedData/EliteAgent-btzokozrfsnzjtcxxfzhmbcisvbu/Build/Products/Debug/PackageFrameworks -F /Users/trgysvc/Library/Developer/Xcode/DerivedData/EliteAgent-btzokozrfsnzjtcxxfzhmbcisvbu/Build/Products/Debug/PackageFrameworks -F /Users/trgysvc/Library/Developer/Xcode/DerivedData/EliteAgent-btzokozrfsnzjtcxxfzhmbcisvbu/Build/Products/Debug/PackageFrameworks -F /Users/trgysvc/Library/Developer/Xcode/DerivedData/EliteAgent-btzokozrfsnzjtcxxfzhmbcisvbu/Build/Products/Debug/PackageFrameworks -F /Users/trgysvc/Library/Developer/Xcode/DerivedData/EliteAgent-btzokozrfsnzjtcxxfzhmbcisvbu/Build/Products/Debug/PackageFrameworks -F /Users/trgysvc/Library/Developer/Xcode/DerivedData/EliteAgent-btzokozrfsnzjtcxxfzhmbcisvbu/Build/Products/Debug/PackageFrameworks -F /Users/trgysvc/Library/Developer/Xcode/DerivedData/EliteAgent-btzokozrfsnzjtcxxfzhmbcisvbu/Build/Products/Debug/PackageFrameworks -F /Users/trgysvc/Library/Developer/Xcode/DerivedData/EliteAgent-btzokozrfsnzjtcxxfzhmbcisvbu/Build/Products/Debug/PackageFrameworks -F /Users/trgysvc/Library/Developer/Xcode/DerivedData/EliteAgent-btzokozrfsnzjtcxxfzhmbcisvbu/Build/Products/Debug/PackageFrameworks -F /Users/trgysvc/Library/Developer/Xcode/DerivedData/EliteAgent-btzokozrfsnzjtcxxfzhmbcisvbu/Build/Products/Debug/PackageFrameworks -F /Users/trgysvc/Library/Developer/Xcode/DerivedData/EliteAgent-btzokozrfsnzjtcxxfzhmbcisvbu/Build/Products/Debug/PackageFrameworks -F /Users/trgysvc/Library/Developer/Xcode/DerivedData/EliteAgent-btzokozrfsnzjtcxxfzhmbcisvbu/Build/Products/Debug/PackageFrameworks -F /Users/trgysvc/Library/Developer/Xcode/DerivedData/EliteAgent-btzokozrfsnzjtcxxfzhmbcisvbu/Build/Products/Debug/PackageFrameworks -F /Users/trgysvc/Library/Developer/Xcode/DerivedData/EliteAgent-btzokozrfsnzjtcxxfzhmbcisvbu/Build/Products/Debug/PackageFrameworks -F /Users/trgysvc/Library/Developer/Xcode/DerivedData/EliteAgent-btzokozrfsnzjtcxxfzhmbcisvbu/Build/Products/Debug/PackageFrameworks -F /Users/trgysvc/Library/Developer/Xcode/DerivedData/EliteAgent-btzokozrfsnzjtcxxfzhmbcisvbu/Build/Products/Debug/PackageFrameworks -F /Users/trgysvc/Library/Developer/Xcode/DerivedData/EliteAgent-btzokozrfsnzjtcxxfzhmbcisvbu/Build/Products/Debug/PackageFrameworks -F /Users/trgysvc/Library/Developer/Xcode/DerivedData/EliteAgent-btzokozrfsnzjtcxxfzhmbcisvbu/Build/Products/Debug/PackageFrameworks -F /Users/trgysvc/Library/Developer/Xcode/DerivedData/EliteAgent-btzokozrfsnzjtcxxfzhmbcisvbu/Build/Products/Debug/PackageFrameworks -F /Users/trgysvc/Library/Developer/Xcode/DerivedData/EliteAgent-btzokozrfsnzjtcxxfzhmbcisvbu/Build/Products/Debug/PackageFrameworks -F /Users/trgysvc/Library/Developer/Xcode/DerivedData/EliteAgent-btzokozrfsnzjtcxxfzhmbcisvbu/Build/Products/Debug/PackageFrameworks -F /Users/trgysvc/Library/Developer/Xcode/DerivedData/EliteAgent-btzokozrfsnzjtcxxfzhmbcisvbu/Build/Products/Debug/PackageFrameworks -F /Users/trgysvc/Library/Developer/Xcode/DerivedData/EliteAgent-btzokozrfsnzjtcxxfzhmbcisvbu/Build/Products/Debug/PackageFrameworks -F /Users/trgysvc/Library/Developer/Xcode/DerivedData/EliteAgent-btzokozrfsnzjtcxxfzhmbcisvbu/Build/Products/Debug/PackageFrameworks -F /Users/trgysvc/Library/Developer/Xcode/DerivedData/EliteAgent-btzokozrfsnzjtcxxfzhmbcisvbu/Build/Products/Debug -c -j10 -enable-batch-mode -incremental -Xcc -ivfsstatcache -Xcc /Users/trgysvc/Library/Developer/Xcode/DerivedData/SDKStatCaches.noindex/macosx26.4-25E236-688ef53f1462e2c8f657fdc38a81448f30f9ca8789b706f8bd3fc906a70d770f.sdkstatcache -output-file-map /Users/trgysvc/Library/Developer/Xcode/DerivedData/EliteAgent-btzokozrfsnzjtcxxfzhmbcisvbu/Build/Intermediates.noindex/EliteAgent.build/Debug/EliteAgentXPC.build/Objects-normal/arm64/EliteAgentXPC-OutputFileMap.json -use-frontend-parseable-output -save-temps -no-color-diagnostics -serialize-diagnostics -emit-dependencies -emit-module -emit-module-path /Users/trgysvc/Library/Developer/Xcode/DerivedData/EliteAgent-btzokozrfsnzjtcxxfzhmbcisvbu/Build/Intermediates.noindex/EliteAgent.build/Debug/EliteAgentXPC.build/Objects-normal/arm64/EliteAgentXPC.swiftmodule -validate-clang-modules-once -clang-build-session-file /Users/trgysvc/Library/Developer/Xcode/DerivedData/ModuleCache.noindex/Session.modulevalidation -Xcc -I/Users/trgysvc/Library/Developer/Xcode/DerivedData/EliteAgent-btzokozrfsnzjtcxxfzhmbcisvbu/Build/Intermediates.noindex/EliteAgent.build/Debug/EliteAgentXPC.build/swift-overrides.hmap -emit-const-values -Xfrontend -const-gather-protocols-file -Xfrontend /Users/trgysvc/Library/Developer/Xcode/DerivedData/EliteAgent-btzokozrfsnzjtcxxfzhmbcisvbu/Build/Intermediates.noindex/EliteAgent.build/Debug/EliteAgentXPC.build/Objects-normal/arm64/EliteAgentXPC_const_extract_protocols.json -Xcc -iquote -Xcc /Users/trgysvc/Library/Developer/Xcode/DerivedData/EliteAgent-btzokozrfsnzjtcxxfzhmbcisvbu/Build/Intermediates.noindex/EliteAgent.build/Debug/EliteAgentXPC.build/EliteAgentXPC-generated-files.hmap -Xcc -I/Users/trgysvc/Library/Developer/Xcode/DerivedData/EliteAgent-btzokozrfsnzjtcxxfzhmbcisvbu/Build/Intermediates.noindex/EliteAgent.build/Debug/EliteAgentXPC.build/EliteAgentXPC-own-target-headers.hmap -Xcc -I/Users/trgysvc/Library/Developer/Xcode/DerivedData/EliteAgent-btzokozrfsnzjtcxxfzhmbcisvbu/Build/Intermediates.noindex/EliteAgent.build/Debug/EliteAgentXPC.build/EliteAgentXPC-all-non-framework-target-headers.hmap -Xcc -ivfsoverlay -Xcc /Users/trgysvc/Library/Developer/Xcode/DerivedData/EliteAgent-btzokozrfsnzjtcxxfzhmbcisvbu/Build/Intermediates.noindex/EliteAgent.build/Debug/EliteAgent-721b4d269f90b0c1aa899c38a8b2021d-VFS/all-product-headers.yaml -Xcc -iquote -Xcc /Users/trgysvc/Library/Developer/Xcode/DerivedData/EliteAgent-btzokozrfsnzjtcxxfzhmbcisvbu/Build/Intermediates.noindex/EliteAgent.build/Debug/EliteAgentXPC.build/EliteAgentXPC-project-headers.hmap -Xcc -I/Users/trgysvc/Library/Developer/Xcode/DerivedData/EliteAgent-btzokozrfsnzjtcxxfzhmbcisvbu/SourcePackages/checkouts/swift-numerics/Sources/_NumericsShims/include -Xcc -I/Users/trgysvc/Library/Developer/Xcode/DerivedData/EliteAgent-btzokozrfsnzjtcxxfzhmbcisvbu/SourcePackages/checkouts/mlx-swift/Source/Cmlx/include -Xcc -I/Users/trgysvc/Library/Developer/Xcode/DerivedData/EliteAgent-btzokozrfsnzjtcxxfzhmbcisvbu/SourcePackages/checkouts/yyjson/src -Xcc -I/Users/trgysvc/Library/Developer/Xcode/DerivedData/EliteAgent-btzokozrfsnzjtcxxfzhmbcisvbu/Build/Products/Debug/include -Xcc -I/Users/trgysvc/Library/Developer/Xcode/DerivedData/EliteAgent-btzokozrfsnzjtcxxfzhmbcisvbu/Build/Intermediates.noindex/EliteAgent.build/Debug/EliteAgentXPC.build/DerivedSources-normal/arm64 -Xcc -I/Users/trgysvc/Library/Developer/Xcode/DerivedData/EliteAgent-btzokozrfsnzjtcxxfzhmbcisvbu/Build/Intermediates.noindex/EliteAgent.build/Debug/EliteAgentXPC.build/DerivedSources/arm64 -Xcc -I/Users/trgysvc/Library/Developer/Xcode/DerivedData/EliteAgent-btzokozrfsnzjtcxxfzhmbcisvbu/Build/Intermediates.noindex/EliteAgent.build/Debug/EliteAgentXPC.build/DerivedSources -Xcc -DDEBUG\=1 -emit-objc-header -emit-objc-header-path /Users/trgysvc/Library/Developer/Xcode/DerivedData/EliteAgent-btzokozrfsnzjtcxxfzhmbcisvbu/Build/Intermediates.noindex/EliteAgent.build/Debug/EliteAgentXPC.build/Objects-normal/arm64/EliteAgentXPC-Swift.h -working-directory /Users/trgysvc/Developer/EliteAgent -experimental-emit-module-separately -disable-cmo

SwiftMergeGeneratedHeaders /Users/trgysvc/Library/Developer/Xcode/DerivedData/EliteAgent-btzokozrfsnzjtcxxfzhmbcisvbu/Build/Intermediates.noindex/EliteAgent.build/Debug/EliteAgentXPC.build/DerivedSources/EliteAgentXPC-Swift.h /Users/trgysvc/Library/Developer/Xcode/DerivedData/EliteAgent-btzokozrfsnzjtcxxfzhmbcisvbu/Build/Intermediates.noindex/EliteAgent.build/Debug/EliteAgentXPC.build/Objects-normal/arm64/EliteAgentXPC-Swift.h (in target 'EliteAgentXPC' from project 'EliteAgent')
    cd /Users/trgysvc/Developer/EliteAgent
    builtin-swiftHeaderTool -arch arm64 /Users/trgysvc/Library/Developer/Xcode/DerivedData/EliteAgent-btzokozrfsnzjtcxxfzhmbcisvbu/Build/Intermediates.noindex/EliteAgent.build/Debug/EliteAgentXPC.build/Objects-normal/arm64/EliteAgentXPC-Swift.h -o /Users/trgysvc/Library/Developer/Xcode/DerivedData/EliteAgent-btzokozrfsnzjtcxxfzhmbcisvbu/Build/Intermediates.noindex/EliteAgent.build/Debug/EliteAgentXPC.build/DerivedSources/EliteAgentXPC-Swift.h

Copy /Users/trgysvc/Library/Developer/Xcode/DerivedData/EliteAgent-btzokozrfsnzjtcxxfzhmbcisvbu/Build/Products/Debug/EliteAgentXPC.swiftmodule/arm64-apple-macos.abi.json /Users/trgysvc/Library/Developer/Xcode/DerivedData/EliteAgent-btzokozrfsnzjtcxxfzhmbcisvbu/Build/Intermediates.noindex/EliteAgent.build/Debug/EliteAgentXPC.build/Objects-normal/arm64/EliteAgentXPC.abi.json (in target 'EliteAgentXPC' from project 'EliteAgent')
    cd /Users/trgysvc/Developer/EliteAgent
    builtin-copy -exclude .DS_Store -exclude CVS -exclude .svn -exclude .git -exclude .hg -resolve-src-symlinks -rename /Users/trgysvc/Library/Developer/Xcode/DerivedData/EliteAgent-btzokozrfsnzjtcxxfzhmbcisvbu/Build/Intermediates.noindex/EliteAgent.build/Debug/EliteAgentXPC.build/Objects-normal/arm64/EliteAgentXPC.abi.json /Users/trgysvc/Library/Developer/Xcode/DerivedData/EliteAgent-btzokozrfsnzjtcxxfzhmbcisvbu/Build/Products/Debug/EliteAgentXPC.swiftmodule/arm64-apple-macos.abi.json

Copy /Users/trgysvc/Library/Developer/Xcode/DerivedData/EliteAgent-btzokozrfsnzjtcxxfzhmbcisvbu/Build/Products/Debug/EliteAgentXPC.swiftmodule/arm64-apple-macos.swiftmodule /Users/trgysvc/Library/Developer/Xcode/DerivedData/EliteAgent-btzokozrfsnzjtcxxfzhmbcisvbu/Build/Intermediates.noindex/EliteAgent.build/Debug/EliteAgentXPC.build/Objects-normal/arm64/EliteAgentXPC.swiftmodule (in target 'EliteAgentXPC' from project 'EliteAgent')
    cd /Users/trgysvc/Developer/EliteAgent
    builtin-copy -exclude .DS_Store -exclude CVS -exclude .svn -exclude .git -exclude .hg -resolve-src-symlinks -rename /Users/trgysvc/Library/Developer/Xcode/DerivedData/EliteAgent-btzokozrfsnzjtcxxfzhmbcisvbu/Build/Intermediates.noindex/EliteAgent.build/Debug/EliteAgentXPC.build/Objects-normal/arm64/EliteAgentXPC.swiftmodule /Users/trgysvc/Library/Developer/Xcode/DerivedData/EliteAgent-btzokozrfsnzjtcxxfzhmbcisvbu/Build/Products/Debug/EliteAgentXPC.swiftmodule/arm64-apple-macos.swiftmodule

Copy /Users/trgysvc/Library/Developer/Xcode/DerivedData/EliteAgent-btzokozrfsnzjtcxxfzhmbcisvbu/Build/Products/Debug/EliteAgentXPC.swiftmodule/Project/arm64-apple-macos.swiftsourceinfo /Users/trgysvc/Library/Developer/Xcode/DerivedData/EliteAgent-btzokozrfsnzjtcxxfzhmbcisvbu/Build/Intermediates.noindex/EliteAgent.build/Debug/EliteAgentXPC.build/Objects-normal/arm64/EliteAgentXPC.swiftsourceinfo (in target 'EliteAgentXPC' from project 'EliteAgent')
    cd /Users/trgysvc/Developer/EliteAgent
    builtin-copy -exclude .DS_Store -exclude CVS -exclude .svn -exclude .git -exclude .hg -resolve-src-symlinks -rename /Users/trgysvc/Library/Developer/Xcode/DerivedData/EliteAgent-btzokozrfsnzjtcxxfzhmbcisvbu/Build/Intermediates.noindex/EliteAgent.build/Debug/EliteAgentXPC.build/Objects-normal/arm64/EliteAgentXPC.swiftsourceinfo /Users/trgysvc/Library/Developer/Xcode/DerivedData/EliteAgent-btzokozrfsnzjtcxxfzhmbcisvbu/Build/Products/Debug/EliteAgentXPC.swiftmodule/Project/arm64-apple-macos.swiftsourceinfo

Copy /Users/trgysvc/Library/Developer/Xcode/DerivedData/EliteAgent-btzokozrfsnzjtcxxfzhmbcisvbu/Build/Products/Debug/EliteAgentXPC.swiftmodule/arm64-apple-macos.swiftdoc /Users/trgysvc/Library/Developer/Xcode/DerivedData/EliteAgent-btzokozrfsnzjtcxxfzhmbcisvbu/Build/Intermediates.noindex/EliteAgent.build/Debug/EliteAgentXPC.build/Objects-normal/arm64/EliteAgentXPC.swiftdoc (in target 'EliteAgentXPC' from project 'EliteAgent')
    cd /Users/trgysvc/Developer/EliteAgent
    builtin-copy -exclude .DS_Store -exclude CVS -exclude .svn -exclude .git -exclude .hg -resolve-src-symlinks -rename /Users/trgysvc/Library/Developer/Xcode/DerivedData/EliteAgent-btzokozrfsnzjtcxxfzhmbcisvbu/Build/Intermediates.noindex/EliteAgent.build/Debug/EliteAgentXPC.build/Objects-normal/arm64/EliteAgentXPC.swiftdoc /Users/trgysvc/Library/Developer/Xcode/DerivedData/EliteAgent-btzokozrfsnzjtcxxfzhmbcisvbu/Build/Products/Debug/EliteAgentXPC.swiftmodule/arm64-apple-macos.swiftdoc

RegisterExecutionPolicyException /Users/trgysvc/Library/Developer/Xcode/DerivedData/EliteAgent-btzokozrfsnzjtcxxfzhmbcisvbu/Build/Products/Debug/MLX.o (in target 'MLX' from project 'mlx-swift')
    cd /Users/trgysvc/Library/Developer/Xcode/DerivedData/EliteAgent-btzokozrfsnzjtcxxfzhmbcisvbu/SourcePackages/checkouts/mlx-swift
    builtin-RegisterExecutionPolicyException /Users/trgysvc/Library/Developer/Xcode/DerivedData/EliteAgent-btzokozrfsnzjtcxxfzhmbcisvbu/Build/Products/Debug/MLX.o

ExtractAppIntentsMetadata (in target 'Tokenizers' from project 'swift-transformers')
    cd /Users/trgysvc/Library/Developer/Xcode/DerivedData/EliteAgent-btzokozrfsnzjtcxxfzhmbcisvbu/SourcePackages/checkouts/swift-transformers
    /Applications/Xcode.app/Contents/Developer/Toolchains/XcodeDefault.xctoolchain/usr/bin/appintentsmetadataprocessor --toolchain-dir /var/run/com.apple.security.cryptexd/mnt/com.apple.MobileAsset.MetalToolchain-v17.5.188.0.qT0CL0/Metal.xctoolchain --module-name Tokenizers --sdk-root /Applications/Xcode.app/Contents/Developer/Platforms/MacOSX.platform/Developer/SDKs/MacOSX26.4.sdk --xcode-version 17E192 --platform-family macOS --deployment-target 13.0 --bundle-identifier swift-transformers.Tokenizers --output /Users/trgysvc/Library/Developer/Xcode/DerivedData/EliteAgent-btzokozrfsnzjtcxxfzhmbcisvbu/Build/Products/Debug/Tokenizers.appintents --target-triple arm64-apple-macos13.0 --binary-file /Users/trgysvc/Library/Developer/Xcode/DerivedData/EliteAgent-btzokozrfsnzjtcxxfzhmbcisvbu/Build/Products/Debug/Tokenizers.o --dependency-file /Users/trgysvc/Library/Developer/Xcode/DerivedData/EliteAgent-btzokozrfsnzjtcxxfzhmbcisvbu/Build/Intermediates.noindex/swift-transformers.build/Debug/Tokenizers.build/Objects-normal/arm64/Tokenizers_dependency_info.dat --stringsdata-file /Users/trgysvc/Library/Developer/Xcode/DerivedData/EliteAgent-btzokozrfsnzjtcxxfzhmbcisvbu/Build/Intermediates.noindex/swift-transformers.build/Debug/Tokenizers.build/Objects-normal/arm64/ExtractedAppShortcutsMetadata.stringsdata --source-file-list /Users/trgysvc/Library/Developer/Xcode/DerivedData/EliteAgent-btzokozrfsnzjtcxxfzhmbcisvbu/Build/Intermediates.noindex/swift-transformers.build/Debug/Tokenizers.build/Objects-normal/arm64/Tokenizers.SwiftFileList --metadata-file-list /Users/trgysvc/Library/Developer/Xcode/DerivedData/EliteAgent-btzokozrfsnzjtcxxfzhmbcisvbu/Build/Intermediates.noindex/swift-transformers.build/Debug/Tokenizers.build/Tokenizers.DependencyMetadataFileList --static-metadata-file-list /Users/trgysvc/Library/Developer/Xcode/DerivedData/EliteAgent-btzokozrfsnzjtcxxfzhmbcisvbu/Build/Intermediates.noindex/swift-transformers.build/Debug/Tokenizers.build/Tokenizers.DependencyStaticMetadataFileList --swift-const-vals-list /Users/trgysvc/Library/Developer/Xcode/DerivedData/EliteAgent-btzokozrfsnzjtcxxfzhmbcisvbu/Build/Intermediates.noindex/swift-transformers.build/Debug/Tokenizers.build/Objects-normal/arm64/Tokenizers.SwiftConstValuesFileList --force --compile-time-extraction --deployment-aware-processing --validate-assistant-intents --no-app-shortcuts-localization
2026-04-10 01:47:11.418 appintentsmetadataprocessor[32262:243452] Starting appintentsmetadataprocessor export
2026-04-10 01:47:11.426 appintentsmetadataprocessor[32262:243452] Extracted no relevant App Intents symbols, skipping writing output

Ld /Users/trgysvc/Library/Developer/Xcode/DerivedData/EliteAgent-btzokozrfsnzjtcxxfzhmbcisvbu/Build/Products/Debug/MLXRandom.o normal (in target 'MLXRandom' from project 'mlx-swift')
    cd /Users/trgysvc/Library/Developer/Xcode/DerivedData/EliteAgent-btzokozrfsnzjtcxxfzhmbcisvbu/SourcePackages/checkouts/mlx-swift
    /Applications/Xcode.app/Contents/Developer/Toolchains/XcodeDefault.xctoolchain/usr/bin/clang -Xlinker -reproducible -target arm64-apple-macos14.0 -r -isysroot /Applications/Xcode.app/Contents/Developer/Platforms/MacOSX.platform/Developer/SDKs/MacOSX26.4.sdk -O0 -w -F/Users/trgysvc/Library/Developer/Xcode/DerivedData/EliteAgent-btzokozrfsnzjtcxxfzhmbcisvbu/Build/Intermediates.noindex/EagerLinkingTBDs/Debug -F/Users/trgysvc/Library/Developer/Xcode/DerivedData/EliteAgent-btzokozrfsnzjtcxxfzhmbcisvbu/Build/Products/Debug/PackageFrameworks -F/Users/trgysvc/Library/Developer/Xcode/DerivedData/EliteAgent-btzokozrfsnzjtcxxfzhmbcisvbu/Build/Products/Debug/PackageFrameworks -F/Users/trgysvc/Library/Developer/Xcode/DerivedData/EliteAgent-btzokozrfsnzjtcxxfzhmbcisvbu/Build/Products/Debug/PackageFrameworks -F/Users/trgysvc/Library/Developer/Xcode/DerivedData/EliteAgent-btzokozrfsnzjtcxxfzhmbcisvbu/Build/Products/Debug/PackageFrameworks -F/Users/trgysvc/Library/Developer/Xcode/DerivedData/EliteAgent-btzokozrfsnzjtcxxfzhmbcisvbu/Build/Products/Debug/PackageFrameworks -F/Users/trgysvc/Library/Developer/Xcode/DerivedData/EliteAgent-btzokozrfsnzjtcxxfzhmbcisvbu/Build/Products/Debug/PackageFrameworks -F/Users/trgysvc/Library/Developer/Xcode/DerivedData/EliteAgent-btzokozrfsnzjtcxxfzhmbcisvbu/Build/Products/Debug -iframework /Applications/Xcode.app/Contents/Developer/Platforms/MacOSX.platform/Developer/Library/Frameworks -filelist /Users/trgysvc/Library/Developer/Xcode/DerivedData/EliteAgent-btzokozrfsnzjtcxxfzhmbcisvbu/Build/Intermediates.noindex/mlx-swift.build/Debug/MLXRandom.build/Objects-normal/arm64/MLXRandom.LinkFileList -nostdlib -Xlinker -object_path_lto -Xlinker /Users/trgysvc/Library/Developer/Xcode/DerivedData/EliteAgent-btzokozrfsnzjtcxxfzhmbcisvbu/Build/Intermediates.noindex/mlx-swift.build/Debug/MLXRandom.build/Objects-normal/arm64/MLXRandom_lto.o -Xlinker -no_deduplicate -Xlinker -dependency_info -Xlinker /Users/trgysvc/Library/Developer/Xcode/DerivedData/EliteAgent-btzokozrfsnzjtcxxfzhmbcisvbu/Build/Intermediates.noindex/mlx-swift.build/Debug/MLXRandom.build/Objects-normal/arm64/MLXRandom_dependency_info.dat -fobjc-link-runtime -L/Applications/Xcode.app/Contents/Developer/Toolchains/XcodeDefault.xctoolchain/usr/lib/swift/macosx -L/usr/lib/swift -Xlinker -add_ast_path -Xlinker /Users/trgysvc/Library/Developer/Xcode/DerivedData/EliteAgent-btzokozrfsnzjtcxxfzhmbcisvbu/Build/Intermediates.noindex/mlx-swift.build/Debug/MLXRandom.build/Objects-normal/arm64/MLXRandom.swiftmodule @/Users/trgysvc/Library/Developer/Xcode/DerivedData/EliteAgent-btzokozrfsnzjtcxxfzhmbcisvbu/Build/Intermediates.noindex/mlx-swift.build/Debug/MLXRandom.build/Objects-normal/arm64/MLXRandom-linker-args.resp -o /Users/trgysvc/Library/Developer/Xcode/DerivedData/EliteAgent-btzokozrfsnzjtcxxfzhmbcisvbu/Build/Products/Debug/MLXRandom.o

Ld /Users/trgysvc/Library/Developer/Xcode/DerivedData/EliteAgent-btzokozrfsnzjtcxxfzhmbcisvbu/Build/Products/Debug/MLXNN.o normal (in target 'MLXNN' from project 'mlx-swift')
    cd /Users/trgysvc/Library/Developer/Xcode/DerivedData/EliteAgent-btzokozrfsnzjtcxxfzhmbcisvbu/SourcePackages/checkouts/mlx-swift
    /Applications/Xcode.app/Contents/Developer/Toolchains/XcodeDefault.xctoolchain/usr/bin/clang -Xlinker -reproducible -target arm64-apple-macos14.0 -r -isysroot /Applications/Xcode.app/Contents/Developer/Platforms/MacOSX.platform/Developer/SDKs/MacOSX26.4.sdk -O0 -w -F/Users/trgysvc/Library/Developer/Xcode/DerivedData/EliteAgent-btzokozrfsnzjtcxxfzhmbcisvbu/Build/Intermediates.noindex/EagerLinkingTBDs/Debug -F/Users/trgysvc/Library/Developer/Xcode/DerivedData/EliteAgent-btzokozrfsnzjtcxxfzhmbcisvbu/Build/Products/Debug/PackageFrameworks -F/Users/trgysvc/Library/Developer/Xcode/DerivedData/EliteAgent-btzokozrfsnzjtcxxfzhmbcisvbu/Build/Products/Debug/PackageFrameworks -F/Users/trgysvc/Library/Developer/Xcode/DerivedData/EliteAgent-btzokozrfsnzjtcxxfzhmbcisvbu/Build/Products/Debug/PackageFrameworks -F/Users/trgysvc/Library/Developer/Xcode/DerivedData/EliteAgent-btzokozrfsnzjtcxxfzhmbcisvbu/Build/Products/Debug/PackageFrameworks -F/Users/trgysvc/Library/Developer/Xcode/DerivedData/EliteAgent-btzokozrfsnzjtcxxfzhmbcisvbu/Build/Products/Debug/PackageFrameworks -F/Users/trgysvc/Library/Developer/Xcode/DerivedData/EliteAgent-btzokozrfsnzjtcxxfzhmbcisvbu/Build/Products/Debug/PackageFrameworks -F/Users/trgysvc/Library/Developer/Xcode/DerivedData/EliteAgent-btzokozrfsnzjtcxxfzhmbcisvbu/Build/Products/Debug -iframework /Applications/Xcode.app/Contents/Developer/Platforms/MacOSX.platform/Developer/Library/Frameworks -filelist /Users/trgysvc/Library/Developer/Xcode/DerivedData/EliteAgent-btzokozrfsnzjtcxxfzhmbcisvbu/Build/Intermediates.noindex/mlx-swift.build/Debug/MLXNN.build/Objects-normal/arm64/MLXNN.LinkFileList -nostdlib -Xlinker -object_path_lto -Xlinker /Users/trgysvc/Library/Developer/Xcode/DerivedData/EliteAgent-btzokozrfsnzjtcxxfzhmbcisvbu/Build/Intermediates.noindex/mlx-swift.build/Debug/MLXNN.build/Objects-normal/arm64/MLXNN_lto.o -Xlinker -no_deduplicate -Xlinker -dependency_info -Xlinker /Users/trgysvc/Library/Developer/Xcode/DerivedData/EliteAgent-btzokozrfsnzjtcxxfzhmbcisvbu/Build/Intermediates.noindex/mlx-swift.build/Debug/MLXNN.build/Objects-normal/arm64/MLXNN_dependency_info.dat -fobjc-link-runtime -L/Applications/Xcode.app/Contents/Developer/Toolchains/XcodeDefault.xctoolchain/usr/lib/swift/macosx -L/usr/lib/swift -Xlinker -add_ast_path -Xlinker /Users/trgysvc/Library/Developer/Xcode/DerivedData/EliteAgent-btzokozrfsnzjtcxxfzhmbcisvbu/Build/Intermediates.noindex/mlx-swift.build/Debug/MLXNN.build/Objects-normal/arm64/MLXNN.swiftmodule @/Users/trgysvc/Library/Developer/Xcode/DerivedData/EliteAgent-btzokozrfsnzjtcxxfzhmbcisvbu/Build/Intermediates.noindex/mlx-swift.build/Debug/MLXNN.build/Objects-normal/arm64/MLXNN-linker-args.resp -o /Users/trgysvc/Library/Developer/Xcode/DerivedData/EliteAgent-btzokozrfsnzjtcxxfzhmbcisvbu/Build/Products/Debug/MLXNN.o

Ld /Users/trgysvc/Library/Developer/Xcode/DerivedData/EliteAgent-btzokozrfsnzjtcxxfzhmbcisvbu/Build/Products/Debug/MLXLinalg.o normal (in target 'MLXLinalg' from project 'mlx-swift')
    cd /Users/trgysvc/Library/Developer/Xcode/DerivedData/EliteAgent-btzokozrfsnzjtcxxfzhmbcisvbu/SourcePackages/checkouts/mlx-swift
    /Applications/Xcode.app/Contents/Developer/Toolchains/XcodeDefault.xctoolchain/usr/bin/clang -Xlinker -reproducible -target arm64-apple-macos14.0 -r -isysroot /Applications/Xcode.app/Contents/Developer/Platforms/MacOSX.platform/Developer/SDKs/MacOSX26.4.sdk -O0 -w -F/Users/trgysvc/Library/Developer/Xcode/DerivedData/EliteAgent-btzokozrfsnzjtcxxfzhmbcisvbu/Build/Intermediates.noindex/EagerLinkingTBDs/Debug -F/Users/trgysvc/Library/Developer/Xcode/DerivedData/EliteAgent-btzokozrfsnzjtcxxfzhmbcisvbu/Build/Products/Debug/PackageFrameworks -F/Users/trgysvc/Library/Developer/Xcode/DerivedData/EliteAgent-btzokozrfsnzjtcxxfzhmbcisvbu/Build/Products/Debug/PackageFrameworks -F/Users/trgysvc/Library/Developer/Xcode/DerivedData/EliteAgent-btzokozrfsnzjtcxxfzhmbcisvbu/Build/Products/Debug/PackageFrameworks -F/Users/trgysvc/Library/Developer/Xcode/DerivedData/EliteAgent-btzokozrfsnzjtcxxfzhmbcisvbu/Build/Products/Debug/PackageFrameworks -F/Users/trgysvc/Library/Developer/Xcode/DerivedData/EliteAgent-btzokozrfsnzjtcxxfzhmbcisvbu/Build/Products/Debug/PackageFrameworks -F/Users/trgysvc/Library/Developer/Xcode/DerivedData/EliteAgent-btzokozrfsnzjtcxxfzhmbcisvbu/Build/Products/Debug/PackageFrameworks -F/Users/trgysvc/Library/Developer/Xcode/DerivedData/EliteAgent-btzokozrfsnzjtcxxfzhmbcisvbu/Build/Products/Debug -iframework /Applications/Xcode.app/Contents/Developer/Platforms/MacOSX.platform/Developer/Library/Frameworks -filelist /Users/trgysvc/Library/Developer/Xcode/DerivedData/EliteAgent-btzokozrfsnzjtcxxfzhmbcisvbu/Build/Intermediates.noindex/mlx-swift.build/Debug/MLXLinalg.build/Objects-normal/arm64/MLXLinalg.LinkFileList -nostdlib -Xlinker -object_path_lto -Xlinker /Users/trgysvc/Library/Developer/Xcode/DerivedData/EliteAgent-btzokozrfsnzjtcxxfzhmbcisvbu/Build/Intermediates.noindex/mlx-swift.build/Debug/MLXLinalg.build/Objects-normal/arm64/MLXLinalg_lto.o -Xlinker -no_deduplicate -Xlinker -dependency_info -Xlinker /Users/trgysvc/Library/Developer/Xcode/DerivedData/EliteAgent-btzokozrfsnzjtcxxfzhmbcisvbu/Build/Intermediates.noindex/mlx-swift.build/Debug/MLXLinalg.build/Objects-normal/arm64/MLXLinalg_dependency_info.dat -fobjc-link-runtime -L/Applications/Xcode.app/Contents/Developer/Toolchains/XcodeDefault.xctoolchain/usr/lib/swift/macosx -L/usr/lib/swift -Xlinker -add_ast_path -Xlinker /Users/trgysvc/Library/Developer/Xcode/DerivedData/EliteAgent-btzokozrfsnzjtcxxfzhmbcisvbu/Build/Intermediates.noindex/mlx-swift.build/Debug/MLXLinalg.build/Objects-normal/arm64/MLXLinalg.swiftmodule @/Users/trgysvc/Library/Developer/Xcode/DerivedData/EliteAgent-btzokozrfsnzjtcxxfzhmbcisvbu/Build/Intermediates.noindex/mlx-swift.build/Debug/MLXLinalg.build/Objects-normal/arm64/MLXLinalg-linker-args.resp -o /Users/trgysvc/Library/Developer/Xcode/DerivedData/EliteAgent-btzokozrfsnzjtcxxfzhmbcisvbu/Build/Products/Debug/MLXLinalg.o

Ld /Users/trgysvc/Library/Developer/Xcode/DerivedData/EliteAgent-btzokozrfsnzjtcxxfzhmbcisvbu/Build/Products/Debug/MLXFast.o normal (in target 'MLXFast' from project 'mlx-swift')
    cd /Users/trgysvc/Library/Developer/Xcode/DerivedData/EliteAgent-btzokozrfsnzjtcxxfzhmbcisvbu/SourcePackages/checkouts/mlx-swift
    /Applications/Xcode.app/Contents/Developer/Toolchains/XcodeDefault.xctoolchain/usr/bin/clang -Xlinker -reproducible -target arm64-apple-macos14.0 -r -isysroot /Applications/Xcode.app/Contents/Developer/Platforms/MacOSX.platform/Developer/SDKs/MacOSX26.4.sdk -O0 -w -F/Users/trgysvc/Library/Developer/Xcode/DerivedData/EliteAgent-btzokozrfsnzjtcxxfzhmbcisvbu/Build/Intermediates.noindex/EagerLinkingTBDs/Debug -F/Users/trgysvc/Library/Developer/Xcode/DerivedData/EliteAgent-btzokozrfsnzjtcxxfzhmbcisvbu/Build/Products/Debug/PackageFrameworks -F/Users/trgysvc/Library/Developer/Xcode/DerivedData/EliteAgent-btzokozrfsnzjtcxxfzhmbcisvbu/Build/Products/Debug/PackageFrameworks -F/Users/trgysvc/Library/Developer/Xcode/DerivedData/EliteAgent-btzokozrfsnzjtcxxfzhmbcisvbu/Build/Products/Debug/PackageFrameworks -F/Users/trgysvc/Library/Developer/Xcode/DerivedData/EliteAgent-btzokozrfsnzjtcxxfzhmbcisvbu/Build/Products/Debug/PackageFrameworks -F/Users/trgysvc/Library/Developer/Xcode/DerivedData/EliteAgent-btzokozrfsnzjtcxxfzhmbcisvbu/Build/Products/Debug/PackageFrameworks -F/Users/trgysvc/Library/Developer/Xcode/DerivedData/EliteAgent-btzokozrfsnzjtcxxfzhmbcisvbu/Build/Products/Debug/PackageFrameworks -F/Users/trgysvc/Library/Developer/Xcode/DerivedData/EliteAgent-btzokozrfsnzjtcxxfzhmbcisvbu/Build/Products/Debug -iframework /Applications/Xcode.app/Contents/Developer/Platforms/MacOSX.platform/Developer/Library/Frameworks -filelist /Users/trgysvc/Library/Developer/Xcode/DerivedData/EliteAgent-btzokozrfsnzjtcxxfzhmbcisvbu/Build/Intermediates.noindex/mlx-swift.build/Debug/MLXFast.build/Objects-normal/arm64/MLXFast.LinkFileList -nostdlib -Xlinker -object_path_lto -Xlinker /Users/trgysvc/Library/Developer/Xcode/DerivedData/EliteAgent-btzokozrfsnzjtcxxfzhmbcisvbu/Build/Intermediates.noindex/mlx-swift.build/Debug/MLXFast.build/Objects-normal/arm64/MLXFast_lto.o -Xlinker -no_deduplicate -Xlinker -dependency_info -Xlinker /Users/trgysvc/Library/Developer/Xcode/DerivedData/EliteAgent-btzokozrfsnzjtcxxfzhmbcisvbu/Build/Intermediates.noindex/mlx-swift.build/Debug/MLXFast.build/Objects-normal/arm64/MLXFast_dependency_info.dat -fobjc-link-runtime -L/Applications/Xcode.app/Contents/Developer/Toolchains/XcodeDefault.xctoolchain/usr/lib/swift/macosx -L/usr/lib/swift -Xlinker -add_ast_path -Xlinker /Users/trgysvc/Library/Developer/Xcode/DerivedData/EliteAgent-btzokozrfsnzjtcxxfzhmbcisvbu/Build/Intermediates.noindex/mlx-swift.build/Debug/MLXFast.build/Objects-normal/arm64/MLXFast.swiftmodule @/Users/trgysvc/Library/Developer/Xcode/DerivedData/EliteAgent-btzokozrfsnzjtcxxfzhmbcisvbu/Build/Intermediates.noindex/mlx-swift.build/Debug/MLXFast.build/Objects-normal/arm64/MLXFast-linker-args.resp -o /Users/trgysvc/Library/Developer/Xcode/DerivedData/EliteAgent-btzokozrfsnzjtcxxfzhmbcisvbu/Build/Products/Debug/MLXFast.o

Ld /Users/trgysvc/Library/Developer/Xcode/DerivedData/EliteAgent-btzokozrfsnzjtcxxfzhmbcisvbu/Build/Products/Debug/MLXFFT.o normal (in target 'MLXFFT' from project 'mlx-swift')
    cd /Users/trgysvc/Library/Developer/Xcode/DerivedData/EliteAgent-btzokozrfsnzjtcxxfzhmbcisvbu/SourcePackages/checkouts/mlx-swift
    /Applications/Xcode.app/Contents/Developer/Toolchains/XcodeDefault.xctoolchain/usr/bin/clang -Xlinker -reproducible -target arm64-apple-macos14.0 -r -isysroot /Applications/Xcode.app/Contents/Developer/Platforms/MacOSX.platform/Developer/SDKs/MacOSX26.4.sdk -O0 -w -F/Users/trgysvc/Library/Developer/Xcode/DerivedData/EliteAgent-btzokozrfsnzjtcxxfzhmbcisvbu/Build/Intermediates.noindex/EagerLinkingTBDs/Debug -F/Users/trgysvc/Library/Developer/Xcode/DerivedData/EliteAgent-btzokozrfsnzjtcxxfzhmbcisvbu/Build/Products/Debug/PackageFrameworks -F/Users/trgysvc/Library/Developer/Xcode/DerivedData/EliteAgent-btzokozrfsnzjtcxxfzhmbcisvbu/Build/Products/Debug/PackageFrameworks -F/Users/trgysvc/Library/Developer/Xcode/DerivedData/EliteAgent-btzokozrfsnzjtcxxfzhmbcisvbu/Build/Products/Debug/PackageFrameworks -F/Users/trgysvc/Library/Developer/Xcode/DerivedData/EliteAgent-btzokozrfsnzjtcxxfzhmbcisvbu/Build/Products/Debug/PackageFrameworks -F/Users/trgysvc/Library/Developer/Xcode/DerivedData/EliteAgent-btzokozrfsnzjtcxxfzhmbcisvbu/Build/Products/Debug/PackageFrameworks -F/Users/trgysvc/Library/Developer/Xcode/DerivedData/EliteAgent-btzokozrfsnzjtcxxfzhmbcisvbu/Build/Products/Debug/PackageFrameworks -F/Users/trgysvc/Library/Developer/Xcode/DerivedData/EliteAgent-btzokozrfsnzjtcxxfzhmbcisvbu/Build/Products/Debug -iframework /Applications/Xcode.app/Contents/Developer/Platforms/MacOSX.platform/Developer/Library/Frameworks -filelist /Users/trgysvc/Library/Developer/Xcode/DerivedData/EliteAgent-btzokozrfsnzjtcxxfzhmbcisvbu/Build/Intermediates.noindex/mlx-swift.build/Debug/MLXFFT.build/Objects-normal/arm64/MLXFFT.LinkFileList -nostdlib -Xlinker -object_path_lto -Xlinker /Users/trgysvc/Library/Developer/Xcode/DerivedData/EliteAgent-btzokozrfsnzjtcxxfzhmbcisvbu/Build/Intermediates.noindex/mlx-swift.build/Debug/MLXFFT.build/Objects-normal/arm64/MLXFFT_lto.o -Xlinker -no_deduplicate -Xlinker -dependency_info -Xlinker /Users/trgysvc/Library/Developer/Xcode/DerivedData/EliteAgent-btzokozrfsnzjtcxxfzhmbcisvbu/Build/Intermediates.noindex/mlx-swift.build/Debug/MLXFFT.build/Objects-normal/arm64/MLXFFT_dependency_info.dat -fobjc-link-runtime -L/Applications/Xcode.app/Contents/Developer/Toolchains/XcodeDefault.xctoolchain/usr/lib/swift/macosx -L/usr/lib/swift -Xlinker -add_ast_path -Xlinker /Users/trgysvc/Library/Developer/Xcode/DerivedData/EliteAgent-btzokozrfsnzjtcxxfzhmbcisvbu/Build/Intermediates.noindex/mlx-swift.build/Debug/MLXFFT.build/Objects-normal/arm64/MLXFFT.swiftmodule @/Users/trgysvc/Library/Developer/Xcode/DerivedData/EliteAgent-btzokozrfsnzjtcxxfzhmbcisvbu/Build/Intermediates.noindex/mlx-swift.build/Debug/MLXFFT.build/Objects-normal/arm64/MLXFFT-linker-args.resp -o /Users/trgysvc/Library/Developer/Xcode/DerivedData/EliteAgent-btzokozrfsnzjtcxxfzhmbcisvbu/Build/Products/Debug/MLXFFT.o

RegisterExecutionPolicyException /Users/trgysvc/Library/Developer/Xcode/DerivedData/EliteAgent-btzokozrfsnzjtcxxfzhmbcisvbu/Build/Products/Debug/Tokenizers.o (in target 'Tokenizers' from project 'swift-transformers')
    cd /Users/trgysvc/Library/Developer/Xcode/DerivedData/EliteAgent-btzokozrfsnzjtcxxfzhmbcisvbu/SourcePackages/checkouts/swift-transformers
    builtin-RegisterExecutionPolicyException /Users/trgysvc/Library/Developer/Xcode/DerivedData/EliteAgent-btzokozrfsnzjtcxxfzhmbcisvbu/Build/Products/Debug/Tokenizers.o

ExtractAppIntentsMetadata (in target 'MLXLinalg' from project 'mlx-swift')
    cd /Users/trgysvc/Library/Developer/Xcode/DerivedData/EliteAgent-btzokozrfsnzjtcxxfzhmbcisvbu/SourcePackages/checkouts/mlx-swift
    /Applications/Xcode.app/Contents/Developer/Toolchains/XcodeDefault.xctoolchain/usr/bin/appintentsmetadataprocessor --toolchain-dir /var/run/com.apple.security.cryptexd/mnt/com.apple.MobileAsset.MetalToolchain-v17.5.188.0.qT0CL0/Metal.xctoolchain --module-name MLXLinalg --sdk-root /Applications/Xcode.app/Contents/Developer/Platforms/MacOSX.platform/Developer/SDKs/MacOSX26.4.sdk --xcode-version 17E192 --platform-family macOS --deployment-target 14.0 --bundle-identifier mlx-swift.MLXLinalg --output /Users/trgysvc/Library/Developer/Xcode/DerivedData/EliteAgent-btzokozrfsnzjtcxxfzhmbcisvbu/Build/Products/Debug/MLXLinalg.appintents --target-triple arm64-apple-macos14.0 --binary-file /Users/trgysvc/Library/Developer/Xcode/DerivedData/EliteAgent-btzokozrfsnzjtcxxfzhmbcisvbu/Build/Products/Debug/MLXLinalg.o --dependency-file /Users/trgysvc/Library/Developer/Xcode/DerivedData/EliteAgent-btzokozrfsnzjtcxxfzhmbcisvbu/Build/Intermediates.noindex/mlx-swift.build/Debug/MLXLinalg.build/Objects-normal/arm64/MLXLinalg_dependency_info.dat --stringsdata-file /Users/trgysvc/Library/Developer/Xcode/DerivedData/EliteAgent-btzokozrfsnzjtcxxfzhmbcisvbu/Build/Intermediates.noindex/mlx-swift.build/Debug/MLXLinalg.build/Objects-normal/arm64/ExtractedAppShortcutsMetadata.stringsdata --source-file-list /Users/trgysvc/Library/Developer/Xcode/DerivedData/EliteAgent-btzokozrfsnzjtcxxfzhmbcisvbu/Build/Intermediates.noindex/mlx-swift.build/Debug/MLXLinalg.build/Objects-normal/arm64/MLXLinalg.SwiftFileList --metadata-file-list /Users/trgysvc/Library/Developer/Xcode/DerivedData/EliteAgent-btzokozrfsnzjtcxxfzhmbcisvbu/Build/Intermediates.noindex/mlx-swift.build/Debug/MLXLinalg.build/MLXLinalg.DependencyMetadataFileList --static-metadata-file-list /Users/trgysvc/Library/Developer/Xcode/DerivedData/EliteAgent-btzokozrfsnzjtcxxfzhmbcisvbu/Build/Intermediates.noindex/mlx-swift.build/Debug/MLXLinalg.build/MLXLinalg.DependencyStaticMetadataFileList --swift-const-vals-list /Users/trgysvc/Library/Developer/Xcode/DerivedData/EliteAgent-btzokozrfsnzjtcxxfzhmbcisvbu/Build/Intermediates.noindex/mlx-swift.build/Debug/MLXLinalg.build/Objects-normal/arm64/MLXLinalg.SwiftConstValuesFileList --force --compile-time-extraction --deployment-aware-processing --validate-assistant-intents --no-app-shortcuts-localization
2026-04-10 01:47:11.451 appintentsmetadataprocessor[32273:243499] Starting appintentsmetadataprocessor export
2026-04-10 01:47:11.461 appintentsmetadataprocessor[32273:243499] Extracted no relevant App Intents symbols, skipping writing output

ExtractAppIntentsMetadata (in target 'MLXFast' from project 'mlx-swift')
    cd /Users/trgysvc/Library/Developer/Xcode/DerivedData/EliteAgent-btzokozrfsnzjtcxxfzhmbcisvbu/SourcePackages/checkouts/mlx-swift
    /Applications/Xcode.app/Contents/Developer/Toolchains/XcodeDefault.xctoolchain/usr/bin/appintentsmetadataprocessor --toolchain-dir /var/run/com.apple.security.cryptexd/mnt/com.apple.MobileAsset.MetalToolchain-v17.5.188.0.qT0CL0/Metal.xctoolchain --module-name MLXFast --sdk-root /Applications/Xcode.app/Contents/Developer/Platforms/MacOSX.platform/Developer/SDKs/MacOSX26.4.sdk --xcode-version 17E192 --platform-family macOS --deployment-target 14.0 --bundle-identifier mlx-swift.MLXFast --output /Users/trgysvc/Library/Developer/Xcode/DerivedData/EliteAgent-btzokozrfsnzjtcxxfzhmbcisvbu/Build/Products/Debug/MLXFast.appintents --target-triple arm64-apple-macos14.0 --binary-file /Users/trgysvc/Library/Developer/Xcode/DerivedData/EliteAgent-btzokozrfsnzjtcxxfzhmbcisvbu/Build/Products/Debug/MLXFast.o --dependency-file /Users/trgysvc/Library/Developer/Xcode/DerivedData/EliteAgent-btzokozrfsnzjtcxxfzhmbcisvbu/Build/Intermediates.noindex/mlx-swift.build/Debug/MLXFast.build/Objects-normal/arm64/MLXFast_dependency_info.dat --stringsdata-file /Users/trgysvc/Library/Developer/Xcode/DerivedData/EliteAgent-btzokozrfsnzjtcxxfzhmbcisvbu/Build/Intermediates.noindex/mlx-swift.build/Debug/MLXFast.build/Objects-normal/arm64/ExtractedAppShortcutsMetadata.stringsdata --source-file-list /Users/trgysvc/Library/Developer/Xcode/DerivedData/EliteAgent-btzokozrfsnzjtcxxfzhmbcisvbu/Build/Intermediates.noindex/mlx-swift.build/Debug/MLXFast.build/Objects-normal/arm64/MLXFast.SwiftFileList --metadata-file-list /Users/trgysvc/Library/Developer/Xcode/DerivedData/EliteAgent-btzokozrfsnzjtcxxfzhmbcisvbu/Build/Intermediates.noindex/mlx-swift.build/Debug/MLXFast.build/MLXFast.DependencyMetadataFileList --static-metadata-file-list /Users/trgysvc/Library/Developer/Xcode/DerivedData/EliteAgent-btzokozrfsnzjtcxxfzhmbcisvbu/Build/Intermediates.noindex/mlx-swift.build/Debug/MLXFast.build/MLXFast.DependencyStaticMetadataFileList --swift-const-vals-list /Users/trgysvc/Library/Developer/Xcode/DerivedData/EliteAgent-btzokozrfsnzjtcxxfzhmbcisvbu/Build/Intermediates.noindex/mlx-swift.build/Debug/MLXFast.build/Objects-normal/arm64/MLXFast.SwiftConstValuesFileList --force --compile-time-extraction --deployment-aware-processing --validate-assistant-intents --no-app-shortcuts-localization
2026-04-10 01:47:11.455 appintentsmetadataprocessor[32274:243508] Starting appintentsmetadataprocessor export
2026-04-10 01:47:11.463 appintentsmetadataprocessor[32274:243508] Extracted no relevant App Intents symbols, skipping writing output

Ld /Users/trgysvc/Library/Developer/Xcode/DerivedData/EliteAgent-btzokozrfsnzjtcxxfzhmbcisvbu/Build/Products/Debug/Generation.o normal (in target 'Generation' from project 'swift-transformers')
    cd /Users/trgysvc/Library/Developer/Xcode/DerivedData/EliteAgent-btzokozrfsnzjtcxxfzhmbcisvbu/SourcePackages/checkouts/swift-transformers
    /Applications/Xcode.app/Contents/Developer/Toolchains/XcodeDefault.xctoolchain/usr/bin/clang -Xlinker -reproducible -target arm64-apple-macos13.0 -r -isysroot /Applications/Xcode.app/Contents/Developer/Platforms/MacOSX.platform/Developer/SDKs/MacOSX26.4.sdk -O0 -w -F/Users/trgysvc/Library/Developer/Xcode/DerivedData/EliteAgent-btzokozrfsnzjtcxxfzhmbcisvbu/Build/Intermediates.noindex/EagerLinkingTBDs/Debug -F/Users/trgysvc/Library/Developer/Xcode/DerivedData/EliteAgent-btzokozrfsnzjtcxxfzhmbcisvbu/Build/Products/Debug/PackageFrameworks -F/Users/trgysvc/Library/Developer/Xcode/DerivedData/EliteAgent-btzokozrfsnzjtcxxfzhmbcisvbu/Build/Products/Debug/PackageFrameworks -F/Users/trgysvc/Library/Developer/Xcode/DerivedData/EliteAgent-btzokozrfsnzjtcxxfzhmbcisvbu/Build/Products/Debug/PackageFrameworks -F/Users/trgysvc/Library/Developer/Xcode/DerivedData/EliteAgent-btzokozrfsnzjtcxxfzhmbcisvbu/Build/Products/Debug/PackageFrameworks -F/Users/trgysvc/Library/Developer/Xcode/DerivedData/EliteAgent-btzokozrfsnzjtcxxfzhmbcisvbu/Build/Products/Debug/PackageFrameworks -F/Users/trgysvc/Library/Developer/Xcode/DerivedData/EliteAgent-btzokozrfsnzjtcxxfzhmbcisvbu/Build/Products/Debug/PackageFrameworks -F/Users/trgysvc/Library/Developer/Xcode/DerivedData/EliteAgent-btzokozrfsnzjtcxxfzhmbcisvbu/Build/Products/Debug/PackageFrameworks -F/Users/trgysvc/Library/Developer/Xcode/DerivedData/EliteAgent-btzokozrfsnzjtcxxfzhmbcisvbu/Build/Products/Debug -iframework /Applications/Xcode.app/Contents/Developer/Platforms/MacOSX.platform/Developer/Library/Frameworks -filelist /Users/trgysvc/Library/Developer/Xcode/DerivedData/EliteAgent-btzokozrfsnzjtcxxfzhmbcisvbu/Build/Intermediates.noindex/swift-transformers.build/Debug/Generation.build/Objects-normal/arm64/Generation.LinkFileList -nostdlib -Xlinker -object_path_lto -Xlinker /Users/trgysvc/Library/Developer/Xcode/DerivedData/EliteAgent-btzokozrfsnzjtcxxfzhmbcisvbu/Build/Intermediates.noindex/swift-transformers.build/Debug/Generation.build/Objects-normal/arm64/Generation_lto.o -Xlinker -no_deduplicate -Xlinker -dependency_info -Xlinker /Users/trgysvc/Library/Developer/Xcode/DerivedData/EliteAgent-btzokozrfsnzjtcxxfzhmbcisvbu/Build/Intermediates.noindex/swift-transformers.build/Debug/Generation.build/Objects-normal/arm64/Generation_dependency_info.dat -fobjc-link-runtime -L/Applications/Xcode.app/Contents/Developer/Toolchains/XcodeDefault.xctoolchain/usr/lib/swift/macosx -L/usr/lib/swift -Xlinker -add_ast_path -Xlinker /Users/trgysvc/Library/Developer/Xcode/DerivedData/EliteAgent-btzokozrfsnzjtcxxfzhmbcisvbu/Build/Intermediates.noindex/swift-transformers.build/Debug/Generation.build/Objects-normal/arm64/Generation.swiftmodule @/Users/trgysvc/Library/Developer/Xcode/DerivedData/EliteAgent-btzokozrfsnzjtcxxfzhmbcisvbu/Build/Intermediates.noindex/swift-transformers.build/Debug/Generation.build/Objects-normal/arm64/Generation-linker-args.resp -o /Users/trgysvc/Library/Developer/Xcode/DerivedData/EliteAgent-btzokozrfsnzjtcxxfzhmbcisvbu/Build/Products/Debug/Generation.o

ExtractAppIntentsMetadata (in target 'MLXRandom' from project 'mlx-swift')
    cd /Users/trgysvc/Library/Developer/Xcode/DerivedData/EliteAgent-btzokozrfsnzjtcxxfzhmbcisvbu/SourcePackages/checkouts/mlx-swift
    /Applications/Xcode.app/Contents/Developer/Toolchains/XcodeDefault.xctoolchain/usr/bin/appintentsmetadataprocessor --toolchain-dir /var/run/com.apple.security.cryptexd/mnt/com.apple.MobileAsset.MetalToolchain-v17.5.188.0.qT0CL0/Metal.xctoolchain --module-name MLXRandom --sdk-root /Applications/Xcode.app/Contents/Developer/Platforms/MacOSX.platform/Developer/SDKs/MacOSX26.4.sdk --xcode-version 17E192 --platform-family macOS --deployment-target 14.0 --bundle-identifier mlx-swift.MLXRandom --output /Users/trgysvc/Library/Developer/Xcode/DerivedData/EliteAgent-btzokozrfsnzjtcxxfzhmbcisvbu/Build/Products/Debug/MLXRandom.appintents --target-triple arm64-apple-macos14.0 --binary-file /Users/trgysvc/Library/Developer/Xcode/DerivedData/EliteAgent-btzokozrfsnzjtcxxfzhmbcisvbu/Build/Products/Debug/MLXRandom.o --dependency-file /Users/trgysvc/Library/Developer/Xcode/DerivedData/EliteAgent-btzokozrfsnzjtcxxfzhmbcisvbu/Build/Intermediates.noindex/mlx-swift.build/Debug/MLXRandom.build/Objects-normal/arm64/MLXRandom_dependency_info.dat --stringsdata-file /Users/trgysvc/Library/Developer/Xcode/DerivedData/EliteAgent-btzokozrfsnzjtcxxfzhmbcisvbu/Build/Intermediates.noindex/mlx-swift.build/Debug/MLXRandom.build/Objects-normal/arm64/ExtractedAppShortcutsMetadata.stringsdata --source-file-list /Users/trgysvc/Library/Developer/Xcode/DerivedData/EliteAgent-btzokozrfsnzjtcxxfzhmbcisvbu/Build/Intermediates.noindex/mlx-swift.build/Debug/MLXRandom.build/Objects-normal/arm64/MLXRandom.SwiftFileList --metadata-file-list /Users/trgysvc/Library/Developer/Xcode/DerivedData/EliteAgent-btzokozrfsnzjtcxxfzhmbcisvbu/Build/Intermediates.noindex/mlx-swift.build/Debug/MLXRandom.build/MLXRandom.DependencyMetadataFileList --static-metadata-file-list /Users/trgysvc/Library/Developer/Xcode/DerivedData/EliteAgent-btzokozrfsnzjtcxxfzhmbcisvbu/Build/Intermediates.noindex/mlx-swift.build/Debug/MLXRandom.build/MLXRandom.DependencyStaticMetadataFileList --swift-const-vals-list /Users/trgysvc/Library/Developer/Xcode/DerivedData/EliteAgent-btzokozrfsnzjtcxxfzhmbcisvbu/Build/Intermediates.noindex/mlx-swift.build/Debug/MLXRandom.build/Objects-normal/arm64/MLXRandom.SwiftConstValuesFileList --force --compile-time-extraction --deployment-aware-processing --validate-assistant-intents --no-app-shortcuts-localization
2026-04-10 01:47:11.452 appintentsmetadataprocessor[32276:243519] Starting appintentsmetadataprocessor export
2026-04-10 01:47:11.461 appintentsmetadataprocessor[32276:243519] Extracted no relevant App Intents symbols, skipping writing output

ExtractAppIntentsMetadata (in target 'MLXNN' from project 'mlx-swift')
    cd /Users/trgysvc/Library/Developer/Xcode/DerivedData/EliteAgent-btzokozrfsnzjtcxxfzhmbcisvbu/SourcePackages/checkouts/mlx-swift
    /Applications/Xcode.app/Contents/Developer/Toolchains/XcodeDefault.xctoolchain/usr/bin/appintentsmetadataprocessor --toolchain-dir /var/run/com.apple.security.cryptexd/mnt/com.apple.MobileAsset.MetalToolchain-v17.5.188.0.qT0CL0/Metal.xctoolchain --module-name MLXNN --sdk-root /Applications/Xcode.app/Contents/Developer/Platforms/MacOSX.platform/Developer/SDKs/MacOSX26.4.sdk --xcode-version 17E192 --platform-family macOS --deployment-target 14.0 --bundle-identifier mlx-swift.MLXNN --output /Users/trgysvc/Library/Developer/Xcode/DerivedData/EliteAgent-btzokozrfsnzjtcxxfzhmbcisvbu/Build/Products/Debug/MLXNN.appintents --target-triple arm64-apple-macos14.0 --binary-file /Users/trgysvc/Library/Developer/Xcode/DerivedData/EliteAgent-btzokozrfsnzjtcxxfzhmbcisvbu/Build/Products/Debug/MLXNN.o --dependency-file /Users/trgysvc/Library/Developer/Xcode/DerivedData/EliteAgent-btzokozrfsnzjtcxxfzhmbcisvbu/Build/Intermediates.noindex/mlx-swift.build/Debug/MLXNN.build/Objects-normal/arm64/MLXNN_dependency_info.dat --stringsdata-file /Users/trgysvc/Library/Developer/Xcode/DerivedData/EliteAgent-btzokozrfsnzjtcxxfzhmbcisvbu/Build/Intermediates.noindex/mlx-swift.build/Debug/MLXNN.build/Objects-normal/arm64/ExtractedAppShortcutsMetadata.stringsdata --source-file-list /Users/trgysvc/Library/Developer/Xcode/DerivedData/EliteAgent-btzokozrfsnzjtcxxfzhmbcisvbu/Build/Intermediates.noindex/mlx-swift.build/Debug/MLXNN.build/Objects-normal/arm64/MLXNN.SwiftFileList --metadata-file-list /Users/trgysvc/Library/Developer/Xcode/DerivedData/EliteAgent-btzokozrfsnzjtcxxfzhmbcisvbu/Build/Intermediates.noindex/mlx-swift.build/Debug/MLXNN.build/MLXNN.DependencyMetadataFileList --static-metadata-file-list /Users/trgysvc/Library/Developer/Xcode/DerivedData/EliteAgent-btzokozrfsnzjtcxxfzhmbcisvbu/Build/Intermediates.noindex/mlx-swift.build/Debug/MLXNN.build/MLXNN.DependencyStaticMetadataFileList --swift-const-vals-list /Users/trgysvc/Library/Developer/Xcode/DerivedData/EliteAgent-btzokozrfsnzjtcxxfzhmbcisvbu/Build/Intermediates.noindex/mlx-swift.build/Debug/MLXNN.build/Objects-normal/arm64/MLXNN.SwiftConstValuesFileList --force --compile-time-extraction --deployment-aware-processing --validate-assistant-intents --no-app-shortcuts-localization
2026-04-10 01:47:11.460 appintentsmetadataprocessor[32277:243521] Starting appintentsmetadataprocessor export
2026-04-10 01:47:11.469 appintentsmetadataprocessor[32277:243521] Extracted no relevant App Intents symbols, skipping writing output

ExtractAppIntentsMetadata (in target 'MLXFFT' from project 'mlx-swift')
    cd /Users/trgysvc/Library/Developer/Xcode/DerivedData/EliteAgent-btzokozrfsnzjtcxxfzhmbcisvbu/SourcePackages/checkouts/mlx-swift
    /Applications/Xcode.app/Contents/Developer/Toolchains/XcodeDefault.xctoolchain/usr/bin/appintentsmetadataprocessor --toolchain-dir /var/run/com.apple.security.cryptexd/mnt/com.apple.MobileAsset.MetalToolchain-v17.5.188.0.qT0CL0/Metal.xctoolchain --module-name MLXFFT --sdk-root /Applications/Xcode.app/Contents/Developer/Platforms/MacOSX.platform/Developer/SDKs/MacOSX26.4.sdk --xcode-version 17E192 --platform-family macOS --deployment-target 14.0 --bundle-identifier mlx-swift.MLXFFT --output /Users/trgysvc/Library/Developer/Xcode/DerivedData/EliteAgent-btzokozrfsnzjtcxxfzhmbcisvbu/Build/Products/Debug/MLXFFT.appintents --target-triple arm64-apple-macos14.0 --binary-file /Users/trgysvc/Library/Developer/Xcode/DerivedData/EliteAgent-btzokozrfsnzjtcxxfzhmbcisvbu/Build/Products/Debug/MLXFFT.o --dependency-file /Users/trgysvc/Library/Developer/Xcode/DerivedData/EliteAgent-btzokozrfsnzjtcxxfzhmbcisvbu/Build/Intermediates.noindex/mlx-swift.build/Debug/MLXFFT.build/Objects-normal/arm64/MLXFFT_dependency_info.dat --stringsdata-file /Users/trgysvc/Library/Developer/Xcode/DerivedData/EliteAgent-btzokozrfsnzjtcxxfzhmbcisvbu/Build/Intermediates.noindex/mlx-swift.build/Debug/MLXFFT.build/Objects-normal/arm64/ExtractedAppShortcutsMetadata.stringsdata --source-file-list /Users/trgysvc/Library/Developer/Xcode/DerivedData/EliteAgent-btzokozrfsnzjtcxxfzhmbcisvbu/Build/Intermediates.noindex/mlx-swift.build/Debug/MLXFFT.build/Objects-normal/arm64/MLXFFT.SwiftFileList --metadata-file-list /Users/trgysvc/Library/Developer/Xcode/DerivedData/EliteAgent-btzokozrfsnzjtcxxfzhmbcisvbu/Build/Intermediates.noindex/mlx-swift.build/Debug/MLXFFT.build/MLXFFT.DependencyMetadataFileList --static-metadata-file-list /Users/trgysvc/Library/Developer/Xcode/DerivedData/EliteAgent-btzokozrfsnzjtcxxfzhmbcisvbu/Build/Intermediates.noindex/mlx-swift.build/Debug/MLXFFT.build/MLXFFT.DependencyStaticMetadataFileList --swift-const-vals-list /Users/trgysvc/Library/Developer/Xcode/DerivedData/EliteAgent-btzokozrfsnzjtcxxfzhmbcisvbu/Build/Intermediates.noindex/mlx-swift.build/Debug/MLXFFT.build/Objects-normal/arm64/MLXFFT.SwiftConstValuesFileList --force --compile-time-extraction --deployment-aware-processing --validate-assistant-intents --no-app-shortcuts-localization
2026-04-10 01:47:11.459 appintentsmetadataprocessor[32279:243523] Starting appintentsmetadataprocessor export
2026-04-10 01:47:11.467 appintentsmetadataprocessor[32279:243523] Extracted no relevant App Intents symbols, skipping writing output

RegisterExecutionPolicyException /Users/trgysvc/Library/Developer/Xcode/DerivedData/EliteAgent-btzokozrfsnzjtcxxfzhmbcisvbu/Build/Products/Debug/MLXLinalg.o (in target 'MLXLinalg' from project 'mlx-swift')
    cd /Users/trgysvc/Library/Developer/Xcode/DerivedData/EliteAgent-btzokozrfsnzjtcxxfzhmbcisvbu/SourcePackages/checkouts/mlx-swift
    builtin-RegisterExecutionPolicyException /Users/trgysvc/Library/Developer/Xcode/DerivedData/EliteAgent-btzokozrfsnzjtcxxfzhmbcisvbu/Build/Products/Debug/MLXLinalg.o

RegisterExecutionPolicyException /Users/trgysvc/Library/Developer/Xcode/DerivedData/EliteAgent-btzokozrfsnzjtcxxfzhmbcisvbu/Build/Products/Debug/MLXRandom.o (in target 'MLXRandom' from project 'mlx-swift')
    cd /Users/trgysvc/Library/Developer/Xcode/DerivedData/EliteAgent-btzokozrfsnzjtcxxfzhmbcisvbu/SourcePackages/checkouts/mlx-swift
    builtin-RegisterExecutionPolicyException /Users/trgysvc/Library/Developer/Xcode/DerivedData/EliteAgent-btzokozrfsnzjtcxxfzhmbcisvbu/Build/Products/Debug/MLXRandom.o

RegisterExecutionPolicyException /Users/trgysvc/Library/Developer/Xcode/DerivedData/EliteAgent-btzokozrfsnzjtcxxfzhmbcisvbu/Build/Products/Debug/MLXFast.o (in target 'MLXFast' from project 'mlx-swift')
    cd /Users/trgysvc/Library/Developer/Xcode/DerivedData/EliteAgent-btzokozrfsnzjtcxxfzhmbcisvbu/SourcePackages/checkouts/mlx-swift
    builtin-RegisterExecutionPolicyException /Users/trgysvc/Library/Developer/Xcode/DerivedData/EliteAgent-btzokozrfsnzjtcxxfzhmbcisvbu/Build/Products/Debug/MLXFast.o

RegisterExecutionPolicyException /Users/trgysvc/Library/Developer/Xcode/DerivedData/EliteAgent-btzokozrfsnzjtcxxfzhmbcisvbu/Build/Products/Debug/MLXFFT.o (in target 'MLXFFT' from project 'mlx-swift')
    cd /Users/trgysvc/Library/Developer/Xcode/DerivedData/EliteAgent-btzokozrfsnzjtcxxfzhmbcisvbu/SourcePackages/checkouts/mlx-swift
    builtin-RegisterExecutionPolicyException /Users/trgysvc/Library/Developer/Xcode/DerivedData/EliteAgent-btzokozrfsnzjtcxxfzhmbcisvbu/Build/Products/Debug/MLXFFT.o

RegisterExecutionPolicyException /Users/trgysvc/Library/Developer/Xcode/DerivedData/EliteAgent-btzokozrfsnzjtcxxfzhmbcisvbu/Build/Products/Debug/MLXNN.o (in target 'MLXNN' from project 'mlx-swift')
    cd /Users/trgysvc/Library/Developer/Xcode/DerivedData/EliteAgent-btzokozrfsnzjtcxxfzhmbcisvbu/SourcePackages/checkouts/mlx-swift
    builtin-RegisterExecutionPolicyException /Users/trgysvc/Library/Developer/Xcode/DerivedData/EliteAgent-btzokozrfsnzjtcxxfzhmbcisvbu/Build/Products/Debug/MLXNN.o

ExtractAppIntentsMetadata (in target 'Generation' from project 'swift-transformers')
    cd /Users/trgysvc/Library/Developer/Xcode/DerivedData/EliteAgent-btzokozrfsnzjtcxxfzhmbcisvbu/SourcePackages/checkouts/swift-transformers
    /Applications/Xcode.app/Contents/Developer/Toolchains/XcodeDefault.xctoolchain/usr/bin/appintentsmetadataprocessor --toolchain-dir /var/run/com.apple.security.cryptexd/mnt/com.apple.MobileAsset.MetalToolchain-v17.5.188.0.qT0CL0/Metal.xctoolchain --module-name Generation --sdk-root /Applications/Xcode.app/Contents/Developer/Platforms/MacOSX.platform/Developer/SDKs/MacOSX26.4.sdk --xcode-version 17E192 --platform-family macOS --deployment-target 13.0 --bundle-identifier swift-transformers.Generation --output /Users/trgysvc/Library/Developer/Xcode/DerivedData/EliteAgent-btzokozrfsnzjtcxxfzhmbcisvbu/Build/Products/Debug/Generation.appintents --target-triple arm64-apple-macos13.0 --binary-file /Users/trgysvc/Library/Developer/Xcode/DerivedData/EliteAgent-btzokozrfsnzjtcxxfzhmbcisvbu/Build/Products/Debug/Generation.o --dependency-file /Users/trgysvc/Library/Developer/Xcode/DerivedData/EliteAgent-btzokozrfsnzjtcxxfzhmbcisvbu/Build/Intermediates.noindex/swift-transformers.build/Debug/Generation.build/Objects-normal/arm64/Generation_dependency_info.dat --stringsdata-file /Users/trgysvc/Library/Developer/Xcode/DerivedData/EliteAgent-btzokozrfsnzjtcxxfzhmbcisvbu/Build/Intermediates.noindex/swift-transformers.build/Debug/Generation.build/Objects-normal/arm64/ExtractedAppShortcutsMetadata.stringsdata --source-file-list /Users/trgysvc/Library/Developer/Xcode/DerivedData/EliteAgent-btzokozrfsnzjtcxxfzhmbcisvbu/Build/Intermediates.noindex/swift-transformers.build/Debug/Generation.build/Objects-normal/arm64/Generation.SwiftFileList --metadata-file-list /Users/trgysvc/Library/Developer/Xcode/DerivedData/EliteAgent-btzokozrfsnzjtcxxfzhmbcisvbu/Build/Intermediates.noindex/swift-transformers.build/Debug/Generation.build/Generation.DependencyMetadataFileList --static-metadata-file-list /Users/trgysvc/Library/Developer/Xcode/DerivedData/EliteAgent-btzokozrfsnzjtcxxfzhmbcisvbu/Build/Intermediates.noindex/swift-transformers.build/Debug/Generation.build/Generation.DependencyStaticMetadataFileList --swift-const-vals-list /Users/trgysvc/Library/Developer/Xcode/DerivedData/EliteAgent-btzokozrfsnzjtcxxfzhmbcisvbu/Build/Intermediates.noindex/swift-transformers.build/Debug/Generation.build/Objects-normal/arm64/Generation.SwiftConstValuesFileList --force --compile-time-extraction --deployment-aware-processing --validate-assistant-intents --no-app-shortcuts-localization
2026-04-10 01:47:11.491 appintentsmetadataprocessor[32280:243551] Starting appintentsmetadataprocessor export
2026-04-10 01:47:11.500 appintentsmetadataprocessor[32280:243551] Extracted no relevant App Intents symbols, skipping writing output

RegisterExecutionPolicyException /Users/trgysvc/Library/Developer/Xcode/DerivedData/EliteAgent-btzokozrfsnzjtcxxfzhmbcisvbu/Build/Products/Debug/Generation.o (in target 'Generation' from project 'swift-transformers')
    cd /Users/trgysvc/Library/Developer/Xcode/DerivedData/EliteAgent-btzokozrfsnzjtcxxfzhmbcisvbu/SourcePackages/checkouts/swift-transformers
    builtin-RegisterExecutionPolicyException /Users/trgysvc/Library/Developer/Xcode/DerivedData/EliteAgent-btzokozrfsnzjtcxxfzhmbcisvbu/Build/Products/Debug/Generation.o

Ld /Users/trgysvc/Library/Developer/Xcode/DerivedData/EliteAgent-btzokozrfsnzjtcxxfzhmbcisvbu/Build/Products/Debug/MLXOptimizers.o normal (in target 'MLXOptimizers' from project 'mlx-swift')
    cd /Users/trgysvc/Library/Developer/Xcode/DerivedData/EliteAgent-btzokozrfsnzjtcxxfzhmbcisvbu/SourcePackages/checkouts/mlx-swift
    /Applications/Xcode.app/Contents/Developer/Toolchains/XcodeDefault.xctoolchain/usr/bin/clang -Xlinker -reproducible -target arm64-apple-macos14.0 -r -isysroot /Applications/Xcode.app/Contents/Developer/Platforms/MacOSX.platform/Developer/SDKs/MacOSX26.4.sdk -O0 -w -F/Users/trgysvc/Library/Developer/Xcode/DerivedData/EliteAgent-btzokozrfsnzjtcxxfzhmbcisvbu/Build/Intermediates.noindex/EagerLinkingTBDs/Debug -F/Users/trgysvc/Library/Developer/Xcode/DerivedData/EliteAgent-btzokozrfsnzjtcxxfzhmbcisvbu/Build/Products/Debug/PackageFrameworks -F/Users/trgysvc/Library/Developer/Xcode/DerivedData/EliteAgent-btzokozrfsnzjtcxxfzhmbcisvbu/Build/Products/Debug/PackageFrameworks -F/Users/trgysvc/Library/Developer/Xcode/DerivedData/EliteAgent-btzokozrfsnzjtcxxfzhmbcisvbu/Build/Products/Debug/PackageFrameworks -F/Users/trgysvc/Library/Developer/Xcode/DerivedData/EliteAgent-btzokozrfsnzjtcxxfzhmbcisvbu/Build/Products/Debug/PackageFrameworks -F/Users/trgysvc/Library/Developer/Xcode/DerivedData/EliteAgent-btzokozrfsnzjtcxxfzhmbcisvbu/Build/Products/Debug/PackageFrameworks -F/Users/trgysvc/Library/Developer/Xcode/DerivedData/EliteAgent-btzokozrfsnzjtcxxfzhmbcisvbu/Build/Products/Debug/PackageFrameworks -F/Users/trgysvc/Library/Developer/Xcode/DerivedData/EliteAgent-btzokozrfsnzjtcxxfzhmbcisvbu/Build/Products/Debug/PackageFrameworks -F/Users/trgysvc/Library/Developer/Xcode/DerivedData/EliteAgent-btzokozrfsnzjtcxxfzhmbcisvbu/Build/Products/Debug -iframework /Applications/Xcode.app/Contents/Developer/Platforms/MacOSX.platform/Developer/Library/Frameworks -filelist /Users/trgysvc/Library/Developer/Xcode/DerivedData/EliteAgent-btzokozrfsnzjtcxxfzhmbcisvbu/Build/Intermediates.noindex/mlx-swift.build/Debug/MLXOptimizers.build/Objects-normal/arm64/MLXOptimizers.LinkFileList -nostdlib -Xlinker -object_path_lto -Xlinker /Users/trgysvc/Library/Developer/Xcode/DerivedData/EliteAgent-btzokozrfsnzjtcxxfzhmbcisvbu/Build/Intermediates.noindex/mlx-swift.build/Debug/MLXOptimizers.build/Objects-normal/arm64/MLXOptimizers_lto.o -Xlinker -no_deduplicate -Xlinker -dependency_info -Xlinker /Users/trgysvc/Library/Developer/Xcode/DerivedData/EliteAgent-btzokozrfsnzjtcxxfzhmbcisvbu/Build/Intermediates.noindex/mlx-swift.build/Debug/MLXOptimizers.build/Objects-normal/arm64/MLXOptimizers_dependency_info.dat -fobjc-link-runtime -L/Applications/Xcode.app/Contents/Developer/Toolchains/XcodeDefault.xctoolchain/usr/lib/swift/macosx -L/usr/lib/swift -Xlinker -add_ast_path -Xlinker /Users/trgysvc/Library/Developer/Xcode/DerivedData/EliteAgent-btzokozrfsnzjtcxxfzhmbcisvbu/Build/Intermediates.noindex/mlx-swift.build/Debug/MLXOptimizers.build/Objects-normal/arm64/MLXOptimizers.swiftmodule @/Users/trgysvc/Library/Developer/Xcode/DerivedData/EliteAgent-btzokozrfsnzjtcxxfzhmbcisvbu/Build/Intermediates.noindex/mlx-swift.build/Debug/MLXOptimizers.build/Objects-normal/arm64/MLXOptimizers-linker-args.resp -o /Users/trgysvc/Library/Developer/Xcode/DerivedData/EliteAgent-btzokozrfsnzjtcxxfzhmbcisvbu/Build/Products/Debug/MLXOptimizers.o

Ld /Users/trgysvc/Library/Developer/Xcode/DerivedData/EliteAgent-btzokozrfsnzjtcxxfzhmbcisvbu/Build/Products/Debug/Models.o normal (in target 'Models' from project 'swift-transformers')
    cd /Users/trgysvc/Library/Developer/Xcode/DerivedData/EliteAgent-btzokozrfsnzjtcxxfzhmbcisvbu/SourcePackages/checkouts/swift-transformers
    /Applications/Xcode.app/Contents/Developer/Toolchains/XcodeDefault.xctoolchain/usr/bin/clang -Xlinker -reproducible -target arm64-apple-macos13.0 -r -isysroot /Applications/Xcode.app/Contents/Developer/Platforms/MacOSX.platform/Developer/SDKs/MacOSX26.4.sdk -O0 -w -F/Users/trgysvc/Library/Developer/Xcode/DerivedData/EliteAgent-btzokozrfsnzjtcxxfzhmbcisvbu/Build/Intermediates.noindex/EagerLinkingTBDs/Debug -F/Users/trgysvc/Library/Developer/Xcode/DerivedData/EliteAgent-btzokozrfsnzjtcxxfzhmbcisvbu/Build/Products/Debug/PackageFrameworks -F/Users/trgysvc/Library/Developer/Xcode/DerivedData/EliteAgent-btzokozrfsnzjtcxxfzhmbcisvbu/Build/Products/Debug/PackageFrameworks -F/Users/trgysvc/Library/Developer/Xcode/DerivedData/EliteAgent-btzokozrfsnzjtcxxfzhmbcisvbu/Build/Products/Debug/PackageFrameworks -F/Users/trgysvc/Library/Developer/Xcode/DerivedData/EliteAgent-btzokozrfsnzjtcxxfzhmbcisvbu/Build/Products/Debug/PackageFrameworks -F/Users/trgysvc/Library/Developer/Xcode/DerivedData/EliteAgent-btzokozrfsnzjtcxxfzhmbcisvbu/Build/Products/Debug/PackageFrameworks -F/Users/trgysvc/Library/Developer/Xcode/DerivedData/EliteAgent-btzokozrfsnzjtcxxfzhmbcisvbu/Build/Products/Debug/PackageFrameworks -F/Users/trgysvc/Library/Developer/Xcode/DerivedData/EliteAgent-btzokozrfsnzjtcxxfzhmbcisvbu/Build/Products/Debug/PackageFrameworks -F/Users/trgysvc/Library/Developer/Xcode/DerivedData/EliteAgent-btzokozrfsnzjtcxxfzhmbcisvbu/Build/Products/Debug/PackageFrameworks -F/Users/trgysvc/Library/Developer/Xcode/DerivedData/EliteAgent-btzokozrfsnzjtcxxfzhmbcisvbu/Build/Products/Debug -iframework /Applications/Xcode.app/Contents/Developer/Platforms/MacOSX.platform/Developer/Library/Frameworks -filelist /Users/trgysvc/Library/Developer/Xcode/DerivedData/EliteAgent-btzokozrfsnzjtcxxfzhmbcisvbu/Build/Intermediates.noindex/swift-transformers.build/Debug/Models.build/Objects-normal/arm64/Models.LinkFileList -nostdlib -Xlinker -object_path_lto -Xlinker /Users/trgysvc/Library/Developer/Xcode/DerivedData/EliteAgent-btzokozrfsnzjtcxxfzhmbcisvbu/Build/Intermediates.noindex/swift-transformers.build/Debug/Models.build/Objects-normal/arm64/Models_lto.o -Xlinker -no_deduplicate -Xlinker -dependency_info -Xlinker /Users/trgysvc/Library/Developer/Xcode/DerivedData/EliteAgent-btzokozrfsnzjtcxxfzhmbcisvbu/Build/Intermediates.noindex/swift-transformers.build/Debug/Models.build/Objects-normal/arm64/Models_dependency_info.dat -fobjc-link-runtime -L/Applications/Xcode.app/Contents/Developer/Toolchains/XcodeDefault.xctoolchain/usr/lib/swift/macosx -L/usr/lib/swift -Xlinker -add_ast_path -Xlinker /Users/trgysvc/Library/Developer/Xcode/DerivedData/EliteAgent-btzokozrfsnzjtcxxfzhmbcisvbu/Build/Intermediates.noindex/swift-transformers.build/Debug/Models.build/Objects-normal/arm64/Models.swiftmodule @/Users/trgysvc/Library/Developer/Xcode/DerivedData/EliteAgent-btzokozrfsnzjtcxxfzhmbcisvbu/Build/Intermediates.noindex/swift-transformers.build/Debug/Models.build/Objects-normal/arm64/Models-linker-args.resp -o /Users/trgysvc/Library/Developer/Xcode/DerivedData/EliteAgent-btzokozrfsnzjtcxxfzhmbcisvbu/Build/Products/Debug/Models.o

ExtractAppIntentsMetadata (in target 'MLXOptimizers' from project 'mlx-swift')
    cd /Users/trgysvc/Library/Developer/Xcode/DerivedData/EliteAgent-btzokozrfsnzjtcxxfzhmbcisvbu/SourcePackages/checkouts/mlx-swift
    /Applications/Xcode.app/Contents/Developer/Toolchains/XcodeDefault.xctoolchain/usr/bin/appintentsmetadataprocessor --toolchain-dir /var/run/com.apple.security.cryptexd/mnt/com.apple.MobileAsset.MetalToolchain-v17.5.188.0.qT0CL0/Metal.xctoolchain --module-name MLXOptimizers --sdk-root /Applications/Xcode.app/Contents/Developer/Platforms/MacOSX.platform/Developer/SDKs/MacOSX26.4.sdk --xcode-version 17E192 --platform-family macOS --deployment-target 14.0 --bundle-identifier mlx-swift.MLXOptimizers --output /Users/trgysvc/Library/Developer/Xcode/DerivedData/EliteAgent-btzokozrfsnzjtcxxfzhmbcisvbu/Build/Products/Debug/MLXOptimizers.appintents --target-triple arm64-apple-macos14.0 --binary-file /Users/trgysvc/Library/Developer/Xcode/DerivedData/EliteAgent-btzokozrfsnzjtcxxfzhmbcisvbu/Build/Products/Debug/MLXOptimizers.o --dependency-file /Users/trgysvc/Library/Developer/Xcode/DerivedData/EliteAgent-btzokozrfsnzjtcxxfzhmbcisvbu/Build/Intermediates.noindex/mlx-swift.build/Debug/MLXOptimizers.build/Objects-normal/arm64/MLXOptimizers_dependency_info.dat --stringsdata-file /Users/trgysvc/Library/Developer/Xcode/DerivedData/EliteAgent-btzokozrfsnzjtcxxfzhmbcisvbu/Build/Intermediates.noindex/mlx-swift.build/Debug/MLXOptimizers.build/Objects-normal/arm64/ExtractedAppShortcutsMetadata.stringsdata --source-file-list /Users/trgysvc/Library/Developer/Xcode/DerivedData/EliteAgent-btzokozrfsnzjtcxxfzhmbcisvbu/Build/Intermediates.noindex/mlx-swift.build/Debug/MLXOptimizers.build/Objects-normal/arm64/MLXOptimizers.SwiftFileList --metadata-file-list /Users/trgysvc/Library/Developer/Xcode/DerivedData/EliteAgent-btzokozrfsnzjtcxxfzhmbcisvbu/Build/Intermediates.noindex/mlx-swift.build/Debug/MLXOptimizers.build/MLXOptimizers.DependencyMetadataFileList --static-metadata-file-list /Users/trgysvc/Library/Developer/Xcode/DerivedData/EliteAgent-btzokozrfsnzjtcxxfzhmbcisvbu/Build/Intermediates.noindex/mlx-swift.build/Debug/MLXOptimizers.build/MLXOptimizers.DependencyStaticMetadataFileList --swift-const-vals-list /Users/trgysvc/Library/Developer/Xcode/DerivedData/EliteAgent-btzokozrfsnzjtcxxfzhmbcisvbu/Build/Intermediates.noindex/mlx-swift.build/Debug/MLXOptimizers.build/Objects-normal/arm64/MLXOptimizers.SwiftConstValuesFileList --force --compile-time-extraction --deployment-aware-processing --validate-assistant-intents --no-app-shortcuts-localization
2026-04-10 01:47:11.545 appintentsmetadataprocessor[32294:243602] Starting appintentsmetadataprocessor export
2026-04-10 01:47:11.552 appintentsmetadataprocessor[32294:243602] Extracted no relevant App Intents symbols, skipping writing output

ExtractAppIntentsMetadata (in target 'Models' from project 'swift-transformers')
    cd /Users/trgysvc/Library/Developer/Xcode/DerivedData/EliteAgent-btzokozrfsnzjtcxxfzhmbcisvbu/SourcePackages/checkouts/swift-transformers
    /Applications/Xcode.app/Contents/Developer/Toolchains/XcodeDefault.xctoolchain/usr/bin/appintentsmetadataprocessor --toolchain-dir /var/run/com.apple.security.cryptexd/mnt/com.apple.MobileAsset.MetalToolchain-v17.5.188.0.qT0CL0/Metal.xctoolchain --module-name Models --sdk-root /Applications/Xcode.app/Contents/Developer/Platforms/MacOSX.platform/Developer/SDKs/MacOSX26.4.sdk --xcode-version 17E192 --platform-family macOS --deployment-target 13.0 --bundle-identifier swift-transformers.Models --output /Users/trgysvc/Library/Developer/Xcode/DerivedData/EliteAgent-btzokozrfsnzjtcxxfzhmbcisvbu/Build/Products/Debug/Models.appintents --target-triple arm64-apple-macos13.0 --binary-file /Users/trgysvc/Library/Developer/Xcode/DerivedData/EliteAgent-btzokozrfsnzjtcxxfzhmbcisvbu/Build/Products/Debug/Models.o --dependency-file /Users/trgysvc/Library/Developer/Xcode/DerivedData/EliteAgent-btzokozrfsnzjtcxxfzhmbcisvbu/Build/Intermediates.noindex/swift-transformers.build/Debug/Models.build/Objects-normal/arm64/Models_dependency_info.dat --stringsdata-file /Users/trgysvc/Library/Developer/Xcode/DerivedData/EliteAgent-btzokozrfsnzjtcxxfzhmbcisvbu/Build/Intermediates.noindex/swift-transformers.build/Debug/Models.build/Objects-normal/arm64/ExtractedAppShortcutsMetadata.stringsdata --source-file-list /Users/trgysvc/Library/Developer/Xcode/DerivedData/EliteAgent-btzokozrfsnzjtcxxfzhmbcisvbu/Build/Intermediates.noindex/swift-transformers.build/Debug/Models.build/Objects-normal/arm64/Models.SwiftFileList --metadata-file-list /Users/trgysvc/Library/Developer/Xcode/DerivedData/EliteAgent-btzokozrfsnzjtcxxfzhmbcisvbu/Build/Intermediates.noindex/swift-transformers.build/Debug/Models.build/Models.DependencyMetadataFileList --static-metadata-file-list /Users/trgysvc/Library/Developer/Xcode/DerivedData/EliteAgent-btzokozrfsnzjtcxxfzhmbcisvbu/Build/Intermediates.noindex/swift-transformers.build/Debug/Models.build/Models.DependencyStaticMetadataFileList --swift-const-vals-list /Users/trgysvc/Library/Developer/Xcode/DerivedData/EliteAgent-btzokozrfsnzjtcxxfzhmbcisvbu/Build/Intermediates.noindex/swift-transformers.build/Debug/Models.build/Objects-normal/arm64/Models.SwiftConstValuesFileList --force --compile-time-extraction --deployment-aware-processing --validate-assistant-intents --no-app-shortcuts-localization
2026-04-10 01:47:11.548 appintentsmetadataprocessor[32295:243603] Starting appintentsmetadataprocessor export
2026-04-10 01:47:11.556 appintentsmetadataprocessor[32295:243603] Extracted no relevant App Intents symbols, skipping writing output

RegisterExecutionPolicyException /Users/trgysvc/Library/Developer/Xcode/DerivedData/EliteAgent-btzokozrfsnzjtcxxfzhmbcisvbu/Build/Products/Debug/MLXOptimizers.o (in target 'MLXOptimizers' from project 'mlx-swift')
    cd /Users/trgysvc/Library/Developer/Xcode/DerivedData/EliteAgent-btzokozrfsnzjtcxxfzhmbcisvbu/SourcePackages/checkouts/mlx-swift
    builtin-RegisterExecutionPolicyException /Users/trgysvc/Library/Developer/Xcode/DerivedData/EliteAgent-btzokozrfsnzjtcxxfzhmbcisvbu/Build/Products/Debug/MLXOptimizers.o

RegisterExecutionPolicyException /Users/trgysvc/Library/Developer/Xcode/DerivedData/EliteAgent-btzokozrfsnzjtcxxfzhmbcisvbu/Build/Products/Debug/Models.o (in target 'Models' from project 'swift-transformers')
    cd /Users/trgysvc/Library/Developer/Xcode/DerivedData/EliteAgent-btzokozrfsnzjtcxxfzhmbcisvbu/SourcePackages/checkouts/swift-transformers
    builtin-RegisterExecutionPolicyException /Users/trgysvc/Library/Developer/Xcode/DerivedData/EliteAgent-btzokozrfsnzjtcxxfzhmbcisvbu/Build/Products/Debug/Models.o

Ld /Users/trgysvc/Library/Developer/Xcode/DerivedData/EliteAgent-btzokozrfsnzjtcxxfzhmbcisvbu/Build/Products/Debug/MLXLMCommon.o normal (in target 'MLXLMCommon' from project 'mlx-swift-lm')
    cd /Users/trgysvc/Library/Developer/Xcode/DerivedData/EliteAgent-btzokozrfsnzjtcxxfzhmbcisvbu/SourcePackages/checkouts/mlx-swift-lm
    /Applications/Xcode.app/Contents/Developer/Toolchains/XcodeDefault.xctoolchain/usr/bin/clang -Xlinker -reproducible -target arm64-apple-macos14.0 -r -isysroot /Applications/Xcode.app/Contents/Developer/Platforms/MacOSX.platform/Developer/SDKs/MacOSX26.4.sdk -O0 -w -F/Users/trgysvc/Library/Developer/Xcode/DerivedData/EliteAgent-btzokozrfsnzjtcxxfzhmbcisvbu/Build/Intermediates.noindex/EagerLinkingTBDs/Debug -F/Users/trgysvc/Library/Developer/Xcode/DerivedData/EliteAgent-btzokozrfsnzjtcxxfzhmbcisvbu/Build/Products/Debug/PackageFrameworks -F/Users/trgysvc/Library/Developer/Xcode/DerivedData/EliteAgent-btzokozrfsnzjtcxxfzhmbcisvbu/Build/Products/Debug/PackageFrameworks -F/Users/trgysvc/Library/Developer/Xcode/DerivedData/EliteAgent-btzokozrfsnzjtcxxfzhmbcisvbu/Build/Products/Debug/PackageFrameworks -F/Users/trgysvc/Library/Developer/Xcode/DerivedData/EliteAgent-btzokozrfsnzjtcxxfzhmbcisvbu/Build/Products/Debug/PackageFrameworks -F/Users/trgysvc/Library/Developer/Xcode/DerivedData/EliteAgent-btzokozrfsnzjtcxxfzhmbcisvbu/Build/Products/Debug/PackageFrameworks -F/Users/trgysvc/Library/Developer/Xcode/DerivedData/EliteAgent-btzokozrfsnzjtcxxfzhmbcisvbu/Build/Products/Debug/PackageFrameworks -F/Users/trgysvc/Library/Developer/Xcode/DerivedData/EliteAgent-btzokozrfsnzjtcxxfzhmbcisvbu/Build/Products/Debug/PackageFrameworks -F/Users/trgysvc/Library/Developer/Xcode/DerivedData/EliteAgent-btzokozrfsnzjtcxxfzhmbcisvbu/Build/Products/Debug/PackageFrameworks -F/Users/trgysvc/Library/Developer/Xcode/DerivedData/EliteAgent-btzokozrfsnzjtcxxfzhmbcisvbu/Build/Products/Debug/PackageFrameworks -F/Users/trgysvc/Library/Developer/Xcode/DerivedData/EliteAgent-btzokozrfsnzjtcxxfzhmbcisvbu/Build/Products/Debug/PackageFrameworks -F/Users/trgysvc/Library/Developer/Xcode/DerivedData/EliteAgent-btzokozrfsnzjtcxxfzhmbcisvbu/Build/Products/Debug/PackageFrameworks -F/Users/trgysvc/Library/Developer/Xcode/DerivedData/EliteAgent-btzokozrfsnzjtcxxfzhmbcisvbu/Build/Products/Debug/PackageFrameworks -F/Users/trgysvc/Library/Developer/Xcode/DerivedData/EliteAgent-btzokozrfsnzjtcxxfzhmbcisvbu/Build/Products/Debug/PackageFrameworks -F/Users/trgysvc/Library/Developer/Xcode/DerivedData/EliteAgent-btzokozrfsnzjtcxxfzhmbcisvbu/Build/Products/Debug/PackageFrameworks -F/Users/trgysvc/Library/Developer/Xcode/DerivedData/EliteAgent-btzokozrfsnzjtcxxfzhmbcisvbu/Build/Products/Debug/PackageFrameworks -F/Users/trgysvc/Library/Developer/Xcode/DerivedData/EliteAgent-btzokozrfsnzjtcxxfzhmbcisvbu/Build/Products/Debug/PackageFrameworks -F/Users/trgysvc/Library/Developer/Xcode/DerivedData/EliteAgent-btzokozrfsnzjtcxxfzhmbcisvbu/Build/Products/Debug/PackageFrameworks -F/Users/trgysvc/Library/Developer/Xcode/DerivedData/EliteAgent-btzokozrfsnzjtcxxfzhmbcisvbu/Build/Products/Debug -iframework /Applications/Xcode.app/Contents/Developer/Platforms/MacOSX.platform/Developer/Library/Frameworks -filelist /Users/trgysvc/Library/Developer/Xcode/DerivedData/EliteAgent-btzokozrfsnzjtcxxfzhmbcisvbu/Build/Intermediates.noindex/mlx-swift-lm.build/Debug/MLXLMCommon.build/Objects-normal/arm64/MLXLMCommon.LinkFileList -nostdlib -Xlinker -object_path_lto -Xlinker /Users/trgysvc/Library/Developer/Xcode/DerivedData/EliteAgent-btzokozrfsnzjtcxxfzhmbcisvbu/Build/Intermediates.noindex/mlx-swift-lm.build/Debug/MLXLMCommon.build/Objects-normal/arm64/MLXLMCommon_lto.o -Xlinker -no_deduplicate -Xlinker -dependency_info -Xlinker /Users/trgysvc/Library/Developer/Xcode/DerivedData/EliteAgent-btzokozrfsnzjtcxxfzhmbcisvbu/Build/Intermediates.noindex/mlx-swift-lm.build/Debug/MLXLMCommon.build/Objects-normal/arm64/MLXLMCommon_dependency_info.dat -fobjc-link-runtime -L/Applications/Xcode.app/Contents/Developer/Toolchains/XcodeDefault.xctoolchain/usr/lib/swift/macosx -L/usr/lib/swift -Xlinker -add_ast_path -Xlinker /Users/trgysvc/Library/Developer/Xcode/DerivedData/EliteAgent-btzokozrfsnzjtcxxfzhmbcisvbu/Build/Intermediates.noindex/mlx-swift-lm.build/Debug/MLXLMCommon.build/Objects-normal/arm64/MLXLMCommon.swiftmodule @/Users/trgysvc/Library/Developer/Xcode/DerivedData/EliteAgent-btzokozrfsnzjtcxxfzhmbcisvbu/Build/Intermediates.noindex/mlx-swift-lm.build/Debug/MLXLMCommon.build/Objects-normal/arm64/MLXLMCommon-linker-args.resp -o /Users/trgysvc/Library/Developer/Xcode/DerivedData/EliteAgent-btzokozrfsnzjtcxxfzhmbcisvbu/Build/Products/Debug/MLXLMCommon.o

ExtractAppIntentsMetadata (in target 'MLXLMCommon' from project 'mlx-swift-lm')
    cd /Users/trgysvc/Library/Developer/Xcode/DerivedData/EliteAgent-btzokozrfsnzjtcxxfzhmbcisvbu/SourcePackages/checkouts/mlx-swift-lm
    /Applications/Xcode.app/Contents/Developer/Toolchains/XcodeDefault.xctoolchain/usr/bin/appintentsmetadataprocessor --toolchain-dir /var/run/com.apple.security.cryptexd/mnt/com.apple.MobileAsset.MetalToolchain-v17.5.188.0.qT0CL0/Metal.xctoolchain --module-name MLXLMCommon --sdk-root /Applications/Xcode.app/Contents/Developer/Platforms/MacOSX.platform/Developer/SDKs/MacOSX26.4.sdk --xcode-version 17E192 --platform-family macOS --deployment-target 14.0 --bundle-identifier mlx-swift-lm.MLXLMCommon --output /Users/trgysvc/Library/Developer/Xcode/DerivedData/EliteAgent-btzokozrfsnzjtcxxfzhmbcisvbu/Build/Products/Debug/MLXLMCommon.appintents --target-triple arm64-apple-macos14.0 --binary-file /Users/trgysvc/Library/Developer/Xcode/DerivedData/EliteAgent-btzokozrfsnzjtcxxfzhmbcisvbu/Build/Products/Debug/MLXLMCommon.o --dependency-file /Users/trgysvc/Library/Developer/Xcode/DerivedData/EliteAgent-btzokozrfsnzjtcxxfzhmbcisvbu/Build/Intermediates.noindex/mlx-swift-lm.build/Debug/MLXLMCommon.build/Objects-normal/arm64/MLXLMCommon_dependency_info.dat --stringsdata-file /Users/trgysvc/Library/Developer/Xcode/DerivedData/EliteAgent-btzokozrfsnzjtcxxfzhmbcisvbu/Build/Intermediates.noindex/mlx-swift-lm.build/Debug/MLXLMCommon.build/Objects-normal/arm64/ExtractedAppShortcutsMetadata.stringsdata --source-file-list /Users/trgysvc/Library/Developer/Xcode/DerivedData/EliteAgent-btzokozrfsnzjtcxxfzhmbcisvbu/Build/Intermediates.noindex/mlx-swift-lm.build/Debug/MLXLMCommon.build/Objects-normal/arm64/MLXLMCommon.SwiftFileList --metadata-file-list /Users/trgysvc/Library/Developer/Xcode/DerivedData/EliteAgent-btzokozrfsnzjtcxxfzhmbcisvbu/Build/Intermediates.noindex/mlx-swift-lm.build/Debug/MLXLMCommon.build/MLXLMCommon.DependencyMetadataFileList --static-metadata-file-list /Users/trgysvc/Library/Developer/Xcode/DerivedData/EliteAgent-btzokozrfsnzjtcxxfzhmbcisvbu/Build/Intermediates.noindex/mlx-swift-lm.build/Debug/MLXLMCommon.build/MLXLMCommon.DependencyStaticMetadataFileList --swift-const-vals-list /Users/trgysvc/Library/Developer/Xcode/DerivedData/EliteAgent-btzokozrfsnzjtcxxfzhmbcisvbu/Build/Intermediates.noindex/mlx-swift-lm.build/Debug/MLXLMCommon.build/Objects-normal/arm64/MLXLMCommon.SwiftConstValuesFileList --force --compile-time-extraction --deployment-aware-processing --validate-assistant-intents --no-app-shortcuts-localization
2026-04-10 01:47:11.613 appintentsmetadataprocessor[32298:243649] Starting appintentsmetadataprocessor export
2026-04-10 01:47:11.619 appintentsmetadataprocessor[32298:243649] Extracted no relevant App Intents symbols, skipping writing output

RegisterExecutionPolicyException /Users/trgysvc/Library/Developer/Xcode/DerivedData/EliteAgent-btzokozrfsnzjtcxxfzhmbcisvbu/Build/Products/Debug/MLXLMCommon.o (in target 'MLXLMCommon' from project 'mlx-swift-lm')
    cd /Users/trgysvc/Library/Developer/Xcode/DerivedData/EliteAgent-btzokozrfsnzjtcxxfzhmbcisvbu/SourcePackages/checkouts/mlx-swift-lm
    builtin-RegisterExecutionPolicyException /Users/trgysvc/Library/Developer/Xcode/DerivedData/EliteAgent-btzokozrfsnzjtcxxfzhmbcisvbu/Build/Products/Debug/MLXLMCommon.o

Ld /Users/trgysvc/Library/Developer/Xcode/DerivedData/EliteAgent-btzokozrfsnzjtcxxfzhmbcisvbu/Build/Products/Debug/MLXLLM.o normal (in target 'MLXLLM' from project 'mlx-swift-lm')
    cd /Users/trgysvc/Library/Developer/Xcode/DerivedData/EliteAgent-btzokozrfsnzjtcxxfzhmbcisvbu/SourcePackages/checkouts/mlx-swift-lm
    /Applications/Xcode.app/Contents/Developer/Toolchains/XcodeDefault.xctoolchain/usr/bin/clang -Xlinker -reproducible -target arm64-apple-macos14.0 -r -isysroot /Applications/Xcode.app/Contents/Developer/Platforms/MacOSX.platform/Developer/SDKs/MacOSX26.4.sdk -O0 -w -F/Users/trgysvc/Library/Developer/Xcode/DerivedData/EliteAgent-btzokozrfsnzjtcxxfzhmbcisvbu/Build/Intermediates.noindex/EagerLinkingTBDs/Debug -F/Users/trgysvc/Library/Developer/Xcode/DerivedData/EliteAgent-btzokozrfsnzjtcxxfzhmbcisvbu/Build/Products/Debug/PackageFrameworks -F/Users/trgysvc/Library/Developer/Xcode/DerivedData/EliteAgent-btzokozrfsnzjtcxxfzhmbcisvbu/Build/Products/Debug/PackageFrameworks -F/Users/trgysvc/Library/Developer/Xcode/DerivedData/EliteAgent-btzokozrfsnzjtcxxfzhmbcisvbu/Build/Products/Debug/PackageFrameworks -F/Users/trgysvc/Library/Developer/Xcode/DerivedData/EliteAgent-btzokozrfsnzjtcxxfzhmbcisvbu/Build/Products/Debug/PackageFrameworks -F/Users/trgysvc/Library/Developer/Xcode/DerivedData/EliteAgent-btzokozrfsnzjtcxxfzhmbcisvbu/Build/Products/Debug/PackageFrameworks -F/Users/trgysvc/Library/Developer/Xcode/DerivedData/EliteAgent-btzokozrfsnzjtcxxfzhmbcisvbu/Build/Products/Debug/PackageFrameworks -F/Users/trgysvc/Library/Developer/Xcode/DerivedData/EliteAgent-btzokozrfsnzjtcxxfzhmbcisvbu/Build/Products/Debug/PackageFrameworks -F/Users/trgysvc/Library/Developer/Xcode/DerivedData/EliteAgent-btzokozrfsnzjtcxxfzhmbcisvbu/Build/Products/Debug/PackageFrameworks -F/Users/trgysvc/Library/Developer/Xcode/DerivedData/EliteAgent-btzokozrfsnzjtcxxfzhmbcisvbu/Build/Products/Debug/PackageFrameworks -F/Users/trgysvc/Library/Developer/Xcode/DerivedData/EliteAgent-btzokozrfsnzjtcxxfzhmbcisvbu/Build/Products/Debug/PackageFrameworks -F/Users/trgysvc/Library/Developer/Xcode/DerivedData/EliteAgent-btzokozrfsnzjtcxxfzhmbcisvbu/Build/Products/Debug/PackageFrameworks -F/Users/trgysvc/Library/Developer/Xcode/DerivedData/EliteAgent-btzokozrfsnzjtcxxfzhmbcisvbu/Build/Products/Debug/PackageFrameworks -F/Users/trgysvc/Library/Developer/Xcode/DerivedData/EliteAgent-btzokozrfsnzjtcxxfzhmbcisvbu/Build/Products/Debug/PackageFrameworks -F/Users/trgysvc/Library/Developer/Xcode/DerivedData/EliteAgent-btzokozrfsnzjtcxxfzhmbcisvbu/Build/Products/Debug/PackageFrameworks -F/Users/trgysvc/Library/Developer/Xcode/DerivedData/EliteAgent-btzokozrfsnzjtcxxfzhmbcisvbu/Build/Products/Debug/PackageFrameworks -F/Users/trgysvc/Library/Developer/Xcode/DerivedData/EliteAgent-btzokozrfsnzjtcxxfzhmbcisvbu/Build/Products/Debug/PackageFrameworks -F/Users/trgysvc/Library/Developer/Xcode/DerivedData/EliteAgent-btzokozrfsnzjtcxxfzhmbcisvbu/Build/Products/Debug/PackageFrameworks -F/Users/trgysvc/Library/Developer/Xcode/DerivedData/EliteAgent-btzokozrfsnzjtcxxfzhmbcisvbu/Build/Products/Debug/PackageFrameworks -F/Users/trgysvc/Library/Developer/Xcode/DerivedData/EliteAgent-btzokozrfsnzjtcxxfzhmbcisvbu/Build/Products/Debug -iframework /Applications/Xcode.app/Contents/Developer/Platforms/MacOSX.platform/Developer/Library/Frameworks -filelist /Users/trgysvc/Library/Developer/Xcode/DerivedData/EliteAgent-btzokozrfsnzjtcxxfzhmbcisvbu/Build/Intermediates.noindex/mlx-swift-lm.build/Debug/MLXLLM.build/Objects-normal/arm64/MLXLLM.LinkFileList -nostdlib -Xlinker -object_path_lto -Xlinker /Users/trgysvc/Library/Developer/Xcode/DerivedData/EliteAgent-btzokozrfsnzjtcxxfzhmbcisvbu/Build/Intermediates.noindex/mlx-swift-lm.build/Debug/MLXLLM.build/Objects-normal/arm64/MLXLLM_lto.o -Xlinker -no_deduplicate -Xlinker -dependency_info -Xlinker /Users/trgysvc/Library/Developer/Xcode/DerivedData/EliteAgent-btzokozrfsnzjtcxxfzhmbcisvbu/Build/Intermediates.noindex/mlx-swift-lm.build/Debug/MLXLLM.build/Objects-normal/arm64/MLXLLM_dependency_info.dat -fobjc-link-runtime -L/Applications/Xcode.app/Contents/Developer/Toolchains/XcodeDefault.xctoolchain/usr/lib/swift/macosx -L/usr/lib/swift -Xlinker -add_ast_path -Xlinker /Users/trgysvc/Library/Developer/Xcode/DerivedData/EliteAgent-btzokozrfsnzjtcxxfzhmbcisvbu/Build/Intermediates.noindex/mlx-swift-lm.build/Debug/MLXLLM.build/Objects-normal/arm64/MLXLLM.swiftmodule @/Users/trgysvc/Library/Developer/Xcode/DerivedData/EliteAgent-btzokozrfsnzjtcxxfzhmbcisvbu/Build/Intermediates.noindex/mlx-swift-lm.build/Debug/MLXLLM.build/Objects-normal/arm64/MLXLLM-linker-args.resp -o /Users/trgysvc/Library/Developer/Xcode/DerivedData/EliteAgent-btzokozrfsnzjtcxxfzhmbcisvbu/Build/Products/Debug/MLXLLM.o

Ld /Users/trgysvc/Library/Developer/Xcode/DerivedData/EliteAgent-btzokozrfsnzjtcxxfzhmbcisvbu/Build/Products/Debug/MLXEmbedders.o normal (in target 'MLXEmbedders' from project 'mlx-swift-lm')
    cd /Users/trgysvc/Library/Developer/Xcode/DerivedData/EliteAgent-btzokozrfsnzjtcxxfzhmbcisvbu/SourcePackages/checkouts/mlx-swift-lm
    /Applications/Xcode.app/Contents/Developer/Toolchains/XcodeDefault.xctoolchain/usr/bin/clang -Xlinker -reproducible -target arm64-apple-macos14.0 -r -isysroot /Applications/Xcode.app/Contents/Developer/Platforms/MacOSX.platform/Developer/SDKs/MacOSX26.4.sdk -O0 -w -F/Users/trgysvc/Library/Developer/Xcode/DerivedData/EliteAgent-btzokozrfsnzjtcxxfzhmbcisvbu/Build/Intermediates.noindex/EagerLinkingTBDs/Debug -F/Users/trgysvc/Library/Developer/Xcode/DerivedData/EliteAgent-btzokozrfsnzjtcxxfzhmbcisvbu/Build/Products/Debug/PackageFrameworks -F/Users/trgysvc/Library/Developer/Xcode/DerivedData/EliteAgent-btzokozrfsnzjtcxxfzhmbcisvbu/Build/Products/Debug/PackageFrameworks -F/Users/trgysvc/Library/Developer/Xcode/DerivedData/EliteAgent-btzokozrfsnzjtcxxfzhmbcisvbu/Build/Products/Debug/PackageFrameworks -F/Users/trgysvc/Library/Developer/Xcode/DerivedData/EliteAgent-btzokozrfsnzjtcxxfzhmbcisvbu/Build/Products/Debug/PackageFrameworks -F/Users/trgysvc/Library/Developer/Xcode/DerivedData/EliteAgent-btzokozrfsnzjtcxxfzhmbcisvbu/Build/Products/Debug/PackageFrameworks -F/Users/trgysvc/Library/Developer/Xcode/DerivedData/EliteAgent-btzokozrfsnzjtcxxfzhmbcisvbu/Build/Products/Debug/PackageFrameworks -F/Users/trgysvc/Library/Developer/Xcode/DerivedData/EliteAgent-btzokozrfsnzjtcxxfzhmbcisvbu/Build/Products/Debug/PackageFrameworks -F/Users/trgysvc/Library/Developer/Xcode/DerivedData/EliteAgent-btzokozrfsnzjtcxxfzhmbcisvbu/Build/Products/Debug/PackageFrameworks -F/Users/trgysvc/Library/Developer/Xcode/DerivedData/EliteAgent-btzokozrfsnzjtcxxfzhmbcisvbu/Build/Products/Debug/PackageFrameworks -F/Users/trgysvc/Library/Developer/Xcode/DerivedData/EliteAgent-btzokozrfsnzjtcxxfzhmbcisvbu/Build/Products/Debug/PackageFrameworks -F/Users/trgysvc/Library/Developer/Xcode/DerivedData/EliteAgent-btzokozrfsnzjtcxxfzhmbcisvbu/Build/Products/Debug/PackageFrameworks -F/Users/trgysvc/Library/Developer/Xcode/DerivedData/EliteAgent-btzokozrfsnzjtcxxfzhmbcisvbu/Build/Products/Debug/PackageFrameworks -F/Users/trgysvc/Library/Developer/Xcode/DerivedData/EliteAgent-btzokozrfsnzjtcxxfzhmbcisvbu/Build/Products/Debug/PackageFrameworks -F/Users/trgysvc/Library/Developer/Xcode/DerivedData/EliteAgent-btzokozrfsnzjtcxxfzhmbcisvbu/Build/Products/Debug/PackageFrameworks -F/Users/trgysvc/Library/Developer/Xcode/DerivedData/EliteAgent-btzokozrfsnzjtcxxfzhmbcisvbu/Build/Products/Debug/PackageFrameworks -F/Users/trgysvc/Library/Developer/Xcode/DerivedData/EliteAgent-btzokozrfsnzjtcxxfzhmbcisvbu/Build/Products/Debug/PackageFrameworks -F/Users/trgysvc/Library/Developer/Xcode/DerivedData/EliteAgent-btzokozrfsnzjtcxxfzhmbcisvbu/Build/Products/Debug/PackageFrameworks -F/Users/trgysvc/Library/Developer/Xcode/DerivedData/EliteAgent-btzokozrfsnzjtcxxfzhmbcisvbu/Build/Products/Debug/PackageFrameworks -F/Users/trgysvc/Library/Developer/Xcode/DerivedData/EliteAgent-btzokozrfsnzjtcxxfzhmbcisvbu/Build/Products/Debug -iframework /Applications/Xcode.app/Contents/Developer/Platforms/MacOSX.platform/Developer/Library/Frameworks -filelist /Users/trgysvc/Library/Developer/Xcode/DerivedData/EliteAgent-btzokozrfsnzjtcxxfzhmbcisvbu/Build/Intermediates.noindex/mlx-swift-lm.build/Debug/MLXEmbedders.build/Objects-normal/arm64/MLXEmbedders.LinkFileList -nostdlib -Xlinker -object_path_lto -Xlinker /Users/trgysvc/Library/Developer/Xcode/DerivedData/EliteAgent-btzokozrfsnzjtcxxfzhmbcisvbu/Build/Intermediates.noindex/mlx-swift-lm.build/Debug/MLXEmbedders.build/Objects-normal/arm64/MLXEmbedders_lto.o -Xlinker -no_deduplicate -Xlinker -dependency_info -Xlinker /Users/trgysvc/Library/Developer/Xcode/DerivedData/EliteAgent-btzokozrfsnzjtcxxfzhmbcisvbu/Build/Intermediates.noindex/mlx-swift-lm.build/Debug/MLXEmbedders.build/Objects-normal/arm64/MLXEmbedders_dependency_info.dat -fobjc-link-runtime -L/Applications/Xcode.app/Contents/Developer/Toolchains/XcodeDefault.xctoolchain/usr/lib/swift/macosx -L/usr/lib/swift -Xlinker -add_ast_path -Xlinker /Users/trgysvc/Library/Developer/Xcode/DerivedData/EliteAgent-btzokozrfsnzjtcxxfzhmbcisvbu/Build/Intermediates.noindex/mlx-swift-lm.build/Debug/MLXEmbedders.build/Objects-normal/arm64/MLXEmbedders.swiftmodule @/Users/trgysvc/Library/Developer/Xcode/DerivedData/EliteAgent-btzokozrfsnzjtcxxfzhmbcisvbu/Build/Intermediates.noindex/mlx-swift-lm.build/Debug/MLXEmbedders.build/Objects-normal/arm64/MLXEmbedders-linker-args.resp -o /Users/trgysvc/Library/Developer/Xcode/DerivedData/EliteAgent-btzokozrfsnzjtcxxfzhmbcisvbu/Build/Products/Debug/MLXEmbedders.o

Ld /Users/trgysvc/Library/Developer/Xcode/DerivedData/EliteAgent-btzokozrfsnzjtcxxfzhmbcisvbu/Build/Products/Debug/MLXVLM.o normal (in target 'MLXVLM' from project 'mlx-swift-lm')
    cd /Users/trgysvc/Library/Developer/Xcode/DerivedData/EliteAgent-btzokozrfsnzjtcxxfzhmbcisvbu/SourcePackages/checkouts/mlx-swift-lm
    /Applications/Xcode.app/Contents/Developer/Toolchains/XcodeDefault.xctoolchain/usr/bin/clang -Xlinker -reproducible -target arm64-apple-macos14.0 -r -isysroot /Applications/Xcode.app/Contents/Developer/Platforms/MacOSX.platform/Developer/SDKs/MacOSX26.4.sdk -O0 -w -F/Users/trgysvc/Library/Developer/Xcode/DerivedData/EliteAgent-btzokozrfsnzjtcxxfzhmbcisvbu/Build/Intermediates.noindex/EagerLinkingTBDs/Debug -F/Users/trgysvc/Library/Developer/Xcode/DerivedData/EliteAgent-btzokozrfsnzjtcxxfzhmbcisvbu/Build/Products/Debug/PackageFrameworks -F/Users/trgysvc/Library/Developer/Xcode/DerivedData/EliteAgent-btzokozrfsnzjtcxxfzhmbcisvbu/Build/Products/Debug/PackageFrameworks -F/Users/trgysvc/Library/Developer/Xcode/DerivedData/EliteAgent-btzokozrfsnzjtcxxfzhmbcisvbu/Build/Products/Debug/PackageFrameworks -F/Users/trgysvc/Library/Developer/Xcode/DerivedData/EliteAgent-btzokozrfsnzjtcxxfzhmbcisvbu/Build/Products/Debug/PackageFrameworks -F/Users/trgysvc/Library/Developer/Xcode/DerivedData/EliteAgent-btzokozrfsnzjtcxxfzhmbcisvbu/Build/Products/Debug/PackageFrameworks -F/Users/trgysvc/Library/Developer/Xcode/DerivedData/EliteAgent-btzokozrfsnzjtcxxfzhmbcisvbu/Build/Products/Debug/PackageFrameworks -F/Users/trgysvc/Library/Developer/Xcode/DerivedData/EliteAgent-btzokozrfsnzjtcxxfzhmbcisvbu/Build/Products/Debug/PackageFrameworks -F/Users/trgysvc/Library/Developer/Xcode/DerivedData/EliteAgent-btzokozrfsnzjtcxxfzhmbcisvbu/Build/Products/Debug/PackageFrameworks -F/Users/trgysvc/Library/Developer/Xcode/DerivedData/EliteAgent-btzokozrfsnzjtcxxfzhmbcisvbu/Build/Products/Debug/PackageFrameworks -F/Users/trgysvc/Library/Developer/Xcode/DerivedData/EliteAgent-btzokozrfsnzjtcxxfzhmbcisvbu/Build/Products/Debug/PackageFrameworks -F/Users/trgysvc/Library/Developer/Xcode/DerivedData/EliteAgent-btzokozrfsnzjtcxxfzhmbcisvbu/Build/Products/Debug/PackageFrameworks -F/Users/trgysvc/Library/Developer/Xcode/DerivedData/EliteAgent-btzokozrfsnzjtcxxfzhmbcisvbu/Build/Products/Debug/PackageFrameworks -F/Users/trgysvc/Library/Developer/Xcode/DerivedData/EliteAgent-btzokozrfsnzjtcxxfzhmbcisvbu/Build/Products/Debug/PackageFrameworks -F/Users/trgysvc/Library/Developer/Xcode/DerivedData/EliteAgent-btzokozrfsnzjtcxxfzhmbcisvbu/Build/Products/Debug/PackageFrameworks -F/Users/trgysvc/Library/Developer/Xcode/DerivedData/EliteAgent-btzokozrfsnzjtcxxfzhmbcisvbu/Build/Products/Debug/PackageFrameworks -F/Users/trgysvc/Library/Developer/Xcode/DerivedData/EliteAgent-btzokozrfsnzjtcxxfzhmbcisvbu/Build/Products/Debug/PackageFrameworks -F/Users/trgysvc/Library/Developer/Xcode/DerivedData/EliteAgent-btzokozrfsnzjtcxxfzhmbcisvbu/Build/Products/Debug/PackageFrameworks -F/Users/trgysvc/Library/Developer/Xcode/DerivedData/EliteAgent-btzokozrfsnzjtcxxfzhmbcisvbu/Build/Products/Debug/PackageFrameworks -F/Users/trgysvc/Library/Developer/Xcode/DerivedData/EliteAgent-btzokozrfsnzjtcxxfzhmbcisvbu/Build/Products/Debug -iframework /Applications/Xcode.app/Contents/Developer/Platforms/MacOSX.platform/Developer/Library/Frameworks -filelist /Users/trgysvc/Library/Developer/Xcode/DerivedData/EliteAgent-btzokozrfsnzjtcxxfzhmbcisvbu/Build/Intermediates.noindex/mlx-swift-lm.build/Debug/MLXVLM.build/Objects-normal/arm64/MLXVLM.LinkFileList -nostdlib -Xlinker -object_path_lto -Xlinker /Users/trgysvc/Library/Developer/Xcode/DerivedData/EliteAgent-btzokozrfsnzjtcxxfzhmbcisvbu/Build/Intermediates.noindex/mlx-swift-lm.build/Debug/MLXVLM.build/Objects-normal/arm64/MLXVLM_lto.o -Xlinker -no_deduplicate -Xlinker -dependency_info -Xlinker /Users/trgysvc/Library/Developer/Xcode/DerivedData/EliteAgent-btzokozrfsnzjtcxxfzhmbcisvbu/Build/Intermediates.noindex/mlx-swift-lm.build/Debug/MLXVLM.build/Objects-normal/arm64/MLXVLM_dependency_info.dat -fobjc-link-runtime -L/Applications/Xcode.app/Contents/Developer/Toolchains/XcodeDefault.xctoolchain/usr/lib/swift/macosx -L/usr/lib/swift -Xlinker -add_ast_path -Xlinker /Users/trgysvc/Library/Developer/Xcode/DerivedData/EliteAgent-btzokozrfsnzjtcxxfzhmbcisvbu/Build/Intermediates.noindex/mlx-swift-lm.build/Debug/MLXVLM.build/Objects-normal/arm64/MLXVLM.swiftmodule @/Users/trgysvc/Library/Developer/Xcode/DerivedData/EliteAgent-btzokozrfsnzjtcxxfzhmbcisvbu/Build/Intermediates.noindex/mlx-swift-lm.build/Debug/MLXVLM.build/Objects-normal/arm64/MLXVLM-linker-args.resp -o /Users/trgysvc/Library/Developer/Xcode/DerivedData/EliteAgent-btzokozrfsnzjtcxxfzhmbcisvbu/Build/Products/Debug/MLXVLM.o

SwiftDriverJobDiscovery normal arm64 Compiling main.swift (in target 'EliteAgentXPC' from project 'EliteAgent')

SwiftDriver\ Compilation EliteAgentXPC normal arm64 com.apple.xcode.tools.swift.compiler (in target 'EliteAgentXPC' from project 'EliteAgent')
    cd /Users/trgysvc/Developer/EliteAgent
    builtin-Swift-Compilation -- /Applications/Xcode.app/Contents/Developer/Toolchains/XcodeDefault.xctoolchain/usr/bin/swiftc -module-name EliteAgentXPC -Onone @/Users/trgysvc/Library/Developer/Xcode/DerivedData/EliteAgent-btzokozrfsnzjtcxxfzhmbcisvbu/Build/Intermediates.noindex/EliteAgent.build/Debug/EliteAgentXPC.build/Objects-normal/arm64/EliteAgentXPC.SwiftFileList -DDEBUG -Xcc -fmodule-map-file\=/Users/trgysvc/Library/Developer/Xcode/DerivedData/EliteAgent-btzokozrfsnzjtcxxfzhmbcisvbu/Build/Intermediates.noindex/GeneratedModuleMaps/yyjson.modulemap -enable-experimental-feature DebugDescriptionMacro -sdk /Applications/Xcode.app/Contents/Developer/Platforms/MacOSX.platform/Developer/SDKs/MacOSX26.4.sdk -target arm64-apple-macos15.0 -g -module-cache-path /Users/trgysvc/Library/Developer/Xcode/DerivedData/ModuleCache.noindex -Xfrontend -serialize-debugging-options -enable-testing -index-store-path /Users/trgysvc/Library/Developer/Xcode/DerivedData/EliteAgent-btzokozrfsnzjtcxxfzhmbcisvbu/Index.noindex/DataStore -Xcc -D_LIBCPP_HARDENING_MODE\=_LIBCPP_HARDENING_MODE_DEBUG -swift-version 6 -I /Users/trgysvc/Library/Developer/Xcode/DerivedData/EliteAgent-btzokozrfsnzjtcxxfzhmbcisvbu/Build/Products/Debug -I /Users/trgysvc/Library/Developer/Xcode/DerivedData/EliteAgent-btzokozrfsnzjtcxxfzhmbcisvbu/Build/Products/Debug -I /Users/trgysvc/Library/Developer/Xcode/DerivedData/EliteAgent-btzokozrfsnzjtcxxfzhmbcisvbu/Build/Products/Debug/include -F /Users/trgysvc/Library/Developer/Xcode/DerivedData/EliteAgent-btzokozrfsnzjtcxxfzhmbcisvbu/Build/Products/Debug/PackageFrameworks -F /Users/trgysvc/Library/Developer/Xcode/DerivedData/EliteAgent-btzokozrfsnzjtcxxfzhmbcisvbu/Build/Products/Debug/PackageFrameworks -F /Users/trgysvc/Library/Developer/Xcode/DerivedData/EliteAgent-btzokozrfsnzjtcxxfzhmbcisvbu/Build/Products/Debug/PackageFrameworks -F /Users/trgysvc/Library/Developer/Xcode/DerivedData/EliteAgent-btzokozrfsnzjtcxxfzhmbcisvbu/Build/Products/Debug/PackageFrameworks -F /Users/trgysvc/Library/Developer/Xcode/DerivedData/EliteAgent-btzokozrfsnzjtcxxfzhmbcisvbu/Build/Products/Debug/PackageFrameworks -F /Users/trgysvc/Library/Developer/Xcode/DerivedData/EliteAgent-btzokozrfsnzjtcxxfzhmbcisvbu/Build/Products/Debug/PackageFrameworks -F /Users/trgysvc/Library/Developer/Xcode/DerivedData/EliteAgent-btzokozrfsnzjtcxxfzhmbcisvbu/Build/Products/Debug/PackageFrameworks -F /Users/trgysvc/Library/Developer/Xcode/DerivedData/EliteAgent-btzokozrfsnzjtcxxfzhmbcisvbu/Build/Products/Debug/PackageFrameworks -F /Users/trgysvc/Library/Developer/Xcode/DerivedData/EliteAgent-btzokozrfsnzjtcxxfzhmbcisvbu/Build/Products/Debug/PackageFrameworks -F /Users/trgysvc/Library/Developer/Xcode/DerivedData/EliteAgent-btzokozrfsnzjtcxxfzhmbcisvbu/Build/Products/Debug/PackageFrameworks -F /Users/trgysvc/Library/Developer/Xcode/DerivedData/EliteAgent-btzokozrfsnzjtcxxfzhmbcisvbu/Build/Products/Debug/PackageFrameworks -F /Users/trgysvc/Library/Developer/Xcode/DerivedData/EliteAgent-btzokozrfsnzjtcxxfzhmbcisvbu/Build/Products/Debug/PackageFrameworks -F /Users/trgysvc/Library/Developer/Xcode/DerivedData/EliteAgent-btzokozrfsnzjtcxxfzhmbcisvbu/Build/Products/Debug/PackageFrameworks -F /Users/trgysvc/Library/Developer/Xcode/DerivedData/EliteAgent-btzokozrfsnzjtcxxfzhmbcisvbu/Build/Products/Debug/PackageFrameworks -F /Users/trgysvc/Library/Developer/Xcode/DerivedData/EliteAgent-btzokozrfsnzjtcxxfzhmbcisvbu/Build/Products/Debug/PackageFrameworks -F /Users/trgysvc/Library/Developer/Xcode/DerivedData/EliteAgent-btzokozrfsnzjtcxxfzhmbcisvbu/Build/Products/Debug/PackageFrameworks -F /Users/trgysvc/Library/Developer/Xcode/DerivedData/EliteAgent-btzokozrfsnzjtcxxfzhmbcisvbu/Build/Products/Debug/PackageFrameworks -F /Users/trgysvc/Library/Developer/Xcode/DerivedData/EliteAgent-btzokozrfsnzjtcxxfzhmbcisvbu/Build/Products/Debug/PackageFrameworks -F /Users/trgysvc/Library/Developer/Xcode/DerivedData/EliteAgent-btzokozrfsnzjtcxxfzhmbcisvbu/Build/Products/Debug/PackageFrameworks -F /Users/trgysvc/Library/Developer/Xcode/DerivedData/EliteAgent-btzokozrfsnzjtcxxfzhmbcisvbu/Build/Products/Debug/PackageFrameworks -F /Users/trgysvc/Library/Developer/Xcode/DerivedData/EliteAgent-btzokozrfsnzjtcxxfzhmbcisvbu/Build/Products/Debug/PackageFrameworks -F /Users/trgysvc/Library/Developer/Xcode/DerivedData/EliteAgent-btzokozrfsnzjtcxxfzhmbcisvbu/Build/Products/Debug/PackageFrameworks -F /Users/trgysvc/Library/Developer/Xcode/DerivedData/EliteAgent-btzokozrfsnzjtcxxfzhmbcisvbu/Build/Products/Debug/PackageFrameworks -F /Users/trgysvc/Library/Developer/Xcode/DerivedData/EliteAgent-btzokozrfsnzjtcxxfzhmbcisvbu/Build/Products/Debug/PackageFrameworks -F /Users/trgysvc/Library/Developer/Xcode/DerivedData/EliteAgent-btzokozrfsnzjtcxxfzhmbcisvbu/Build/Products/Debug/PackageFrameworks -F /Users/trgysvc/Library/Developer/Xcode/DerivedData/EliteAgent-btzokozrfsnzjtcxxfzhmbcisvbu/Build/Products/Debug -c -j10 -enable-batch-mode -incremental -Xcc -ivfsstatcache -Xcc /Users/trgysvc/Library/Developer/Xcode/DerivedData/SDKStatCaches.noindex/macosx26.4-25E236-688ef53f1462e2c8f657fdc38a81448f30f9ca8789b706f8bd3fc906a70d770f.sdkstatcache -output-file-map /Users/trgysvc/Library/Developer/Xcode/DerivedData/EliteAgent-btzokozrfsnzjtcxxfzhmbcisvbu/Build/Intermediates.noindex/EliteAgent.build/Debug/EliteAgentXPC.build/Objects-normal/arm64/EliteAgentXPC-OutputFileMap.json -use-frontend-parseable-output -save-temps -no-color-diagnostics -serialize-diagnostics -emit-dependencies -emit-module -emit-module-path /Users/trgysvc/Library/Developer/Xcode/DerivedData/EliteAgent-btzokozrfsnzjtcxxfzhmbcisvbu/Build/Intermediates.noindex/EliteAgent.build/Debug/EliteAgentXPC.build/Objects-normal/arm64/EliteAgentXPC.swiftmodule -validate-clang-modules-once -clang-build-session-file /Users/trgysvc/Library/Developer/Xcode/DerivedData/ModuleCache.noindex/Session.modulevalidation -Xcc -I/Users/trgysvc/Library/Developer/Xcode/DerivedData/EliteAgent-btzokozrfsnzjtcxxfzhmbcisvbu/Build/Intermediates.noindex/EliteAgent.build/Debug/EliteAgentXPC.build/swift-overrides.hmap -emit-const-values -Xfrontend -const-gather-protocols-file -Xfrontend /Users/trgysvc/Library/Developer/Xcode/DerivedData/EliteAgent-btzokozrfsnzjtcxxfzhmbcisvbu/Build/Intermediates.noindex/EliteAgent.build/Debug/EliteAgentXPC.build/Objects-normal/arm64/EliteAgentXPC_const_extract_protocols.json -Xcc -iquote -Xcc /Users/trgysvc/Library/Developer/Xcode/DerivedData/EliteAgent-btzokozrfsnzjtcxxfzhmbcisvbu/Build/Intermediates.noindex/EliteAgent.build/Debug/EliteAgentXPC.build/EliteAgentXPC-generated-files.hmap -Xcc -I/Users/trgysvc/Library/Developer/Xcode/DerivedData/EliteAgent-btzokozrfsnzjtcxxfzhmbcisvbu/Build/Intermediates.noindex/EliteAgent.build/Debug/EliteAgentXPC.build/EliteAgentXPC-own-target-headers.hmap -Xcc -I/Users/trgysvc/Library/Developer/Xcode/DerivedData/EliteAgent-btzokozrfsnzjtcxxfzhmbcisvbu/Build/Intermediates.noindex/EliteAgent.build/Debug/EliteAgentXPC.build/EliteAgentXPC-all-non-framework-target-headers.hmap -Xcc -ivfsoverlay -Xcc /Users/trgysvc/Library/Developer/Xcode/DerivedData/EliteAgent-btzokozrfsnzjtcxxfzhmbcisvbu/Build/Intermediates.noindex/EliteAgent.build/Debug/EliteAgent-721b4d269f90b0c1aa899c38a8b2021d-VFS/all-product-headers.yaml -Xcc -iquote -Xcc /Users/trgysvc/Library/Developer/Xcode/DerivedData/EliteAgent-btzokozrfsnzjtcxxfzhmbcisvbu/Build/Intermediates.noindex/EliteAgent.build/Debug/EliteAgentXPC.build/EliteAgentXPC-project-headers.hmap -Xcc -I/Users/trgysvc/Library/Developer/Xcode/DerivedData/EliteAgent-btzokozrfsnzjtcxxfzhmbcisvbu/SourcePackages/checkouts/swift-numerics/Sources/_NumericsShims/include -Xcc -I/Users/trgysvc/Library/Developer/Xcode/DerivedData/EliteAgent-btzokozrfsnzjtcxxfzhmbcisvbu/SourcePackages/checkouts/mlx-swift/Source/Cmlx/include -Xcc -I/Users/trgysvc/Library/Developer/Xcode/DerivedData/EliteAgent-btzokozrfsnzjtcxxfzhmbcisvbu/SourcePackages/checkouts/yyjson/src -Xcc -I/Users/trgysvc/Library/Developer/Xcode/DerivedData/EliteAgent-btzokozrfsnzjtcxxfzhmbcisvbu/Build/Products/Debug/include -Xcc -I/Users/trgysvc/Library/Developer/Xcode/DerivedData/EliteAgent-btzokozrfsnzjtcxxfzhmbcisvbu/Build/Intermediates.noindex/EliteAgent.build/Debug/EliteAgentXPC.build/DerivedSources-normal/arm64 -Xcc -I/Users/trgysvc/Library/Developer/Xcode/DerivedData/EliteAgent-btzokozrfsnzjtcxxfzhmbcisvbu/Build/Intermediates.noindex/EliteAgent.build/Debug/EliteAgentXPC.build/DerivedSources/arm64 -Xcc -I/Users/trgysvc/Library/Developer/Xcode/DerivedData/EliteAgent-btzokozrfsnzjtcxxfzhmbcisvbu/Build/Intermediates.noindex/EliteAgent.build/Debug/EliteAgentXPC.build/DerivedSources -Xcc -DDEBUG\=1 -emit-objc-header -emit-objc-header-path /Users/trgysvc/Library/Developer/Xcode/DerivedData/EliteAgent-btzokozrfsnzjtcxxfzhmbcisvbu/Build/Intermediates.noindex/EliteAgent.build/Debug/EliteAgentXPC.build/Objects-normal/arm64/EliteAgentXPC-Swift.h -working-directory /Users/trgysvc/Developer/EliteAgent -experimental-emit-module-separately -disable-cmo

ExtractAppIntentsMetadata (in target 'MLXEmbedders' from project 'mlx-swift-lm')
    cd /Users/trgysvc/Library/Developer/Xcode/DerivedData/EliteAgent-btzokozrfsnzjtcxxfzhmbcisvbu/SourcePackages/checkouts/mlx-swift-lm
    /Applications/Xcode.app/Contents/Developer/Toolchains/XcodeDefault.xctoolchain/usr/bin/appintentsmetadataprocessor --toolchain-dir /var/run/com.apple.security.cryptexd/mnt/com.apple.MobileAsset.MetalToolchain-v17.5.188.0.qT0CL0/Metal.xctoolchain --module-name MLXEmbedders --sdk-root /Applications/Xcode.app/Contents/Developer/Platforms/MacOSX.platform/Developer/SDKs/MacOSX26.4.sdk --xcode-version 17E192 --platform-family macOS --deployment-target 14.0 --bundle-identifier mlx-swift-lm.MLXEmbedders --output /Users/trgysvc/Library/Developer/Xcode/DerivedData/EliteAgent-btzokozrfsnzjtcxxfzhmbcisvbu/Build/Products/Debug/MLXEmbedders.appintents --target-triple arm64-apple-macos14.0 --binary-file /Users/trgysvc/Library/Developer/Xcode/DerivedData/EliteAgent-btzokozrfsnzjtcxxfzhmbcisvbu/Build/Products/Debug/MLXEmbedders.o --dependency-file /Users/trgysvc/Library/Developer/Xcode/DerivedData/EliteAgent-btzokozrfsnzjtcxxfzhmbcisvbu/Build/Intermediates.noindex/mlx-swift-lm.build/Debug/MLXEmbedders.build/Objects-normal/arm64/MLXEmbedders_dependency_info.dat --stringsdata-file /Users/trgysvc/Library/Developer/Xcode/DerivedData/EliteAgent-btzokozrfsnzjtcxxfzhmbcisvbu/Build/Intermediates.noindex/mlx-swift-lm.build/Debug/MLXEmbedders.build/Objects-normal/arm64/ExtractedAppShortcutsMetadata.stringsdata --source-file-list /Users/trgysvc/Library/Developer/Xcode/DerivedData/EliteAgent-btzokozrfsnzjtcxxfzhmbcisvbu/Build/Intermediates.noindex/mlx-swift-lm.build/Debug/MLXEmbedders.build/Objects-normal/arm64/MLXEmbedders.SwiftFileList --metadata-file-list /Users/trgysvc/Library/Developer/Xcode/DerivedData/EliteAgent-btzokozrfsnzjtcxxfzhmbcisvbu/Build/Intermediates.noindex/mlx-swift-lm.build/Debug/MLXEmbedders.build/MLXEmbedders.DependencyMetadataFileList --static-metadata-file-list /Users/trgysvc/Library/Developer/Xcode/DerivedData/EliteAgent-btzokozrfsnzjtcxxfzhmbcisvbu/Build/Intermediates.noindex/mlx-swift-lm.build/Debug/MLXEmbedders.build/MLXEmbedders.DependencyStaticMetadataFileList --swift-const-vals-list /Users/trgysvc/Library/Developer/Xcode/DerivedData/EliteAgent-btzokozrfsnzjtcxxfzhmbcisvbu/Build/Intermediates.noindex/mlx-swift-lm.build/Debug/MLXEmbedders.build/Objects-normal/arm64/MLXEmbedders.SwiftConstValuesFileList --force --compile-time-extraction --deployment-aware-processing --validate-assistant-intents --no-app-shortcuts-localization
2026-04-10 01:47:11.669 appintentsmetadataprocessor[32305:243695] Starting appintentsmetadataprocessor export
2026-04-10 01:47:11.675 appintentsmetadataprocessor[32305:243695] Extracted no relevant App Intents symbols, skipping writing output

ExtractAppIntentsMetadata (in target 'MLXVLM' from project 'mlx-swift-lm')
    cd /Users/trgysvc/Library/Developer/Xcode/DerivedData/EliteAgent-btzokozrfsnzjtcxxfzhmbcisvbu/SourcePackages/checkouts/mlx-swift-lm
    /Applications/Xcode.app/Contents/Developer/Toolchains/XcodeDefault.xctoolchain/usr/bin/appintentsmetadataprocessor --toolchain-dir /var/run/com.apple.security.cryptexd/mnt/com.apple.MobileAsset.MetalToolchain-v17.5.188.0.qT0CL0/Metal.xctoolchain --module-name MLXVLM --sdk-root /Applications/Xcode.app/Contents/Developer/Platforms/MacOSX.platform/Developer/SDKs/MacOSX26.4.sdk --xcode-version 17E192 --platform-family macOS --deployment-target 14.0 --bundle-identifier mlx-swift-lm.MLXVLM --output /Users/trgysvc/Library/Developer/Xcode/DerivedData/EliteAgent-btzokozrfsnzjtcxxfzhmbcisvbu/Build/Products/Debug/MLXVLM.appintents --target-triple arm64-apple-macos14.0 --binary-file /Users/trgysvc/Library/Developer/Xcode/DerivedData/EliteAgent-btzokozrfsnzjtcxxfzhmbcisvbu/Build/Products/Debug/MLXVLM.o --dependency-file /Users/trgysvc/Library/Developer/Xcode/DerivedData/EliteAgent-btzokozrfsnzjtcxxfzhmbcisvbu/Build/Intermediates.noindex/mlx-swift-lm.build/Debug/MLXVLM.build/Objects-normal/arm64/MLXVLM_dependency_info.dat --stringsdata-file /Users/trgysvc/Library/Developer/Xcode/DerivedData/EliteAgent-btzokozrfsnzjtcxxfzhmbcisvbu/Build/Intermediates.noindex/mlx-swift-lm.build/Debug/MLXVLM.build/Objects-normal/arm64/ExtractedAppShortcutsMetadata.stringsdata --source-file-list /Users/trgysvc/Library/Developer/Xcode/DerivedData/EliteAgent-btzokozrfsnzjtcxxfzhmbcisvbu/Build/Intermediates.noindex/mlx-swift-lm.build/Debug/MLXVLM.build/Objects-normal/arm64/MLXVLM.SwiftFileList --metadata-file-list /Users/trgysvc/Library/Developer/Xcode/DerivedData/EliteAgent-btzokozrfsnzjtcxxfzhmbcisvbu/Build/Intermediates.noindex/mlx-swift-lm.build/Debug/MLXVLM.build/MLXVLM.DependencyMetadataFileList --static-metadata-file-list /Users/trgysvc/Library/Developer/Xcode/DerivedData/EliteAgent-btzokozrfsnzjtcxxfzhmbcisvbu/Build/Intermediates.noindex/mlx-swift-lm.build/Debug/MLXVLM.build/MLXVLM.DependencyStaticMetadataFileList --swift-const-vals-list /Users/trgysvc/Library/Developer/Xcode/DerivedData/EliteAgent-btzokozrfsnzjtcxxfzhmbcisvbu/Build/Intermediates.noindex/mlx-swift-lm.build/Debug/MLXVLM.build/Objects-normal/arm64/MLXVLM.SwiftConstValuesFileList --force --compile-time-extraction --deployment-aware-processing --validate-assistant-intents --no-app-shortcuts-localization
2026-04-10 01:47:11.682 appintentsmetadataprocessor[32306:243698] Starting appintentsmetadataprocessor export
2026-04-10 01:47:11.690 appintentsmetadataprocessor[32306:243698] Extracted no relevant App Intents symbols, skipping writing output

RegisterExecutionPolicyException /Users/trgysvc/Library/Developer/Xcode/DerivedData/EliteAgent-btzokozrfsnzjtcxxfzhmbcisvbu/Build/Products/Debug/MLXEmbedders.o (in target 'MLXEmbedders' from project 'mlx-swift-lm')
    cd /Users/trgysvc/Library/Developer/Xcode/DerivedData/EliteAgent-btzokozrfsnzjtcxxfzhmbcisvbu/SourcePackages/checkouts/mlx-swift-lm
    builtin-RegisterExecutionPolicyException /Users/trgysvc/Library/Developer/Xcode/DerivedData/EliteAgent-btzokozrfsnzjtcxxfzhmbcisvbu/Build/Products/Debug/MLXEmbedders.o

ExtractAppIntentsMetadata (in target 'MLXLLM' from project 'mlx-swift-lm')
    cd /Users/trgysvc/Library/Developer/Xcode/DerivedData/EliteAgent-btzokozrfsnzjtcxxfzhmbcisvbu/SourcePackages/checkouts/mlx-swift-lm
    /Applications/Xcode.app/Contents/Developer/Toolchains/XcodeDefault.xctoolchain/usr/bin/appintentsmetadataprocessor --toolchain-dir /var/run/com.apple.security.cryptexd/mnt/com.apple.MobileAsset.MetalToolchain-v17.5.188.0.qT0CL0/Metal.xctoolchain --module-name MLXLLM --sdk-root /Applications/Xcode.app/Contents/Developer/Platforms/MacOSX.platform/Developer/SDKs/MacOSX26.4.sdk --xcode-version 17E192 --platform-family macOS --deployment-target 14.0 --bundle-identifier mlx-swift-lm.MLXLLM --output /Users/trgysvc/Library/Developer/Xcode/DerivedData/EliteAgent-btzokozrfsnzjtcxxfzhmbcisvbu/Build/Products/Debug/MLXLLM.appintents --target-triple arm64-apple-macos14.0 --binary-file /Users/trgysvc/Library/Developer/Xcode/DerivedData/EliteAgent-btzokozrfsnzjtcxxfzhmbcisvbu/Build/Products/Debug/MLXLLM.o --dependency-file /Users/trgysvc/Library/Developer/Xcode/DerivedData/EliteAgent-btzokozrfsnzjtcxxfzhmbcisvbu/Build/Intermediates.noindex/mlx-swift-lm.build/Debug/MLXLLM.build/Objects-normal/arm64/MLXLLM_dependency_info.dat --stringsdata-file /Users/trgysvc/Library/Developer/Xcode/DerivedData/EliteAgent-btzokozrfsnzjtcxxfzhmbcisvbu/Build/Intermediates.noindex/mlx-swift-lm.build/Debug/MLXLLM.build/Objects-normal/arm64/ExtractedAppShortcutsMetadata.stringsdata --source-file-list /Users/trgysvc/Library/Developer/Xcode/DerivedData/EliteAgent-btzokozrfsnzjtcxxfzhmbcisvbu/Build/Intermediates.noindex/mlx-swift-lm.build/Debug/MLXLLM.build/Objects-normal/arm64/MLXLLM.SwiftFileList --metadata-file-list /Users/trgysvc/Library/Developer/Xcode/DerivedData/EliteAgent-btzokozrfsnzjtcxxfzhmbcisvbu/Build/Intermediates.noindex/mlx-swift-lm.build/Debug/MLXLLM.build/MLXLLM.DependencyMetadataFileList --static-metadata-file-list /Users/trgysvc/Library/Developer/Xcode/DerivedData/EliteAgent-btzokozrfsnzjtcxxfzhmbcisvbu/Build/Intermediates.noindex/mlx-swift-lm.build/Debug/MLXLLM.build/MLXLLM.DependencyStaticMetadataFileList --swift-const-vals-list /Users/trgysvc/Library/Developer/Xcode/DerivedData/EliteAgent-btzokozrfsnzjtcxxfzhmbcisvbu/Build/Intermediates.noindex/mlx-swift-lm.build/Debug/MLXLLM.build/Objects-normal/arm64/MLXLLM.SwiftConstValuesFileList --force --compile-time-extraction --deployment-aware-processing --validate-assistant-intents --no-app-shortcuts-localization
2026-04-10 01:47:11.700 appintentsmetadataprocessor[32307:243701] Starting appintentsmetadataprocessor export
2026-04-10 01:47:11.706 appintentsmetadataprocessor[32307:243701] Extracted no relevant App Intents symbols, skipping writing output

RegisterExecutionPolicyException /Users/trgysvc/Library/Developer/Xcode/DerivedData/EliteAgent-btzokozrfsnzjtcxxfzhmbcisvbu/Build/Products/Debug/MLXVLM.o (in target 'MLXVLM' from project 'mlx-swift-lm')
    cd /Users/trgysvc/Library/Developer/Xcode/DerivedData/EliteAgent-btzokozrfsnzjtcxxfzhmbcisvbu/SourcePackages/checkouts/mlx-swift-lm
    builtin-RegisterExecutionPolicyException /Users/trgysvc/Library/Developer/Xcode/DerivedData/EliteAgent-btzokozrfsnzjtcxxfzhmbcisvbu/Build/Products/Debug/MLXVLM.o

RegisterExecutionPolicyException /Users/trgysvc/Library/Developer/Xcode/DerivedData/EliteAgent-btzokozrfsnzjtcxxfzhmbcisvbu/Build/Products/Debug/MLXLLM.o (in target 'MLXLLM' from project 'mlx-swift-lm')
    cd /Users/trgysvc/Library/Developer/Xcode/DerivedData/EliteAgent-btzokozrfsnzjtcxxfzhmbcisvbu/SourcePackages/checkouts/mlx-swift-lm
    builtin-RegisterExecutionPolicyException /Users/trgysvc/Library/Developer/Xcode/DerivedData/EliteAgent-btzokozrfsnzjtcxxfzhmbcisvbu/Build/Products/Debug/MLXLLM.o

SwiftExplicitDependencyGeneratePcm arm64 /Users/trgysvc/Library/Developer/Xcode/DerivedData/EliteAgent-btzokozrfsnzjtcxxfzhmbcisvbu/Build/Intermediates.noindex/SwiftExplicitPrecompiledModules/_NumericsShims-236QM0ET0QXYK9596V3WSJHE1.pcm

SwiftExplicitDependencyGeneratePcm arm64 /Users/trgysvc/Library/Developer/Xcode/DerivedData/EliteAgent-btzokozrfsnzjtcxxfzhmbcisvbu/Build/Intermediates.noindex/SwiftExplicitPrecompiledModules/yyjson-DJY0YEOKKPKTUPYZZ9WFGZ0HK.pcm

SwiftExplicitDependencyGeneratePcm arm64 /Users/trgysvc/Library/Developer/Xcode/DerivedData/EliteAgent-btzokozrfsnzjtcxxfzhmbcisvbu/Build/Intermediates.noindex/SwiftExplicitPrecompiledModules/Cmlx-8KSWV1EDFCP3T4SQ8IIY4U5OX.pcm

SwiftEmitModule normal arm64 Emitting\ module\ for\ EliteAgentCore (in target 'EliteAgentCore' from project 'EliteAgent')

EmitSwiftModule normal arm64 (in target 'EliteAgentCore' from project 'EliteAgent')
    cd /Users/trgysvc/Developer/EliteAgent
    

SwiftCompile normal arm64 Compiling\ SpectralEngine.swift,\ SpectralFeatureEngine.swift,\ STFTEngine.swift,\ StructureEngine.swift,\ UtilityEngine.swift,\ WaveformRenderer.swift,\ YINEngine.swift,\ HardwareMonitor.swift /Users/trgysvc/Developer/EliteAgent/Sources/EliteAgentCore/Utilities/MusicDNA/SpectralEngine.swift /Users/trgysvc/Developer/EliteAgent/Sources/EliteAgentCore/Utilities/MusicDNA/SpectralFeatureEngine.swift /Users/trgysvc/Developer/EliteAgent/Sources/EliteAgentCore/Utilities/MusicDNA/STFTEngine.swift /Users/trgysvc/Developer/EliteAgent/Sources/EliteAgentCore/Utilities/MusicDNA/StructureEngine.swift /Users/trgysvc/Developer/EliteAgent/Sources/EliteAgentCore/Utilities/MusicDNA/UtilityEngine.swift /Users/trgysvc/Developer/EliteAgent/Sources/EliteAgentCore/Utilities/MusicDNA/WaveformRenderer.swift /Users/trgysvc/Developer/EliteAgent/Sources/EliteAgentCore/Utilities/MusicDNA/YINEngine.swift /Users/trgysvc/Developer/EliteAgent/Sources/EliteAgentCore/Utilities/Telemetry/HardwareMonitor.swift (in target 'EliteAgentCore' from project 'EliteAgent')

SwiftCompile normal arm64 /Users/trgysvc/Developer/EliteAgent/Sources/EliteAgentCore/Utilities/MusicDNA/SpectralEngine.swift (in target 'EliteAgentCore' from project 'EliteAgent')
    cd /Users/trgysvc/Developer/EliteAgent
    

SwiftCompile normal arm64 /Users/trgysvc/Developer/EliteAgent/Sources/EliteAgentCore/Utilities/MusicDNA/SpectralFeatureEngine.swift (in target 'EliteAgentCore' from project 'EliteAgent')
    cd /Users/trgysvc/Developer/EliteAgent
    

SwiftCompile normal arm64 /Users/trgysvc/Developer/EliteAgent/Sources/EliteAgentCore/Utilities/MusicDNA/STFTEngine.swift (in target 'EliteAgentCore' from project 'EliteAgent')
    cd /Users/trgysvc/Developer/EliteAgent
    

SwiftCompile normal arm64 /Users/trgysvc/Developer/EliteAgent/Sources/EliteAgentCore/Utilities/MusicDNA/StructureEngine.swift (in target 'EliteAgentCore' from project 'EliteAgent')
    cd /Users/trgysvc/Developer/EliteAgent
    

SwiftCompile normal arm64 /Users/trgysvc/Developer/EliteAgent/Sources/EliteAgentCore/Utilities/MusicDNA/UtilityEngine.swift (in target 'EliteAgentCore' from project 'EliteAgent')
    cd /Users/trgysvc/Developer/EliteAgent
    

SwiftCompile normal arm64 /Users/trgysvc/Developer/EliteAgent/Sources/EliteAgentCore/Utilities/MusicDNA/WaveformRenderer.swift (in target 'EliteAgentCore' from project 'EliteAgent')
    cd /Users/trgysvc/Developer/EliteAgent
    

SwiftCompile normal arm64 /Users/trgysvc/Developer/EliteAgent/Sources/EliteAgentCore/Utilities/MusicDNA/YINEngine.swift (in target 'EliteAgentCore' from project 'EliteAgent')
    cd /Users/trgysvc/Developer/EliteAgent
    

SwiftCompile normal arm64 /Users/trgysvc/Developer/EliteAgent/Sources/EliteAgentCore/Utilities/Telemetry/HardwareMonitor.swift (in target 'EliteAgentCore' from project 'EliteAgent')
    cd /Users/trgysvc/Developer/EliteAgent
    

SwiftCompile normal arm64 Compiling\ ForensicDNAEngine.swift,\ HPSSEngine.swift,\ MelFilterBank.swift,\ MelSpectrogramEngine.swift,\ MFCCEngine.swift,\ MusicDNAReporter.swift,\ OnsetEngine.swift,\ RhythmEngine.swift /Users/trgysvc/Developer/EliteAgent/Sources/EliteAgentCore/Utilities/MusicDNA/ForensicDNAEngine.swift /Users/trgysvc/Developer/EliteAgent/Sources/EliteAgentCore/Utilities/MusicDNA/HPSSEngine.swift /Users/trgysvc/Developer/EliteAgent/Sources/EliteAgentCore/Utilities/MusicDNA/MelFilterBank.swift /Users/trgysvc/Developer/EliteAgent/Sources/EliteAgentCore/Utilities/MusicDNA/MelSpectrogramEngine.swift /Users/trgysvc/Developer/EliteAgent/Sources/EliteAgentCore/Utilities/MusicDNA/MFCCEngine.swift /Users/trgysvc/Developer/EliteAgent/Sources/EliteAgentCore/Utilities/MusicDNA/MusicDNAReporter.swift /Users/trgysvc/Developer/EliteAgent/Sources/EliteAgentCore/Utilities/MusicDNA/OnsetEngine.swift /Users/trgysvc/Developer/EliteAgent/Sources/EliteAgentCore/Utilities/MusicDNA/RhythmEngine.swift (in target 'EliteAgentCore' from project 'EliteAgent')

SwiftCompile normal arm64 /Users/trgysvc/Developer/EliteAgent/Sources/EliteAgentCore/Utilities/MusicDNA/ForensicDNAEngine.swift (in target 'EliteAgentCore' from project 'EliteAgent')
    cd /Users/trgysvc/Developer/EliteAgent
    

SwiftCompile normal arm64 /Users/trgysvc/Developer/EliteAgent/Sources/EliteAgentCore/Utilities/MusicDNA/HPSSEngine.swift (in target 'EliteAgentCore' from project 'EliteAgent')
    cd /Users/trgysvc/Developer/EliteAgent
    

SwiftCompile normal arm64 /Users/trgysvc/Developer/EliteAgent/Sources/EliteAgentCore/Utilities/MusicDNA/MelFilterBank.swift (in target 'EliteAgentCore' from project 'EliteAgent')
    cd /Users/trgysvc/Developer/EliteAgent
    

SwiftCompile normal arm64 /Users/trgysvc/Developer/EliteAgent/Sources/EliteAgentCore/Utilities/MusicDNA/MelSpectrogramEngine.swift (in target 'EliteAgentCore' from project 'EliteAgent')
    cd /Users/trgysvc/Developer/EliteAgent
    

SwiftCompile normal arm64 /Users/trgysvc/Developer/EliteAgent/Sources/EliteAgentCore/Utilities/MusicDNA/MFCCEngine.swift (in target 'EliteAgentCore' from project 'EliteAgent')
    cd /Users/trgysvc/Developer/EliteAgent
    

SwiftCompile normal arm64 /Users/trgysvc/Developer/EliteAgent/Sources/EliteAgentCore/Utilities/MusicDNA/MusicDNAReporter.swift (in target 'EliteAgentCore' from project 'EliteAgent')
    cd /Users/trgysvc/Developer/EliteAgent
    

SwiftCompile normal arm64 /Users/trgysvc/Developer/EliteAgent/Sources/EliteAgentCore/Utilities/MusicDNA/OnsetEngine.swift (in target 'EliteAgentCore' from project 'EliteAgent')
    cd /Users/trgysvc/Developer/EliteAgent
    

SwiftCompile normal arm64 /Users/trgysvc/Developer/EliteAgent/Sources/EliteAgentCore/Utilities/MusicDNA/RhythmEngine.swift (in target 'EliteAgentCore' from project 'EliteAgent')
    cd /Users/trgysvc/Developer/EliteAgent
    

SwiftCompile normal arm64 Compiling\ MLXEngineGuardian.swift,\ MLXProvider.swift,\ ModelCatalog.swift,\ ModelError.swift,\ ModelLoader.swift,\ ModelManager.swift,\ ModelSetupManager.swift,\ ModelStateManager.swift /Users/trgysvc/Developer/EliteAgent/Sources/EliteAgentCore/LLM/MLXEngineGuardian.swift /Users/trgysvc/Developer/EliteAgent/Sources/EliteAgentCore/LLM/MLXProvider.swift /Users/trgysvc/Developer/EliteAgent/Sources/EliteAgentCore/LLM/ModelCatalog.swift /Users/trgysvc/Developer/EliteAgent/Sources/EliteAgentCore/LLM/ModelError.swift /Users/trgysvc/Developer/EliteAgent/Sources/EliteAgentCore/LLM/ModelLoader.swift /Users/trgysvc/Developer/EliteAgent/Sources/EliteAgentCore/LLM/ModelManager.swift /Users/trgysvc/Developer/EliteAgent/Sources/EliteAgentCore/LLM/ModelSetupManager.swift /Users/trgysvc/Developer/EliteAgent/Sources/EliteAgentCore/LLM/ModelStateManager.swift (in target 'EliteAgentCore' from project 'EliteAgent')
SwiftCompile normal arm64 /Users/trgysvc/Developer/EliteAgent/Sources/EliteAgentCore/LLM/MLXEngineGuardian.swift (in target 'EliteAgentCore' from project 'EliteAgent')
    cd /Users/trgysvc/Developer/EliteAgent
    

SwiftCompile normal arm64 /Users/trgysvc/Developer/EliteAgent/Sources/EliteAgentCore/LLM/MLXProvider.swift (in target 'EliteAgentCore' from project 'EliteAgent')
    cd /Users/trgysvc/Developer/EliteAgent
    

SwiftCompile normal arm64 /Users/trgysvc/Developer/EliteAgent/Sources/EliteAgentCore/LLM/ModelCatalog.swift (in target 'EliteAgentCore' from project 'EliteAgent')
    cd /Users/trgysvc/Developer/EliteAgent
    

SwiftCompile normal arm64 /Users/trgysvc/Developer/EliteAgent/Sources/EliteAgentCore/LLM/ModelError.swift (in target 'EliteAgentCore' from project 'EliteAgent')
    cd /Users/trgysvc/Developer/EliteAgent
    

SwiftCompile normal arm64 /Users/trgysvc/Developer/EliteAgent/Sources/EliteAgentCore/LLM/ModelLoader.swift (in target 'EliteAgentCore' from project 'EliteAgent')
    cd /Users/trgysvc/Developer/EliteAgent
    

SwiftCompile normal arm64 /Users/trgysvc/Developer/EliteAgent/Sources/EliteAgentCore/LLM/ModelManager.swift (in target 'EliteAgentCore' from project 'EliteAgent')
    cd /Users/trgysvc/Developer/EliteAgent
    

SwiftCompile normal arm64 /Users/trgysvc/Developer/EliteAgent/Sources/EliteAgentCore/LLM/ModelSetupManager.swift (in target 'EliteAgentCore' from project 'EliteAgent')
    cd /Users/trgysvc/Developer/EliteAgent
    

SwiftCompile normal arm64 /Users/trgysvc/Developer/EliteAgent/Sources/EliteAgentCore/LLM/ModelStateManager.swift (in target 'EliteAgentCore' from project 'EliteAgent')
    cd /Users/trgysvc/Developer/EliteAgent
    

SwiftCompile normal arm64 Compiling\ OrchestratorRuntime.swift,\ PlannerAgent.swift,\ PlannerTemplate.swift,\ ProjectObserver.swift,\ SelfHealingEngine.swift,\ Session.swift,\ TaskClassifier.swift,\ ToolPrivacyGate.swift /Users/trgysvc/Developer/EliteAgent/Sources/EliteAgentCore/Agents/OrchestratorRuntime.swift /Users/trgysvc/Developer/EliteAgent/Sources/EliteAgentCore/Agents/PlannerAgent.swift /Users/trgysvc/Developer/EliteAgent/Sources/EliteAgentCore/Agents/PlannerTemplate.swift /Users/trgysvc/Developer/EliteAgent/Sources/EliteAgentCore/Agents/ProjectObserver.swift /Users/trgysvc/Developer/EliteAgent/Sources/EliteAgentCore/Agents/SelfHealingEngine.swift /Users/trgysvc/Developer/EliteAgent/Sources/EliteAgentCore/Agents/Session.swift /Users/trgysvc/Developer/EliteAgent/Sources/EliteAgentCore/Agents/TaskClassifier.swift /Users/trgysvc/Developer/EliteAgent/Sources/EliteAgentCore/Agents/ToolPrivacyGate.swift (in target 'EliteAgentCore' from project 'EliteAgent')

SwiftCompile normal arm64 /Users/trgysvc/Developer/EliteAgent/Sources/EliteAgentCore/Agents/OrchestratorRuntime.swift (in target 'EliteAgentCore' from project 'EliteAgent')
    cd /Users/trgysvc/Developer/EliteAgent
    

SwiftCompile normal arm64 /Users/trgysvc/Developer/EliteAgent/Sources/EliteAgentCore/Agents/PlannerAgent.swift (in target 'EliteAgentCore' from project 'EliteAgent')
    cd /Users/trgysvc/Developer/EliteAgent
    

SwiftCompile normal arm64 /Users/trgysvc/Developer/EliteAgent/Sources/EliteAgentCore/Agents/PlannerTemplate.swift (in target 'EliteAgentCore' from project 'EliteAgent')
    cd /Users/trgysvc/Developer/EliteAgent
    

SwiftCompile normal arm64 /Users/trgysvc/Developer/EliteAgent/Sources/EliteAgentCore/Agents/ProjectObserver.swift (in target 'EliteAgentCore' from project 'EliteAgent')
    cd /Users/trgysvc/Developer/EliteAgent
    

SwiftCompile normal arm64 /Users/trgysvc/Developer/EliteAgent/Sources/EliteAgentCore/Agents/SelfHealingEngine.swift (in target 'EliteAgentCore' from project 'EliteAgent')
    cd /Users/trgysvc/Developer/EliteAgent
    

SwiftCompile normal arm64 /Users/trgysvc/Developer/EliteAgent/Sources/EliteAgentCore/Agents/Session.swift (in target 'EliteAgentCore' from project 'EliteAgent')
    cd /Users/trgysvc/Developer/EliteAgent
    

SwiftCompile normal arm64 /Users/trgysvc/Developer/EliteAgent/Sources/EliteAgentCore/Agents/TaskClassifier.swift (in target 'EliteAgentCore' from project 'EliteAgent')
    cd /Users/trgysvc/Developer/EliteAgent
    

SwiftCompile normal arm64 /Users/trgysvc/Developer/EliteAgent/Sources/EliteAgentCore/Agents/ToolPrivacyGate.swift (in target 'EliteAgentCore' from project 'EliteAgent')
    cd /Users/trgysvc/Developer/EliteAgent
    

SwiftCompile normal arm64 Compiling\ TulparActor.swift,\ BrowserAgent.swift,\ BrowserEngine.swift,\ CoordinateBridge.swift,\ SafariJSBridge.swift,\ AppSettings.swift,\ ConfigManager.swift,\ KeychainHelper.swift /Users/trgysvc/Developer/EliteAgent/Sources/EliteAgentCore/Agents/TulparActor.swift /Users/trgysvc/Developer/EliteAgent/Sources/EliteAgentCore/Browser/BrowserAgent.swift /Users/trgysvc/Developer/EliteAgent/Sources/EliteAgentCore/Browser/BrowserEngine.swift /Users/trgysvc/Developer/EliteAgent/Sources/EliteAgentCore/Browser/CoordinateBridge.swift /Users/trgysvc/Developer/EliteAgent/Sources/EliteAgentCore/Browser/SafariJSBridge.swift /Users/trgysvc/Developer/EliteAgent/Sources/EliteAgentCore/Config/AppSettings.swift /Users/trgysvc/Developer/EliteAgent/Sources/EliteAgentCore/Config/ConfigManager.swift /Users/trgysvc/Developer/EliteAgent/Sources/EliteAgentCore/Config/KeychainHelper.swift (in target 'EliteAgentCore' from project 'EliteAgent')

SwiftCompile normal arm64 /Users/trgysvc/Developer/EliteAgent/Sources/EliteAgentCore/Agents/TulparActor.swift (in target 'EliteAgentCore' from project 'EliteAgent')
    cd /Users/trgysvc/Developer/EliteAgent
    

SwiftCompile normal arm64 /Users/trgysvc/Developer/EliteAgent/Sources/EliteAgentCore/Browser/BrowserAgent.swift (in target 'EliteAgentCore' from project 'EliteAgent')
    cd /Users/trgysvc/Developer/EliteAgent
    

SwiftCompile normal arm64 /Users/trgysvc/Developer/EliteAgent/Sources/EliteAgentCore/Browser/BrowserEngine.swift (in target 'EliteAgentCore' from project 'EliteAgent')
    cd /Users/trgysvc/Developer/EliteAgent
    

SwiftCompile normal arm64 /Users/trgysvc/Developer/EliteAgent/Sources/EliteAgentCore/Browser/CoordinateBridge.swift (in target 'EliteAgentCore' from project 'EliteAgent')
    cd /Users/trgysvc/Developer/EliteAgent
    

SwiftCompile normal arm64 /Users/trgysvc/Developer/EliteAgent/Sources/EliteAgentCore/Browser/SafariJSBridge.swift (in target 'EliteAgentCore' from project 'EliteAgent')
    cd /Users/trgysvc/Developer/EliteAgent
    

SwiftCompile normal arm64 /Users/trgysvc/Developer/EliteAgent/Sources/EliteAgentCore/Config/AppSettings.swift (in target 'EliteAgentCore' from project 'EliteAgent')
    cd /Users/trgysvc/Developer/EliteAgent
    

SwiftCompile normal arm64 /Users/trgysvc/Developer/EliteAgent/Sources/EliteAgentCore/Config/ConfigManager.swift (in target 'EliteAgentCore' from project 'EliteAgent')
    cd /Users/trgysvc/Developer/EliteAgent
    

SwiftCompile normal arm64 /Users/trgysvc/Developer/EliteAgent/Sources/EliteAgentCore/Config/KeychainHelper.swift (in target 'EliteAgentCore' from project 'EliteAgent')
    cd /Users/trgysvc/Developer/EliteAgent
    

SwiftCompile normal arm64 Compiling\ AgentProtocol.swift,\ CriticAgent.swift,\ CriticTemplate.swift,\ EliteCoordinator.swift,\ ExecutorAgent.swift,\ GuardAgent.swift,\ InternalMonologueActor.swift,\ MemoryAgent.swift,\ Orchestrator.swift /Users/trgysvc/Developer/EliteAgent/Sources/EliteAgentCore/Agents/AgentProtocol.swift /Users/trgysvc/Developer/EliteAgent/Sources/EliteAgentCore/Agents/CriticAgent.swift /Users/trgysvc/Developer/EliteAgent/Sources/EliteAgentCore/Agents/CriticTemplate.swift /Users/trgysvc/Developer/EliteAgent/Sources/EliteAgentCore/Agents/EliteCoordinator.swift /Users/trgysvc/Developer/EliteAgent/Sources/EliteAgentCore/Agents/ExecutorAgent.swift /Users/trgysvc/Developer/EliteAgent/Sources/EliteAgentCore/Agents/GuardAgent.swift /Users/trgysvc/Developer/EliteAgent/Sources/EliteAgentCore/Agents/InternalMonologueActor.swift /Users/trgysvc/Developer/EliteAgent/Sources/EliteAgentCore/Agents/MemoryAgent.swift /Users/trgysvc/Developer/EliteAgent/Sources/EliteAgentCore/Agents/Orchestrator.swift (in target 'EliteAgentCore' from project 'EliteAgent')

SwiftCompile normal arm64 /Users/trgysvc/Developer/EliteAgent/Sources/EliteAgentCore/Agents/AgentProtocol.swift (in target 'EliteAgentCore' from project 'EliteAgent')
    cd /Users/trgysvc/Developer/EliteAgent
    

SwiftCompile normal arm64 /Users/trgysvc/Developer/EliteAgent/Sources/EliteAgentCore/Agents/CriticAgent.swift (in target 'EliteAgentCore' from project 'EliteAgent')
    cd /Users/trgysvc/Developer/EliteAgent
    

SwiftCompile normal arm64 /Users/trgysvc/Developer/EliteAgent/Sources/EliteAgentCore/Agents/CriticTemplate.swift (in target 'EliteAgentCore' from project 'EliteAgent')
    cd /Users/trgysvc/Developer/EliteAgent
    

SwiftCompile normal arm64 /Users/trgysvc/Developer/EliteAgent/Sources/EliteAgentCore/Agents/EliteCoordinator.swift (in target 'EliteAgentCore' from project 'EliteAgent')
    cd /Users/trgysvc/Developer/EliteAgent
    
/Users/trgysvc/Developer/EliteAgent/Sources/EliteAgentCore/Agents/EliteCoordinator.swift:64:13: warning: variable 'baseLevel' was never mutated; consider changing to 'let' constant
        var baseLevel = Int(physicalMemGB / 8) // 1 worker per 8GB RAM
        ~~~ ^
        let

SwiftCompile normal arm64 /Users/trgysvc/Developer/EliteAgent/Sources/EliteAgentCore/Agents/ExecutorAgent.swift (in target 'EliteAgentCore' from project 'EliteAgent')
    cd /Users/trgysvc/Developer/EliteAgent
    

SwiftCompile normal arm64 /Users/trgysvc/Developer/EliteAgent/Sources/EliteAgentCore/Agents/GuardAgent.swift (in target 'EliteAgentCore' from project 'EliteAgent')
    cd /Users/trgysvc/Developer/EliteAgent
    

SwiftCompile normal arm64 /Users/trgysvc/Developer/EliteAgent/Sources/EliteAgentCore/Agents/InternalMonologueActor.swift (in target 'EliteAgentCore' from project 'EliteAgent')
    cd /Users/trgysvc/Developer/EliteAgent
    

SwiftCompile normal arm64 /Users/trgysvc/Developer/EliteAgent/Sources/EliteAgentCore/Agents/MemoryAgent.swift (in target 'EliteAgentCore' from project 'EliteAgent')
    cd /Users/trgysvc/Developer/EliteAgent
    

SwiftCompile normal arm64 /Users/trgysvc/Developer/EliteAgent/Sources/EliteAgentCore/Agents/Orchestrator.swift (in target 'EliteAgentCore' from project 'EliteAgent')
    cd /Users/trgysvc/Developer/EliteAgent
    

SwiftCompile normal arm64 Compiling\ UNOTransport.swift,\ UsageTracker.swift,\ AudioLoader.swift,\ ChromaEngine.swift,\ CQTEngine.swift,\ DNAReportBuilder.swift,\ DSPHelpers.swift,\ FilterbankEngine.swift /Users/trgysvc/Developer/EliteAgent/Sources/EliteAgentCore/UNO/UNOTransport.swift /Users/trgysvc/Developer/EliteAgent/Sources/EliteAgentCore/Usage/UsageTracker.swift /Users/trgysvc/Developer/EliteAgent/Sources/EliteAgentCore/Utilities/MusicDNA/AudioLoader.swift /Users/trgysvc/Developer/EliteAgent/Sources/EliteAgentCore/Utilities/MusicDNA/ChromaEngine.swift /Users/trgysvc/Developer/EliteAgent/Sources/EliteAgentCore/Utilities/MusicDNA/CQTEngine.swift /Users/trgysvc/Developer/EliteAgent/Sources/EliteAgentCore/Utilities/MusicDNA/DNAReportBuilder.swift /Users/trgysvc/Developer/EliteAgent/Sources/EliteAgentCore/Utilities/MusicDNA/DSPHelpers.swift /Users/trgysvc/Developer/EliteAgent/Sources/EliteAgentCore/Utilities/MusicDNA/FilterbankEngine.swift (in target 'EliteAgentCore' from project 'EliteAgent')

SwiftCompile normal arm64 /Users/trgysvc/Developer/EliteAgent/Sources/EliteAgentCore/UNO/UNOTransport.swift (in target 'EliteAgentCore' from project 'EliteAgent')
    cd /Users/trgysvc/Developer/EliteAgent
    

SwiftCompile normal arm64 /Users/trgysvc/Developer/EliteAgent/Sources/EliteAgentCore/Usage/UsageTracker.swift (in target 'EliteAgentCore' from project 'EliteAgent')
    cd /Users/trgysvc/Developer/EliteAgent
    

SwiftCompile normal arm64 /Users/trgysvc/Developer/EliteAgent/Sources/EliteAgentCore/Utilities/MusicDNA/AudioLoader.swift (in target 'EliteAgentCore' from project 'EliteAgent')
    cd /Users/trgysvc/Developer/EliteAgent
    

SwiftCompile normal arm64 /Users/trgysvc/Developer/EliteAgent/Sources/EliteAgentCore/Utilities/MusicDNA/ChromaEngine.swift (in target 'EliteAgentCore' from project 'EliteAgent')
    cd /Users/trgysvc/Developer/EliteAgent
    

SwiftCompile normal arm64 /Users/trgysvc/Developer/EliteAgent/Sources/EliteAgentCore/Utilities/MusicDNA/CQTEngine.swift (in target 'EliteAgentCore' from project 'EliteAgent')
    cd /Users/trgysvc/Developer/EliteAgent
    

SwiftCompile normal arm64 /Users/trgysvc/Developer/EliteAgent/Sources/EliteAgentCore/Utilities/MusicDNA/DNAReportBuilder.swift (in target 'EliteAgentCore' from project 'EliteAgent')
    cd /Users/trgysvc/Developer/EliteAgent
    

SwiftCompile normal arm64 /Users/trgysvc/Developer/EliteAgent/Sources/EliteAgentCore/Utilities/MusicDNA/DSPHelpers.swift (in target 'EliteAgentCore' from project 'EliteAgent')
    cd /Users/trgysvc/Developer/EliteAgent
    

SwiftCompile normal arm64 /Users/trgysvc/Developer/EliteAgent/Sources/EliteAgentCore/Utilities/MusicDNA/FilterbankEngine.swift (in target 'EliteAgentCore' from project 'EliteAgent')
    cd /Users/trgysvc/Developer/EliteAgent
    

SwiftCompile normal arm64 Compiling\ AISessionState.swift,\ ChatModels.swift,\ ModelSource.swift,\ SignalBus.swift,\ Types.swift,\ ModelPickerViewModel.swift,\ VisualizerView.swift,\ UNODistributedActorSystem.swift /Users/trgysvc/Developer/EliteAgent/Sources/EliteAgentCore/Types/AISessionState.swift /Users/trgysvc/Developer/EliteAgent/Sources/EliteAgentCore/Types/ChatModels.swift /Users/trgysvc/Developer/EliteAgent/Sources/EliteAgentCore/Types/ModelSource.swift /Users/trgysvc/Developer/EliteAgent/Sources/EliteAgentCore/Types/SignalBus.swift /Users/trgysvc/Developer/EliteAgent/Sources/EliteAgentCore/Types/Types.swift /Users/trgysvc/Developer/EliteAgent/Sources/EliteAgentCore/UI/ModelPickerViewModel.swift /Users/trgysvc/Developer/EliteAgent/Sources/EliteAgentCore/UI/VisualizerView.swift /Users/trgysvc/Developer/EliteAgent/Sources/EliteAgentCore/UNO/UNODistributedActorSystem.swift (in target 'EliteAgentCore' from project 'EliteAgent')
SwiftCompile normal arm64 /Users/trgysvc/Developer/EliteAgent/Sources/EliteAgentCore/Types/AISessionState.swift (in target 'EliteAgentCore' from project 'EliteAgent')
    cd /Users/trgysvc/Developer/EliteAgent
    

SwiftCompile normal arm64 /Users/trgysvc/Developer/EliteAgent/Sources/EliteAgentCore/Types/ChatModels.swift (in target 'EliteAgentCore' from project 'EliteAgent')
    cd /Users/trgysvc/Developer/EliteAgent
    

SwiftCompile normal arm64 /Users/trgysvc/Developer/EliteAgent/Sources/EliteAgentCore/Types/ModelSource.swift (in target 'EliteAgentCore' from project 'EliteAgent')
    cd /Users/trgysvc/Developer/EliteAgent
    

SwiftCompile normal arm64 /Users/trgysvc/Developer/EliteAgent/Sources/EliteAgentCore/Types/SignalBus.swift (in target 'EliteAgentCore' from project 'EliteAgent')
    cd /Users/trgysvc/Developer/EliteAgent
    

SwiftCompile normal arm64 /Users/trgysvc/Developer/EliteAgent/Sources/EliteAgentCore/Types/Types.swift (in target 'EliteAgentCore' from project 'EliteAgent')
    cd /Users/trgysvc/Developer/EliteAgent
    

SwiftCompile normal arm64 /Users/trgysvc/Developer/EliteAgent/Sources/EliteAgentCore/UI/ModelPickerViewModel.swift (in target 'EliteAgentCore' from project 'EliteAgent')
    cd /Users/trgysvc/Developer/EliteAgent
    

SwiftCompile normal arm64 /Users/trgysvc/Developer/EliteAgent/Sources/EliteAgentCore/UI/VisualizerView.swift (in target 'EliteAgentCore' from project 'EliteAgent')
    cd /Users/trgysvc/Developer/EliteAgent
    

SwiftCompile normal arm64 /Users/trgysvc/Developer/EliteAgent/Sources/EliteAgentCore/UNO/UNODistributedActorSystem.swift (in target 'EliteAgentCore' from project 'EliteAgent')
    cd /Users/trgysvc/Developer/EliteAgent
    
/Users/trgysvc/Developer/EliteAgent/Sources/EliteAgentCore/UNO/UNODistributedActorSystem.swift:77:69: warning: conditional cast from 'String' to 'String' always succeeds
        if Res.self == String.self, let resString = response.result as? String {
                                                                    ^

SwiftCompile normal arm64 Compiling\ InferenceValidator.swift,\ LLMConnectionTestService.swift,\ LLMHealthTypes.swift,\ LLMModel.swift,\ LLMProvider.swift,\ LLMTypes.swift,\ LocalModelHealthMonitor.swift,\ LocalModelWatchdog.swift /Users/trgysvc/Developer/EliteAgent/Sources/EliteAgentCore/LLM/InferenceValidator.swift /Users/trgysvc/Developer/EliteAgent/Sources/EliteAgentCore/LLM/LLMConnectionTestService.swift /Users/trgysvc/Developer/EliteAgent/Sources/EliteAgentCore/LLM/LLMHealthTypes.swift /Users/trgysvc/Developer/EliteAgent/Sources/EliteAgentCore/LLM/LLMModel.swift /Users/trgysvc/Developer/EliteAgent/Sources/EliteAgentCore/LLM/LLMProvider.swift /Users/trgysvc/Developer/EliteAgent/Sources/EliteAgentCore/LLM/LLMTypes.swift /Users/trgysvc/Developer/EliteAgent/Sources/EliteAgentCore/LLM/LocalModelHealthMonitor.swift /Users/trgysvc/Developer/EliteAgent/Sources/EliteAgentCore/LLM/LocalModelWatchdog.swift (in target 'EliteAgentCore' from project 'EliteAgent')

SwiftCompile normal arm64 /Users/trgysvc/Developer/EliteAgent/Sources/EliteAgentCore/LLM/InferenceValidator.swift (in target 'EliteAgentCore' from project 'EliteAgent')
    cd /Users/trgysvc/Developer/EliteAgent
    

SwiftCompile normal arm64 /Users/trgysvc/Developer/EliteAgent/Sources/EliteAgentCore/LLM/LLMConnectionTestService.swift (in target 'EliteAgentCore' from project 'EliteAgent')
    cd /Users/trgysvc/Developer/EliteAgent
    

SwiftCompile normal arm64 /Users/trgysvc/Developer/EliteAgent/Sources/EliteAgentCore/LLM/LLMHealthTypes.swift (in target 'EliteAgentCore' from project 'EliteAgent')
    cd /Users/trgysvc/Developer/EliteAgent
    

SwiftCompile normal arm64 /Users/trgysvc/Developer/EliteAgent/Sources/EliteAgentCore/LLM/LLMModel.swift (in target 'EliteAgentCore' from project 'EliteAgent')
    cd /Users/trgysvc/Developer/EliteAgent
    

SwiftCompile normal arm64 /Users/trgysvc/Developer/EliteAgent/Sources/EliteAgentCore/LLM/LLMProvider.swift (in target 'EliteAgentCore' from project 'EliteAgent')
    cd /Users/trgysvc/Developer/EliteAgent
    

SwiftCompile normal arm64 /Users/trgysvc/Developer/EliteAgent/Sources/EliteAgentCore/LLM/LLMTypes.swift (in target 'EliteAgentCore' from project 'EliteAgent')
    cd /Users/trgysvc/Developer/EliteAgent
    

SwiftCompile normal arm64 /Users/trgysvc/Developer/EliteAgent/Sources/EliteAgentCore/LLM/LocalModelHealthMonitor.swift (in target 'EliteAgentCore' from project 'EliteAgent')
    cd /Users/trgysvc/Developer/EliteAgent
    

SwiftCompile normal arm64 /Users/trgysvc/Developer/EliteAgent/Sources/EliteAgentCore/LLM/LocalModelWatchdog.swift (in target 'EliteAgentCore' from project 'EliteAgent')
    cd /Users/trgysvc/Developer/EliteAgent
    

SwiftCompile normal arm64 Compiling\ VaultManager.swift,\ SystemWatchdog.swift,\ AutoRecoveryEngine.swift,\ BridgeProvider.swift,\ ChatProcessState.swift,\ CloudProvider.swift,\ HarpsichordBridge.swift,\ InferenceActor.swift /Users/trgysvc/Developer/EliteAgent/Sources/EliteAgentCore/Config/VaultManager.swift /Users/trgysvc/Developer/EliteAgent/Sources/EliteAgentCore/Guard/SystemWatchdog.swift /Users/trgysvc/Developer/EliteAgent/Sources/EliteAgentCore/LLM/AutoRecoveryEngine.swift /Users/trgysvc/Developer/EliteAgent/Sources/EliteAgentCore/LLM/BridgeProvider.swift /Users/trgysvc/Developer/EliteAgent/Sources/EliteAgentCore/LLM/ChatProcessState.swift /Users/trgysvc/Developer/EliteAgent/Sources/EliteAgentCore/LLM/CloudProvider.swift /Users/trgysvc/Developer/EliteAgent/Sources/EliteAgentCore/LLM/HarpsichordBridge.swift /Users/trgysvc/Developer/EliteAgent/Sources/EliteAgentCore/LLM/InferenceActor.swift (in target 'EliteAgentCore' from project 'EliteAgent')
SwiftCompile normal arm64 /Users/trgysvc/Developer/EliteAgent/Sources/EliteAgentCore/Config/VaultManager.swift (in target 'EliteAgentCore' from project 'EliteAgent')
    cd /Users/trgysvc/Developer/EliteAgent
    

SwiftCompile normal arm64 /Users/trgysvc/Developer/EliteAgent/Sources/EliteAgentCore/Guard/SystemWatchdog.swift (in target 'EliteAgentCore' from project 'EliteAgent')
    cd /Users/trgysvc/Developer/EliteAgent
    

SwiftCompile normal arm64 /Users/trgysvc/Developer/EliteAgent/Sources/EliteAgentCore/LLM/AutoRecoveryEngine.swift (in target 'EliteAgentCore' from project 'EliteAgent')
    cd /Users/trgysvc/Developer/EliteAgent
    

SwiftCompile normal arm64 /Users/trgysvc/Developer/EliteAgent/Sources/EliteAgentCore/LLM/BridgeProvider.swift (in target 'EliteAgentCore' from project 'EliteAgent')
    cd /Users/trgysvc/Developer/EliteAgent
    

SwiftCompile normal arm64 /Users/trgysvc/Developer/EliteAgent/Sources/EliteAgentCore/LLM/ChatProcessState.swift (in target 'EliteAgentCore' from project 'EliteAgent')
    cd /Users/trgysvc/Developer/EliteAgent
    

SwiftCompile normal arm64 /Users/trgysvc/Developer/EliteAgent/Sources/EliteAgentCore/LLM/CloudProvider.swift (in target 'EliteAgentCore' from project 'EliteAgent')
    cd /Users/trgysvc/Developer/EliteAgent
    

SwiftCompile normal arm64 /Users/trgysvc/Developer/EliteAgent/Sources/EliteAgentCore/LLM/HarpsichordBridge.swift (in target 'EliteAgentCore' from project 'EliteAgent')
    cd /Users/trgysvc/Developer/EliteAgent
    

SwiftCompile normal arm64 /Users/trgysvc/Developer/EliteAgent/Sources/EliteAgentCore/LLM/InferenceActor.swift (in target 'EliteAgentCore' from project 'EliteAgent')
    cd /Users/trgysvc/Developer/EliteAgent
    
/Users/trgysvc/Developer/EliteAgent/Sources/EliteAgentCore/LLM/InferenceActor.swift:263:32: warning: no 'async' operations occur within 'await' expression
                defer { Task { await self.setGenerationTaskNil() } }
                               ^
/Users/trgysvc/Developer/EliteAgent/Sources/EliteAgentCore/LLM/InferenceActor.swift:348:13: warning: initialization of immutable value 'grammarProcessor' was never used; consider replacing with assignment to '_' or removing it
        let grammarProcessor = UNOGrammarLogitProcessor(tokenizer: await container.tokenizer, allowedToolIDs: toolIDs)
        ~~~~^~~~~~~~~~~~~~~~
        _

SwiftDriverJobDiscovery normal arm64 Compiling TulparActor.swift, BrowserAgent.swift, BrowserEngine.swift, CoordinateBridge.swift, SafariJSBridge.swift, AppSettings.swift, ConfigManager.swift, KeychainHelper.swift (in target 'EliteAgentCore' from project 'EliteAgent')

SwiftCompile normal arm64 Compiling\ MessengerTool.swift /Users/trgysvc/Developer/EliteAgent/Sources/EliteAgentCore/ToolEngine/Tools/MessengerTool.swift (in target 'EliteAgentCore' from project 'EliteAgent')

SwiftCompile normal arm64 /Users/trgysvc/Developer/EliteAgent/Sources/EliteAgentCore/ToolEngine/Tools/MessengerTool.swift (in target 'EliteAgentCore' from project 'EliteAgent')
    cd /Users/trgysvc/Developer/EliteAgent
    

SwiftDriverJobDiscovery normal arm64 Compiling ForensicDNAEngine.swift, HPSSEngine.swift, MelFilterBank.swift, MelSpectrogramEngine.swift, MFCCEngine.swift, MusicDNAReporter.swift, OnsetEngine.swift, RhythmEngine.swift (in target 'EliteAgentCore' from project 'EliteAgent')

SwiftCompile normal arm64 Compiling\ WebSearchTool.swift /Users/trgysvc/Developer/EliteAgent/Sources/EliteAgentCore/ToolEngine/Tools/WebSearchTool.swift (in target 'EliteAgentCore' from project 'EliteAgent')

SwiftCompile normal arm64 /Users/trgysvc/Developer/EliteAgent/Sources/EliteAgentCore/ToolEngine/Tools/WebSearchTool.swift (in target 'EliteAgentCore' from project 'EliteAgent')
    cd /Users/trgysvc/Developer/EliteAgent
    

SwiftDriverJobDiscovery normal arm64 Compiling OrchestratorRuntime.swift, PlannerAgent.swift, PlannerTemplate.swift, ProjectObserver.swift, SelfHealingEngine.swift, Session.swift, TaskClassifier.swift, ToolPrivacyGate.swift (in target 'EliteAgentCore' from project 'EliteAgent')

SwiftCompile normal arm64 Compiling\ NativeBrowserTool.swift /Users/trgysvc/Developer/EliteAgent/Sources/EliteAgentCore/ToolEngine/Tools/NativeBrowserTool.swift (in target 'EliteAgentCore' from project 'EliteAgent')

SwiftCompile normal arm64 /Users/trgysvc/Developer/EliteAgent/Sources/EliteAgentCore/ToolEngine/Tools/NativeBrowserTool.swift (in target 'EliteAgentCore' from project 'EliteAgent')
    cd /Users/trgysvc/Developer/EliteAgent
    

SwiftDriverJobDiscovery normal arm64 Compiling InferenceValidator.swift, LLMConnectionTestService.swift, LLMHealthTypes.swift, LLMModel.swift, LLMProvider.swift, LLMTypes.swift, LocalModelHealthMonitor.swift, LocalModelWatchdog.swift (in target 'EliteAgentCore' from project 'EliteAgent')

SwiftCompile normal arm64 Compiling\ EcosystemTools.swift,\ ExtraUtilityTools.swift,\ GitTool.swift /Users/trgysvc/Developer/EliteAgent/Sources/EliteAgentCore/ToolEngine/Tools/EcosystemTools.swift /Users/trgysvc/Developer/EliteAgent/Sources/EliteAgentCore/ToolEngine/Tools/ExtraUtilityTools.swift /Users/trgysvc/Developer/EliteAgent/Sources/EliteAgentCore/ToolEngine/Tools/GitTool.swift (in target 'EliteAgentCore' from project 'EliteAgent')

SwiftCompile normal arm64 /Users/trgysvc/Developer/EliteAgent/Sources/EliteAgentCore/ToolEngine/Tools/EcosystemTools.swift (in target 'EliteAgentCore' from project 'EliteAgent')
    cd /Users/trgysvc/Developer/EliteAgent
    

SwiftCompile normal arm64 /Users/trgysvc/Developer/EliteAgent/Sources/EliteAgentCore/ToolEngine/Tools/ExtraUtilityTools.swift (in target 'EliteAgentCore' from project 'EliteAgent')
    cd /Users/trgysvc/Developer/EliteAgent
    

SwiftCompile normal arm64 /Users/trgysvc/Developer/EliteAgent/Sources/EliteAgentCore/ToolEngine/Tools/GitTool.swift (in target 'EliteAgentCore' from project 'EliteAgent')
    cd /Users/trgysvc/Developer/EliteAgent
    

SwiftDriverJobDiscovery normal arm64 Compiling SpectralEngine.swift, SpectralFeatureEngine.swift, STFTEngine.swift, StructureEngine.swift, UtilityEngine.swift, WaveformRenderer.swift, YINEngine.swift, HardwareMonitor.swift (in target 'EliteAgentCore' from project 'EliteAgent')

SwiftCompile normal arm64 Compiling\ SessionContext.swift /Users/trgysvc/Developer/EliteAgent/Sources/EliteAgentCore/LLM/SessionContext.swift (in target 'EliteAgentCore' from project 'EliteAgent')

SwiftCompile normal arm64 /Users/trgysvc/Developer/EliteAgent/Sources/EliteAgentCore/LLM/SessionContext.swift (in target 'EliteAgentCore' from project 'EliteAgent')
    cd /Users/trgysvc/Developer/EliteAgent
    

SwiftDriverJobDiscovery normal arm64 Compiling MessengerTool.swift (in target 'EliteAgentCore' from project 'EliteAgent')

SwiftCompile normal arm64 Compiling\ MusicDNATool.swift,\ PatchTool.swift,\ ProductivityTools.swift /Users/trgysvc/Developer/EliteAgent/Sources/EliteAgentCore/ToolEngine/Tools/MusicDNATool.swift /Users/trgysvc/Developer/EliteAgent/Sources/EliteAgentCore/ToolEngine/Tools/PatchTool.swift /Users/trgysvc/Developer/EliteAgent/Sources/EliteAgentCore/ToolEngine/Tools/ProductivityTools.swift (in target 'EliteAgentCore' from project 'EliteAgent')

SwiftCompile normal arm64 /Users/trgysvc/Developer/EliteAgent/Sources/EliteAgentCore/ToolEngine/Tools/MusicDNATool.swift (in target 'EliteAgentCore' from project 'EliteAgent')
    cd /Users/trgysvc/Developer/EliteAgent
    

SwiftCompile normal arm64 /Users/trgysvc/Developer/EliteAgent/Sources/EliteAgentCore/ToolEngine/Tools/PatchTool.swift (in target 'EliteAgentCore' from project 'EliteAgent')
    cd /Users/trgysvc/Developer/EliteAgent
    

SwiftCompile normal arm64 /Users/trgysvc/Developer/EliteAgent/Sources/EliteAgentCore/ToolEngine/Tools/ProductivityTools.swift (in target 'EliteAgentCore' from project 'EliteAgent')
    cd /Users/trgysvc/Developer/EliteAgent
    

SwiftCompile normal arm64 Compiling\ ShellTool.swift,\ ShortcutDiscoveryTool.swift,\ ShortcutExecutionTool.swift /Users/trgysvc/Developer/EliteAgent/Sources/EliteAgentCore/ToolEngine/Tools/ShellTool.swift /Users/trgysvc/Developer/EliteAgent/Sources/EliteAgentCore/ToolEngine/Tools/ShortcutDiscoveryTool.swift /Users/trgysvc/Developer/EliteAgent/Sources/EliteAgentCore/ToolEngine/Tools/ShortcutExecutionTool.swift (in target 'EliteAgentCore' from project 'EliteAgent')

SwiftCompile normal arm64 /Users/trgysvc/Developer/EliteAgent/Sources/EliteAgentCore/ToolEngine/Tools/ShellTool.swift (in target 'EliteAgentCore' from project 'EliteAgent')
    cd /Users/trgysvc/Developer/EliteAgent
    

SwiftCompile normal arm64 /Users/trgysvc/Developer/EliteAgent/Sources/EliteAgentCore/ToolEngine/Tools/ShortcutDiscoveryTool.swift (in target 'EliteAgentCore' from project 'EliteAgent')
    cd /Users/trgysvc/Developer/EliteAgent
    

SwiftCompile normal arm64 /Users/trgysvc/Developer/EliteAgent/Sources/EliteAgentCore/ToolEngine/Tools/ShortcutExecutionTool.swift (in target 'EliteAgentCore' from project 'EliteAgent')
    cd /Users/trgysvc/Developer/EliteAgent
    

SwiftDriverJobDiscovery normal arm64 Compiling NativeBrowserTool.swift (in target 'EliteAgentCore' from project 'EliteAgent')

SwiftCompile normal arm64 Compiling\ UtilityTools.swift /Users/trgysvc/Developer/EliteAgent/Sources/EliteAgentCore/ToolEngine/Tools/UtilityTools.swift (in target 'EliteAgentCore' from project 'EliteAgent')

SwiftCompile normal arm64 /Users/trgysvc/Developer/EliteAgent/Sources/EliteAgentCore/ToolEngine/Tools/UtilityTools.swift (in target 'EliteAgentCore' from project 'EliteAgent')
    cd /Users/trgysvc/Developer/EliteAgent
    

SwiftDriverJobDiscovery normal arm64 Compiling SessionContext.swift (in target 'EliteAgentCore' from project 'EliteAgent')

SwiftCompile normal arm64 Compiling\ MCPGateway.swift /Users/trgysvc/Developer/EliteAgent/Sources/EliteAgentCore/MCP/MCPGateway.swift (in target 'EliteAgentCore' from project 'EliteAgent')

SwiftCompile normal arm64 /Users/trgysvc/Developer/EliteAgent/Sources/EliteAgentCore/MCP/MCPGateway.swift (in target 'EliteAgentCore' from project 'EliteAgent')
    cd /Users/trgysvc/Developer/EliteAgent
    

SwiftDriverJobDiscovery normal arm64 Compiling AgentProtocol.swift, CriticAgent.swift, CriticTemplate.swift, EliteCoordinator.swift, ExecutorAgent.swift, GuardAgent.swift, InternalMonologueActor.swift, MemoryAgent.swift, Orchestrator.swift (in target 'EliteAgentCore' from project 'EliteAgent')

SwiftCompile normal arm64 Compiling\ DynamicContextManager.swift /Users/trgysvc/Developer/EliteAgent/Sources/EliteAgentCore/Memory/DynamicContextManager.swift (in target 'EliteAgentCore' from project 'EliteAgent')

SwiftCompile normal arm64 /Users/trgysvc/Developer/EliteAgent/Sources/EliteAgentCore/Memory/DynamicContextManager.swift (in target 'EliteAgentCore' from project 'EliteAgent')
    cd /Users/trgysvc/Developer/EliteAgent
    

SwiftDriverJobDiscovery normal arm64 Compiling UNOTransport.swift, UsageTracker.swift, AudioLoader.swift, ChromaEngine.swift, CQTEngine.swift, DNAReportBuilder.swift, DSPHelpers.swift, FilterbankEngine.swift (in target 'EliteAgentCore' from project 'EliteAgent')

SwiftCompile normal arm64 Compiling\ OpenRouterProvider.swift /Users/trgysvc/Developer/EliteAgent/Sources/EliteAgentCore/LLM/OpenRouterProvider.swift (in target 'EliteAgentCore' from project 'EliteAgent')

SwiftCompile normal arm64 /Users/trgysvc/Developer/EliteAgent/Sources/EliteAgentCore/LLM/OpenRouterProvider.swift (in target 'EliteAgentCore' from project 'EliteAgent')
    cd /Users/trgysvc/Developer/EliteAgent
    

SwiftDriverJobDiscovery normal arm64 Compiling WebSearchTool.swift (in target 'EliteAgentCore' from project 'EliteAgent')

SwiftCompile normal arm64 Compiling\ ImageAnalysisTool.swift,\ MediaControllerTool.swift,\ MemoryTool.swift /Users/trgysvc/Developer/EliteAgent/Sources/EliteAgentCore/ToolEngine/Tools/ImageAnalysisTool.swift /Users/trgysvc/Developer/EliteAgent/Sources/EliteAgentCore/ToolEngine/Tools/MediaControllerTool.swift /Users/trgysvc/Developer/EliteAgent/Sources/EliteAgentCore/ToolEngine/Tools/MemoryTool.swift (in target 'EliteAgentCore' from project 'EliteAgent')

SwiftCompile normal arm64 /Users/trgysvc/Developer/EliteAgent/Sources/EliteAgentCore/ToolEngine/Tools/ImageAnalysisTool.swift (in target 'EliteAgentCore' from project 'EliteAgent')
    cd /Users/trgysvc/Developer/EliteAgent
    

SwiftCompile normal arm64 /Users/trgysvc/Developer/EliteAgent/Sources/EliteAgentCore/ToolEngine/Tools/MediaControllerTool.swift (in target 'EliteAgentCore' from project 'EliteAgent')
    cd /Users/trgysvc/Developer/EliteAgent
    

SwiftCompile normal arm64 /Users/trgysvc/Developer/EliteAgent/Sources/EliteAgentCore/ToolEngine/Tools/MemoryTool.swift (in target 'EliteAgentCore' from project 'EliteAgent')
    cd /Users/trgysvc/Developer/EliteAgent
    

SwiftDriverJobDiscovery normal arm64 Compiling MusicDNATool.swift, PatchTool.swift, ProductivityTools.swift (in target 'EliteAgentCore' from project 'EliteAgent')

SwiftCompile normal arm64 Compiling\ SubagentTool.swift,\ SystemTelemetryTool.swift,\ WebTools.swift /Users/trgysvc/Developer/EliteAgent/Sources/EliteAgentCore/ToolEngine/Tools/SubagentTool.swift /Users/trgysvc/Developer/EliteAgent/Sources/EliteAgentCore/ToolEngine/Tools/SystemTelemetryTool.swift /Users/trgysvc/Developer/EliteAgent/Sources/EliteAgentCore/ToolEngine/Tools/WebTools.swift (in target 'EliteAgentCore' from project 'EliteAgent')

SwiftCompile normal arm64 /Users/trgysvc/Developer/EliteAgent/Sources/EliteAgentCore/ToolEngine/Tools/SubagentTool.swift (in target 'EliteAgentCore' from project 'EliteAgent')
    cd /Users/trgysvc/Developer/EliteAgent
    

SwiftCompile normal arm64 /Users/trgysvc/Developer/EliteAgent/Sources/EliteAgentCore/ToolEngine/Tools/SystemTelemetryTool.swift (in target 'EliteAgentCore' from project 'EliteAgent')
    cd /Users/trgysvc/Developer/EliteAgent
    

SwiftCompile normal arm64 /Users/trgysvc/Developer/EliteAgent/Sources/EliteAgentCore/ToolEngine/Tools/WebTools.swift (in target 'EliteAgentCore' from project 'EliteAgent')
    cd /Users/trgysvc/Developer/EliteAgent
    

SwiftDriverJobDiscovery normal arm64 Compiling MLXEngineGuardian.swift, MLXProvider.swift, ModelCatalog.swift, ModelError.swift, ModelLoader.swift, ModelManager.swift, ModelSetupManager.swift, ModelStateManager.swift (in target 'EliteAgentCore' from project 'EliteAgent')

SwiftCompile normal arm64 Compiling\ AccessibilityTool.swift,\ ChicagoVisionTool.swift /Users/trgysvc/Developer/EliteAgent/Sources/EliteAgentCore/Tools/AccessibilityTool.swift /Users/trgysvc/Developer/EliteAgent/Sources/EliteAgentCore/Tools/ChicagoVisionTool.swift (in target 'EliteAgentCore' from project 'EliteAgent')

SwiftCompile normal arm64 /Users/trgysvc/Developer/EliteAgent/Sources/EliteAgentCore/Tools/AccessibilityTool.swift (in target 'EliteAgentCore' from project 'EliteAgent')
    cd /Users/trgysvc/Developer/EliteAgent
    

SwiftCompile normal arm64 /Users/trgysvc/Developer/EliteAgent/Sources/EliteAgentCore/Tools/ChicagoVisionTool.swift (in target 'EliteAgentCore' from project 'EliteAgent')
    cd /Users/trgysvc/Developer/EliteAgent
    

SwiftDriverJobDiscovery normal arm64 Compiling UtilityTools.swift (in target 'EliteAgentCore' from project 'EliteAgent')

SwiftCompile normal arm64 Compiling\ WriteFileTool.swift,\ AgentTool.swift /Users/trgysvc/Developer/EliteAgent/Sources/EliteAgentCore/ToolEngine/Tools/WriteFileTool.swift /Users/trgysvc/Developer/EliteAgent/Sources/EliteAgentCore/ToolEngine/AgentTool.swift (in target 'EliteAgentCore' from project 'EliteAgent')

SwiftCompile normal arm64 /Users/trgysvc/Developer/EliteAgent/Sources/EliteAgentCore/ToolEngine/Tools/WriteFileTool.swift (in target 'EliteAgentCore' from project 'EliteAgent')
    cd /Users/trgysvc/Developer/EliteAgent
    

SwiftCompile normal arm64 /Users/trgysvc/Developer/EliteAgent/Sources/EliteAgentCore/ToolEngine/AgentTool.swift (in target 'EliteAgentCore' from project 'EliteAgent')
    cd /Users/trgysvc/Developer/EliteAgent
    

SwiftDriverJobDiscovery normal arm64 Compiling DynamicContextManager.swift (in target 'EliteAgentCore' from project 'EliteAgent')

SwiftCompile normal arm64 Compiling\ PromptCacheMonitor.swift /Users/trgysvc/Developer/EliteAgent/Sources/EliteAgentCore/LLM/PromptCacheMonitor.swift (in target 'EliteAgentCore' from project 'EliteAgent')

SwiftCompile normal arm64 /Users/trgysvc/Developer/EliteAgent/Sources/EliteAgentCore/LLM/PromptCacheMonitor.swift (in target 'EliteAgentCore' from project 'EliteAgent')
    cd /Users/trgysvc/Developer/EliteAgent
    

SwiftDriverJobDiscovery normal arm64 Compiling AISessionState.swift, ChatModels.swift, ModelSource.swift, SignalBus.swift, Types.swift, ModelPickerViewModel.swift, VisualizerView.swift, UNODistributedActorSystem.swift (in target 'EliteAgentCore' from project 'EliteAgent')

SwiftCompile normal arm64 Compiling\ Notifications.swift /Users/trgysvc/Developer/EliteAgent/Sources/EliteAgentCore/Utilities/Notifications.swift (in target 'EliteAgentCore' from project 'EliteAgent')

SwiftCompile normal arm64 /Users/trgysvc/Developer/EliteAgent/Sources/EliteAgentCore/Utilities/Notifications.swift (in target 'EliteAgentCore' from project 'EliteAgent')
    cd /Users/trgysvc/Developer/EliteAgent
    

SwiftCompile normal arm64 Compiling\ ToolRegistry.swift,\ ToolSignature.swift /Users/trgysvc/Developer/EliteAgent/Sources/EliteAgentCore/ToolEngine/ToolRegistry.swift /Users/trgysvc/Developer/EliteAgent/Sources/EliteAgentCore/ToolEngine/ToolSignature.swift (in target 'EliteAgentCore' from project 'EliteAgent')

SwiftCompile normal arm64 /Users/trgysvc/Developer/EliteAgent/Sources/EliteAgentCore/ToolEngine/ToolRegistry.swift (in target 'EliteAgentCore' from project 'EliteAgent')
    cd /Users/trgysvc/Developer/EliteAgent
    

SwiftCompile normal arm64 /Users/trgysvc/Developer/EliteAgent/Sources/EliteAgentCore/ToolEngine/ToolSignature.swift (in target 'EliteAgentCore' from project 'EliteAgent')
    cd /Users/trgysvc/Developer/EliteAgent
    

SwiftDriverJobDiscovery normal arm64 Compiling EcosystemTools.swift, ExtraUtilityTools.swift, GitTool.swift (in target 'EliteAgentCore' from project 'EliteAgent')

SwiftDriverJobDiscovery normal arm64 Compiling OpenRouterProvider.swift (in target 'EliteAgentCore' from project 'EliteAgent')

SwiftCompile normal arm64 Compiling\ PluginManager.swift /Users/trgysvc/Developer/EliteAgent/Sources/EliteAgentCore/ToolEngine/PluginManager.swift (in target 'EliteAgentCore' from project 'EliteAgent')

SwiftCompile normal arm64 /Users/trgysvc/Developer/EliteAgent/Sources/EliteAgentCore/ToolEngine/PluginManager.swift (in target 'EliteAgentCore' from project 'EliteAgent')
    cd /Users/trgysvc/Developer/EliteAgent
    

SwiftDriverJobDiscovery normal arm64 Compiling ShellTool.swift, ShortcutDiscoveryTool.swift, ShortcutExecutionTool.swift (in target 'EliteAgentCore' from project 'EliteAgent')

SwiftCompile normal arm64 Compiling\ ThinkParser.swift /Users/trgysvc/Developer/EliteAgent/Sources/EliteAgentCore/Utilities/ThinkParser.swift (in target 'EliteAgentCore' from project 'EliteAgent')

SwiftCompile normal arm64 /Users/trgysvc/Developer/EliteAgent/Sources/EliteAgentCore/Utilities/ThinkParser.swift (in target 'EliteAgentCore' from project 'EliteAgent')
    cd /Users/trgysvc/Developer/EliteAgent
    

SwiftDriverJobDiscovery normal arm64 Compiling Notifications.swift (in target 'EliteAgentCore' from project 'EliteAgent')

SwiftCompile normal arm64 Compiling\ PerformanceArbiter.swift /Users/trgysvc/Developer/EliteAgent/Sources/EliteAgentCore/LLM/PerformanceArbiter.swift (in target 'EliteAgentCore' from project 'EliteAgent')

SwiftCompile normal arm64 /Users/trgysvc/Developer/EliteAgent/Sources/EliteAgentCore/LLM/PerformanceArbiter.swift (in target 'EliteAgentCore' from project 'EliteAgent')
    cd /Users/trgysvc/Developer/EliteAgent
    

SwiftDriverJobDiscovery normal arm64 Compiling SubagentTool.swift, SystemTelemetryTool.swift, WebTools.swift (in target 'EliteAgentCore' from project 'EliteAgent')

SwiftCompile normal arm64 Compiling\ AppleScriptRunner.swift /Users/trgysvc/Developer/EliteAgent/Sources/EliteAgentCore/Utilities/AppleScriptRunner.swift (in target 'EliteAgentCore' from project 'EliteAgent')

SwiftCompile normal arm64 /Users/trgysvc/Developer/EliteAgent/Sources/EliteAgentCore/Utilities/AppleScriptRunner.swift (in target 'EliteAgentCore' from project 'EliteAgent')
    cd /Users/trgysvc/Developer/EliteAgent
    

SwiftDriverJobDiscovery normal arm64 Compiling ImageAnalysisTool.swift, MediaControllerTool.swift, MemoryTool.swift (in target 'EliteAgentCore' from project 'EliteAgent')

SwiftCompile normal arm64 Compiling\ PromptSanitizer.swift /Users/trgysvc/Developer/EliteAgent/Sources/EliteAgentCore/Security/PromptSanitizer.swift (in target 'EliteAgentCore' from project 'EliteAgent')

SwiftCompile normal arm64 /Users/trgysvc/Developer/EliteAgent/Sources/EliteAgentCore/Security/PromptSanitizer.swift (in target 'EliteAgentCore' from project 'EliteAgent')
    cd /Users/trgysvc/Developer/EliteAgent
    

SwiftDriverJobDiscovery normal arm64 Compiling WriteFileTool.swift, AgentTool.swift (in target 'EliteAgentCore' from project 'EliteAgent')

SwiftCompile normal arm64 Compiling\ CategoryMapper.swift /Users/trgysvc/Developer/EliteAgent/Sources/EliteAgentCore/ToolEngine/CategoryMapper.swift (in target 'EliteAgentCore' from project 'EliteAgent')

SwiftCompile normal arm64 /Users/trgysvc/Developer/EliteAgent/Sources/EliteAgentCore/ToolEngine/CategoryMapper.swift (in target 'EliteAgentCore' from project 'EliteAgent')
    cd /Users/trgysvc/Developer/EliteAgent
    

SwiftDriverJobDiscovery normal arm64 Compiling PluginManager.swift (in target 'EliteAgentCore' from project 'EliteAgent')

SwiftCompile normal arm64 Compiling\ OllamaManager.swift /Users/trgysvc/Developer/EliteAgent/Sources/EliteAgentCore/LLM/OllamaManager.swift (in target 'EliteAgentCore' from project 'EliteAgent')

SwiftCompile normal arm64 /Users/trgysvc/Developer/EliteAgent/Sources/EliteAgentCore/LLM/OllamaManager.swift (in target 'EliteAgentCore' from project 'EliteAgent')
    cd /Users/trgysvc/Developer/EliteAgent
    

SwiftDriverJobDiscovery normal arm64 Compiling MCPGateway.swift (in target 'EliteAgentCore' from project 'EliteAgent')

SwiftCompile normal arm64 Compiling\ DreamActor.swift /Users/trgysvc/Developer/EliteAgent/Sources/EliteAgentCore/Memory/DreamActor.swift (in target 'EliteAgentCore' from project 'EliteAgent')

SwiftCompile normal arm64 /Users/trgysvc/Developer/EliteAgent/Sources/EliteAgentCore/Memory/DreamActor.swift (in target 'EliteAgentCore' from project 'EliteAgent')
    cd /Users/trgysvc/Developer/EliteAgent
    

SwiftDriverJobDiscovery normal arm64 Compiling ToolRegistry.swift, ToolSignature.swift (in target 'EliteAgentCore' from project 'EliteAgent')

SwiftCompile normal arm64 Compiling\ ReadFileTool.swift,\ ResearchReportTool.swift,\ SafariAutomationTool.swift /Users/trgysvc/Developer/EliteAgent/Sources/EliteAgentCore/ToolEngine/Tools/ReadFileTool.swift /Users/trgysvc/Developer/EliteAgent/Sources/EliteAgentCore/ToolEngine/Tools/ResearchReportTool.swift /Users/trgysvc/Developer/EliteAgent/Sources/EliteAgentCore/ToolEngine/Tools/SafariAutomationTool.swift (in target 'EliteAgentCore' from project 'EliteAgent')

SwiftCompile normal arm64 /Users/trgysvc/Developer/EliteAgent/Sources/EliteAgentCore/ToolEngine/Tools/ReadFileTool.swift (in target 'EliteAgentCore' from project 'EliteAgent')
    cd /Users/trgysvc/Developer/EliteAgent
    

SwiftCompile normal arm64 /Users/trgysvc/Developer/EliteAgent/Sources/EliteAgentCore/ToolEngine/Tools/ResearchReportTool.swift (in target 'EliteAgentCore' from project 'EliteAgent')
    cd /Users/trgysvc/Developer/EliteAgent
    

SwiftCompile normal arm64 /Users/trgysvc/Developer/EliteAgent/Sources/EliteAgentCore/ToolEngine/Tools/SafariAutomationTool.swift (in target 'EliteAgentCore' from project 'EliteAgent')
    cd /Users/trgysvc/Developer/EliteAgent
    

SwiftDriverJobDiscovery normal arm64 Compiling PromptCacheMonitor.swift (in target 'EliteAgentCore' from project 'EliteAgent')

SwiftCompile normal arm64 Compiling\ OutputSchemaGuard.swift,\ AppDiscoveryTool.swift,\ CommunicationTools.swift /Users/trgysvc/Developer/EliteAgent/Sources/EliteAgentCore/LLM/OutputSchemaGuard.swift /Users/trgysvc/Developer/EliteAgent/Sources/EliteAgentCore/ToolEngine/Tools/AppDiscoveryTool.swift /Users/trgysvc/Developer/EliteAgent/Sources/EliteAgentCore/ToolEngine/Tools/CommunicationTools.swift (in target 'EliteAgentCore' from project 'EliteAgent')

SwiftCompile normal arm64 /Users/trgysvc/Developer/EliteAgent/Sources/EliteAgentCore/LLM/OutputSchemaGuard.swift (in target 'EliteAgentCore' from project 'EliteAgent')
    cd /Users/trgysvc/Developer/EliteAgent
    

SwiftCompile normal arm64 /Users/trgysvc/Developer/EliteAgent/Sources/EliteAgentCore/ToolEngine/Tools/AppDiscoveryTool.swift (in target 'EliteAgentCore' from project 'EliteAgent')
    cd /Users/trgysvc/Developer/EliteAgent
    

SwiftCompile normal arm64 /Users/trgysvc/Developer/EliteAgent/Sources/EliteAgentCore/ToolEngine/Tools/CommunicationTools.swift (in target 'EliteAgentCore' from project 'EliteAgent')
    cd /Users/trgysvc/Developer/EliteAgent
    

SwiftDriverJobDiscovery normal arm64 Compiling AccessibilityTool.swift, ChicagoVisionTool.swift (in target 'EliteAgentCore' from project 'EliteAgent')

SwiftCompile normal arm64 Compiling\ PromptCacheManager.swift /Users/trgysvc/Developer/EliteAgent/Sources/EliteAgentCore/LLM/PromptCacheManager.swift (in target 'EliteAgentCore' from project 'EliteAgent')

SwiftCompile normal arm64 /Users/trgysvc/Developer/EliteAgent/Sources/EliteAgentCore/LLM/PromptCacheManager.swift (in target 'EliteAgentCore' from project 'EliteAgent')
    cd /Users/trgysvc/Developer/EliteAgent
    

SwiftDriverJobDiscovery normal arm64 Compiling CategoryMapper.swift (in target 'EliteAgentCore' from project 'EliteAgent')

SwiftDriverJobDiscovery normal arm64 Compiling PromptSanitizer.swift (in target 'EliteAgentCore' from project 'EliteAgent')

SwiftDriverJobDiscovery normal arm64 Compiling ThinkParser.swift (in target 'EliteAgentCore' from project 'EliteAgent')

SwiftDriverJobDiscovery normal arm64 Compiling PerformanceArbiter.swift (in target 'EliteAgentCore' from project 'EliteAgent')

SwiftDriverJobDiscovery normal arm64 Compiling AppleScriptRunner.swift (in target 'EliteAgentCore' from project 'EliteAgent')

SwiftDriverJobDiscovery normal arm64 Compiling OllamaManager.swift (in target 'EliteAgentCore' from project 'EliteAgent')

SwiftDriverJobDiscovery normal arm64 Compiling ReadFileTool.swift, ResearchReportTool.swift, SafariAutomationTool.swift (in target 'EliteAgentCore' from project 'EliteAgent')

SwiftDriverJobDiscovery normal arm64 Compiling OutputSchemaGuard.swift, AppDiscoveryTool.swift, CommunicationTools.swift (in target 'EliteAgentCore' from project 'EliteAgent')

SwiftDriverJobDiscovery normal arm64 Compiling DreamActor.swift (in target 'EliteAgentCore' from project 'EliteAgent')

SwiftDriverJobDiscovery normal arm64 Compiling PromptCacheManager.swift (in target 'EliteAgentCore' from project 'EliteAgent')

SwiftDriverJobDiscovery normal arm64 Compiling VaultManager.swift, SystemWatchdog.swift, AutoRecoveryEngine.swift, BridgeProvider.swift, ChatProcessState.swift, CloudProvider.swift, HarpsichordBridge.swift, InferenceActor.swift (in target 'EliteAgentCore' from project 'EliteAgent')

SwiftCompile normal arm64 Compiling\ TokenBudgetActor.swift /Users/trgysvc/Developer/EliteAgent/Sources/EliteAgentCore/LLM/TokenBudgetActor.swift (in target 'EliteAgentCore' from project 'EliteAgent')

SwiftCompile normal arm64 /Users/trgysvc/Developer/EliteAgent/Sources/EliteAgentCore/LLM/TokenBudgetActor.swift (in target 'EliteAgentCore' from project 'EliteAgent')
    cd /Users/trgysvc/Developer/EliteAgent
    

SwiftDriverJobDiscovery normal arm64 Compiling TokenBudgetActor.swift (in target 'EliteAgentCore' from project 'EliteAgent')

SwiftDriver\ Compilation EliteAgentCore normal arm64 com.apple.xcode.tools.swift.compiler (in target 'EliteAgentCore' from project 'EliteAgent')
    cd /Users/trgysvc/Developer/EliteAgent
    builtin-Swift-Compilation -- /Applications/Xcode.app/Contents/Developer/Toolchains/XcodeDefault.xctoolchain/usr/bin/swiftc -module-name EliteAgentCore -Onone @/Users/trgysvc/Library/Developer/Xcode/DerivedData/EliteAgent-btzokozrfsnzjtcxxfzhmbcisvbu/Build/Intermediates.noindex/EliteAgent.build/Debug/EliteAgentCore.build/Objects-normal/arm64/EliteAgentCore.SwiftFileList -DDEBUG -Xcc -fmodule-map-file\=/Users/trgysvc/Library/Developer/Xcode/DerivedData/EliteAgent-btzokozrfsnzjtcxxfzhmbcisvbu/Build/Intermediates.noindex/GeneratedModuleMaps/yyjson.modulemap -enable-experimental-feature DebugDescriptionMacro -sdk /Applications/Xcode.app/Contents/Developer/Platforms/MacOSX.platform/Developer/SDKs/MacOSX26.4.sdk -target arm64-apple-macos15.0 -g -module-cache-path /Users/trgysvc/Library/Developer/Xcode/DerivedData/ModuleCache.noindex -Xfrontend -serialize-debugging-options -enable-testing -index-store-path /Users/trgysvc/Library/Developer/Xcode/DerivedData/EliteAgent-btzokozrfsnzjtcxxfzhmbcisvbu/Index.noindex/DataStore -Xcc -D_LIBCPP_HARDENING_MODE\=_LIBCPP_HARDENING_MODE_DEBUG -swift-version 6 -I /Users/trgysvc/Library/Developer/Xcode/DerivedData/EliteAgent-btzokozrfsnzjtcxxfzhmbcisvbu/Build/Products/Debug -F /Users/trgysvc/Library/Developer/Xcode/DerivedData/EliteAgent-btzokozrfsnzjtcxxfzhmbcisvbu/Build/Products/Debug/PackageFrameworks -F /Users/trgysvc/Library/Developer/Xcode/DerivedData/EliteAgent-btzokozrfsnzjtcxxfzhmbcisvbu/Build/Products/Debug/PackageFrameworks -F /Users/trgysvc/Library/Developer/Xcode/DerivedData/EliteAgent-btzokozrfsnzjtcxxfzhmbcisvbu/Build/Products/Debug/PackageFrameworks -F /Users/trgysvc/Library/Developer/Xcode/DerivedData/EliteAgent-btzokozrfsnzjtcxxfzhmbcisvbu/Build/Products/Debug/PackageFrameworks -F /Users/trgysvc/Library/Developer/Xcode/DerivedData/EliteAgent-btzokozrfsnzjtcxxfzhmbcisvbu/Build/Products/Debug/PackageFrameworks -F /Users/trgysvc/Library/Developer/Xcode/DerivedData/EliteAgent-btzokozrfsnzjtcxxfzhmbcisvbu/Build/Products/Debug/PackageFrameworks -F /Users/trgysvc/Library/Developer/Xcode/DerivedData/EliteAgent-btzokozrfsnzjtcxxfzhmbcisvbu/Build/Products/Debug/PackageFrameworks -F /Users/trgysvc/Library/Developer/Xcode/DerivedData/EliteAgent-btzokozrfsnzjtcxxfzhmbcisvbu/Build/Products/Debug/PackageFrameworks -F /Users/trgysvc/Library/Developer/Xcode/DerivedData/EliteAgent-btzokozrfsnzjtcxxfzhmbcisvbu/Build/Products/Debug/PackageFrameworks -F /Users/trgysvc/Library/Developer/Xcode/DerivedData/EliteAgent-btzokozrfsnzjtcxxfzhmbcisvbu/Build/Products/Debug/PackageFrameworks -F /Users/trgysvc/Library/Developer/Xcode/DerivedData/EliteAgent-btzokozrfsnzjtcxxfzhmbcisvbu/Build/Products/Debug/PackageFrameworks -F /Users/trgysvc/Library/Developer/Xcode/DerivedData/EliteAgent-btzokozrfsnzjtcxxfzhmbcisvbu/Build/Products/Debug/PackageFrameworks -F /Users/trgysvc/Library/Developer/Xcode/DerivedData/EliteAgent-btzokozrfsnzjtcxxfzhmbcisvbu/Build/Products/Debug/PackageFrameworks -F /Users/trgysvc/Library/Developer/Xcode/DerivedData/EliteAgent-btzokozrfsnzjtcxxfzhmbcisvbu/Build/Products/Debug/PackageFrameworks -F /Users/trgysvc/Library/Developer/Xcode/DerivedData/EliteAgent-btzokozrfsnzjtcxxfzhmbcisvbu/Build/Products/Debug/PackageFrameworks -F /Users/trgysvc/Library/Developer/Xcode/DerivedData/EliteAgent-btzokozrfsnzjtcxxfzhmbcisvbu/Build/Products/Debug/PackageFrameworks -F /Users/trgysvc/Library/Developer/Xcode/DerivedData/EliteAgent-btzokozrfsnzjtcxxfzhmbcisvbu/Build/Products/Debug/PackageFrameworks -F /Users/trgysvc/Library/Developer/Xcode/DerivedData/EliteAgent-btzokozrfsnzjtcxxfzhmbcisvbu/Build/Products/Debug/PackageFrameworks -F /Users/trgysvc/Library/Developer/Xcode/DerivedData/EliteAgent-btzokozrfsnzjtcxxfzhmbcisvbu/Build/Products/Debug/PackageFrameworks -F /Users/trgysvc/Library/Developer/Xcode/DerivedData/EliteAgent-btzokozrfsnzjtcxxfzhmbcisvbu/Build/Products/Debug/PackageFrameworks -F /Users/trgysvc/Library/Developer/Xcode/DerivedData/EliteAgent-btzokozrfsnzjtcxxfzhmbcisvbu/Build/Products/Debug/PackageFrameworks -F /Users/trgysvc/Library/Developer/Xcode/DerivedData/EliteAgent-btzokozrfsnzjtcxxfzhmbcisvbu/Build/Products/Debug/PackageFrameworks -F /Users/trgysvc/Library/Developer/Xcode/DerivedData/EliteAgent-btzokozrfsnzjtcxxfzhmbcisvbu/Build/Products/Debug/PackageFrameworks -F /Users/trgysvc/Library/Developer/Xcode/DerivedData/EliteAgent-btzokozrfsnzjtcxxfzhmbcisvbu/Build/Products/Debug/PackageFrameworks -F /Users/trgysvc/Library/Developer/Xcode/DerivedData/EliteAgent-btzokozrfsnzjtcxxfzhmbcisvbu/Build/Products/Debug/PackageFrameworks -F /Users/trgysvc/Library/Developer/Xcode/DerivedData/EliteAgent-btzokozrfsnzjtcxxfzhmbcisvbu/Build/Products/Debug -c -j10 -enable-batch-mode -incremental -Xcc -ivfsstatcache -Xcc /Users/trgysvc/Library/Developer/Xcode/DerivedData/SDKStatCaches.noindex/macosx26.4-25E236-688ef53f1462e2c8f657fdc38a81448f30f9ca8789b706f8bd3fc906a70d770f.sdkstatcache -output-file-map /Users/trgysvc/Library/Developer/Xcode/DerivedData/EliteAgent-btzokozrfsnzjtcxxfzhmbcisvbu/Build/Intermediates.noindex/EliteAgent.build/Debug/EliteAgentCore.build/Objects-normal/arm64/EliteAgentCore-OutputFileMap.json -use-frontend-parseable-output -save-temps -no-color-diagnostics -explicit-module-build -module-cache-path /Users/trgysvc/Library/Developer/Xcode/DerivedData/EliteAgent-btzokozrfsnzjtcxxfzhmbcisvbu/Build/Intermediates.noindex/SwiftExplicitPrecompiledModules -clang-scanner-module-cache-path /Users/trgysvc/Library/Developer/Xcode/DerivedData/ModuleCache.noindex -sdk-module-cache-path /Users/trgysvc/Library/Developer/Xcode/DerivedData/ModuleCache.noindex -serialize-diagnostics -emit-dependencies -emit-module -emit-module-path /Users/trgysvc/Library/Developer/Xcode/DerivedData/EliteAgent-btzokozrfsnzjtcxxfzhmbcisvbu/Build/Intermediates.noindex/EliteAgent.build/Debug/EliteAgentCore.build/Objects-normal/arm64/EliteAgentCore.swiftmodule -validate-clang-modules-once -clang-build-session-file /Users/trgysvc/Library/Developer/Xcode/DerivedData/ModuleCache.noindex/Session.modulevalidation -Xcc -I/Users/trgysvc/Library/Developer/Xcode/DerivedData/EliteAgent-btzokozrfsnzjtcxxfzhmbcisvbu/Build/Intermediates.noindex/EliteAgent.build/Debug/EliteAgentCore.build/swift-overrides.hmap -emit-const-values -Xfrontend -const-gather-protocols-file -Xfrontend /Users/trgysvc/Library/Developer/Xcode/DerivedData/EliteAgent-btzokozrfsnzjtcxxfzhmbcisvbu/Build/Intermediates.noindex/EliteAgent.build/Debug/EliteAgentCore.build/Objects-normal/arm64/EliteAgentCore_const_extract_protocols.json -Xcc -iquote -Xcc /Users/trgysvc/Library/Developer/Xcode/DerivedData/EliteAgent-btzokozrfsnzjtcxxfzhmbcisvbu/Build/Intermediates.noindex/EliteAgent.build/Debug/EliteAgentCore.build/EliteAgentCore-generated-files.hmap -Xcc -I/Users/trgysvc/Library/Developer/Xcode/DerivedData/EliteAgent-btzokozrfsnzjtcxxfzhmbcisvbu/Build/Intermediates.noindex/EliteAgent.build/Debug/EliteAgentCore.build/EliteAgentCore-own-target-headers.hmap -Xcc -I/Users/trgysvc/Library/Developer/Xcode/DerivedData/EliteAgent-btzokozrfsnzjtcxxfzhmbcisvbu/Build/Intermediates.noindex/EliteAgent.build/Debug/EliteAgentCore.build/EliteAgentCore-all-non-framework-target-headers.hmap -Xcc -ivfsoverlay -Xcc /Users/trgysvc/Library/Developer/Xcode/DerivedData/EliteAgent-btzokozrfsnzjtcxxfzhmbcisvbu/Build/Intermediates.noindex/EliteAgent.build/Debug/EliteAgent-721b4d269f90b0c1aa899c38a8b2021d-VFS/all-product-headers.yaml -Xcc -iquote -Xcc /Users/trgysvc/Library/Developer/Xcode/DerivedData/EliteAgent-btzokozrfsnzjtcxxfzhmbcisvbu/Build/Intermediates.noindex/EliteAgent.build/Debug/EliteAgentCore.build/EliteAgentCore-project-headers.hmap -Xcc -I/Users/trgysvc/Library/Developer/Xcode/DerivedData/EliteAgent-btzokozrfsnzjtcxxfzhmbcisvbu/SourcePackages/checkouts/yyjson/src -Xcc -I/Users/trgysvc/Library/Developer/Xcode/DerivedData/EliteAgent-btzokozrfsnzjtcxxfzhmbcisvbu/SourcePackages/checkouts/swift-numerics/Sources/_NumericsShims/include -Xcc -I/Users/trgysvc/Library/Developer/Xcode/DerivedData/EliteAgent-btzokozrfsnzjtcxxfzhmbcisvbu/SourcePackages/checkouts/mlx-swift/Source/Cmlx/include -Xcc -I/Users/trgysvc/Library/Developer/Xcode/DerivedData/EliteAgent-btzokozrfsnzjtcxxfzhmbcisvbu/Build/Products/Debug/include -Xcc -I/Users/trgysvc/Library/Developer/Xcode/DerivedData/EliteAgent-btzokozrfsnzjtcxxfzhmbcisvbu/Build/Intermediates.noindex/EliteAgent.build/Debug/EliteAgentCore.build/DerivedSources-normal/arm64 -Xcc -I/Users/trgysvc/Library/Developer/Xcode/DerivedData/EliteAgent-btzokozrfsnzjtcxxfzhmbcisvbu/Build/Intermediates.noindex/EliteAgent.build/Debug/EliteAgentCore.build/DerivedSources/arm64 -Xcc -I/Users/trgysvc/Library/Developer/Xcode/DerivedData/EliteAgent-btzokozrfsnzjtcxxfzhmbcisvbu/Build/Intermediates.noindex/EliteAgent.build/Debug/EliteAgentCore.build/DerivedSources -Xcc -DDEBUG\=1 -Xcc -DFMT_USE_CONSTEVAL\=0 -Xcc -DFMT_ENFORCE_COMPILE_STRING\=0 -Xcc -DFMT_USE_CONSTEXPR\=0 -emit-objc-header -emit-objc-header-path /Users/trgysvc/Library/Developer/Xcode/DerivedData/EliteAgent-btzokozrfsnzjtcxxfzhmbcisvbu/Build/Intermediates.noindex/EliteAgent.build/Debug/EliteAgentCore.build/Objects-normal/arm64/EliteAgentCore-Swift.h -working-directory /Users/trgysvc/Developer/EliteAgent -experimental-emit-module-separately -disable-cmo

Libtool /Users/trgysvc/Library/Developer/Xcode/DerivedData/EliteAgent-btzokozrfsnzjtcxxfzhmbcisvbu/Build/Products/Debug/libEliteAgentCore.a normal (in target 'EliteAgentCore' from project 'EliteAgent')
    cd /Users/trgysvc/Developer/EliteAgent
    /Applications/Xcode.app/Contents/Developer/Toolchains/XcodeDefault.xctoolchain/usr/bin/libtool -static -arch_only arm64 -D -syslibroot /Applications/Xcode.app/Contents/Developer/Platforms/MacOSX.platform/Developer/SDKs/MacOSX26.4.sdk -L/Users/trgysvc/Library/Developer/Xcode/DerivedData/EliteAgent-btzokozrfsnzjtcxxfzhmbcisvbu/Build/Products/Debug -filelist /Users/trgysvc/Library/Developer/Xcode/DerivedData/EliteAgent-btzokozrfsnzjtcxxfzhmbcisvbu/Build/Intermediates.noindex/EliteAgent.build/Debug/EliteAgentCore.build/Objects-normal/arm64/EliteAgentCore.LinkFileList -dependency_info /Users/trgysvc/Library/Developer/Xcode/DerivedData/EliteAgent-btzokozrfsnzjtcxxfzhmbcisvbu/Build/Intermediates.noindex/EliteAgent.build/Debug/EliteAgentCore.build/Objects-normal/arm64/EliteAgentCore_libtool_dependency_info.dat -o /Users/trgysvc/Library/Developer/Xcode/DerivedData/EliteAgent-btzokozrfsnzjtcxxfzhmbcisvbu/Build/Products/Debug/libEliteAgentCore.a
libtool: warning: 'Numerics.o' has no symbols
libtool: warning: '_NumericsShims.o' has no symbols

ExtractAppIntentsMetadata (in target 'EliteAgentCore' from project 'EliteAgent')
    cd /Users/trgysvc/Developer/EliteAgent
    /Applications/Xcode.app/Contents/Developer/Toolchains/XcodeDefault.xctoolchain/usr/bin/appintentsmetadataprocessor --toolchain-dir /var/run/com.apple.security.cryptexd/mnt/com.apple.MobileAsset.MetalToolchain-v17.5.188.0.qT0CL0/Metal.xctoolchain --module-name EliteAgentCore --sdk-root /Applications/Xcode.app/Contents/Developer/Platforms/MacOSX.platform/Developer/SDKs/MacOSX26.4.sdk --xcode-version 17E192 --platform-family macOS --deployment-target 15.0 --bundle-identifier com.trgysvc.EliteAgentCore --output /Users/trgysvc/Library/Developer/Xcode/DerivedData/EliteAgent-btzokozrfsnzjtcxxfzhmbcisvbu/Build/Products/Debug/EliteAgentCore.appintents --target-triple arm64-apple-macos15.0 --binary-file /Users/trgysvc/Library/Developer/Xcode/DerivedData/EliteAgent-btzokozrfsnzjtcxxfzhmbcisvbu/Build/Products/Debug/libEliteAgentCore.a --dependency-file /Users/trgysvc/Library/Developer/Xcode/DerivedData/EliteAgent-btzokozrfsnzjtcxxfzhmbcisvbu/Build/Intermediates.noindex/EliteAgent.build/Debug/EliteAgentCore.build/Objects-normal/arm64/EliteAgentCore_libtool_dependency_info.dat --stringsdata-file /Users/trgysvc/Library/Developer/Xcode/DerivedData/EliteAgent-btzokozrfsnzjtcxxfzhmbcisvbu/Build/Intermediates.noindex/EliteAgent.build/Debug/EliteAgentCore.build/Objects-normal/arm64/ExtractedAppShortcutsMetadata.stringsdata --source-file-list /Users/trgysvc/Library/Developer/Xcode/DerivedData/EliteAgent-btzokozrfsnzjtcxxfzhmbcisvbu/Build/Intermediates.noindex/EliteAgent.build/Debug/EliteAgentCore.build/Objects-normal/arm64/EliteAgentCore.SwiftFileList --metadata-file-list /Users/trgysvc/Library/Developer/Xcode/DerivedData/EliteAgent-btzokozrfsnzjtcxxfzhmbcisvbu/Build/Intermediates.noindex/EliteAgent.build/Debug/EliteAgentCore.build/EliteAgentCore.DependencyMetadataFileList --static-metadata-file-list /Users/trgysvc/Library/Developer/Xcode/DerivedData/EliteAgent-btzokozrfsnzjtcxxfzhmbcisvbu/Build/Intermediates.noindex/EliteAgent.build/Debug/EliteAgentCore.build/EliteAgentCore.DependencyStaticMetadataFileList --swift-const-vals-list /Users/trgysvc/Library/Developer/Xcode/DerivedData/EliteAgent-btzokozrfsnzjtcxxfzhmbcisvbu/Build/Intermediates.noindex/EliteAgent.build/Debug/EliteAgentCore.build/Objects-normal/arm64/EliteAgentCore.SwiftConstValuesFileList --force --compile-time-extraction --deployment-aware-processing --validate-assistant-intents --no-app-shortcuts-localization
2026-04-10 01:47:15.368 appintentsmetadataprocessor[32360:243952] Starting appintentsmetadataprocessor export
2026-04-10 01:47:15.381 appintentsmetadataprocessor[32360:243952] Extracted no relevant App Intents symbols, skipping writing output

Copy /Users/trgysvc/Library/Developer/Xcode/DerivedData/EliteAgent-btzokozrfsnzjtcxxfzhmbcisvbu/Build/Products/Debug/EliteAgentXPC.xpc/Contents/Resources/swift-transformers_Hub.bundle /Users/trgysvc/Library/Developer/Xcode/DerivedData/EliteAgent-btzokozrfsnzjtcxxfzhmbcisvbu/Build/Products/Debug/swift-transformers_Hub.bundle (in target 'EliteAgentXPC' from project 'EliteAgent')
    cd /Users/trgysvc/Developer/EliteAgent
    builtin-copy -exclude .DS_Store -exclude CVS -exclude .svn -exclude .git -exclude .hg -resolve-src-symlinks /Users/trgysvc/Library/Developer/Xcode/DerivedData/EliteAgent-btzokozrfsnzjtcxxfzhmbcisvbu/Build/Products/Debug/swift-transformers_Hub.bundle /Users/trgysvc/Library/Developer/Xcode/DerivedData/EliteAgent-btzokozrfsnzjtcxxfzhmbcisvbu/Build/Products/Debug/EliteAgentXPC.xpc/Contents/Resources

Ld /Users/trgysvc/Library/Developer/Xcode/DerivedData/EliteAgent-btzokozrfsnzjtcxxfzhmbcisvbu/Build/Products/Debug/EliteAgentXPC.xpc/Contents/MacOS/EliteAgentXPC normal (in target 'EliteAgentXPC' from project 'EliteAgent')
    cd /Users/trgysvc/Developer/EliteAgent
    /Applications/Xcode.app/Contents/Developer/Toolchains/XcodeDefault.xctoolchain/usr/bin/clang -Xlinker -reproducible -target arm64-apple-macos15.0 -isysroot /Applications/Xcode.app/Contents/Developer/Platforms/MacOSX.platform/Developer/SDKs/MacOSX26.4.sdk -O0 -L/Users/trgysvc/Library/Developer/Xcode/DerivedData/EliteAgent-btzokozrfsnzjtcxxfzhmbcisvbu/Build/Intermediates.noindex/EagerLinkingTBDs/Debug -L/Users/trgysvc/Library/Developer/Xcode/DerivedData/EliteAgent-btzokozrfsnzjtcxxfzhmbcisvbu/Build/Products/Debug -F/Users/trgysvc/Library/Developer/Xcode/DerivedData/EliteAgent-btzokozrfsnzjtcxxfzhmbcisvbu/Build/Intermediates.noindex/EagerLinkingTBDs/Debug -F/Users/trgysvc/Library/Developer/Xcode/DerivedData/EliteAgent-btzokozrfsnzjtcxxfzhmbcisvbu/Build/Products/Debug/PackageFrameworks -F/Users/trgysvc/Library/Developer/Xcode/DerivedData/EliteAgent-btzokozrfsnzjtcxxfzhmbcisvbu/Build/Products/Debug/PackageFrameworks -F/Users/trgysvc/Library/Developer/Xcode/DerivedData/EliteAgent-btzokozrfsnzjtcxxfzhmbcisvbu/Build/Products/Debug/PackageFrameworks -F/Users/trgysvc/Library/Developer/Xcode/DerivedData/EliteAgent-btzokozrfsnzjtcxxfzhmbcisvbu/Build/Products/Debug/PackageFrameworks -F/Users/trgysvc/Library/Developer/Xcode/DerivedData/EliteAgent-btzokozrfsnzjtcxxfzhmbcisvbu/Build/Products/Debug/PackageFrameworks -F/Users/trgysvc/Library/Developer/Xcode/DerivedData/EliteAgent-btzokozrfsnzjtcxxfzhmbcisvbu/Build/Products/Debug/PackageFrameworks -F/Users/trgysvc/Library/Developer/Xcode/DerivedData/EliteAgent-btzokozrfsnzjtcxxfzhmbcisvbu/Build/Products/Debug/PackageFrameworks -F/Users/trgysvc/Library/Developer/Xcode/DerivedData/EliteAgent-btzokozrfsnzjtcxxfzhmbcisvbu/Build/Products/Debug/PackageFrameworks -F/Users/trgysvc/Library/Developer/Xcode/DerivedData/EliteAgent-btzokozrfsnzjtcxxfzhmbcisvbu/Build/Products/Debug/PackageFrameworks -F/Users/trgysvc/Library/Developer/Xcode/DerivedData/EliteAgent-btzokozrfsnzjtcxxfzhmbcisvbu/Build/Products/Debug/PackageFrameworks -F/Users/trgysvc/Library/Developer/Xcode/DerivedData/EliteAgent-btzokozrfsnzjtcxxfzhmbcisvbu/Build/Products/Debug/PackageFrameworks -F/Users/trgysvc/Library/Developer/Xcode/DerivedData/EliteAgent-btzokozrfsnzjtcxxfzhmbcisvbu/Build/Products/Debug/PackageFrameworks -F/Users/trgysvc/Library/Developer/Xcode/DerivedData/EliteAgent-btzokozrfsnzjtcxxfzhmbcisvbu/Build/Products/Debug/PackageFrameworks -F/Users/trgysvc/Library/Developer/Xcode/DerivedData/EliteAgent-btzokozrfsnzjtcxxfzhmbcisvbu/Build/Products/Debug/PackageFrameworks -F/Users/trgysvc/Library/Developer/Xcode/DerivedData/EliteAgent-btzokozrfsnzjtcxxfzhmbcisvbu/Build/Products/Debug/PackageFrameworks -F/Users/trgysvc/Library/Developer/Xcode/DerivedData/EliteAgent-btzokozrfsnzjtcxxfzhmbcisvbu/Build/Products/Debug/PackageFrameworks -F/Users/trgysvc/Library/Developer/Xcode/DerivedData/EliteAgent-btzokozrfsnzjtcxxfzhmbcisvbu/Build/Products/Debug/PackageFrameworks -F/Users/trgysvc/Library/Developer/Xcode/DerivedData/EliteAgent-btzokozrfsnzjtcxxfzhmbcisvbu/Build/Products/Debug/PackageFrameworks -F/Users/trgysvc/Library/Developer/Xcode/DerivedData/EliteAgent-btzokozrfsnzjtcxxfzhmbcisvbu/Build/Products/Debug/PackageFrameworks -F/Users/trgysvc/Library/Developer/Xcode/DerivedData/EliteAgent-btzokozrfsnzjtcxxfzhmbcisvbu/Build/Products/Debug/PackageFrameworks -F/Users/trgysvc/Library/Developer/Xcode/DerivedData/EliteAgent-btzokozrfsnzjtcxxfzhmbcisvbu/Build/Products/Debug/PackageFrameworks -F/Users/trgysvc/Library/Developer/Xcode/DerivedData/EliteAgent-btzokozrfsnzjtcxxfzhmbcisvbu/Build/Products/Debug/PackageFrameworks -F/Users/trgysvc/Library/Developer/Xcode/DerivedData/EliteAgent-btzokozrfsnzjtcxxfzhmbcisvbu/Build/Products/Debug/PackageFrameworks -F/Users/trgysvc/Library/Developer/Xcode/DerivedData/EliteAgent-btzokozrfsnzjtcxxfzhmbcisvbu/Build/Products/Debug/PackageFrameworks -F/Users/trgysvc/Library/Developer/Xcode/DerivedData/EliteAgent-btzokozrfsnzjtcxxfzhmbcisvbu/Build/Products/Debug/PackageFrameworks -F/Users/trgysvc/Library/Developer/Xcode/DerivedData/EliteAgent-btzokozrfsnzjtcxxfzhmbcisvbu/Build/Products/Debug -filelist /Users/trgysvc/Library/Developer/Xcode/DerivedData/EliteAgent-btzokozrfsnzjtcxxfzhmbcisvbu/Build/Intermediates.noindex/EliteAgent.build/Debug/EliteAgentXPC.build/Objects-normal/arm64/EliteAgentXPC.LinkFileList -Xlinker -rpath -Xlinker /usr/lib/swift -Xlinker -rpath -Xlinker /Users/trgysvc/Library/Developer/Xcode/DerivedData/EliteAgent-btzokozrfsnzjtcxxfzhmbcisvbu/Build/Products/Debug/PackageFrameworks -Xlinker -rpath -Xlinker @executable_path/../Frameworks -Xlinker -rpath -Xlinker @loader_path/../Frameworks -Xlinker -object_path_lto -Xlinker /Users/trgysvc/Library/Developer/Xcode/DerivedData/EliteAgent-btzokozrfsnzjtcxxfzhmbcisvbu/Build/Intermediates.noindex/EliteAgent.build/Debug/EliteAgentXPC.build/Objects-normal/arm64/EliteAgentXPC_lto.o -rdynamic -Xlinker -no_deduplicate -Xlinker -dependency_info -Xlinker /Users/trgysvc/Library/Developer/Xcode/DerivedData/EliteAgent-btzokozrfsnzjtcxxfzhmbcisvbu/Build/Intermediates.noindex/EliteAgent.build/Debug/EliteAgentXPC.build/Objects-normal/arm64/EliteAgentXPC_dependency_info.dat -fobjc-link-runtime -L/Applications/Xcode.app/Contents/Developer/Toolchains/XcodeDefault.xctoolchain/usr/lib/swift/macosx -L/usr/lib/swift -Xlinker -add_ast_path -Xlinker /Users/trgysvc/Library/Developer/Xcode/DerivedData/EliteAgent-btzokozrfsnzjtcxxfzhmbcisvbu/Build/Intermediates.noindex/EliteAgent.build/Debug/EliteAgentXPC.build/Objects-normal/arm64/EliteAgentXPC.swiftmodule -Wl,-no_warn_duplicate_libraries -Wl,-no_warn_duplicate_libraries -Wl,-no_warn_duplicate_libraries -Wl,-no_warn_duplicate_libraries -Wl,-no_warn_duplicate_libraries -Wl,-no_warn_duplicate_libraries -Wl,-no_warn_duplicate_libraries -Wl,-no_warn_duplicate_libraries -Wl,-no_warn_duplicate_libraries -Wl,-no_warn_duplicate_libraries -Wl,-no_warn_duplicate_libraries -Wl,-no_warn_duplicate_libraries -lc++ -Wl,-no_warn_duplicate_libraries -Wl,-no_warn_duplicate_libraries -Wl,-no_warn_duplicate_libraries -Wl,-no_warn_duplicate_libraries -Wl,-no_warn_duplicate_libraries -Wl,-no_warn_duplicate_libraries -Wl,-no_warn_duplicate_libraries -Wl,-no_warn_duplicate_libraries -Wl,-no_warn_duplicate_libraries -Wl,-no_warn_duplicate_libraries -Wl,-no_warn_duplicate_libraries -Wl,-no_warn_duplicate_libraries -Wl,-no_warn_duplicate_libraries -framework Foundation -framework Metal -framework Accelerate -lEliteAgentCore -Xlinker -no_adhoc_codesign -o /Users/trgysvc/Library/Developer/Xcode/DerivedData/EliteAgent-btzokozrfsnzjtcxxfzhmbcisvbu/Build/Products/Debug/EliteAgentXPC.xpc/Contents/MacOS/EliteAgentXPC -Xlinker -add_ast_path -Xlinker /Users/trgysvc/Library/Developer/Xcode/DerivedData/EliteAgent-btzokozrfsnzjtcxxfzhmbcisvbu/Build/Intermediates.noindex/swift-numerics.build/Debug/Numerics.build/Objects-normal/arm64/Numerics.swiftmodule @/Users/trgysvc/Library/Developer/Xcode/DerivedData/EliteAgent-btzokozrfsnzjtcxxfzhmbcisvbu/Build/Intermediates.noindex/swift-numerics.build/Debug/Numerics.build/Objects-normal/arm64/Numerics-linker-args.resp -Xlinker -add_ast_path -Xlinker /Users/trgysvc/Library/Developer/Xcode/DerivedData/EliteAgent-btzokozrfsnzjtcxxfzhmbcisvbu/Build/Intermediates.noindex/swift-numerics.build/Debug/RealModule.build/Objects-normal/arm64/RealModule.swiftmodule @/Users/trgysvc/Library/Developer/Xcode/DerivedData/EliteAgent-btzokozrfsnzjtcxxfzhmbcisvbu/Build/Intermediates.noindex/swift-numerics.build/Debug/RealModule.build/Objects-normal/arm64/RealModule-linker-args.resp -Xlinker -add_ast_path -Xlinker /Users/trgysvc/Library/Developer/Xcode/DerivedData/EliteAgent-btzokozrfsnzjtcxxfzhmbcisvbu/Build/Intermediates.noindex/swift-numerics.build/Debug/ComplexModule.build/Objects-normal/arm64/ComplexModule.swiftmodule @/Users/trgysvc/Library/Developer/Xcode/DerivedData/EliteAgent-btzokozrfsnzjtcxxfzhmbcisvbu/Build/Intermediates.noindex/swift-numerics.build/Debug/ComplexModule.build/Objects-normal/arm64/ComplexModule-linker-args.resp -Xlinker -add_ast_path -Xlinker /Users/trgysvc/Library/Developer/Xcode/DerivedData/EliteAgent-btzokozrfsnzjtcxxfzhmbcisvbu/Build/Intermediates.noindex/mlx-swift-lm.build/Debug/MLXLLM.build/Objects-normal/arm64/MLXLLM.swiftmodule @/Users/trgysvc/Library/Developer/Xcode/DerivedData/EliteAgent-btzokozrfsnzjtcxxfzhmbcisvbu/Build/Intermediates.noindex/mlx-swift-lm.build/Debug/MLXLLM.build/Objects-normal/arm64/MLXLLM-linker-args.resp -Xlinker -add_ast_path -Xlinker /Users/trgysvc/Library/Developer/Xcode/DerivedData/EliteAgent-btzokozrfsnzjtcxxfzhmbcisvbu/Build/Intermediates.noindex/mlx-swift.build/Debug/MLX.build/Objects-normal/arm64/MLX.swiftmodule @/Users/trgysvc/Library/Developer/Xcode/DerivedData/EliteAgent-btzokozrfsnzjtcxxfzhmbcisvbu/Build/Intermediates.noindex/mlx-swift.build/Debug/MLX.build/Objects-normal/arm64/MLX-linker-args.resp -Xlinker -add_ast_path -Xlinker /Users/trgysvc/Library/Developer/Xcode/DerivedData/EliteAgent-btzokozrfsnzjtcxxfzhmbcisvbu/Build/Intermediates.noindex/mlx-swift.build/Debug/MLXNN.build/Objects-normal/arm64/MLXNN.swiftmodule @/Users/trgysvc/Library/Developer/Xcode/DerivedData/EliteAgent-btzokozrfsnzjtcxxfzhmbcisvbu/Build/Intermediates.noindex/mlx-swift.build/Debug/MLXNN.build/Objects-normal/arm64/MLXNN-linker-args.resp -Xlinker -add_ast_path -Xlinker /Users/trgysvc/Library/Developer/Xcode/DerivedData/EliteAgent-btzokozrfsnzjtcxxfzhmbcisvbu/Build/Intermediates.noindex/mlx-swift.build/Debug/MLXOptimizers.build/Objects-normal/arm64/MLXOptimizers.swiftmodule @/Users/trgysvc/Library/Developer/Xcode/DerivedData/EliteAgent-btzokozrfsnzjtcxxfzhmbcisvbu/Build/Intermediates.noindex/mlx-swift.build/Debug/MLXOptimizers.build/Objects-normal/arm64/MLXOptimizers-linker-args.resp -Xlinker -add_ast_path -Xlinker /Users/trgysvc/Library/Developer/Xcode/DerivedData/EliteAgent-btzokozrfsnzjtcxxfzhmbcisvbu/Build/Intermediates.noindex/swift-transformers.build/Debug/Tokenizers.build/Objects-normal/arm64/Tokenizers.swiftmodule @/Users/trgysvc/Library/Developer/Xcode/DerivedData/EliteAgent-btzokozrfsnzjtcxxfzhmbcisvbu/Build/Intermediates.noindex/swift-transformers.build/Debug/Tokenizers.build/Objects-normal/arm64/Tokenizers-linker-args.resp -Xlinker -add_ast_path -Xlinker /Users/trgysvc/Library/Developer/Xcode/DerivedData/EliteAgent-btzokozrfsnzjtcxxfzhmbcisvbu/Build/Intermediates.noindex/swift-transformers.build/Debug/Generation.build/Objects-normal/arm64/Generation.swiftmodule @/Users/trgysvc/Library/Developer/Xcode/DerivedData/EliteAgent-btzokozrfsnzjtcxxfzhmbcisvbu/Build/Intermediates.noindex/swift-transformers.build/Debug/Generation.build/Objects-normal/arm64/Generation-linker-args.resp -Xlinker -add_ast_path -Xlinker /Users/trgysvc/Library/Developer/Xcode/DerivedData/EliteAgent-btzokozrfsnzjtcxxfzhmbcisvbu/Build/Intermediates.noindex/swift-transformers.build/Debug/Models.build/Objects-normal/arm64/Models.swiftmodule @/Users/trgysvc/Library/Developer/Xcode/DerivedData/EliteAgent-btzokozrfsnzjtcxxfzhmbcisvbu/Build/Intermediates.noindex/swift-transformers.build/Debug/Models.build/Objects-normal/arm64/Models-linker-args.resp -Xlinker -add_ast_path -Xlinker /Users/trgysvc/Library/Developer/Xcode/DerivedData/EliteAgent-btzokozrfsnzjtcxxfzhmbcisvbu/Build/Intermediates.noindex/Jinja.build/Debug/Jinja.build/Objects-normal/arm64/Jinja.swiftmodule @/Users/trgysvc/Library/Developer/Xcode/DerivedData/EliteAgent-btzokozrfsnzjtcxxfzhmbcisvbu/Build/Intermediates.noindex/Jinja.build/Debug/Jinja.build/Objects-normal/arm64/Jinja-linker-args.resp -Xlinker -add_ast_path -Xlinker /Users/trgysvc/Library/Developer/Xcode/DerivedData/EliteAgent-btzokozrfsnzjtcxxfzhmbcisvbu/Build/Intermediates.noindex/swift-collections.build/Debug/OrderedCollections.build/Objects-normal/arm64/OrderedCollections.swiftmodule @/Users/trgysvc/Library/Developer/Xcode/DerivedData/EliteAgent-btzokozrfsnzjtcxxfzhmbcisvbu/Build/Intermediates.noindex/swift-collections.build/Debug/OrderedCollections.build/Objects-normal/arm64/OrderedCollections-linker-args.resp -Xlinker -add_ast_path -Xlinker /Users/trgysvc/Library/Developer/Xcode/DerivedData/EliteAgent-btzokozrfsnzjtcxxfzhmbcisvbu/Build/Intermediates.noindex/swift-collections.build/Debug/InternalCollectionsUtilities.build/Objects-normal/arm64/InternalCollectionsUtilities.swiftmodule @/Users/trgysvc/Library/Developer/Xcode/DerivedData/EliteAgent-btzokozrfsnzjtcxxfzhmbcisvbu/Build/Intermediates.noindex/swift-collections.build/Debug/InternalCollectionsUtilities.build/Objects-normal/arm64/InternalCollectionsUtilities-linker-args.resp -Xlinker -add_ast_path -Xlinker /Users/trgysvc/Library/Developer/Xcode/DerivedData/EliteAgent-btzokozrfsnzjtcxxfzhmbcisvbu/Build/Intermediates.noindex/swift-crypto.build/Debug/Crypto.build/Objects-normal/arm64/Crypto.swiftmodule @/Users/trgysvc/Library/Developer/Xcode/DerivedData/EliteAgent-btzokozrfsnzjtcxxfzhmbcisvbu/Build/Intermediates.noindex/swift-crypto.build/Debug/Crypto.build/Objects-normal/arm64/Crypto-linker-args.resp -Xlinker -add_ast_path -Xlinker /Users/trgysvc/Library/Developer/Xcode/DerivedData/EliteAgent-btzokozrfsnzjtcxxfzhmbcisvbu/Build/Intermediates.noindex/swift-transformers.build/Debug/Hub.build/Objects-normal/arm64/Hub.swiftmodule @/Users/trgysvc/Library/Developer/Xcode/DerivedData/EliteAgent-btzokozrfsnzjtcxxfzhmbcisvbu/Build/Intermediates.noindex/swift-transformers.build/Debug/Hub.build/Objects-normal/arm64/Hub-linker-args.resp -Xlinker -add_ast_path -Xlinker /Users/trgysvc/Library/Developer/Xcode/DerivedData/EliteAgent-btzokozrfsnzjtcxxfzhmbcisvbu/Build/Intermediates.noindex/mlx-swift-lm.build/Debug/MLXLMCommon.build/Objects-normal/arm64/MLXLMCommon.swiftmodule @/Users/trgysvc/Library/Developer/Xcode/DerivedData/EliteAgent-btzokozrfsnzjtcxxfzhmbcisvbu/Build/Intermediates.noindex/mlx-swift-lm.build/Debug/MLXLMCommon.build/Objects-normal/arm64/MLXLMCommon-linker-args.resp -Xlinker -add_ast_path -Xlinker /Users/trgysvc/Library/Developer/Xcode/DerivedData/EliteAgent-btzokozrfsnzjtcxxfzhmbcisvbu/Build/Intermediates.noindex/EliteAgent.build/Debug/EliteAgentCore.build/Objects-normal/arm64/EliteAgentCore.swiftmodule @/Users/trgysvc/Library/Developer/Xcode/DerivedData/EliteAgent-btzokozrfsnzjtcxxfzhmbcisvbu/Build/Intermediates.noindex/EliteAgent.build/Debug/EliteAgentCore.build/Objects-normal/arm64/EliteAgentCore-linker-args.resp -Xlinker -add_ast_path -Xlinker /Users/trgysvc/Library/Developer/Xcode/DerivedData/EliteAgent-btzokozrfsnzjtcxxfzhmbcisvbu/Build/Intermediates.noindex/mlx-swift.build/Debug/MLXLinalg.build/Objects-normal/arm64/MLXLinalg.swiftmodule @/Users/trgysvc/Library/Developer/Xcode/DerivedData/EliteAgent-btzokozrfsnzjtcxxfzhmbcisvbu/Build/Intermediates.noindex/mlx-swift.build/Debug/MLXLinalg.build/Objects-normal/arm64/MLXLinalg-linker-args.resp -Xlinker -add_ast_path -Xlinker /Users/trgysvc/Library/Developer/Xcode/DerivedData/EliteAgent-btzokozrfsnzjtcxxfzhmbcisvbu/Build/Intermediates.noindex/mlx-swift-lm.build/Debug/MLXEmbedders.build/Objects-normal/arm64/MLXEmbedders.swiftmodule @/Users/trgysvc/Library/Developer/Xcode/DerivedData/EliteAgent-btzokozrfsnzjtcxxfzhmbcisvbu/Build/Intermediates.noindex/mlx-swift-lm.build/Debug/MLXEmbedders.build/Objects-normal/arm64/MLXEmbedders-linker-args.resp -Xlinker -add_ast_path -Xlinker /Users/trgysvc/Library/Developer/Xcode/DerivedData/EliteAgent-btzokozrfsnzjtcxxfzhmbcisvbu/Build/Intermediates.noindex/mlx-swift.build/Debug/MLXFast.build/Objects-normal/arm64/MLXFast.swiftmodule @/Users/trgysvc/Library/Developer/Xcode/DerivedData/EliteAgent-btzokozrfsnzjtcxxfzhmbcisvbu/Build/Intermediates.noindex/mlx-swift.build/Debug/MLXFast.build/Objects-normal/arm64/MLXFast-linker-args.resp -Xlinker -add_ast_path -Xlinker /Users/trgysvc/Library/Developer/Xcode/DerivedData/EliteAgent-btzokozrfsnzjtcxxfzhmbcisvbu/Build/Intermediates.noindex/mlx-swift.build/Debug/MLXRandom.build/Objects-normal/arm64/MLXRandom.swiftmodule @/Users/trgysvc/Library/Developer/Xcode/DerivedData/EliteAgent-btzokozrfsnzjtcxxfzhmbcisvbu/Build/Intermediates.noindex/mlx-swift.build/Debug/MLXRandom.build/Objects-normal/arm64/MLXRandom-linker-args.resp -Xlinker -add_ast_path -Xlinker /Users/trgysvc/Library/Developer/Xcode/DerivedData/EliteAgent-btzokozrfsnzjtcxxfzhmbcisvbu/Build/Intermediates.noindex/mlx-swift.build/Debug/MLXFFT.build/Objects-normal/arm64/MLXFFT.swiftmodule @/Users/trgysvc/Library/Developer/Xcode/DerivedData/EliteAgent-btzokozrfsnzjtcxxfzhmbcisvbu/Build/Intermediates.noindex/mlx-swift.build/Debug/MLXFFT.build/Objects-normal/arm64/MLXFFT-linker-args.resp -Xlinker -add_ast_path -Xlinker /Users/trgysvc/Library/Developer/Xcode/DerivedData/EliteAgent-btzokozrfsnzjtcxxfzhmbcisvbu/Build/Intermediates.noindex/mlx-swift-lm.build/Debug/MLXVLM.build/Objects-normal/arm64/MLXVLM.swiftmodule @/Users/trgysvc/Library/Developer/Xcode/DerivedData/EliteAgent-btzokozrfsnzjtcxxfzhmbcisvbu/Build/Intermediates.noindex/mlx-swift-lm.build/Debug/MLXVLM.build/Objects-normal/arm64/MLXVLM-linker-args.resp

Copy /Users/trgysvc/Library/Developer/Xcode/DerivedData/EliteAgent-btzokozrfsnzjtcxxfzhmbcisvbu/Build/Products/Debug/EliteAgentXPC.xpc/Contents/Resources/swift-crypto_Crypto.bundle /Users/trgysvc/Library/Developer/Xcode/DerivedData/EliteAgent-btzokozrfsnzjtcxxfzhmbcisvbu/Build/Products/Debug/swift-crypto_Crypto.bundle (in target 'EliteAgentXPC' from project 'EliteAgent')
    cd /Users/trgysvc/Developer/EliteAgent
    builtin-copy -exclude .DS_Store -exclude CVS -exclude .svn -exclude .git -exclude .hg -resolve-src-symlinks /Users/trgysvc/Library/Developer/Xcode/DerivedData/EliteAgent-btzokozrfsnzjtcxxfzhmbcisvbu/Build/Products/Debug/swift-crypto_Crypto.bundle /Users/trgysvc/Library/Developer/Xcode/DerivedData/EliteAgent-btzokozrfsnzjtcxxfzhmbcisvbu/Build/Products/Debug/EliteAgentXPC.xpc/Contents/Resources

Copy /Users/trgysvc/Library/Developer/Xcode/DerivedData/EliteAgent-btzokozrfsnzjtcxxfzhmbcisvbu/Build/Products/Debug/EliteAgentXPC.xpc/Contents/Resources/mlx-swift_Cmlx.bundle /Users/trgysvc/Library/Developer/Xcode/DerivedData/EliteAgent-btzokozrfsnzjtcxxfzhmbcisvbu/Build/Products/Debug/mlx-swift_Cmlx.bundle (in target 'EliteAgentXPC' from project 'EliteAgent')
    cd /Users/trgysvc/Developer/EliteAgent
    builtin-copy -exclude .DS_Store -exclude CVS -exclude .svn -exclude .git -exclude .hg -resolve-src-symlinks /Users/trgysvc/Library/Developer/Xcode/DerivedData/EliteAgent-btzokozrfsnzjtcxxfzhmbcisvbu/Build/Products/Debug/mlx-swift_Cmlx.bundle /Users/trgysvc/Library/Developer/Xcode/DerivedData/EliteAgent-btzokozrfsnzjtcxxfzhmbcisvbu/Build/Products/Debug/EliteAgentXPC.xpc/Contents/Resources

ProcessInfoPlistFile /Users/trgysvc/Library/Developer/Xcode/DerivedData/EliteAgent-btzokozrfsnzjtcxxfzhmbcisvbu/Build/Products/Debug/EliteAgentXPC.xpc/Contents/Info.plist /Users/trgysvc/Developer/EliteAgent/Resources/XPC/Info.plist (in target 'EliteAgentXPC' from project 'EliteAgent')
    cd /Users/trgysvc/Developer/EliteAgent
    builtin-infoPlistUtility /Users/trgysvc/Developer/EliteAgent/Resources/XPC/Info.plist -producttype com.apple.product-type.xpc-service -expandbuildsettings -platform macosx -scanforprivacyfile /Users/trgysvc/Library/Developer/Xcode/DerivedData/EliteAgent-btzokozrfsnzjtcxxfzhmbcisvbu/Build/Products/Debug/EliteAgentXPC.xpc/Contents/Resources/mlx-swift_Cmlx.bundle -scanforprivacyfile /Users/trgysvc/Library/Developer/Xcode/DerivedData/EliteAgent-btzokozrfsnzjtcxxfzhmbcisvbu/Build/Products/Debug/EliteAgentXPC.xpc/Contents/Resources/swift-crypto_Crypto.bundle -scanforprivacyfile /Users/trgysvc/Library/Developer/Xcode/DerivedData/EliteAgent-btzokozrfsnzjtcxxfzhmbcisvbu/Build/Products/Debug/EliteAgentXPC.xpc/Contents/Resources/swift-transformers_Hub.bundle -o /Users/trgysvc/Library/Developer/Xcode/DerivedData/EliteAgent-btzokozrfsnzjtcxxfzhmbcisvbu/Build/Products/Debug/EliteAgentXPC.xpc/Contents/Info.plist

ExtractAppIntentsMetadata (in target 'EliteAgentXPC' from project 'EliteAgent')
    cd /Users/trgysvc/Developer/EliteAgent
    /Applications/Xcode.app/Contents/Developer/Toolchains/XcodeDefault.xctoolchain/usr/bin/appintentsmetadataprocessor --toolchain-dir /var/run/com.apple.security.cryptexd/mnt/com.apple.MobileAsset.MetalToolchain-v17.5.188.0.qT0CL0/Metal.xctoolchain --module-name EliteAgentXPC --sdk-root /Applications/Xcode.app/Contents/Developer/Platforms/MacOSX.platform/Developer/SDKs/MacOSX26.4.sdk --xcode-version 17E192 --platform-family macOS --deployment-target 15.0 --bundle-identifier com.trgysvc.EliteAgent.XPC --output /Users/trgysvc/Library/Developer/Xcode/DerivedData/EliteAgent-btzokozrfsnzjtcxxfzhmbcisvbu/Build/Products/Debug/EliteAgentXPC.xpc/Contents/Resources --target-triple arm64-apple-macos15.0 --binary-file /Users/trgysvc/Library/Developer/Xcode/DerivedData/EliteAgent-btzokozrfsnzjtcxxfzhmbcisvbu/Build/Products/Debug/EliteAgentXPC.xpc/Contents/MacOS/EliteAgentXPC --dependency-file /Users/trgysvc/Library/Developer/Xcode/DerivedData/EliteAgent-btzokozrfsnzjtcxxfzhmbcisvbu/Build/Intermediates.noindex/EliteAgent.build/Debug/EliteAgentXPC.build/Objects-normal/arm64/EliteAgentXPC_dependency_info.dat --stringsdata-file /Users/trgysvc/Library/Developer/Xcode/DerivedData/EliteAgent-btzokozrfsnzjtcxxfzhmbcisvbu/Build/Intermediates.noindex/EliteAgent.build/Debug/EliteAgentXPC.build/Objects-normal/arm64/ExtractedAppShortcutsMetadata.stringsdata --source-file-list /Users/trgysvc/Library/Developer/Xcode/DerivedData/EliteAgent-btzokozrfsnzjtcxxfzhmbcisvbu/Build/Intermediates.noindex/EliteAgent.build/Debug/EliteAgentXPC.build/Objects-normal/arm64/EliteAgentXPC.SwiftFileList --metadata-file-list /Users/trgysvc/Library/Developer/Xcode/DerivedData/EliteAgent-btzokozrfsnzjtcxxfzhmbcisvbu/Build/Intermediates.noindex/EliteAgent.build/Debug/EliteAgentXPC.build/EliteAgentXPC.DependencyMetadataFileList --static-metadata-file-list /Users/trgysvc/Library/Developer/Xcode/DerivedData/EliteAgent-btzokozrfsnzjtcxxfzhmbcisvbu/Build/Intermediates.noindex/EliteAgent.build/Debug/EliteAgentXPC.build/EliteAgentXPC.DependencyStaticMetadataFileList --swift-const-vals-list /Users/trgysvc/Library/Developer/Xcode/DerivedData/EliteAgent-btzokozrfsnzjtcxxfzhmbcisvbu/Build/Intermediates.noindex/EliteAgent.build/Debug/EliteAgentXPC.build/Objects-normal/arm64/EliteAgentXPC.SwiftConstValuesFileList --compile-time-extraction --deployment-aware-processing --validate-assistant-intents --no-app-shortcuts-localization
2026-04-10 01:47:15.786 appintentsmetadataprocessor[32363:243967] Starting appintentsmetadataprocessor export
2026-04-10 01:47:15.787 appintentsmetadataprocessor[32363:243967] warning: Metadata extraction skipped. No AppIntents.framework dependency found.

CodeSign /Users/trgysvc/Library/Developer/Xcode/DerivedData/EliteAgent-btzokozrfsnzjtcxxfzhmbcisvbu/Build/Products/Debug/EliteAgentXPC.xpc (in target 'EliteAgentXPC' from project 'EliteAgent')
    cd /Users/trgysvc/Developer/EliteAgent
    
    Signing Identity:     "Apple Development: turgaysavaci@gmail.com (F34YCSAWWF)"
    
    /usr/bin/codesign --force --sign D098E470C30BF330C93097946CF59B0750AE4EB1 -o runtime --entitlements /Users/trgysvc/Library/Developer/Xcode/DerivedData/EliteAgent-btzokozrfsnzjtcxxfzhmbcisvbu/Build/Intermediates.noindex/EliteAgent.build/Debug/EliteAgentXPC.build/EliteAgentXPC.xpc.xcent --timestamp\=none --generate-entitlement-der /Users/trgysvc/Library/Developer/Xcode/DerivedData/EliteAgent-btzokozrfsnzjtcxxfzhmbcisvbu/Build/Products/Debug/EliteAgentXPC.xpc

RegisterExecutionPolicyException /Users/trgysvc/Library/Developer/Xcode/DerivedData/EliteAgent-btzokozrfsnzjtcxxfzhmbcisvbu/Build/Products/Debug/EliteAgentXPC.xpc (in target 'EliteAgentXPC' from project 'EliteAgent')
    cd /Users/trgysvc/Developer/EliteAgent
    builtin-RegisterExecutionPolicyException /Users/trgysvc/Library/Developer/Xcode/DerivedData/EliteAgent-btzokozrfsnzjtcxxfzhmbcisvbu/Build/Products/Debug/EliteAgentXPC.xpc

Touch /Users/trgysvc/Library/Developer/Xcode/DerivedData/EliteAgent-btzokozrfsnzjtcxxfzhmbcisvbu/Build/Products/Debug/EliteAgentXPC.xpc (in target 'EliteAgentXPC' from project 'EliteAgent')
    cd /Users/trgysvc/Developer/EliteAgent
    /usr/bin/touch -c /Users/trgysvc/Library/Developer/Xcode/DerivedData/EliteAgent-btzokozrfsnzjtcxxfzhmbcisvbu/Build/Products/Debug/EliteAgentXPC.xpc

** BUILD SUCCEEDED **

