Command line invocation:
    /Applications/Xcode.app/Contents/Developer/usr/bin/xcodebuild -scheme EliteAgentCore -destination platform=macOS build

Resolve Package Graph


Resolved source packages:
  Sparkle: https://github.com/sparkle-project/Sparkle @ 2.9.0
  swift-numerics: https://github.com/apple/swift-numerics @ 1.1.1
  yyjson: https://github.com/ibireme/yyjson.git @ 0.12.0
  swift-crypto: https://github.com/apple/swift-crypto.git @ 4.3.1
  mlx-swift: https://github.com/ml-explore/mlx-swift.git @ 0.30.6
  swift-asn1: https://github.com/apple/swift-asn1.git @ 1.6.0
  swift-collections: https://github.com/apple/swift-collections.git @ 1.4.1
  Jinja: https://github.com/huggingface/swift-jinja.git @ 2.3.5
  mlx-swift-lm: https://github.com/ml-explore/mlx-swift-lm @ 2.30.6
  swift-transformers: https://github.com/huggingface/swift-transformers @ 1.1.9

2026-04-10 01:21:41.099 xcodebuild[25766:200400] [MT] IDERunDestination: Supported platforms for the buildables in the current scheme is empty.
--- xcodebuild: WARNING: Using the first of multiple matching destinations:
{ platform:macOS, arch:arm64, id:00008132-001E30A10E99801C, name:My Mac }
{ platform:macOS, arch:x86_64, id:00008132-001E30A10E99801C, name:My Mac }
ComputePackagePrebuildTargetDependencyGraph

Prepare packages

CreateBuildRequest

SendProjectDescription

CreateBuildOperation

ComputeTargetDependencyGraph
note: Building targets in dependency order
note: Target dependency graph (47 targets)
    Target 'EliteAgentCore' in project 'EliteAgent'
        ➜ Explicit dependency on target 'MLXLLM' in project 'mlx-swift-lm'
        ➜ Explicit dependency on target 'MLXNN' in project 'mlx-swift'
        ➜ Explicit dependency on target 'MLXVLM' in project 'mlx-swift-lm'
        ➜ Explicit dependency on target 'MLXLinalg' in project 'mlx-swift'
        ➜ Explicit dependency on target 'MLXLMCommon' in project 'mlx-swift-lm'
        ➜ Explicit dependency on target 'MLXEmbedders' in project 'mlx-swift-lm'
        ➜ Explicit dependency on target 'MLX' in project 'mlx-swift'
        ➜ Explicit dependency on target 'MLXRandom' in project 'mlx-swift'
        ➜ Explicit dependency on target 'Sparkle' in project 'Sparkle'
        ➜ Explicit dependency on target 'MLXOptimizers' in project 'mlx-swift'
        ➜ Explicit dependency on target 'MLXFast' in project 'mlx-swift'
        ➜ Explicit dependency on target 'MLXFFT' in project 'mlx-swift'
    Target 'MLXFFT' in project 'mlx-swift'
        ➜ Explicit dependency on target 'MLXFFT' in project 'mlx-swift'
        ➜ Explicit dependency on target 'Cmlx' in project 'mlx-swift'
        ➜ Explicit dependency on target 'MLX' in project 'mlx-swift'
        ➜ Explicit dependency on target 'Numerics' in project 'swift-numerics'
    Target 'MLXFFT' in project 'mlx-swift'
        ➜ Explicit dependency on target 'Cmlx' in project 'mlx-swift'
        ➜ Explicit dependency on target 'MLX' in project 'mlx-swift'
        ➜ Explicit dependency on target 'Numerics' in project 'swift-numerics'
    Target 'MLXFast' in project 'mlx-swift'
        ➜ Explicit dependency on target 'MLXFast' in project 'mlx-swift'
        ➜ Explicit dependency on target 'Cmlx' in project 'mlx-swift'
        ➜ Explicit dependency on target 'MLX' in project 'mlx-swift'
        ➜ Explicit dependency on target 'Numerics' in project 'swift-numerics'
    Target 'MLXFast' in project 'mlx-swift'
        ➜ Explicit dependency on target 'Cmlx' in project 'mlx-swift'
        ➜ Explicit dependency on target 'MLX' in project 'mlx-swift'
        ➜ Explicit dependency on target 'Numerics' in project 'swift-numerics'
    Target 'Sparkle' in project 'Sparkle' (no dependencies)
    Target 'MLXRandom' in project 'mlx-swift'
        ➜ Explicit dependency on target 'MLXRandom' in project 'mlx-swift'
        ➜ Explicit dependency on target 'Cmlx' in project 'mlx-swift'
        ➜ Explicit dependency on target 'MLX' in project 'mlx-swift'
        ➜ Explicit dependency on target 'Numerics' in project 'swift-numerics'
    Target 'MLXRandom' in project 'mlx-swift'
        ➜ Explicit dependency on target 'Cmlx' in project 'mlx-swift'
        ➜ Explicit dependency on target 'MLX' in project 'mlx-swift'
        ➜ Explicit dependency on target 'Numerics' in project 'swift-numerics'
    Target 'MLXEmbedders' in project 'mlx-swift-lm'
        ➜ Explicit dependency on target 'MLXEmbedders' in project 'mlx-swift-lm'
        ➜ Explicit dependency on target 'MLXLMCommon' in project 'mlx-swift-lm'
        ➜ Explicit dependency on target 'MLX' in project 'mlx-swift'
        ➜ Explicit dependency on target 'MLXNN' in project 'mlx-swift'
        ➜ Explicit dependency on target 'MLXOptimizers' in project 'mlx-swift'
        ➜ Explicit dependency on target 'Transformers' in project 'swift-transformers'
    Target 'MLXEmbedders' in project 'mlx-swift-lm'
        ➜ Explicit dependency on target 'MLXLMCommon' in project 'mlx-swift-lm'
        ➜ Explicit dependency on target 'MLX' in project 'mlx-swift'
        ➜ Explicit dependency on target 'MLXNN' in project 'mlx-swift'
        ➜ Explicit dependency on target 'MLXOptimizers' in project 'mlx-swift'
        ➜ Explicit dependency on target 'Transformers' in project 'swift-transformers'
    Target 'MLXLMCommon' in project 'mlx-swift-lm'
        ➜ Explicit dependency on target 'MLXLMCommon' in project 'mlx-swift-lm'
        ➜ Explicit dependency on target 'MLX' in project 'mlx-swift'
        ➜ Explicit dependency on target 'MLXNN' in project 'mlx-swift'
        ➜ Explicit dependency on target 'MLXOptimizers' in project 'mlx-swift'
        ➜ Explicit dependency on target 'Transformers' in project 'swift-transformers'
    Target 'MLXLinalg' in project 'mlx-swift'
        ➜ Explicit dependency on target 'MLXLinalg' in project 'mlx-swift'
        ➜ Explicit dependency on target 'Cmlx' in project 'mlx-swift'
        ➜ Explicit dependency on target 'MLX' in project 'mlx-swift'
        ➜ Explicit dependency on target 'Numerics' in project 'swift-numerics'
    Target 'MLXLinalg' in project 'mlx-swift'
        ➜ Explicit dependency on target 'Cmlx' in project 'mlx-swift'
        ➜ Explicit dependency on target 'MLX' in project 'mlx-swift'
        ➜ Explicit dependency on target 'Numerics' in project 'swift-numerics'
    Target 'MLXVLM' in project 'mlx-swift-lm'
        ➜ Explicit dependency on target 'MLXVLM' in project 'mlx-swift-lm'
        ➜ Explicit dependency on target 'MLXLMCommon' in project 'mlx-swift-lm'
        ➜ Explicit dependency on target 'MLX' in project 'mlx-swift'
        ➜ Explicit dependency on target 'MLXNN' in project 'mlx-swift'
        ➜ Explicit dependency on target 'MLXOptimizers' in project 'mlx-swift'
        ➜ Explicit dependency on target 'Transformers' in project 'swift-transformers'
    Target 'MLXVLM' in project 'mlx-swift-lm'
        ➜ Explicit dependency on target 'MLXLMCommon' in project 'mlx-swift-lm'
        ➜ Explicit dependency on target 'MLX' in project 'mlx-swift'
        ➜ Explicit dependency on target 'MLXNN' in project 'mlx-swift'
        ➜ Explicit dependency on target 'MLXOptimizers' in project 'mlx-swift'
        ➜ Explicit dependency on target 'Transformers' in project 'swift-transformers'
    Target 'MLXLLM' in project 'mlx-swift-lm'
        ➜ Explicit dependency on target 'MLXLLM' in project 'mlx-swift-lm'
        ➜ Explicit dependency on target 'MLXLMCommon' in project 'mlx-swift-lm'
        ➜ Explicit dependency on target 'MLX' in project 'mlx-swift'
        ➜ Explicit dependency on target 'MLXNN' in project 'mlx-swift'
        ➜ Explicit dependency on target 'MLXOptimizers' in project 'mlx-swift'
        ➜ Explicit dependency on target 'Transformers' in project 'swift-transformers'
    Target 'MLXLLM' in project 'mlx-swift-lm'
        ➜ Explicit dependency on target 'MLXLMCommon' in project 'mlx-swift-lm'
        ➜ Explicit dependency on target 'MLX' in project 'mlx-swift'
        ➜ Explicit dependency on target 'MLXNN' in project 'mlx-swift'
        ➜ Explicit dependency on target 'MLXOptimizers' in project 'mlx-swift'
        ➜ Explicit dependency on target 'Transformers' in project 'swift-transformers'
    Target 'MLXLMCommon' in project 'mlx-swift-lm'
        ➜ Explicit dependency on target 'MLX' in project 'mlx-swift'
        ➜ Explicit dependency on target 'MLXNN' in project 'mlx-swift'
        ➜ Explicit dependency on target 'MLXOptimizers' in project 'mlx-swift'
        ➜ Explicit dependency on target 'Transformers' in project 'swift-transformers'
    Target 'Transformers' in project 'swift-transformers'
        ➜ Explicit dependency on target 'Tokenizers' in project 'swift-transformers'
        ➜ Explicit dependency on target 'Generation' in project 'swift-transformers'
        ➜ Explicit dependency on target 'Models' in project 'swift-transformers'
        ➜ Explicit dependency on target 'Hub' in project 'swift-transformers'
        ➜ Explicit dependency on target 'Jinja' in project 'Jinja'
        ➜ Explicit dependency on target 'OrderedCollections' in project 'swift-collections'
        ➜ Explicit dependency on target 'Crypto' in project 'swift-crypto'
        ➜ Explicit dependency on target 'yyjson' in project 'yyjson'
    Target 'Models' in project 'swift-transformers'
        ➜ Explicit dependency on target 'Hub' in project 'swift-transformers'
        ➜ Explicit dependency on target 'Tokenizers' in project 'swift-transformers'
        ➜ Explicit dependency on target 'Generation' in project 'swift-transformers'
        ➜ Explicit dependency on target 'Jinja' in project 'Jinja'
        ➜ Explicit dependency on target 'OrderedCollections' in project 'swift-collections'
        ➜ Explicit dependency on target 'Crypto' in project 'swift-crypto'
        ➜ Explicit dependency on target 'yyjson' in project 'yyjson'
    Target 'Generation' in project 'swift-transformers'
        ➜ Explicit dependency on target 'Hub' in project 'swift-transformers'
        ➜ Explicit dependency on target 'Tokenizers' in project 'swift-transformers'
        ➜ Explicit dependency on target 'Jinja' in project 'Jinja'
        ➜ Explicit dependency on target 'OrderedCollections' in project 'swift-collections'
        ➜ Explicit dependency on target 'Crypto' in project 'swift-crypto'
        ➜ Explicit dependency on target 'yyjson' in project 'yyjson'
    Target 'Tokenizers' in project 'swift-transformers'
        ➜ Explicit dependency on target 'Hub' in project 'swift-transformers'
        ➜ Explicit dependency on target 'Jinja' in project 'Jinja'
        ➜ Explicit dependency on target 'OrderedCollections' in project 'swift-collections'
        ➜ Explicit dependency on target 'Crypto' in project 'swift-crypto'
        ➜ Explicit dependency on target 'yyjson' in project 'yyjson'
    Target 'Hub' in project 'swift-transformers'
        ➜ Explicit dependency on target 'swift-transformers_Hub' in project 'swift-transformers'
        ➜ Explicit dependency on target 'Jinja' in project 'Jinja'
        ➜ Explicit dependency on target 'OrderedCollections' in project 'swift-collections'
        ➜ Explicit dependency on target 'Crypto' in project 'swift-crypto'
        ➜ Explicit dependency on target 'yyjson' in project 'yyjson'
    Target 'yyjson' in project 'yyjson'
        ➜ Explicit dependency on target 'yyjson' in project 'yyjson'
    Target 'yyjson' in project 'yyjson' (no dependencies)
    Target 'Crypto' in project 'swift-crypto'
        ➜ Explicit dependency on target 'Crypto' in project 'swift-crypto'
        ➜ Explicit dependency on target 'swift-crypto_Crypto' in project 'swift-crypto'
    Target 'Crypto' in project 'swift-crypto'
        ➜ Explicit dependency on target 'swift-crypto_Crypto' in project 'swift-crypto'
    Target 'swift-crypto_Crypto' in project 'swift-crypto' (no dependencies)
    Target 'Jinja' in project 'Jinja'
        ➜ Explicit dependency on target 'Jinja' in project 'Jinja'
        ➜ Explicit dependency on target 'OrderedCollections' in project 'swift-collections'
    Target 'Jinja' in project 'Jinja'
        ➜ Explicit dependency on target 'OrderedCollections' in project 'swift-collections'
    Target 'OrderedCollections' in project 'swift-collections'
        ➜ Explicit dependency on target 'OrderedCollections' in project 'swift-collections'
        ➜ Explicit dependency on target 'InternalCollectionsUtilities' in project 'swift-collections'
    Target 'OrderedCollections' in project 'swift-collections'
        ➜ Explicit dependency on target 'InternalCollectionsUtilities' in project 'swift-collections'
    Target 'InternalCollectionsUtilities' in project 'swift-collections' (no dependencies)
    Target 'swift-transformers_Hub' in project 'swift-transformers' (no dependencies)
    Target 'MLXOptimizers' in project 'mlx-swift'
        ➜ Explicit dependency on target 'MLXOptimizers' in project 'mlx-swift'
        ➜ Explicit dependency on target 'Cmlx' in project 'mlx-swift'
        ➜ Explicit dependency on target 'MLX' in project 'mlx-swift'
        ➜ Explicit dependency on target 'MLXNN' in project 'mlx-swift'
        ➜ Explicit dependency on target 'Numerics' in project 'swift-numerics'
    Target 'MLXOptimizers' in project 'mlx-swift'
        ➜ Explicit dependency on target 'Cmlx' in project 'mlx-swift'
        ➜ Explicit dependency on target 'MLX' in project 'mlx-swift'
        ➜ Explicit dependency on target 'MLXNN' in project 'mlx-swift'
        ➜ Explicit dependency on target 'Numerics' in project 'swift-numerics'
    Target 'MLXNN' in project 'mlx-swift'
        ➜ Explicit dependency on target 'MLXNN' in project 'mlx-swift'
        ➜ Explicit dependency on target 'Cmlx' in project 'mlx-swift'
        ➜ Explicit dependency on target 'MLX' in project 'mlx-swift'
        ➜ Explicit dependency on target 'Numerics' in project 'swift-numerics'
    Target 'MLXNN' in project 'mlx-swift'
        ➜ Explicit dependency on target 'Cmlx' in project 'mlx-swift'
        ➜ Explicit dependency on target 'MLX' in project 'mlx-swift'
        ➜ Explicit dependency on target 'Numerics' in project 'swift-numerics'
    Target 'MLX' in project 'mlx-swift'
        ➜ Explicit dependency on target 'MLX' in project 'mlx-swift'
        ➜ Explicit dependency on target 'Cmlx' in project 'mlx-swift'
        ➜ Explicit dependency on target 'Numerics' in project 'swift-numerics'
    Target 'MLX' in project 'mlx-swift'
        ➜ Explicit dependency on target 'Cmlx' in project 'mlx-swift'
        ➜ Explicit dependency on target 'Numerics' in project 'swift-numerics'
    Target 'Numerics' in project 'swift-numerics'
        ➜ Explicit dependency on target 'Numerics' in project 'swift-numerics'
        ➜ Explicit dependency on target '_NumericsShims' in project 'swift-numerics'
        ➜ Explicit dependency on target 'RealModule' in project 'swift-numerics'
        ➜ Explicit dependency on target 'ComplexModule' in project 'swift-numerics'
    Target 'Numerics' in project 'swift-numerics'
        ➜ Explicit dependency on target '_NumericsShims' in project 'swift-numerics'
        ➜ Explicit dependency on target 'RealModule' in project 'swift-numerics'
        ➜ Explicit dependency on target 'ComplexModule' in project 'swift-numerics'
    Target 'ComplexModule' in project 'swift-numerics'
        ➜ Explicit dependency on target '_NumericsShims' in project 'swift-numerics'
        ➜ Explicit dependency on target 'RealModule' in project 'swift-numerics'
    Target 'RealModule' in project 'swift-numerics'
        ➜ Explicit dependency on target '_NumericsShims' in project 'swift-numerics'
    Target '_NumericsShims' in project 'swift-numerics' (no dependencies)
    Target 'Cmlx' in project 'mlx-swift'
        ➜ Explicit dependency on target 'mlx-swift_Cmlx' in project 'mlx-swift'
    Target 'mlx-swift_Cmlx' in project 'mlx-swift' (no dependencies)

GatherProvisioningInputs

CreateBuildDescription

ExecuteExternalTool /Applications/Xcode.app/Contents/Developer/Toolchains/XcodeDefault.xctoolchain/usr/bin/clang -v -E -dM -arch arm64 -isysroot /Applications/Xcode.app/Contents/Developer/Platforms/MacOSX.platform/Developer/SDKs/MacOSX26.4.sdk -x c -c /dev/null

ExecuteExternalTool /Applications/Xcode.app/Contents/Developer/Toolchains/XcodeDefault.xctoolchain/usr/bin/swiftc --version

ExecuteExternalTool /Applications/Xcode.app/Contents/Developer/Toolchains/XcodeDefault.xctoolchain/usr/bin/clang -v -E -dM -arch arm64 -isysroot /Applications/Xcode.app/Contents/Developer/Platforms/MacOSX.platform/Developer/SDKs/MacOSX26.4.sdk -x objective-c -c /dev/null

ExecuteExternalTool /Applications/Xcode.app/Contents/Developer/Toolchains/XcodeDefault.xctoolchain/usr/bin/clang -v -E -dM -isysroot /Applications/Xcode.app/Contents/Developer/Platforms/MacOSX.platform/Developer/SDKs/MacOSX26.4.sdk -x c -c /dev/null

ExecuteExternalTool /Applications/Xcode.app/Contents/Developer/Toolchains/XcodeDefault.xctoolchain/usr/bin/clang -v -E -dM -arch arm64 -isysroot /Applications/Xcode.app/Contents/Developer/Platforms/MacOSX.platform/Developer/SDKs/MacOSX26.4.sdk -x c++ -c /dev/null

ExecuteExternalTool /Applications/Xcode.app/Contents/Developer/Toolchains/XcodeDefault.xctoolchain/usr/bin/ld -version_details

ReadFileContents /Applications/Xcode.app/Contents/Developer/Toolchains/XcodeDefault.xctoolchain/usr/share/docc/features.json

ExecuteExternalTool /Applications/Xcode.app/Contents/Developer/Toolchains/XcodeDefault.xctoolchain/usr/bin/libtool -V

Build description signature: e8bffed642c7ea1eeea14c8f71055051
Build description path: /Users/trgysvc/Library/Developer/Xcode/DerivedData/EliteAgent-btzokozrfsnzjtcxxfzhmbcisvbu/Build/Intermediates.noindex/XCBuildData/e8bffed642c7ea1eeea14c8f71055051.xcbuilddata
ClangStatCache /Applications/Xcode.app/Contents/Developer/Toolchains/XcodeDefault.xctoolchain/usr/bin/clang-stat-cache /Applications/Xcode.app/Contents/Developer/Platforms/MacOSX.platform/Developer/SDKs/MacOSX26.4.sdk /Users/trgysvc/Library/Developer/Xcode/DerivedData/SDKStatCaches.noindex/macosx26.4-25E236-688ef53f1462e2c8f657fdc38a81448f30f9ca8789b706f8bd3fc906a70d770f.sdkstatcache
    cd /Users/trgysvc/Developer/EliteAgent/EliteAgent.xcodeproj
    /Applications/Xcode.app/Contents/Developer/Toolchains/XcodeDefault.xctoolchain/usr/bin/clang-stat-cache /Applications/Xcode.app/Contents/Developer/Platforms/MacOSX.platform/Developer/SDKs/MacOSX26.4.sdk -o /Users/trgysvc/Library/Developer/Xcode/DerivedData/SDKStatCaches.noindex/macosx26.4-25E236-688ef53f1462e2c8f657fdc38a81448f30f9ca8789b706f8bd3fc906a70d770f.sdkstatcache

ProcessInfoPlistFile /Users/trgysvc/Library/Developer/Xcode/DerivedData/EliteAgent-btzokozrfsnzjtcxxfzhmbcisvbu/Build/Products/Debug/swift-crypto_Crypto.bundle/Contents/Info.plist /Users/trgysvc/Library/Developer/Xcode/DerivedData/EliteAgent-btzokozrfsnzjtcxxfzhmbcisvbu/Build/Intermediates.noindex/swift-crypto.build/Debug/swift-crypto_Crypto.build/empty-swift-crypto_Crypto.plist (in target 'swift-crypto_Crypto' from project 'swift-crypto')
    cd /Users/trgysvc/Library/Developer/Xcode/DerivedData/EliteAgent-btzokozrfsnzjtcxxfzhmbcisvbu/SourcePackages/checkouts/swift-crypto
    builtin-infoPlistUtility /Users/trgysvc/Library/Developer/Xcode/DerivedData/EliteAgent-btzokozrfsnzjtcxxfzhmbcisvbu/Build/Intermediates.noindex/swift-crypto.build/Debug/swift-crypto_Crypto.build/empty-swift-crypto_Crypto.plist -producttype com.apple.product-type.bundle -expandbuildsettings -platform macosx -o /Users/trgysvc/Library/Developer/Xcode/DerivedData/EliteAgent-btzokozrfsnzjtcxxfzhmbcisvbu/Build/Products/Debug/swift-crypto_Crypto.bundle/Contents/Info.plist

ProcessInfoPlistFile /Users/trgysvc/Library/Developer/Xcode/DerivedData/EliteAgent-btzokozrfsnzjtcxxfzhmbcisvbu/Build/Products/Debug/swift-transformers_Hub.bundle/Contents/Info.plist /Users/trgysvc/Library/Developer/Xcode/DerivedData/EliteAgent-btzokozrfsnzjtcxxfzhmbcisvbu/Build/Intermediates.noindex/swift-transformers.build/Debug/swift-transformers_Hub.build/empty-swift-transformers_Hub.plist (in target 'swift-transformers_Hub' from project 'swift-transformers')
    cd /Users/trgysvc/Library/Developer/Xcode/DerivedData/EliteAgent-btzokozrfsnzjtcxxfzhmbcisvbu/SourcePackages/checkouts/swift-transformers
    builtin-infoPlistUtility /Users/trgysvc/Library/Developer/Xcode/DerivedData/EliteAgent-btzokozrfsnzjtcxxfzhmbcisvbu/Build/Intermediates.noindex/swift-transformers.build/Debug/swift-transformers_Hub.build/empty-swift-transformers_Hub.plist -producttype com.apple.product-type.bundle -expandbuildsettings -platform macosx -o /Users/trgysvc/Library/Developer/Xcode/DerivedData/EliteAgent-btzokozrfsnzjtcxxfzhmbcisvbu/Build/Products/Debug/swift-transformers_Hub.bundle/Contents/Info.plist

ProcessInfoPlistFile /Users/trgysvc/Library/Developer/Xcode/DerivedData/EliteAgent-btzokozrfsnzjtcxxfzhmbcisvbu/Build/Products/Debug/mlx-swift_Cmlx.bundle/Contents/Info.plist /Users/trgysvc/Library/Developer/Xcode/DerivedData/EliteAgent-btzokozrfsnzjtcxxfzhmbcisvbu/Build/Intermediates.noindex/mlx-swift.build/Debug/mlx-swift_Cmlx.build/empty-mlx-swift_Cmlx.plist (in target 'mlx-swift_Cmlx' from project 'mlx-swift')
    cd /Users/trgysvc/Library/Developer/Xcode/DerivedData/EliteAgent-btzokozrfsnzjtcxxfzhmbcisvbu/SourcePackages/checkouts/mlx-swift
    builtin-infoPlistUtility /Users/trgysvc/Library/Developer/Xcode/DerivedData/EliteAgent-btzokozrfsnzjtcxxfzhmbcisvbu/Build/Intermediates.noindex/mlx-swift.build/Debug/mlx-swift_Cmlx.build/empty-mlx-swift_Cmlx.plist -producttype com.apple.product-type.bundle -expandbuildsettings -platform macosx -o /Users/trgysvc/Library/Developer/Xcode/DerivedData/EliteAgent-btzokozrfsnzjtcxxfzhmbcisvbu/Build/Products/Debug/mlx-swift_Cmlx.bundle/Contents/Info.plist

SwiftDriver EliteAgentCore normal arm64 com.apple.xcode.tools.swift.compiler (in target 'EliteAgentCore' from project 'EliteAgent')
    cd /Users/trgysvc/Developer/EliteAgent
    builtin-SwiftDriver -- /Applications/Xcode.app/Contents/Developer/Toolchains/XcodeDefault.xctoolchain/usr/bin/swiftc -module-name EliteAgentCore -Onone @/Users/trgysvc/Library/Developer/Xcode/DerivedData/EliteAgent-btzokozrfsnzjtcxxfzhmbcisvbu/Build/Intermediates.noindex/EliteAgent.build/Debug/EliteAgentCore.build/Objects-normal/arm64/EliteAgentCore.SwiftFileList -DDEBUG -Xcc -fmodule-map-file\=/Users/trgysvc/Library/Developer/Xcode/DerivedData/EliteAgent-btzokozrfsnzjtcxxfzhmbcisvbu/Build/Intermediates.noindex/GeneratedModuleMaps/yyjson.modulemap -enable-experimental-feature DebugDescriptionMacro -sdk /Applications/Xcode.app/Contents/Developer/Platforms/MacOSX.platform/Developer/SDKs/MacOSX26.4.sdk -target arm64-apple-macos26.0 -g -module-cache-path /Users/trgysvc/Library/Developer/Xcode/DerivedData/ModuleCache.noindex -Xfrontend -serialize-debugging-options -enable-testing -index-store-path /Users/trgysvc/Library/Developer/Xcode/DerivedData/EliteAgent-btzokozrfsnzjtcxxfzhmbcisvbu/Index.noindex/DataStore -Xcc -D_LIBCPP_HARDENING_MODE\=_LIBCPP_HARDENING_MODE_DEBUG -swift-version 6 -I /Users/trgysvc/Library/Developer/Xcode/DerivedData/EliteAgent-btzokozrfsnzjtcxxfzhmbcisvbu/Build/Products/Debug -F /Users/trgysvc/Library/Developer/Xcode/DerivedData/EliteAgent-btzokozrfsnzjtcxxfzhmbcisvbu/Build/Products/Debug/PackageFrameworks -F /Users/trgysvc/Library/Developer/Xcode/DerivedData/EliteAgent-btzokozrfsnzjtcxxfzhmbcisvbu/Build/Products/Debug/PackageFrameworks -F /Users/trgysvc/Library/Developer/Xcode/DerivedData/EliteAgent-btzokozrfsnzjtcxxfzhmbcisvbu/Build/Products/Debug/PackageFrameworks -F /Users/trgysvc/Library/Developer/Xcode/DerivedData/EliteAgent-btzokozrfsnzjtcxxfzhmbcisvbu/Build/Products/Debug/PackageFrameworks -F /Users/trgysvc/Library/Developer/Xcode/DerivedData/EliteAgent-btzokozrfsnzjtcxxfzhmbcisvbu/Build/Products/Debug/PackageFrameworks -F /Users/trgysvc/Library/Developer/Xcode/DerivedData/EliteAgent-btzokozrfsnzjtcxxfzhmbcisvbu/Build/Products/Debug/PackageFrameworks -F /Users/trgysvc/Library/Developer/Xcode/DerivedData/EliteAgent-btzokozrfsnzjtcxxfzhmbcisvbu/Build/Products/Debug/PackageFrameworks -F /Users/trgysvc/Library/Developer/Xcode/DerivedData/EliteAgent-btzokozrfsnzjtcxxfzhmbcisvbu/Build/Products/Debug/PackageFrameworks -F /Users/trgysvc/Library/Developer/Xcode/DerivedData/EliteAgent-btzokozrfsnzjtcxxfzhmbcisvbu/Build/Products/Debug/PackageFrameworks -F /Users/trgysvc/Library/Developer/Xcode/DerivedData/EliteAgent-btzokozrfsnzjtcxxfzhmbcisvbu/Build/Products/Debug/PackageFrameworks -F /Users/trgysvc/Library/Developer/Xcode/DerivedData/EliteAgent-btzokozrfsnzjtcxxfzhmbcisvbu/Build/Products/Debug/PackageFrameworks -F /Users/trgysvc/Library/Developer/Xcode/DerivedData/EliteAgent-btzokozrfsnzjtcxxfzhmbcisvbu/Build/Products/Debug/PackageFrameworks -F /Users/trgysvc/Library/Developer/Xcode/DerivedData/EliteAgent-btzokozrfsnzjtcxxfzhmbcisvbu/Build/Products/Debug/PackageFrameworks -F /Users/trgysvc/Library/Developer/Xcode/DerivedData/EliteAgent-btzokozrfsnzjtcxxfzhmbcisvbu/Build/Products/Debug/PackageFrameworks -F /Users/trgysvc/Library/Developer/Xcode/DerivedData/EliteAgent-btzokozrfsnzjtcxxfzhmbcisvbu/Build/Products/Debug/PackageFrameworks -F /Users/trgysvc/Library/Developer/Xcode/DerivedData/EliteAgent-btzokozrfsnzjtcxxfzhmbcisvbu/Build/Products/Debug/PackageFrameworks -F /Users/trgysvc/Library/Developer/Xcode/DerivedData/EliteAgent-btzokozrfsnzjtcxxfzhmbcisvbu/Build/Products/Debug/PackageFrameworks -F /Users/trgysvc/Library/Developer/Xcode/DerivedData/EliteAgent-btzokozrfsnzjtcxxfzhmbcisvbu/Build/Products/Debug/PackageFrameworks -F /Users/trgysvc/Library/Developer/Xcode/DerivedData/EliteAgent-btzokozrfsnzjtcxxfzhmbcisvbu/Build/Products/Debug/PackageFrameworks -F /Users/trgysvc/Library/Developer/Xcode/DerivedData/EliteAgent-btzokozrfsnzjtcxxfzhmbcisvbu/Build/Products/Debug/PackageFrameworks -F /Users/trgysvc/Library/Developer/Xcode/DerivedData/EliteAgent-btzokozrfsnzjtcxxfzhmbcisvbu/Build/Products/Debug/PackageFrameworks -F /Users/trgysvc/Library/Developer/Xcode/DerivedData/EliteAgent-btzokozrfsnzjtcxxfzhmbcisvbu/Build/Products/Debug/PackageFrameworks -F /Users/trgysvc/Library/Developer/Xcode/DerivedData/EliteAgent-btzokozrfsnzjtcxxfzhmbcisvbu/Build/Products/Debug/PackageFrameworks -F /Users/trgysvc/Library/Developer/Xcode/DerivedData/EliteAgent-btzokozrfsnzjtcxxfzhmbcisvbu/Build/Products/Debug/PackageFrameworks -F /Users/trgysvc/Library/Developer/Xcode/DerivedData/EliteAgent-btzokozrfsnzjtcxxfzhmbcisvbu/Build/Products/Debug/PackageFrameworks -F /Users/trgysvc/Library/Developer/Xcode/DerivedData/EliteAgent-btzokozrfsnzjtcxxfzhmbcisvbu/Build/Products/Debug -c -j10 -enable-batch-mode -incremental -Xcc -ivfsstatcache -Xcc /Users/trgysvc/Library/Developer/Xcode/DerivedData/SDKStatCaches.noindex/macosx26.4-25E236-688ef53f1462e2c8f657fdc38a81448f30f9ca8789b706f8bd3fc906a70d770f.sdkstatcache -output-file-map /Users/trgysvc/Library/Developer/Xcode/DerivedData/EliteAgent-btzokozrfsnzjtcxxfzhmbcisvbu/Build/Intermediates.noindex/EliteAgent.build/Debug/EliteAgentCore.build/Objects-normal/arm64/EliteAgentCore-OutputFileMap.json -use-frontend-parseable-output -save-temps -no-color-diagnostics -explicit-module-build -module-cache-path /Users/trgysvc/Library/Developer/Xcode/DerivedData/EliteAgent-btzokozrfsnzjtcxxfzhmbcisvbu/Build/Intermediates.noindex/SwiftExplicitPrecompiledModules -clang-scanner-module-cache-path /Users/trgysvc/Library/Developer/Xcode/DerivedData/ModuleCache.noindex -sdk-module-cache-path /Users/trgysvc/Library/Developer/Xcode/DerivedData/ModuleCache.noindex -serialize-diagnostics -emit-dependencies -emit-module -emit-module-path /Users/trgysvc/Library/Developer/Xcode/DerivedData/EliteAgent-btzokozrfsnzjtcxxfzhmbcisvbu/Build/Intermediates.noindex/EliteAgent.build/Debug/EliteAgentCore.build/Objects-normal/arm64/EliteAgentCore.swiftmodule -validate-clang-modules-once -clang-build-session-file /Users/trgysvc/Library/Developer/Xcode/DerivedData/ModuleCache.noindex/Session.modulevalidation -Xcc -I/Users/trgysvc/Library/Developer/Xcode/DerivedData/EliteAgent-btzokozrfsnzjtcxxfzhmbcisvbu/Build/Intermediates.noindex/EliteAgent.build/Debug/EliteAgentCore.build/swift-overrides.hmap -emit-const-values -Xfrontend -const-gather-protocols-file -Xfrontend /Users/trgysvc/Library/Developer/Xcode/DerivedData/EliteAgent-btzokozrfsnzjtcxxfzhmbcisvbu/Build/Intermediates.noindex/EliteAgent.build/Debug/EliteAgentCore.build/Objects-normal/arm64/EliteAgentCore_const_extract_protocols.json -Xcc -iquote -Xcc /Users/trgysvc/Library/Developer/Xcode/DerivedData/EliteAgent-btzokozrfsnzjtcxxfzhmbcisvbu/Build/Intermediates.noindex/EliteAgent.build/Debug/EliteAgentCore.build/EliteAgentCore-generated-files.hmap -Xcc -I/Users/trgysvc/Library/Developer/Xcode/DerivedData/EliteAgent-btzokozrfsnzjtcxxfzhmbcisvbu/Build/Intermediates.noindex/EliteAgent.build/Debug/EliteAgentCore.build/EliteAgentCore-own-target-headers.hmap -Xcc -I/Users/trgysvc/Library/Developer/Xcode/DerivedData/EliteAgent-btzokozrfsnzjtcxxfzhmbcisvbu/Build/Intermediates.noindex/EliteAgent.build/Debug/EliteAgentCore.build/EliteAgentCore-all-non-framework-target-headers.hmap -Xcc -ivfsoverlay -Xcc /Users/trgysvc/Library/Developer/Xcode/DerivedData/EliteAgent-btzokozrfsnzjtcxxfzhmbcisvbu/Build/Intermediates.noindex/EliteAgent.build/Debug/EliteAgent-721b4d269f90b0c1aa899c38a8b2021d-VFS/all-product-headers.yaml -Xcc -iquote -Xcc /Users/trgysvc/Library/Developer/Xcode/DerivedData/EliteAgent-btzokozrfsnzjtcxxfzhmbcisvbu/Build/Intermediates.noindex/EliteAgent.build/Debug/EliteAgentCore.build/EliteAgentCore-project-headers.hmap -Xcc -I/Users/trgysvc/Library/Developer/Xcode/DerivedData/EliteAgent-btzokozrfsnzjtcxxfzhmbcisvbu/SourcePackages/checkouts/yyjson/src -Xcc -I/Users/trgysvc/Library/Developer/Xcode/DerivedData/EliteAgent-btzokozrfsnzjtcxxfzhmbcisvbu/SourcePackages/checkouts/swift-numerics/Sources/_NumericsShims/include -Xcc -I/Users/trgysvc/Library/Developer/Xcode/DerivedData/EliteAgent-btzokozrfsnzjtcxxfzhmbcisvbu/SourcePackages/checkouts/mlx-swift/Source/Cmlx/include -Xcc -I/Users/trgysvc/Library/Developer/Xcode/DerivedData/EliteAgent-btzokozrfsnzjtcxxfzhmbcisvbu/Build/Products/Debug/include -Xcc -I/Users/trgysvc/Library/Developer/Xcode/DerivedData/EliteAgent-btzokozrfsnzjtcxxfzhmbcisvbu/Build/Intermediates.noindex/EliteAgent.build/Debug/EliteAgentCore.build/DerivedSources-normal/arm64 -Xcc -I/Users/trgysvc/Library/Developer/Xcode/DerivedData/EliteAgent-btzokozrfsnzjtcxxfzhmbcisvbu/Build/Intermediates.noindex/EliteAgent.build/Debug/EliteAgentCore.build/DerivedSources/arm64 -Xcc -I/Users/trgysvc/Library/Developer/Xcode/DerivedData/EliteAgent-btzokozrfsnzjtcxxfzhmbcisvbu/Build/Intermediates.noindex/EliteAgent.build/Debug/EliteAgentCore.build/DerivedSources -Xcc -DDEBUG\=1 -Xcc -DFMT_USE_CONSTEVAL\=0 -Xcc -DFMT_ENFORCE_COMPILE_STRING\=0 -Xcc -DFMT_USE_CONSTEXPR\=0 -emit-objc-header -emit-objc-header-path /Users/trgysvc/Library/Developer/Xcode/DerivedData/EliteAgent-btzokozrfsnzjtcxxfzhmbcisvbu/Build/Intermediates.noindex/EliteAgent.build/Debug/EliteAgentCore.build/Objects-normal/arm64/EliteAgentCore-Swift.h -working-directory /Users/trgysvc/Developer/EliteAgent -experimental-emit-module-separately -disable-cmo

SwiftCompile normal arm64 Compiling\ OllamaManager.swift,\ OllamaProvider.swift,\ OpenRouterProvider.swift,\ OutputSchemaGuard.swift,\ PerformanceArbiter.swift,\ PromptCacheManager.swift,\ PromptCacheMonitor.swift,\ PromptRegistry.swift,\ SessionContext.swift,\ SystemPrompts.swift,\ TokenAccountant.swift,\ TokenBudgetActor.swift,\ TokenGuardConfig.swift,\ Tokenizer.swift,\ UNOGrammarLogitProcessor.swift,\ MCPGateway.swift /Users/trgysvc/Developer/EliteAgent/Sources/EliteAgentCore/LLM/OllamaManager.swift /Users/trgysvc/Developer/EliteAgent/Sources/EliteAgentCore/LLM/OllamaProvider.swift /Users/trgysvc/Developer/EliteAgent/Sources/EliteAgentCore/LLM/OpenRouterProvider.swift /Users/trgysvc/Developer/EliteAgent/Sources/EliteAgentCore/LLM/OutputSchemaGuard.swift /Users/trgysvc/Developer/EliteAgent/Sources/EliteAgentCore/LLM/PerformanceArbiter.swift /Users/trgysvc/Developer/EliteAgent/Sources/EliteAgentCore/LLM/PromptCacheManager.swift /Users/trgysvc/Developer/EliteAgent/Sources/EliteAgentCore/LLM/PromptCacheMonitor.swift /Users/trgysvc/Developer/EliteAgent/Sources/EliteAgentCore/LLM/PromptRegistry.swift /Users/trgysvc/Developer/EliteAgent/Sources/EliteAgentCore/LLM/SessionContext.swift /Users/trgysvc/Developer/EliteAgent/Sources/EliteAgentCore/LLM/SystemPrompts.swift /Users/trgysvc/Developer/EliteAgent/Sources/EliteAgentCore/LLM/TokenAccountant.swift /Users/trgysvc/Developer/EliteAgent/Sources/EliteAgentCore/LLM/TokenBudgetActor.swift /Users/trgysvc/Developer/EliteAgent/Sources/EliteAgentCore/LLM/TokenGuardConfig.swift /Users/trgysvc/Developer/EliteAgent/Sources/EliteAgentCore/LLM/Tokenizer.swift /Users/trgysvc/Developer/EliteAgent/Sources/EliteAgentCore/LLM/UNOGrammarLogitProcessor.swift /Users/trgysvc/Developer/EliteAgent/Sources/EliteAgentCore/MCP/MCPGateway.swift (in target 'EliteAgentCore' from project 'EliteAgent')

SwiftCompile normal arm64 /Users/trgysvc/Developer/EliteAgent/Sources/EliteAgentCore/LLM/OllamaManager.swift (in target 'EliteAgentCore' from project 'EliteAgent')
    cd /Users/trgysvc/Developer/EliteAgent
    

SwiftCompile normal arm64 /Users/trgysvc/Developer/EliteAgent/Sources/EliteAgentCore/LLM/OllamaProvider.swift (in target 'EliteAgentCore' from project 'EliteAgent')
    cd /Users/trgysvc/Developer/EliteAgent
    

SwiftCompile normal arm64 /Users/trgysvc/Developer/EliteAgent/Sources/EliteAgentCore/LLM/OpenRouterProvider.swift (in target 'EliteAgentCore' from project 'EliteAgent')
    cd /Users/trgysvc/Developer/EliteAgent
    

SwiftCompile normal arm64 /Users/trgysvc/Developer/EliteAgent/Sources/EliteAgentCore/LLM/OutputSchemaGuard.swift (in target 'EliteAgentCore' from project 'EliteAgent')
    cd /Users/trgysvc/Developer/EliteAgent
    

SwiftCompile normal arm64 /Users/trgysvc/Developer/EliteAgent/Sources/EliteAgentCore/LLM/PerformanceArbiter.swift (in target 'EliteAgentCore' from project 'EliteAgent')
    cd /Users/trgysvc/Developer/EliteAgent
    

SwiftCompile normal arm64 /Users/trgysvc/Developer/EliteAgent/Sources/EliteAgentCore/LLM/PromptCacheManager.swift (in target 'EliteAgentCore' from project 'EliteAgent')
    cd /Users/trgysvc/Developer/EliteAgent
    

SwiftCompile normal arm64 /Users/trgysvc/Developer/EliteAgent/Sources/EliteAgentCore/LLM/PromptCacheMonitor.swift (in target 'EliteAgentCore' from project 'EliteAgent')
    cd /Users/trgysvc/Developer/EliteAgent
    

SwiftCompile normal arm64 /Users/trgysvc/Developer/EliteAgent/Sources/EliteAgentCore/LLM/PromptRegistry.swift (in target 'EliteAgentCore' from project 'EliteAgent')
    cd /Users/trgysvc/Developer/EliteAgent
    

SwiftCompile normal arm64 /Users/trgysvc/Developer/EliteAgent/Sources/EliteAgentCore/LLM/SessionContext.swift (in target 'EliteAgentCore' from project 'EliteAgent')
    cd /Users/trgysvc/Developer/EliteAgent
    

SwiftCompile normal arm64 /Users/trgysvc/Developer/EliteAgent/Sources/EliteAgentCore/LLM/SystemPrompts.swift (in target 'EliteAgentCore' from project 'EliteAgent')
    cd /Users/trgysvc/Developer/EliteAgent
    

SwiftCompile normal arm64 /Users/trgysvc/Developer/EliteAgent/Sources/EliteAgentCore/LLM/TokenAccountant.swift (in target 'EliteAgentCore' from project 'EliteAgent')
    cd /Users/trgysvc/Developer/EliteAgent
    

SwiftCompile normal arm64 /Users/trgysvc/Developer/EliteAgent/Sources/EliteAgentCore/LLM/TokenBudgetActor.swift (in target 'EliteAgentCore' from project 'EliteAgent')
    cd /Users/trgysvc/Developer/EliteAgent
    

SwiftCompile normal arm64 /Users/trgysvc/Developer/EliteAgent/Sources/EliteAgentCore/LLM/TokenGuardConfig.swift (in target 'EliteAgentCore' from project 'EliteAgent')
    cd /Users/trgysvc/Developer/EliteAgent
    

SwiftCompile normal arm64 /Users/trgysvc/Developer/EliteAgent/Sources/EliteAgentCore/LLM/Tokenizer.swift (in target 'EliteAgentCore' from project 'EliteAgent')
    cd /Users/trgysvc/Developer/EliteAgent
    

SwiftCompile normal arm64 /Users/trgysvc/Developer/EliteAgent/Sources/EliteAgentCore/LLM/UNOGrammarLogitProcessor.swift (in target 'EliteAgentCore' from project 'EliteAgent')
    cd /Users/trgysvc/Developer/EliteAgent
    

SwiftCompile normal arm64 /Users/trgysvc/Developer/EliteAgent/Sources/EliteAgentCore/MCP/MCPGateway.swift (in target 'EliteAgentCore' from project 'EliteAgent')
    cd /Users/trgysvc/Developer/EliteAgent
    

SwiftCompile normal arm64 Compiling\ TulparActor.swift,\ BrowserAgent.swift,\ BrowserEngine.swift,\ CoordinateBridge.swift,\ SafariJSBridge.swift,\ AppSettings.swift,\ ConfigManager.swift,\ KeychainHelper.swift,\ VaultManager.swift,\ SystemWatchdog.swift,\ AutoRecoveryEngine.swift,\ BridgeProvider.swift,\ ChatProcessState.swift,\ CloudProvider.swift,\ HarpsichordBridge.swift,\ InferenceActor.swift /Users/trgysvc/Developer/EliteAgent/Sources/EliteAgentCore/Agents/TulparActor.swift /Users/trgysvc/Developer/EliteAgent/Sources/EliteAgentCore/Browser/BrowserAgent.swift /Users/trgysvc/Developer/EliteAgent/Sources/EliteAgentCore/Browser/BrowserEngine.swift /Users/trgysvc/Developer/EliteAgent/Sources/EliteAgentCore/Browser/CoordinateBridge.swift /Users/trgysvc/Developer/EliteAgent/Sources/EliteAgentCore/Browser/SafariJSBridge.swift /Users/trgysvc/Developer/EliteAgent/Sources/EliteAgentCore/Config/AppSettings.swift /Users/trgysvc/Developer/EliteAgent/Sources/EliteAgentCore/Config/ConfigManager.swift /Users/trgysvc/Developer/EliteAgent/Sources/EliteAgentCore/Config/KeychainHelper.swift /Users/trgysvc/Developer/EliteAgent/Sources/EliteAgentCore/Config/VaultManager.swift /Users/trgysvc/Developer/EliteAgent/Sources/EliteAgentCore/Guard/SystemWatchdog.swift /Users/trgysvc/Developer/EliteAgent/Sources/EliteAgentCore/LLM/AutoRecoveryEngine.swift /Users/trgysvc/Developer/EliteAgent/Sources/EliteAgentCore/LLM/BridgeProvider.swift /Users/trgysvc/Developer/EliteAgent/Sources/EliteAgentCore/LLM/ChatProcessState.swift /Users/trgysvc/Developer/EliteAgent/Sources/EliteAgentCore/LLM/CloudProvider.swift /Users/trgysvc/Developer/EliteAgent/Sources/EliteAgentCore/LLM/HarpsichordBridge.swift /Users/trgysvc/Developer/EliteAgent/Sources/EliteAgentCore/LLM/InferenceActor.swift (in target 'EliteAgentCore' from project 'EliteAgent')

SwiftCompile normal arm64 /Users/trgysvc/Developer/EliteAgent/Sources/EliteAgentCore/Agents/TulparActor.swift (in target 'EliteAgentCore' from project 'EliteAgent')
    cd /Users/trgysvc/Developer/EliteAgent
    

SwiftCompile normal arm64 /Users/trgysvc/Developer/EliteAgent/Sources/EliteAgentCore/Browser/BrowserAgent.swift (in target 'EliteAgentCore' from project 'EliteAgent')
    cd /Users/trgysvc/Developer/EliteAgent
    

SwiftCompile normal arm64 /Users/trgysvc/Developer/EliteAgent/Sources/EliteAgentCore/Browser/BrowserEngine.swift (in target 'EliteAgentCore' from project 'EliteAgent')
    cd /Users/trgysvc/Developer/EliteAgent
    

SwiftCompile normal arm64 /Users/trgysvc/Developer/EliteAgent/Sources/EliteAgentCore/Browser/CoordinateBridge.swift (in target 'EliteAgentCore' from project 'EliteAgent')
    cd /Users/trgysvc/Developer/EliteAgent
    

SwiftCompile normal arm64 /Users/trgysvc/Developer/EliteAgent/Sources/EliteAgentCore/Browser/SafariJSBridge.swift (in target 'EliteAgentCore' from project 'EliteAgent')
    cd /Users/trgysvc/Developer/EliteAgent
    

SwiftCompile normal arm64 /Users/trgysvc/Developer/EliteAgent/Sources/EliteAgentCore/Config/AppSettings.swift (in target 'EliteAgentCore' from project 'EliteAgent')
    cd /Users/trgysvc/Developer/EliteAgent
    

SwiftCompile normal arm64 /Users/trgysvc/Developer/EliteAgent/Sources/EliteAgentCore/Config/ConfigManager.swift (in target 'EliteAgentCore' from project 'EliteAgent')
    cd /Users/trgysvc/Developer/EliteAgent
    

SwiftCompile normal arm64 /Users/trgysvc/Developer/EliteAgent/Sources/EliteAgentCore/Config/KeychainHelper.swift (in target 'EliteAgentCore' from project 'EliteAgent')
    cd /Users/trgysvc/Developer/EliteAgent
    

SwiftCompile normal arm64 /Users/trgysvc/Developer/EliteAgent/Sources/EliteAgentCore/Config/VaultManager.swift (in target 'EliteAgentCore' from project 'EliteAgent')
    cd /Users/trgysvc/Developer/EliteAgent
    

SwiftCompile normal arm64 /Users/trgysvc/Developer/EliteAgent/Sources/EliteAgentCore/Guard/SystemWatchdog.swift (in target 'EliteAgentCore' from project 'EliteAgent')
    cd /Users/trgysvc/Developer/EliteAgent
    

SwiftCompile normal arm64 /Users/trgysvc/Developer/EliteAgent/Sources/EliteAgentCore/LLM/AutoRecoveryEngine.swift (in target 'EliteAgentCore' from project 'EliteAgent')
    cd /Users/trgysvc/Developer/EliteAgent
    

SwiftCompile normal arm64 /Users/trgysvc/Developer/EliteAgent/Sources/EliteAgentCore/LLM/BridgeProvider.swift (in target 'EliteAgentCore' from project 'EliteAgent')
    cd /Users/trgysvc/Developer/EliteAgent
    

SwiftCompile normal arm64 /Users/trgysvc/Developer/EliteAgent/Sources/EliteAgentCore/LLM/ChatProcessState.swift (in target 'EliteAgentCore' from project 'EliteAgent')
    cd /Users/trgysvc/Developer/EliteAgent
    

SwiftCompile normal arm64 /Users/trgysvc/Developer/EliteAgent/Sources/EliteAgentCore/LLM/CloudProvider.swift (in target 'EliteAgentCore' from project 'EliteAgent')
    cd /Users/trgysvc/Developer/EliteAgent
    

SwiftCompile normal arm64 /Users/trgysvc/Developer/EliteAgent/Sources/EliteAgentCore/LLM/HarpsichordBridge.swift (in target 'EliteAgentCore' from project 'EliteAgent')
    cd /Users/trgysvc/Developer/EliteAgent
    

SwiftCompile normal arm64 /Users/trgysvc/Developer/EliteAgent/Sources/EliteAgentCore/LLM/InferenceActor.swift (in target 'EliteAgentCore' from project 'EliteAgent')
    cd /Users/trgysvc/Developer/EliteAgent
    

SwiftCompile normal arm64 Compiling\ AgentProtocol.swift,\ CriticAgent.swift,\ CriticTemplate.swift,\ EliteCoordinator.swift,\ ExecutorAgent.swift,\ GuardAgent.swift,\ InternalMonologueActor.swift,\ MemoryAgent.swift,\ Orchestrator.swift,\ OrchestratorRuntime.swift,\ PlannerAgent.swift,\ PlannerTemplate.swift,\ ProjectObserver.swift,\ SelfHealingEngine.swift,\ Session.swift,\ TaskClassifier.swift,\ ToolPrivacyGate.swift /Users/trgysvc/Developer/EliteAgent/Sources/EliteAgentCore/Agents/AgentProtocol.swift /Users/trgysvc/Developer/EliteAgent/Sources/EliteAgentCore/Agents/CriticAgent.swift /Users/trgysvc/Developer/EliteAgent/Sources/EliteAgentCore/Agents/CriticTemplate.swift /Users/trgysvc/Developer/EliteAgent/Sources/EliteAgentCore/Agents/EliteCoordinator.swift /Users/trgysvc/Developer/EliteAgent/Sources/EliteAgentCore/Agents/ExecutorAgent.swift /Users/trgysvc/Developer/EliteAgent/Sources/EliteAgentCore/Agents/GuardAgent.swift /Users/trgysvc/Developer/EliteAgent/Sources/EliteAgentCore/Agents/InternalMonologueActor.swift /Users/trgysvc/Developer/EliteAgent/Sources/EliteAgentCore/Agents/MemoryAgent.swift /Users/trgysvc/Developer/EliteAgent/Sources/EliteAgentCore/Agents/Orchestrator.swift /Users/trgysvc/Developer/EliteAgent/Sources/EliteAgentCore/Agents/OrchestratorRuntime.swift /Users/trgysvc/Developer/EliteAgent/Sources/EliteAgentCore/Agents/PlannerAgent.swift /Users/trgysvc/Developer/EliteAgent/Sources/EliteAgentCore/Agents/PlannerTemplate.swift /Users/trgysvc/Developer/EliteAgent/Sources/EliteAgentCore/Agents/ProjectObserver.swift /Users/trgysvc/Developer/EliteAgent/Sources/EliteAgentCore/Agents/SelfHealingEngine.swift /Users/trgysvc/Developer/EliteAgent/Sources/EliteAgentCore/Agents/Session.swift /Users/trgysvc/Developer/EliteAgent/Sources/EliteAgentCore/Agents/TaskClassifier.swift /Users/trgysvc/Developer/EliteAgent/Sources/EliteAgentCore/Agents/ToolPrivacyGate.swift (in target 'EliteAgentCore' from project 'EliteAgent')

SwiftCompile normal arm64 /Users/trgysvc/Developer/EliteAgent/Sources/EliteAgentCore/Agents/AgentProtocol.swift (in target 'EliteAgentCore' from project 'EliteAgent')
    cd /Users/trgysvc/Developer/EliteAgent
    

SwiftCompile normal arm64 /Users/trgysvc/Developer/EliteAgent/Sources/EliteAgentCore/Agents/CriticAgent.swift (in target 'EliteAgentCore' from project 'EliteAgent')
    cd /Users/trgysvc/Developer/EliteAgent
    

SwiftCompile normal arm64 /Users/trgysvc/Developer/EliteAgent/Sources/EliteAgentCore/Agents/CriticTemplate.swift (in target 'EliteAgentCore' from project 'EliteAgent')
    cd /Users/trgysvc/Developer/EliteAgent
    

SwiftCompile normal arm64 /Users/trgysvc/Developer/EliteAgent/Sources/EliteAgentCore/Agents/EliteCoordinator.swift (in target 'EliteAgentCore' from project 'EliteAgent')
    cd /Users/trgysvc/Developer/EliteAgent
    

SwiftCompile normal arm64 /Users/trgysvc/Developer/EliteAgent/Sources/EliteAgentCore/Agents/ExecutorAgent.swift (in target 'EliteAgentCore' from project 'EliteAgent')
    cd /Users/trgysvc/Developer/EliteAgent
    

SwiftCompile normal arm64 /Users/trgysvc/Developer/EliteAgent/Sources/EliteAgentCore/Agents/GuardAgent.swift (in target 'EliteAgentCore' from project 'EliteAgent')
    cd /Users/trgysvc/Developer/EliteAgent
    

SwiftCompile normal arm64 /Users/trgysvc/Developer/EliteAgent/Sources/EliteAgentCore/Agents/InternalMonologueActor.swift (in target 'EliteAgentCore' from project 'EliteAgent')
    cd /Users/trgysvc/Developer/EliteAgent
    

SwiftCompile normal arm64 /Users/trgysvc/Developer/EliteAgent/Sources/EliteAgentCore/Agents/MemoryAgent.swift (in target 'EliteAgentCore' from project 'EliteAgent')
    cd /Users/trgysvc/Developer/EliteAgent
    

SwiftCompile normal arm64 /Users/trgysvc/Developer/EliteAgent/Sources/EliteAgentCore/Agents/Orchestrator.swift (in target 'EliteAgentCore' from project 'EliteAgent')
    cd /Users/trgysvc/Developer/EliteAgent
    

SwiftCompile normal arm64 /Users/trgysvc/Developer/EliteAgent/Sources/EliteAgentCore/Agents/OrchestratorRuntime.swift (in target 'EliteAgentCore' from project 'EliteAgent')
    cd /Users/trgysvc/Developer/EliteAgent
    

SwiftCompile normal arm64 /Users/trgysvc/Developer/EliteAgent/Sources/EliteAgentCore/Agents/PlannerAgent.swift (in target 'EliteAgentCore' from project 'EliteAgent')
    cd /Users/trgysvc/Developer/EliteAgent
    

SwiftCompile normal arm64 /Users/trgysvc/Developer/EliteAgent/Sources/EliteAgentCore/Agents/PlannerTemplate.swift (in target 'EliteAgentCore' from project 'EliteAgent')
    cd /Users/trgysvc/Developer/EliteAgent
    

SwiftCompile normal arm64 /Users/trgysvc/Developer/EliteAgent/Sources/EliteAgentCore/Agents/ProjectObserver.swift (in target 'EliteAgentCore' from project 'EliteAgent')
    cd /Users/trgysvc/Developer/EliteAgent
    

SwiftCompile normal arm64 /Users/trgysvc/Developer/EliteAgent/Sources/EliteAgentCore/Agents/SelfHealingEngine.swift (in target 'EliteAgentCore' from project 'EliteAgent')
    cd /Users/trgysvc/Developer/EliteAgent
    

SwiftCompile normal arm64 /Users/trgysvc/Developer/EliteAgent/Sources/EliteAgentCore/Agents/Session.swift (in target 'EliteAgentCore' from project 'EliteAgent')
    cd /Users/trgysvc/Developer/EliteAgent
    

SwiftCompile normal arm64 /Users/trgysvc/Developer/EliteAgent/Sources/EliteAgentCore/Agents/TaskClassifier.swift (in target 'EliteAgentCore' from project 'EliteAgent')
    cd /Users/trgysvc/Developer/EliteAgent
    

SwiftCompile normal arm64 /Users/trgysvc/Developer/EliteAgent/Sources/EliteAgentCore/Agents/ToolPrivacyGate.swift (in target 'EliteAgentCore' from project 'EliteAgent')
    cd /Users/trgysvc/Developer/EliteAgent
    

SwiftEmitModule normal arm64 Emitting\ module\ for\ EliteAgentCore (in target 'EliteAgentCore' from project 'EliteAgent')
Failed frontend command:
/Applications/Xcode.app/Contents/Developer/Toolchains/XcodeDefault.xctoolchain/usr/bin/swift-frontend -frontend -emit-module -experimental-skip-non-inlinable-function-bodies-without-types /Users/trgysvc/Developer/EliteAgent/Sources/EliteAgentCore/Agents/AgentProtocol.swift /Users/trgysvc/Developer/EliteAgent/Sources/EliteAgentCore/Agents/CriticAgent.swift /Users/trgysvc/Developer/EliteAgent/Sources/EliteAgentCore/Agents/CriticTemplate.swift /Users/trgysvc/Developer/EliteAgent/Sources/EliteAgentCore/Agents/EliteCoordinator.swift /Users/trgysvc/Developer/EliteAgent/Sources/EliteAgentCore/Agents/ExecutorAgent.swift /Users/trgysvc/Developer/EliteAgent/Sources/EliteAgentCore/Agents/GuardAgent.swift /Users/trgysvc/Developer/EliteAgent/Sources/EliteAgentCore/Agents/InternalMonologueActor.swift /Users/trgysvc/Developer/EliteAgent/Sources/EliteAgentCore/Agents/MemoryAgent.swift /Users/trgysvc/Developer/EliteAgent/Sources/EliteAgentCore/Agents/Orchestrator.swift /Users/trgysvc/Developer/EliteAgent/Sources/EliteAgentCore/Agents/OrchestratorRuntime.swift /Users/trgysvc/Developer/EliteAgent/Sources/EliteAgentCore/Agents/PlannerAgent.swift /Users/trgysvc/Developer/EliteAgent/Sources/EliteAgentCore/Agents/PlannerTemplate.swift /Users/trgysvc/Developer/EliteAgent/Sources/EliteAgentCore/Agents/ProjectObserver.swift /Users/trgysvc/Developer/EliteAgent/Sources/EliteAgentCore/Agents/SelfHealingEngine.swift /Users/trgysvc/Developer/EliteAgent/Sources/EliteAgentCore/Agents/Session.swift /Users/trgysvc/Developer/EliteAgent/Sources/EliteAgentCore/Agents/TaskClassifier.swift /Users/trgysvc/Developer/EliteAgent/Sources/EliteAgentCore/Agents/ToolPrivacyGate.swift /Users/trgysvc/Developer/EliteAgent/Sources/EliteAgentCore/Agents/TulparActor.swift /Users/trgysvc/Developer/EliteAgent/Sources/EliteAgentCore/Browser/BrowserAgent.swift /Users/trgysvc/Developer/EliteAgent/Sources/EliteAgentCore/Browser/BrowserEngine.swift /Users/trgysvc/Developer/EliteAgent/Sources/EliteAgentCore/Browser/CoordinateBridge.swift /Users/trgysvc/Developer/EliteAgent/Sources/EliteAgentCore/Browser/SafariJSBridge.swift /Users/trgysvc/Developer/EliteAgent/Sources/EliteAgentCore/Config/AppSettings.swift /Users/trgysvc/Developer/EliteAgent/Sources/EliteAgentCore/Config/ConfigManager.swift /Users/trgysvc/Developer/EliteAgent/Sources/EliteAgentCore/Config/KeychainHelper.swift /Users/trgysvc/Developer/EliteAgent/Sources/EliteAgentCore/Config/VaultManager.swift /Users/trgysvc/Developer/EliteAgent/Sources/EliteAgentCore/Guard/SystemWatchdog.swift /Users/trgysvc/Developer/EliteAgent/Sources/EliteAgentCore/LLM/AutoRecoveryEngine.swift /Users/trgysvc/Developer/EliteAgent/Sources/EliteAgentCore/LLM/BridgeProvider.swift /Users/trgysvc/Developer/EliteAgent/Sources/EliteAgentCore/LLM/ChatProcessState.swift /Users/trgysvc/Developer/EliteAgent/Sources/EliteAgentCore/LLM/CloudProvider.swift /Users/trgysvc/Developer/EliteAgent/Sources/EliteAgentCore/LLM/HarpsichordBridge.swift /Users/trgysvc/Developer/EliteAgent/Sources/EliteAgentCore/LLM/InferenceActor.swift /Users/trgysvc/Developer/EliteAgent/Sources/EliteAgentCore/LLM/InferenceValidator.swift /Users/trgysvc/Developer/EliteAgent/Sources/EliteAgentCore/LLM/LLMConnectionTestService.swift /Users/trgysvc/Developer/EliteAgent/Sources/EliteAgentCore/LLM/LLMHealthTypes.swift /Users/trgysvc/Developer/EliteAgent/Sources/EliteAgentCore/LLM/LLMModel.swift /Users/trgysvc/Developer/EliteAgent/Sources/EliteAgentCore/LLM/LLMProvider.swift /Users/trgysvc/Developer/EliteAgent/Sources/EliteAgentCore/LLM/LLMTypes.swift /Users/trgysvc/Developer/EliteAgent/Sources/EliteAgentCore/LLM/LocalModelHealthMonitor.swift /Users/trgysvc/Developer/EliteAgent/Sources/EliteAgentCore/LLM/LocalModelWatchdog.swift /Users/trgysvc/Developer/EliteAgent/Sources/EliteAgentCore/LLM/MLXEngineGuardian.swift /Users/trgysvc/Developer/EliteAgent/Sources/EliteAgentCore/LLM/MLXProvider.swift /Users/trgysvc/Developer/EliteAgent/Sources/EliteAgentCore/LLM/ModelCatalog.swift /Users/trgysvc/Developer/EliteAgent/Sources/EliteAgentCore/LLM/ModelError.swift /Users/trgysvc/Developer/EliteAgent/Sources/EliteAgentCore/LLM/ModelLoader.swift /Users/trgysvc/Developer/EliteAgent/Sources/EliteAgentCore/LLM/ModelManager.swift /Users/trgysvc/Developer/EliteAgent/Sources/EliteAgentCore/LLM/ModelSetupManager.swift /Users/trgysvc/Developer/EliteAgent/Sources/EliteAgentCore/LLM/ModelStateManager.swift /Users/trgysvc/Developer/EliteAgent/Sources/EliteAgentCore/LLM/OllamaManager.swift /Users/trgysvc/Developer/EliteAgent/Sources/EliteAgentCore/LLM/OllamaProvider.swift /Users/trgysvc/Developer/EliteAgent/Sources/EliteAgentCore/LLM/OpenRouterProvider.swift /Users/trgysvc/Developer/EliteAgent/Sources/EliteAgentCore/LLM/OutputSchemaGuard.swift /Users/trgysvc/Developer/EliteAgent/Sources/EliteAgentCore/LLM/PerformanceArbiter.swift /Users/trgysvc/Developer/EliteAgent/Sources/EliteAgentCore/LLM/PromptCacheManager.swift /Users/trgysvc/Developer/EliteAgent/Sources/EliteAgentCore/LLM/PromptCacheMonitor.swift /Users/trgysvc/Developer/EliteAgent/Sources/EliteAgentCore/LLM/PromptRegistry.swift /Users/trgysvc/Developer/EliteAgent/Sources/EliteAgentCore/LLM/SessionContext.swift /Users/trgysvc/Developer/EliteAgent/Sources/EliteAgentCore/LLM/SystemPrompts.swift /Users/trgysvc/Developer/EliteAgent/Sources/EliteAgentCore/LLM/TokenAccountant.swift /Users/trgysvc/Developer/EliteAgent/Sources/EliteAgentCore/LLM/TokenBudgetActor.swift /Users/trgysvc/Developer/EliteAgent/Sources/EliteAgentCore/LLM/TokenGuardConfig.swift /Users/trgysvc/Developer/EliteAgent/Sources/EliteAgentCore/LLM/Tokenizer.swift /Users/trgysvc/Developer/EliteAgent/Sources/EliteAgentCore/LLM/UNOGrammarLogitProcessor.swift /Users/trgysvc/Developer/EliteAgent/Sources/EliteAgentCore/MCP/MCPGateway.swift /Users/trgysvc/Developer/EliteAgent/Sources/EliteAgentCore/Memory/DreamActor.swift /Users/trgysvc/Developer/EliteAgent/Sources/EliteAgentCore/Memory/DynamicContextManager.swift /Users/trgysvc/Developer/EliteAgent/Sources/EliteAgentCore/Memory/EmbeddingService.swift /Users/trgysvc/Developer/EliteAgent/Sources/EliteAgentCore/Memory/ExperienceVault.swift /Users/trgysvc/Developer/EliteAgent/Sources/EliteAgentCore/Memory/GitStateEngine.swift /Users/trgysvc/Developer/EliteAgent/Sources/EliteAgentCore/Memory/MetricsStore.swift /Users/trgysvc/Developer/EliteAgent/Sources/EliteAgentCore/Models/MusicDNAModels.swift /Users/trgysvc/Developer/EliteAgent/Sources/EliteAgentCore/Security/AuditLoggerActor.swift /Users/trgysvc/Developer/EliteAgent/Sources/EliteAgentCore/Security/PromptSanitizer.swift /Users/trgysvc/Developer/EliteAgent/Sources/EliteAgentCore/Security/SecuritySentinel.swift /Users/trgysvc/Developer/EliteAgent/Sources/EliteAgentCore/Security/WorkspaceManager.swift /Users/trgysvc/Developer/EliteAgent/Sources/EliteAgentCore/ToolEngine/Tools/AppDiscoveryTool.swift /Users/trgysvc/Developer/EliteAgent/Sources/EliteAgentCore/ToolEngine/Tools/BackgroundWebScraper.swift /Users/trgysvc/Developer/EliteAgent/Sources/EliteAgentCore/ToolEngine/Tools/CommunicationTools.swift /Users/trgysvc/Developer/EliteAgent/Sources/EliteAgentCore/ToolEngine/Tools/EcosystemTools.swift /Users/trgysvc/Developer/EliteAgent/Sources/EliteAgentCore/ToolEngine/Tools/ExtraUtilityTools.swift /Users/trgysvc/Developer/EliteAgent/Sources/EliteAgentCore/ToolEngine/Tools/FileTools.swift /Users/trgysvc/Developer/EliteAgent/Sources/EliteAgentCore/ToolEngine/Tools/GitTool.swift /Users/trgysvc/Developer/EliteAgent/Sources/EliteAgentCore/ToolEngine/Tools/ImageAnalysisTool.swift /Users/trgysvc/Developer/EliteAgent/Sources/EliteAgentCore/ToolEngine/Tools/MediaControllerTool.swift /Users/trgysvc/Developer/EliteAgent/Sources/EliteAgentCore/ToolEngine/Tools/MemoryTool.swift /Users/trgysvc/Developer/EliteAgent/Sources/EliteAgentCore/ToolEngine/Tools/MessengerTool.swift /Users/trgysvc/Developer/EliteAgent/Sources/EliteAgentCore/ToolEngine/Tools/MusicDNATool.swift /Users/trgysvc/Developer/EliteAgent/Sources/EliteAgentCore/ToolEngine/Tools/NativeBrowserTool.swift /Users/trgysvc/Developer/EliteAgent/Sources/EliteAgentCore/ToolEngine/Tools/PatchTool.swift /Users/trgysvc/Developer/EliteAgent/Sources/EliteAgentCore/ToolEngine/Tools/ProductivityTools.swift /Users/trgysvc/Developer/EliteAgent/Sources/EliteAgentCore/ToolEngine/Tools/ReadFileTool.swift /Users/trgysvc/Developer/EliteAgent/Sources/EliteAgentCore/ToolEngine/Tools/ResearchReportTool.swift /Users/trgysvc/Developer/EliteAgent/Sources/EliteAgentCore/ToolEngine/Tools/SafariAutomationTool.swift /Users/trgysvc/Developer/EliteAgent/Sources/EliteAgentCore/ToolEngine/Tools/ShellTool.swift /Users/trgysvc/Developer/EliteAgent/Sources/EliteAgentCore/ToolEngine/Tools/ShortcutDiscoveryTool.swift /Users/trgysvc/Developer/EliteAgent/Sources/EliteAgentCore/ToolEngine/Tools/ShortcutExecutionTool.swift /Users/trgysvc/Developer/EliteAgent/Sources/EliteAgentCore/ToolEngine/Tools/SubagentTool.swift /Users/trgysvc/Developer/EliteAgent/Sources/EliteAgentCore/ToolEngine/Tools/SystemTelemetryTool.swift /Users/trgysvc/Developer/EliteAgent/Sources/EliteAgentCore/ToolEngine/Tools/UtilityTools.swift /Users/trgysvc/Developer/EliteAgent/Sources/EliteAgentCore/ToolEngine/Tools/WebFetchTool.swift /Users/trgysvc/Developer/EliteAgent/Sources/EliteAgentCore/ToolEngine/Tools/WebSearchTool.swift /Users/trgysvc/Developer/EliteAgent/Sources/EliteAgentCore/ToolEngine/Tools/WebTools.swift /Users/trgysvc/Developer/EliteAgent/Sources/EliteAgentCore/ToolEngine/Tools/WriteFileTool.swift /Users/trgysvc/Developer/EliteAgent/Sources/EliteAgentCore/ToolEngine/AgentTool.swift /Users/trgysvc/Developer/EliteAgent/Sources/EliteAgentCore/ToolEngine/ApplicationIntelligence.swift /Users/trgysvc/Developer/EliteAgent/Sources/EliteAgentCore/ToolEngine/CategoryMapper.swift /Users/trgysvc/Developer/EliteAgent/Sources/EliteAgentCore/ToolEngine/PluginManager.swift /Users/trgysvc/Developer/EliteAgent/Sources/EliteAgentCore/ToolEngine/ToolEngine.swift /Users/trgysvc/Developer/EliteAgent/Sources/EliteAgentCore/ToolEngine/ToolRegistry.swift /Users/trgysvc/Developer/EliteAgent/Sources/EliteAgentCore/ToolEngine/ToolSignature.swift /Users/trgysvc/Developer/EliteAgent/Sources/EliteAgentCore/Tools/AccessibilityTool.swift /Users/trgysvc/Developer/EliteAgent/Sources/EliteAgentCore/Tools/ChicagoVisionTool.swift /Users/trgysvc/Developer/EliteAgent/Sources/EliteAgentCore/Types/AISessionState.swift /Users/trgysvc/Developer/EliteAgent/Sources/EliteAgentCore/Types/ChatModels.swift /Users/trgysvc/Developer/EliteAgent/Sources/EliteAgentCore/Types/ModelSource.swift /Users/trgysvc/Developer/EliteAgent/Sources/EliteAgentCore/Types/SignalBus.swift /Users/trgysvc/Developer/EliteAgent/Sources/EliteAgentCore/Types/Types.swift /Users/trgysvc/Developer/EliteAgent/Sources/EliteAgentCore/UI/ModelPickerViewModel.swift /Users/trgysvc/Developer/EliteAgent/Sources/EliteAgentCore/UI/VisualizerView.swift /Users/trgysvc/Developer/EliteAgent/Sources/EliteAgentCore/UNO/UNODistributedActorSystem.swift /Users/trgysvc/Developer/EliteAgent/Sources/EliteAgentCore/UNO/UNOTransport.swift /Users/trgysvc/Developer/EliteAgent/Sources/EliteAgentCore/Usage/UsageTracker.swift /Users/trgysvc/Developer/EliteAgent/Sources/EliteAgentCore/Utilities/MusicDNA/AudioLoader.swift /Users/trgysvc/Developer/EliteAgent/Sources/EliteAgentCore/Utilities/MusicDNA/ChromaEngine.swift /Users/trgysvc/Developer/EliteAgent/Sources/EliteAgentCore/Utilities/MusicDNA/CQTEngine.swift /Users/trgysvc/Developer/EliteAgent/Sources/EliteAgentCore/Utilities/MusicDNA/DNAReportBuilder.swift /Users/trgysvc/Developer/EliteAgent/Sources/EliteAgentCore/Utilities/MusicDNA/DSPHelpers.swift /Users/trgysvc/Developer/EliteAgent/Sources/EliteAgentCore/Utilities/MusicDNA/FilterbankEngine.swift /Users/trgysvc/Developer/EliteAgent/Sources/EliteAgentCore/Utilities/MusicDNA/ForensicDNAEngine.swift /Users/trgysvc/Developer/EliteAgent/Sources/EliteAgentCore/Utilities/MusicDNA/HPSSEngine.swift /Users/trgysvc/Developer/EliteAgent/Sources/EliteAgentCore/Utilities/MusicDNA/MelFilterBank.swift /Users/trgysvc/Developer/EliteAgent/Sources/EliteAgentCore/Utilities/MusicDNA/MelSpectrogramEngine.swift /Users/trgysvc/Developer/EliteAgent/Sources/EliteAgentCore/Utilities/MusicDNA/MFCCEngine.swift /Users/trgysvc/Developer/EliteAgent/Sources/EliteAgentCore/Utilities/MusicDNA/MusicDNAReporter.swift /Users/trgysvc/Developer/EliteAgent/Sources/EliteAgentCore/Utilities/MusicDNA/OnsetEngine.swift /Users/trgysvc/Developer/EliteAgent/Sources/EliteAgentCore/Utilities/MusicDNA/RhythmEngine.swift /Users/trgysvc/Developer/EliteAgent/Sources/EliteAgentCore/Utilities/MusicDNA/SpectralEngine.swift /Users/trgysvc/Developer/EliteAgent/Sources/EliteAgentCore/Utilities/MusicDNA/SpectralFeatureEngine.swift /Users/trgysvc/Developer/EliteAgent/Sources/EliteAgentCore/Utilities/MusicDNA/STFTEngine.swift /Users/trgysvc/Developer/EliteAgent/Sources/EliteAgentCore/Utilities/MusicDNA/StructureEngine.swift /Users/trgysvc/Developer/EliteAgent/Sources/EliteAgentCore/Utilities/MusicDNA/UtilityEngine.swift /Users/trgysvc/Developer/EliteAgent/Sources/EliteAgentCore/Utilities/MusicDNA/WaveformRenderer.swift /Users/trgysvc/Developer/EliteAgent/Sources/EliteAgentCore/Utilities/MusicDNA/YINEngine.swift /Users/trgysvc/Developer/EliteAgent/Sources/EliteAgentCore/Utilities/Telemetry/HardwareMonitor.swift /Users/trgysvc/Developer/EliteAgent/Sources/EliteAgentCore/Utilities/Telemetry/UXTelemetryManager.swift /Users/trgysvc/Developer/EliteAgent/Sources/EliteAgentCore/Utilities/AgentLogger.swift /Users/trgysvc/Developer/EliteAgent/Sources/EliteAgentCore/Utilities/AppleScriptRunner.swift /Users/trgysvc/Developer/EliteAgent/Sources/EliteAgentCore/Utilities/AsyncUtils.swift /Users/trgysvc/Developer/EliteAgent/Sources/EliteAgentCore/Utilities/AudioArchitect.swift /Users/trgysvc/Developer/EliteAgent/Sources/EliteAgentCore/Utilities/AutoConfigManager.swift /Users/trgysvc/Developer/EliteAgent/Sources/EliteAgentCore/Utilities/LogicGate.swift /Users/trgysvc/Developer/EliteAgent/Sources/EliteAgentCore/Utilities/Notifications.swift /Users/trgysvc/Developer/EliteAgent/Sources/EliteAgentCore/Utilities/PathConfiguration.swift /Users/trgysvc/Developer/EliteAgent/Sources/EliteAgentCore/Utilities/RegressionAudit.swift /Users/trgysvc/Developer/EliteAgent/Sources/EliteAgentCore/Utilities/ShortcutCache.swift /Users/trgysvc/Developer/EliteAgent/Sources/EliteAgentCore/Utilities/ThinkParser.swift /Users/trgysvc/Developer/EliteAgent/Sources/EliteAgentCore/Utilities/UpdaterService.swift /Users/trgysvc/Developer/EliteAgent/Sources/EliteAgentCore/Utilities/VisionAnalyzer.swift /Users/trgysvc/Developer/EliteAgent/Sources/EliteAgentCore/XPC/XPCManager.swift /Users/trgysvc/Developer/EliteAgent/Sources/EliteAgentCore/Exports.swift -target arm64-apple-macos26.0 -load-resolved-plugin /Applications/Xcode.app/Contents/Developer/Platforms/MacOSX.platform/Developer/usr/lib/swift/host/plugins/libFoundationMacros.dylib\#/Applications/Xcode.app/Contents/Developer/Platforms/MacOSX.platform/Developer/usr/bin/swift-plugin-server\#FoundationMacros -load-resolved-plugin /Applications/Xcode.app/Contents/Developer/Platforms/MacOSX.platform/Developer/usr/lib/swift/host/plugins/libObservationMacros.dylib\#/Applications/Xcode.app/Contents/Developer/Platforms/MacOSX.platform/Developer/usr/bin/swift-plugin-server\#ObservationMacros -load-resolved-plugin /Applications/Xcode.app/Contents/Developer/Platforms/MacOSX.platform/Developer/usr/lib/swift/host/plugins/libPreviewsMacros.dylib\#/Applications/Xcode.app/Contents/Developer/Platforms/MacOSX.platform/Developer/usr/bin/swift-plugin-server\#PreviewsMacros -load-resolved-plugin /Applications/Xcode.app/Contents/Developer/Platforms/MacOSX.platform/Developer/usr/lib/swift/host/plugins/libSwiftMacros.dylib\#/Applications/Xcode.app/Contents/Developer/Platforms/MacOSX.platform/Developer/usr/bin/swift-plugin-server\#SwiftMacros -load-resolved-plugin /Applications/Xcode.app/Contents/Developer/Platforms/MacOSX.platform/Developer/usr/lib/swift/host/plugins/libSwiftUIMacros.dylib\#/Applications/Xcode.app/Contents/Developer/Platforms/MacOSX.platform/Developer/usr/bin/swift-plugin-server\#SwiftUIMacros -disable-implicit-swift-modules -Xcc -fno-implicit-modules -Xcc -fno-implicit-module-maps -explicit-swift-module-map-file /Users/trgysvc/Library/Developer/Xcode/DerivedData/EliteAgent-btzokozrfsnzjtcxxfzhmbcisvbu/Build/Intermediates.noindex/EliteAgent.build/Debug/EliteAgentCore.build/Objects-normal/arm64/EliteAgentCore-dependencies-1.json -Xllvm -aarch64-use-tbi -enable-objc-interop -stack-check -sdk /Applications/Xcode.app/Contents/Developer/Platforms/MacOSX.platform/Developer/SDKs/MacOSX26.4.sdk -I /Users/trgysvc/Library/Developer/Xcode/DerivedData/EliteAgent-btzokozrfsnzjtcxxfzhmbcisvbu/Build/Products/Debug -F /Users/trgysvc/Library/Developer/Xcode/DerivedData/EliteAgent-btzokozrfsnzjtcxxfzhmbcisvbu/Build/Products/Debug/PackageFrameworks -F /Users/trgysvc/Library/Developer/Xcode/DerivedData/EliteAgent-btzokozrfsnzjtcxxfzhmbcisvbu/Build/Products/Debug/PackageFrameworks -F /Users/trgysvc/Library/Developer/Xcode/DerivedData/EliteAgent-btzokozrfsnzjtcxxfzhmbcisvbu/Build/Products/Debug/PackageFrameworks -F /Users/trgysvc/Library/Developer/Xcode/DerivedData/EliteAgent-btzokozrfsnzjtcxxfzhmbcisvbu/Build/Products/Debug/PackageFrameworks -F /Users/trgysvc/Library/Developer/Xcode/DerivedData/EliteAgent-btzokozrfsnzjtcxxfzhmbcisvbu/Build/Products/Debug/PackageFrameworks -F /Users/trgysvc/Library/Developer/Xcode/DerivedData/EliteAgent-btzokozrfsnzjtcxxfzhmbcisvbu/Build/Products/Debug/PackageFrameworks -F /Users/trgysvc/Library/Developer/Xcode/DerivedData/EliteAgent-btzokozrfsnzjtcxxfzhmbcisvbu/Build/Products/Debug/PackageFrameworks -F /Users/trgysvc/Library/Developer/Xcode/DerivedData/EliteAgent-btzokozrfsnzjtcxxfzhmbcisvbu/Build/Products/Debug/PackageFrameworks -F /Users/trgysvc/Library/Developer/Xcode/DerivedData/EliteAgent-btzokozrfsnzjtcxxfzhmbcisvbu/Build/Products/Debug/PackageFrameworks -F /Users/trgysvc/Library/Developer/Xcode/DerivedData/EliteAgent-btzokozrfsnzjtcxxfzhmbcisvbu/Build/Products/Debug/PackageFrameworks -F /Users/trgysvc/Library/Developer/Xcode/DerivedData/EliteAgent-btzokozrfsnzjtcxxfzhmbcisvbu/Build/Products/Debug/PackageFrameworks -F /Users/trgysvc/Library/Developer/Xcode/DerivedData/EliteAgent-btzokozrfsnzjtcxxfzhmbcisvbu/Build/Products/Debug/PackageFrameworks -F /Users/trgysvc/Library/Developer/Xcode/DerivedData/EliteAgent-btzokozrfsnzjtcxxfzhmbcisvbu/Build/Products/Debug/PackageFrameworks -F /Users/trgysvc/Library/Developer/Xcode/DerivedData/EliteAgent-btzokozrfsnzjtcxxfzhmbcisvbu/Build/Products/Debug/PackageFrameworks -F /Users/trgysvc/Library/Developer/Xcode/DerivedData/EliteAgent-btzokozrfsnzjtcxxfzhmbcisvbu/Build/Products/Debug/PackageFrameworks -F /Users/trgysvc/Library/Developer/Xcode/DerivedData/EliteAgent-btzokozrfsnzjtcxxfzhmbcisvbu/Build/Products/Debug/PackageFrameworks -F /Users/trgysvc/Library/Developer/Xcode/DerivedData/EliteAgent-btzokozrfsnzjtcxxfzhmbcisvbu/Build/Products/Debug/PackageFrameworks -F /Users/trgysvc/Library/Developer/Xcode/DerivedData/EliteAgent-btzokozrfsnzjtcxxfzhmbcisvbu/Build/Products/Debug/PackageFrameworks -F /Users/trgysvc/Library/Developer/Xcode/DerivedData/EliteAgent-btzokozrfsnzjtcxxfzhmbcisvbu/Build/Products/Debug/PackageFrameworks -F /Users/trgysvc/Library/Developer/Xcode/DerivedData/EliteAgent-btzokozrfsnzjtcxxfzhmbcisvbu/Build/Products/Debug/PackageFrameworks -F /Users/trgysvc/Library/Developer/Xcode/DerivedData/EliteAgent-btzokozrfsnzjtcxxfzhmbcisvbu/Build/Products/Debug/PackageFrameworks -F /Users/trgysvc/Library/Developer/Xcode/DerivedData/EliteAgent-btzokozrfsnzjtcxxfzhmbcisvbu/Build/Products/Debug/PackageFrameworks -F /Users/trgysvc/Library/Developer/Xcode/DerivedData/EliteAgent-btzokozrfsnzjtcxxfzhmbcisvbu/Build/Products/Debug/PackageFrameworks -F /Users/trgysvc/Library/Developer/Xcode/DerivedData/EliteAgent-btzokozrfsnzjtcxxfzhmbcisvbu/Build/Products/Debug/PackageFrameworks -F /Users/trgysvc/Library/Developer/Xcode/DerivedData/EliteAgent-btzokozrfsnzjtcxxfzhmbcisvbu/Build/Products/Debug/PackageFrameworks -F /Users/trgysvc/Library/Developer/Xcode/DerivedData/EliteAgent-btzokozrfsnzjtcxxfzhmbcisvbu/Build/Products/Debug -no-color-diagnostics -Xcc -fno-color-diagnostics -enable-testing -g -debug-info-format\=dwarf -dwarf-version\=5 -module-cache-path /Users/trgysvc/Library/Developer/Xcode/DerivedData/EliteAgent-btzokozrfsnzjtcxxfzhmbcisvbu/Build/Intermediates.noindex/SwiftExplicitPrecompiledModules -swift-version 6 -Onone -D DEBUG -serialize-debugging-options -const-gather-protocols-file /Users/trgysvc/Library/Developer/Xcode/DerivedData/EliteAgent-btzokozrfsnzjtcxxfzhmbcisvbu/Build/Intermediates.noindex/EliteAgent.build/Debug/EliteAgentCore.build/Objects-normal/arm64/EliteAgentCore_const_extract_protocols.json -enable-experimental-feature DebugDescriptionMacro -empty-abi-descriptor -validate-clang-modules-once -clang-build-session-file /Users/trgysvc/Library/Developer/Xcode/DerivedData/ModuleCache.noindex/Session.modulevalidation -Xcc -working-directory -Xcc /Users/trgysvc/Developer/EliteAgent -enable-anonymous-context-mangled-names -file-compilation-dir /Users/trgysvc/Developer/EliteAgent -Xcc -fmodule-map-file\=/Users/trgysvc/Library/Developer/Xcode/DerivedData/EliteAgent-btzokozrfsnzjtcxxfzhmbcisvbu/Build/Intermediates.noindex/GeneratedModuleMaps/yyjson.modulemap -Xcc -D_LIBCPP_HARDENING_MODE\=_LIBCPP_HARDENING_MODE_DEBUG -Xcc -ivfsstatcache -Xcc /Users/trgysvc/Library/Developer/Xcode/DerivedData/SDKStatCaches.noindex/macosx26.4-25E236-688ef53f1462e2c8f657fdc38a81448f30f9ca8789b706f8bd3fc906a70d770f.sdkstatcache -Xcc -I/Users/trgysvc/Library/Developer/Xcode/DerivedData/EliteAgent-btzokozrfsnzjtcxxfzhmbcisvbu/Build/Intermediates.noindex/EliteAgent.build/Debug/EliteAgentCore.build/swift-overrides.hmap -Xcc -iquote -Xcc /Users/trgysvc/Library/Developer/Xcode/DerivedData/EliteAgent-btzokozrfsnzjtcxxfzhmbcisvbu/Build/Intermediates.noindex/EliteAgent.build/Debug/EliteAgentCore.build/EliteAgentCore-generated-files.hmap -Xcc -I/Users/trgysvc/Library/Developer/Xcode/DerivedData/EliteAgent-btzokozrfsnzjtcxxfzhmbcisvbu/Build/Intermediates.noindex/EliteAgent.build/Debug/EliteAgentCore.build/EliteAgentCore-own-target-headers.hmap -Xcc -I/Users/trgysvc/Library/Developer/Xcode/DerivedData/EliteAgent-btzokozrfsnzjtcxxfzhmbcisvbu/Build/Intermediates.noindex/EliteAgent.build/Debug/EliteAgentCore.build/EliteAgentCore-all-non-framework-target-headers.hmap -Xcc -ivfsoverlay -Xcc /Users/trgysvc/Library/Developer/Xcode/DerivedData/EliteAgent-btzokozrfsnzjtcxxfzhmbcisvbu/Build/Intermediates.noindex/EliteAgent.build/Debug/EliteAgent-721b4d269f90b0c1aa899c38a8b2021d-VFS/all-product-headers.yaml -Xcc -iquote -Xcc /Users/trgysvc/Library/Developer/Xcode/DerivedData/EliteAgent-btzokozrfsnzjtcxxfzhmbcisvbu/Build/Intermediates.noindex/EliteAgent.build/Debug/EliteAgentCore.build/EliteAgentCore-project-headers.hmap -Xcc -I/Users/trgysvc/Library/Developer/Xcode/DerivedData/EliteAgent-btzokozrfsnzjtcxxfzhmbcisvbu/SourcePackages/checkouts/yyjson/src -Xcc -I/Users/trgysvc/Library/Developer/Xcode/DerivedData/EliteAgent-btzokozrfsnzjtcxxfzhmbcisvbu/SourcePackages/checkouts/swift-numerics/Sources/_NumericsShims/include -Xcc -I/Users/trgysvc/Library/Developer/Xcode/DerivedData/EliteAgent-btzokozrfsnzjtcxxfzhmbcisvbu/SourcePackages/checkouts/mlx-swift/Source/Cmlx/include -Xcc -I/Users/trgysvc/Library/Developer/Xcode/DerivedData/EliteAgent-btzokozrfsnzjtcxxfzhmbcisvbu/Build/Products/Debug/include -Xcc -I/Users/trgysvc/Library/Developer/Xcode/DerivedData/EliteAgent-btzokozrfsnzjtcxxfzhmbcisvbu/Build/Intermediates.noindex/EliteAgent.build/Debug/EliteAgentCore.build/DerivedSources-normal/arm64 -Xcc -I/Users/trgysvc/Library/Developer/Xcode/DerivedData/EliteAgent-btzokozrfsnzjtcxxfzhmbcisvbu/Build/Intermediates.noindex/EliteAgent.build/Debug/EliteAgentCore.build/DerivedSources/arm64 -Xcc -I/Users/trgysvc/Library/Developer/Xcode/DerivedData/EliteAgent-btzokozrfsnzjtcxxfzhmbcisvbu/Build/Intermediates.noindex/EliteAgent.build/Debug/EliteAgentCore.build/DerivedSources -Xcc -DDEBUG\=1 -Xcc -DFMT_USE_CONSTEVAL\=0 -Xcc -DFMT_ENFORCE_COMPILE_STRING\=0 -Xcc -DFMT_USE_CONSTEXPR\=0 -no-auto-bridging-header-chaining -module-name EliteAgentCore -frontend-parseable-output -disable-clang-spi -clang-target arm64-apple-macos26.4 -target-sdk-version 26.4 -target-sdk-name macosx26.4 -in-process-plugin-server-path /Applications/Xcode.app/Contents/Developer/Toolchains/XcodeDefault.xctoolchain/usr/lib/swift/host/libSwiftInProcPluginServer.dylib -emit-module-doc-path /Users/trgysvc/Library/Developer/Xcode/DerivedData/EliteAgent-btzokozrfsnzjtcxxfzhmbcisvbu/Build/Intermediates.noindex/EliteAgent.build/Debug/EliteAgentCore.build/Objects-normal/arm64/EliteAgentCore.swiftdoc -emit-module-source-info-path /Users/trgysvc/Library/Developer/Xcode/DerivedData/EliteAgent-btzokozrfsnzjtcxxfzhmbcisvbu/Build/Intermediates.noindex/EliteAgent.build/Debug/EliteAgentCore.build/Objects-normal/arm64/EliteAgentCore.swiftsourceinfo -emit-objc-header-path /Users/trgysvc/Library/Developer/Xcode/DerivedData/EliteAgent-btzokozrfsnzjtcxxfzhmbcisvbu/Build/Intermediates.noindex/EliteAgent.build/Debug/EliteAgentCore.build/Objects-normal/arm64/EliteAgentCore-Swift.h -serialize-diagnostics-path /Users/trgysvc/Library/Developer/Xcode/DerivedData/EliteAgent-btzokozrfsnzjtcxxfzhmbcisvbu/Build/Intermediates.noindex/EliteAgent.build/Debug/EliteAgentCore.build/Objects-normal/arm64/EliteAgentCore-primary-emit-module.dia -emit-dependencies-path /Users/trgysvc/Library/Developer/Xcode/DerivedData/EliteAgent-btzokozrfsnzjtcxxfzhmbcisvbu/Build/Intermediates.noindex/EliteAgent.build/Debug/EliteAgentCore.build/Objects-normal/arm64/EliteAgentCore-primary-emit-module.d -o /Users/trgysvc/Library/Developer/Xcode/DerivedData/EliteAgent-btzokozrfsnzjtcxxfzhmbcisvbu/Build/Intermediates.noindex/EliteAgent.build/Debug/EliteAgentCore.build/Objects-normal/arm64/EliteAgentCore.swiftmodule -emit-abi-descriptor-path /Users/trgysvc/Library/Developer/Xcode/DerivedData/EliteAgent-btzokozrfsnzjtcxxfzhmbcisvbu/Build/Intermediates.noindex/EliteAgent.build/Debug/EliteAgentCore.build/Objects-normal/arm64/EliteAgentCore.abi.json

EmitSwiftModule normal arm64 (in target 'EliteAgentCore' from project 'EliteAgent')
    cd /Users/trgysvc/Developer/EliteAgent
    
/Users/trgysvc/Developer/EliteAgent/Sources/EliteAgentCore/UNO/UNODistributedActorSystem.swift:7:20: error: class 'UNODistributedActorSystem' is missing witness for protocol requirement 'remoteCall'
public final class UNODistributedActorSystem: DistributedActorSystem, @unchecked Sendable {
                   ^
/Users/trgysvc/Developer/EliteAgent/Sources/EliteAgentCore/UNO/UNODistributedActorSystem.swift:7:20: note: add stubs for conformance
public final class UNODistributedActorSystem: DistributedActorSystem, @unchecked Sendable {
                   ^
/Users/trgysvc/Developer/EliteAgent/Sources/EliteAgentCore/UNO/UNODistributedActorSystem.swift:7:20: error: type 'UNODistributedActorSystem' does not conform to protocol 'DistributedActorSystem'
public final class UNODistributedActorSystem: DistributedActorSystem, @unchecked Sendable {
                   ^
/Users/trgysvc/Developer/EliteAgent/Sources/EliteAgentCore/UNO/UNODistributedActorSystem.swift:51:17: note: candidate has non-matching type '<Act, Res, Err> (on: Act, target: RemoteCallTarget, invocation: inout UNODistributedActorSystem.InvocationEncoder, throwing: Err.Type, returning: Res.Type) async throws -> Res' (aka '<Act, Res, Err> (on: Act, target: RemoteCallTarget, invocation: inout UNOInvocationEncoder, throwing: Err.Type, returning: Res.Type) async throws -> Res') [with SerializationRequirement = any UNOInvocationDecoder.SerializationRequirement]
    public func remoteCall<Act, Res, Err>(
                ^
/Users/trgysvc/Developer/EliteAgent/Sources/EliteAgentCore/UNO/UNODistributedActorSystem.swift:7:20: note: add stubs for conformance
public final class UNODistributedActorSystem: DistributedActorSystem, @unchecked Sendable {
                   ^
Distributed.DistributedActorSystem.remoteCall:3:8: note: protocol requires function 'remoteCall(on:target:invocation:throwing:returning:)' with type '<Act, Err, Res> (on: Act, target: RemoteCallTarget, invocation: inout UNODistributedActorSystem.InvocationEncoder, throwing: Err.Type, returning: Res.Type) async throws -> Res' (aka '<Act, Err, Res> (on: Act, target: RemoteCallTarget, invocation: inout UNOInvocationEncoder, throwing: Err.Type, returning: Res.Type) async throws -> Res')
  func remoteCall<Act, Err, Res>(on actor: Act, target: RemoteCallTarget, invocation: inout Self.InvocationEncoder, throwing: Err.Type, returning: Res.Type) async throws -> Res where Act : DistributedActor, Err : Error, Self.ActorID == Act.ID}
       ^
/Users/trgysvc/Developer/EliteAgent/Sources/EliteAgentCore/UNO/UNODistributedActorSystem.swift:111:15: error: type 'UNOInvocationDecoder' does not conform to protocol 'DistributedTargetInvocationDecoder'
public struct UNOInvocationDecoder: DistributedTargetInvocationDecoder, Sendable {
              ^
/Users/trgysvc/Developer/EliteAgent/Sources/EliteAgentCore/UNO/UNODistributedActorSystem.swift:111:15: note: add stubs for conformance
public struct UNOInvocationDecoder: DistributedTargetInvocationDecoder, Sendable {
              ^
Distributed.DistributedTargetInvocationDecoder.decodeGenericSubstitutions:2:15: note: protocol requires function 'decodeGenericSubstitutions()' with type '() throws -> [any Any.Type]'
mutating func decodeGenericSubstitutions() throws -> [any Any.Type]}
              ^
/Users/trgysvc/Developer/EliteAgent/Sources/EliteAgentCore/UNO/UNODistributedActorSystem.swift:131:15: error: type 'UNOResultHandler' does not conform to protocol 'DistributedTargetInvocationResultHandler'
public struct UNOResultHandler: DistributedTargetInvocationResultHandler, Sendable {
              ^
/Users/trgysvc/Developer/EliteAgent/Sources/EliteAgentCore/UNO/UNODistributedActorSystem.swift:131:15: note: add stubs for conformance
public struct UNOResultHandler: DistributedTargetInvocationResultHandler, Sendable {
              ^
Distributed.DistributedTargetInvocationResultHandler.onThrow:2:6: note: protocol requires function 'onThrow(error:)' with type '<Err> (error: Err) async throws -> ()'
func onThrow<Err>(error: Err) async throws where Err : Error}
     ^
/Users/trgysvc/Developer/EliteAgent/Sources/EliteAgentCore/UNO/UNODistributedActorSystem.swift:35:22: error: cannot convert value of type 'Act.ID' to expected argument type 'UNODistributedActorSystem.ActorID' (aka 'String')
        actors[actor.id] = actor
                     ^
                        as! UNODistributedActorSystem.ActorID

SwiftCompile normal arm64 Compiling\ SubagentTool.swift,\ SystemTelemetryTool.swift,\ UtilityTools.swift,\ WebFetchTool.swift,\ WebSearchTool.swift,\ WebTools.swift,\ WriteFileTool.swift,\ AgentTool.swift,\ ApplicationIntelligence.swift,\ CategoryMapper.swift,\ PluginManager.swift,\ ToolEngine.swift,\ ToolRegistry.swift,\ ToolSignature.swift,\ AccessibilityTool.swift,\ ChicagoVisionTool.swift /Users/trgysvc/Developer/EliteAgent/Sources/EliteAgentCore/ToolEngine/Tools/SubagentTool.swift /Users/trgysvc/Developer/EliteAgent/Sources/EliteAgentCore/ToolEngine/Tools/SystemTelemetryTool.swift /Users/trgysvc/Developer/EliteAgent/Sources/EliteAgentCore/ToolEngine/Tools/UtilityTools.swift /Users/trgysvc/Developer/EliteAgent/Sources/EliteAgentCore/ToolEngine/Tools/WebFetchTool.swift /Users/trgysvc/Developer/EliteAgent/Sources/EliteAgentCore/ToolEngine/Tools/WebSearchTool.swift /Users/trgysvc/Developer/EliteAgent/Sources/EliteAgentCore/ToolEngine/Tools/WebTools.swift /Users/trgysvc/Developer/EliteAgent/Sources/EliteAgentCore/ToolEngine/Tools/WriteFileTool.swift /Users/trgysvc/Developer/EliteAgent/Sources/EliteAgentCore/ToolEngine/AgentTool.swift /Users/trgysvc/Developer/EliteAgent/Sources/EliteAgentCore/ToolEngine/ApplicationIntelligence.swift /Users/trgysvc/Developer/EliteAgent/Sources/EliteAgentCore/ToolEngine/CategoryMapper.swift /Users/trgysvc/Developer/EliteAgent/Sources/EliteAgentCore/ToolEngine/PluginManager.swift /Users/trgysvc/Developer/EliteAgent/Sources/EliteAgentCore/ToolEngine/ToolEngine.swift /Users/trgysvc/Developer/EliteAgent/Sources/EliteAgentCore/ToolEngine/ToolRegistry.swift /Users/trgysvc/Developer/EliteAgent/Sources/EliteAgentCore/ToolEngine/ToolSignature.swift /Users/trgysvc/Developer/EliteAgent/Sources/EliteAgentCore/Tools/AccessibilityTool.swift /Users/trgysvc/Developer/EliteAgent/Sources/EliteAgentCore/Tools/ChicagoVisionTool.swift (in target 'EliteAgentCore' from project 'EliteAgent')

SwiftCompile normal arm64 /Users/trgysvc/Developer/EliteAgent/Sources/EliteAgentCore/ToolEngine/Tools/SubagentTool.swift (in target 'EliteAgentCore' from project 'EliteAgent')
    cd /Users/trgysvc/Developer/EliteAgent
    

SwiftCompile normal arm64 /Users/trgysvc/Developer/EliteAgent/Sources/EliteAgentCore/ToolEngine/Tools/SystemTelemetryTool.swift (in target 'EliteAgentCore' from project 'EliteAgent')
    cd /Users/trgysvc/Developer/EliteAgent
    

SwiftCompile normal arm64 /Users/trgysvc/Developer/EliteAgent/Sources/EliteAgentCore/ToolEngine/Tools/UtilityTools.swift (in target 'EliteAgentCore' from project 'EliteAgent')
    cd /Users/trgysvc/Developer/EliteAgent
    

SwiftCompile normal arm64 /Users/trgysvc/Developer/EliteAgent/Sources/EliteAgentCore/ToolEngine/Tools/WebFetchTool.swift (in target 'EliteAgentCore' from project 'EliteAgent')
    cd /Users/trgysvc/Developer/EliteAgent
    

SwiftCompile normal arm64 /Users/trgysvc/Developer/EliteAgent/Sources/EliteAgentCore/ToolEngine/Tools/WebSearchTool.swift (in target 'EliteAgentCore' from project 'EliteAgent')
    cd /Users/trgysvc/Developer/EliteAgent
    

SwiftCompile normal arm64 /Users/trgysvc/Developer/EliteAgent/Sources/EliteAgentCore/ToolEngine/Tools/WebTools.swift (in target 'EliteAgentCore' from project 'EliteAgent')
    cd /Users/trgysvc/Developer/EliteAgent
    

SwiftCompile normal arm64 /Users/trgysvc/Developer/EliteAgent/Sources/EliteAgentCore/ToolEngine/Tools/WriteFileTool.swift (in target 'EliteAgentCore' from project 'EliteAgent')
    cd /Users/trgysvc/Developer/EliteAgent
    

SwiftCompile normal arm64 /Users/trgysvc/Developer/EliteAgent/Sources/EliteAgentCore/ToolEngine/AgentTool.swift (in target 'EliteAgentCore' from project 'EliteAgent')
    cd /Users/trgysvc/Developer/EliteAgent
    

SwiftCompile normal arm64 /Users/trgysvc/Developer/EliteAgent/Sources/EliteAgentCore/ToolEngine/ApplicationIntelligence.swift (in target 'EliteAgentCore' from project 'EliteAgent')
    cd /Users/trgysvc/Developer/EliteAgent
    

SwiftCompile normal arm64 /Users/trgysvc/Developer/EliteAgent/Sources/EliteAgentCore/ToolEngine/CategoryMapper.swift (in target 'EliteAgentCore' from project 'EliteAgent')
    cd /Users/trgysvc/Developer/EliteAgent
    

SwiftCompile normal arm64 /Users/trgysvc/Developer/EliteAgent/Sources/EliteAgentCore/ToolEngine/PluginManager.swift (in target 'EliteAgentCore' from project 'EliteAgent')
    cd /Users/trgysvc/Developer/EliteAgent
    

SwiftCompile normal arm64 /Users/trgysvc/Developer/EliteAgent/Sources/EliteAgentCore/ToolEngine/ToolEngine.swift (in target 'EliteAgentCore' from project 'EliteAgent')
    cd /Users/trgysvc/Developer/EliteAgent
    

SwiftCompile normal arm64 /Users/trgysvc/Developer/EliteAgent/Sources/EliteAgentCore/ToolEngine/ToolRegistry.swift (in target 'EliteAgentCore' from project 'EliteAgent')
    cd /Users/trgysvc/Developer/EliteAgent
    

SwiftCompile normal arm64 /Users/trgysvc/Developer/EliteAgent/Sources/EliteAgentCore/ToolEngine/ToolSignature.swift (in target 'EliteAgentCore' from project 'EliteAgent')
    cd /Users/trgysvc/Developer/EliteAgent
    

SwiftCompile normal arm64 /Users/trgysvc/Developer/EliteAgent/Sources/EliteAgentCore/Tools/AccessibilityTool.swift (in target 'EliteAgentCore' from project 'EliteAgent')
    cd /Users/trgysvc/Developer/EliteAgent
    

SwiftCompile normal arm64 /Users/trgysvc/Developer/EliteAgent/Sources/EliteAgentCore/Tools/ChicagoVisionTool.swift (in target 'EliteAgentCore' from project 'EliteAgent')
    cd /Users/trgysvc/Developer/EliteAgent
    

SwiftCompile normal arm64 Compiling\ ForensicDNAEngine.swift,\ HPSSEngine.swift,\ MelFilterBank.swift,\ MelSpectrogramEngine.swift,\ MFCCEngine.swift,\ MusicDNAReporter.swift,\ OnsetEngine.swift,\ RhythmEngine.swift,\ SpectralEngine.swift,\ SpectralFeatureEngine.swift,\ STFTEngine.swift,\ StructureEngine.swift,\ UtilityEngine.swift,\ WaveformRenderer.swift,\ YINEngine.swift,\ HardwareMonitor.swift /Users/trgysvc/Developer/EliteAgent/Sources/EliteAgentCore/Utilities/MusicDNA/ForensicDNAEngine.swift /Users/trgysvc/Developer/EliteAgent/Sources/EliteAgentCore/Utilities/MusicDNA/HPSSEngine.swift /Users/trgysvc/Developer/EliteAgent/Sources/EliteAgentCore/Utilities/MusicDNA/MelFilterBank.swift /Users/trgysvc/Developer/EliteAgent/Sources/EliteAgentCore/Utilities/MusicDNA/MelSpectrogramEngine.swift /Users/trgysvc/Developer/EliteAgent/Sources/EliteAgentCore/Utilities/MusicDNA/MFCCEngine.swift /Users/trgysvc/Developer/EliteAgent/Sources/EliteAgentCore/Utilities/MusicDNA/MusicDNAReporter.swift /Users/trgysvc/Developer/EliteAgent/Sources/EliteAgentCore/Utilities/MusicDNA/OnsetEngine.swift /Users/trgysvc/Developer/EliteAgent/Sources/EliteAgentCore/Utilities/MusicDNA/RhythmEngine.swift /Users/trgysvc/Developer/EliteAgent/Sources/EliteAgentCore/Utilities/MusicDNA/SpectralEngine.swift /Users/trgysvc/Developer/EliteAgent/Sources/EliteAgentCore/Utilities/MusicDNA/SpectralFeatureEngine.swift /Users/trgysvc/Developer/EliteAgent/Sources/EliteAgentCore/Utilities/MusicDNA/STFTEngine.swift /Users/trgysvc/Developer/EliteAgent/Sources/EliteAgentCore/Utilities/MusicDNA/StructureEngine.swift /Users/trgysvc/Developer/EliteAgent/Sources/EliteAgentCore/Utilities/MusicDNA/UtilityEngine.swift /Users/trgysvc/Developer/EliteAgent/Sources/EliteAgentCore/Utilities/MusicDNA/WaveformRenderer.swift /Users/trgysvc/Developer/EliteAgent/Sources/EliteAgentCore/Utilities/MusicDNA/YINEngine.swift /Users/trgysvc/Developer/EliteAgent/Sources/EliteAgentCore/Utilities/Telemetry/HardwareMonitor.swift (in target 'EliteAgentCore' from project 'EliteAgent')

SwiftCompile normal arm64 /Users/trgysvc/Developer/EliteAgent/Sources/EliteAgentCore/Utilities/MusicDNA/ForensicDNAEngine.swift (in target 'EliteAgentCore' from project 'EliteAgent')
    cd /Users/trgysvc/Developer/EliteAgent
    

SwiftCompile normal arm64 /Users/trgysvc/Developer/EliteAgent/Sources/EliteAgentCore/Utilities/MusicDNA/HPSSEngine.swift (in target 'EliteAgentCore' from project 'EliteAgent')
    cd /Users/trgysvc/Developer/EliteAgent
    

SwiftCompile normal arm64 /Users/trgysvc/Developer/EliteAgent/Sources/EliteAgentCore/Utilities/MusicDNA/MelFilterBank.swift (in target 'EliteAgentCore' from project 'EliteAgent')
    cd /Users/trgysvc/Developer/EliteAgent
    

SwiftCompile normal arm64 /Users/trgysvc/Developer/EliteAgent/Sources/EliteAgentCore/Utilities/MusicDNA/MelSpectrogramEngine.swift (in target 'EliteAgentCore' from project 'EliteAgent')
    cd /Users/trgysvc/Developer/EliteAgent
    

SwiftCompile normal arm64 /Users/trgysvc/Developer/EliteAgent/Sources/EliteAgentCore/Utilities/MusicDNA/MFCCEngine.swift (in target 'EliteAgentCore' from project 'EliteAgent')
    cd /Users/trgysvc/Developer/EliteAgent
    

SwiftCompile normal arm64 /Users/trgysvc/Developer/EliteAgent/Sources/EliteAgentCore/Utilities/MusicDNA/MusicDNAReporter.swift (in target 'EliteAgentCore' from project 'EliteAgent')
    cd /Users/trgysvc/Developer/EliteAgent
    

SwiftCompile normal arm64 /Users/trgysvc/Developer/EliteAgent/Sources/EliteAgentCore/Utilities/MusicDNA/OnsetEngine.swift (in target 'EliteAgentCore' from project 'EliteAgent')
    cd /Users/trgysvc/Developer/EliteAgent
    

SwiftCompile normal arm64 /Users/trgysvc/Developer/EliteAgent/Sources/EliteAgentCore/Utilities/MusicDNA/RhythmEngine.swift (in target 'EliteAgentCore' from project 'EliteAgent')
    cd /Users/trgysvc/Developer/EliteAgent
    

SwiftCompile normal arm64 /Users/trgysvc/Developer/EliteAgent/Sources/EliteAgentCore/Utilities/MusicDNA/SpectralEngine.swift (in target 'EliteAgentCore' from project 'EliteAgent')
    cd /Users/trgysvc/Developer/EliteAgent
    

SwiftCompile normal arm64 /Users/trgysvc/Developer/EliteAgent/Sources/EliteAgentCore/Utilities/MusicDNA/SpectralFeatureEngine.swift (in target 'EliteAgentCore' from project 'EliteAgent')
    cd /Users/trgysvc/Developer/EliteAgent
    

SwiftCompile normal arm64 /Users/trgysvc/Developer/EliteAgent/Sources/EliteAgentCore/Utilities/MusicDNA/STFTEngine.swift (in target 'EliteAgentCore' from project 'EliteAgent')
    cd /Users/trgysvc/Developer/EliteAgent
    

SwiftCompile normal arm64 /Users/trgysvc/Developer/EliteAgent/Sources/EliteAgentCore/Utilities/MusicDNA/StructureEngine.swift (in target 'EliteAgentCore' from project 'EliteAgent')
    cd /Users/trgysvc/Developer/EliteAgent
    

SwiftCompile normal arm64 /Users/trgysvc/Developer/EliteAgent/Sources/EliteAgentCore/Utilities/MusicDNA/UtilityEngine.swift (in target 'EliteAgentCore' from project 'EliteAgent')
    cd /Users/trgysvc/Developer/EliteAgent
    

SwiftCompile normal arm64 /Users/trgysvc/Developer/EliteAgent/Sources/EliteAgentCore/Utilities/MusicDNA/WaveformRenderer.swift (in target 'EliteAgentCore' from project 'EliteAgent')
    cd /Users/trgysvc/Developer/EliteAgent
    

SwiftCompile normal arm64 /Users/trgysvc/Developer/EliteAgent/Sources/EliteAgentCore/Utilities/MusicDNA/YINEngine.swift (in target 'EliteAgentCore' from project 'EliteAgent')
    cd /Users/trgysvc/Developer/EliteAgent
    

SwiftCompile normal arm64 /Users/trgysvc/Developer/EliteAgent/Sources/EliteAgentCore/Utilities/Telemetry/HardwareMonitor.swift (in target 'EliteAgentCore' from project 'EliteAgent')
    cd /Users/trgysvc/Developer/EliteAgent
    

SwiftCompile normal arm64 Compiling\ DreamActor.swift,\ DynamicContextManager.swift,\ EmbeddingService.swift,\ ExperienceVault.swift,\ GitStateEngine.swift,\ MetricsStore.swift,\ MusicDNAModels.swift,\ AuditLoggerActor.swift,\ PromptSanitizer.swift,\ SecuritySentinel.swift,\ WorkspaceManager.swift,\ AppDiscoveryTool.swift,\ BackgroundWebScraper.swift,\ CommunicationTools.swift,\ EcosystemTools.swift,\ ExtraUtilityTools.swift /Users/trgysvc/Developer/EliteAgent/Sources/EliteAgentCore/Memory/DreamActor.swift /Users/trgysvc/Developer/EliteAgent/Sources/EliteAgentCore/Memory/DynamicContextManager.swift /Users/trgysvc/Developer/EliteAgent/Sources/EliteAgentCore/Memory/EmbeddingService.swift /Users/trgysvc/Developer/EliteAgent/Sources/EliteAgentCore/Memory/ExperienceVault.swift /Users/trgysvc/Developer/EliteAgent/Sources/EliteAgentCore/Memory/GitStateEngine.swift /Users/trgysvc/Developer/EliteAgent/Sources/EliteAgentCore/Memory/MetricsStore.swift /Users/trgysvc/Developer/EliteAgent/Sources/EliteAgentCore/Models/MusicDNAModels.swift /Users/trgysvc/Developer/EliteAgent/Sources/EliteAgentCore/Security/AuditLoggerActor.swift /Users/trgysvc/Developer/EliteAgent/Sources/EliteAgentCore/Security/PromptSanitizer.swift /Users/trgysvc/Developer/EliteAgent/Sources/EliteAgentCore/Security/SecuritySentinel.swift /Users/trgysvc/Developer/EliteAgent/Sources/EliteAgentCore/Security/WorkspaceManager.swift /Users/trgysvc/Developer/EliteAgent/Sources/EliteAgentCore/ToolEngine/Tools/AppDiscoveryTool.swift /Users/trgysvc/Developer/EliteAgent/Sources/EliteAgentCore/ToolEngine/Tools/BackgroundWebScraper.swift /Users/trgysvc/Developer/EliteAgent/Sources/EliteAgentCore/ToolEngine/Tools/CommunicationTools.swift /Users/trgysvc/Developer/EliteAgent/Sources/EliteAgentCore/ToolEngine/Tools/EcosystemTools.swift /Users/trgysvc/Developer/EliteAgent/Sources/EliteAgentCore/ToolEngine/Tools/ExtraUtilityTools.swift (in target 'EliteAgentCore' from project 'EliteAgent')

SwiftCompile normal arm64 /Users/trgysvc/Developer/EliteAgent/Sources/EliteAgentCore/Memory/DreamActor.swift (in target 'EliteAgentCore' from project 'EliteAgent')
    cd /Users/trgysvc/Developer/EliteAgent
    

SwiftCompile normal arm64 /Users/trgysvc/Developer/EliteAgent/Sources/EliteAgentCore/Memory/DynamicContextManager.swift (in target 'EliteAgentCore' from project 'EliteAgent')
    cd /Users/trgysvc/Developer/EliteAgent
    

SwiftCompile normal arm64 /Users/trgysvc/Developer/EliteAgent/Sources/EliteAgentCore/Memory/EmbeddingService.swift (in target 'EliteAgentCore' from project 'EliteAgent')
    cd /Users/trgysvc/Developer/EliteAgent
    

SwiftCompile normal arm64 /Users/trgysvc/Developer/EliteAgent/Sources/EliteAgentCore/Memory/ExperienceVault.swift (in target 'EliteAgentCore' from project 'EliteAgent')
    cd /Users/trgysvc/Developer/EliteAgent
    

SwiftCompile normal arm64 /Users/trgysvc/Developer/EliteAgent/Sources/EliteAgentCore/Memory/GitStateEngine.swift (in target 'EliteAgentCore' from project 'EliteAgent')
    cd /Users/trgysvc/Developer/EliteAgent
    

SwiftCompile normal arm64 /Users/trgysvc/Developer/EliteAgent/Sources/EliteAgentCore/Memory/MetricsStore.swift (in target 'EliteAgentCore' from project 'EliteAgent')
    cd /Users/trgysvc/Developer/EliteAgent
    

SwiftCompile normal arm64 /Users/trgysvc/Developer/EliteAgent/Sources/EliteAgentCore/Models/MusicDNAModels.swift (in target 'EliteAgentCore' from project 'EliteAgent')
    cd /Users/trgysvc/Developer/EliteAgent
    

SwiftCompile normal arm64 /Users/trgysvc/Developer/EliteAgent/Sources/EliteAgentCore/Security/AuditLoggerActor.swift (in target 'EliteAgentCore' from project 'EliteAgent')
    cd /Users/trgysvc/Developer/EliteAgent
    

SwiftCompile normal arm64 /Users/trgysvc/Developer/EliteAgent/Sources/EliteAgentCore/Security/PromptSanitizer.swift (in target 'EliteAgentCore' from project 'EliteAgent')
    cd /Users/trgysvc/Developer/EliteAgent
    

SwiftCompile normal arm64 /Users/trgysvc/Developer/EliteAgent/Sources/EliteAgentCore/Security/SecuritySentinel.swift (in target 'EliteAgentCore' from project 'EliteAgent')
    cd /Users/trgysvc/Developer/EliteAgent
    

SwiftCompile normal arm64 /Users/trgysvc/Developer/EliteAgent/Sources/EliteAgentCore/Security/WorkspaceManager.swift (in target 'EliteAgentCore' from project 'EliteAgent')
    cd /Users/trgysvc/Developer/EliteAgent
    

SwiftCompile normal arm64 /Users/trgysvc/Developer/EliteAgent/Sources/EliteAgentCore/ToolEngine/Tools/AppDiscoveryTool.swift (in target 'EliteAgentCore' from project 'EliteAgent')
    cd /Users/trgysvc/Developer/EliteAgent
    

SwiftCompile normal arm64 /Users/trgysvc/Developer/EliteAgent/Sources/EliteAgentCore/ToolEngine/Tools/BackgroundWebScraper.swift (in target 'EliteAgentCore' from project 'EliteAgent')
    cd /Users/trgysvc/Developer/EliteAgent
    

SwiftCompile normal arm64 /Users/trgysvc/Developer/EliteAgent/Sources/EliteAgentCore/ToolEngine/Tools/CommunicationTools.swift (in target 'EliteAgentCore' from project 'EliteAgent')
    cd /Users/trgysvc/Developer/EliteAgent
    

SwiftCompile normal arm64 /Users/trgysvc/Developer/EliteAgent/Sources/EliteAgentCore/ToolEngine/Tools/EcosystemTools.swift (in target 'EliteAgentCore' from project 'EliteAgent')
    cd /Users/trgysvc/Developer/EliteAgent
    

SwiftCompile normal arm64 /Users/trgysvc/Developer/EliteAgent/Sources/EliteAgentCore/ToolEngine/Tools/ExtraUtilityTools.swift (in target 'EliteAgentCore' from project 'EliteAgent')
    cd /Users/trgysvc/Developer/EliteAgent
    

SwiftCompile normal arm64 Compiling\ UXTelemetryManager.swift,\ AgentLogger.swift,\ AppleScriptRunner.swift,\ AsyncUtils.swift,\ AudioArchitect.swift,\ AutoConfigManager.swift,\ LogicGate.swift,\ Notifications.swift,\ PathConfiguration.swift,\ RegressionAudit.swift,\ ShortcutCache.swift,\ ThinkParser.swift,\ UpdaterService.swift,\ VisionAnalyzer.swift,\ XPCManager.swift,\ Exports.swift /Users/trgysvc/Developer/EliteAgent/Sources/EliteAgentCore/Utilities/Telemetry/UXTelemetryManager.swift /Users/trgysvc/Developer/EliteAgent/Sources/EliteAgentCore/Utilities/AgentLogger.swift /Users/trgysvc/Developer/EliteAgent/Sources/EliteAgentCore/Utilities/AppleScriptRunner.swift /Users/trgysvc/Developer/EliteAgent/Sources/EliteAgentCore/Utilities/AsyncUtils.swift /Users/trgysvc/Developer/EliteAgent/Sources/EliteAgentCore/Utilities/AudioArchitect.swift /Users/trgysvc/Developer/EliteAgent/Sources/EliteAgentCore/Utilities/AutoConfigManager.swift /Users/trgysvc/Developer/EliteAgent/Sources/EliteAgentCore/Utilities/LogicGate.swift /Users/trgysvc/Developer/EliteAgent/Sources/EliteAgentCore/Utilities/Notifications.swift /Users/trgysvc/Developer/EliteAgent/Sources/EliteAgentCore/Utilities/PathConfiguration.swift /Users/trgysvc/Developer/EliteAgent/Sources/EliteAgentCore/Utilities/RegressionAudit.swift /Users/trgysvc/Developer/EliteAgent/Sources/EliteAgentCore/Utilities/ShortcutCache.swift /Users/trgysvc/Developer/EliteAgent/Sources/EliteAgentCore/Utilities/ThinkParser.swift /Users/trgysvc/Developer/EliteAgent/Sources/EliteAgentCore/Utilities/UpdaterService.swift /Users/trgysvc/Developer/EliteAgent/Sources/EliteAgentCore/Utilities/VisionAnalyzer.swift /Users/trgysvc/Developer/EliteAgent/Sources/EliteAgentCore/XPC/XPCManager.swift /Users/trgysvc/Developer/EliteAgent/Sources/EliteAgentCore/Exports.swift (in target 'EliteAgentCore' from project 'EliteAgent')
SwiftCompile normal arm64 /Users/trgysvc/Developer/EliteAgent/Sources/EliteAgentCore/Utilities/Telemetry/UXTelemetryManager.swift (in target 'EliteAgentCore' from project 'EliteAgent')
    cd /Users/trgysvc/Developer/EliteAgent
    

SwiftCompile normal arm64 /Users/trgysvc/Developer/EliteAgent/Sources/EliteAgentCore/Utilities/AgentLogger.swift (in target 'EliteAgentCore' from project 'EliteAgent')
    cd /Users/trgysvc/Developer/EliteAgent
    

SwiftCompile normal arm64 /Users/trgysvc/Developer/EliteAgent/Sources/EliteAgentCore/Utilities/AppleScriptRunner.swift (in target 'EliteAgentCore' from project 'EliteAgent')
    cd /Users/trgysvc/Developer/EliteAgent
    

SwiftCompile normal arm64 /Users/trgysvc/Developer/EliteAgent/Sources/EliteAgentCore/Utilities/AsyncUtils.swift (in target 'EliteAgentCore' from project 'EliteAgent')
    cd /Users/trgysvc/Developer/EliteAgent
    

SwiftCompile normal arm64 /Users/trgysvc/Developer/EliteAgent/Sources/EliteAgentCore/Utilities/AudioArchitect.swift (in target 'EliteAgentCore' from project 'EliteAgent')
    cd /Users/trgysvc/Developer/EliteAgent
    

SwiftCompile normal arm64 /Users/trgysvc/Developer/EliteAgent/Sources/EliteAgentCore/Utilities/AutoConfigManager.swift (in target 'EliteAgentCore' from project 'EliteAgent')
    cd /Users/trgysvc/Developer/EliteAgent
    

SwiftCompile normal arm64 /Users/trgysvc/Developer/EliteAgent/Sources/EliteAgentCore/Utilities/LogicGate.swift (in target 'EliteAgentCore' from project 'EliteAgent')
    cd /Users/trgysvc/Developer/EliteAgent
    

SwiftCompile normal arm64 /Users/trgysvc/Developer/EliteAgent/Sources/EliteAgentCore/Utilities/Notifications.swift (in target 'EliteAgentCore' from project 'EliteAgent')
    cd /Users/trgysvc/Developer/EliteAgent
    

SwiftCompile normal arm64 /Users/trgysvc/Developer/EliteAgent/Sources/EliteAgentCore/Utilities/PathConfiguration.swift (in target 'EliteAgentCore' from project 'EliteAgent')
    cd /Users/trgysvc/Developer/EliteAgent
    

SwiftCompile normal arm64 /Users/trgysvc/Developer/EliteAgent/Sources/EliteAgentCore/Utilities/RegressionAudit.swift (in target 'EliteAgentCore' from project 'EliteAgent')
    cd /Users/trgysvc/Developer/EliteAgent
    

SwiftCompile normal arm64 /Users/trgysvc/Developer/EliteAgent/Sources/EliteAgentCore/Utilities/ShortcutCache.swift (in target 'EliteAgentCore' from project 'EliteAgent')
    cd /Users/trgysvc/Developer/EliteAgent
    

SwiftCompile normal arm64 /Users/trgysvc/Developer/EliteAgent/Sources/EliteAgentCore/Utilities/ThinkParser.swift (in target 'EliteAgentCore' from project 'EliteAgent')
    cd /Users/trgysvc/Developer/EliteAgent
    

SwiftCompile normal arm64 /Users/trgysvc/Developer/EliteAgent/Sources/EliteAgentCore/Utilities/UpdaterService.swift (in target 'EliteAgentCore' from project 'EliteAgent')
    cd /Users/trgysvc/Developer/EliteAgent
    

SwiftCompile normal arm64 /Users/trgysvc/Developer/EliteAgent/Sources/EliteAgentCore/Utilities/VisionAnalyzer.swift (in target 'EliteAgentCore' from project 'EliteAgent')
    cd /Users/trgysvc/Developer/EliteAgent
    

SwiftCompile normal arm64 /Users/trgysvc/Developer/EliteAgent/Sources/EliteAgentCore/XPC/XPCManager.swift (in target 'EliteAgentCore' from project 'EliteAgent')
    cd /Users/trgysvc/Developer/EliteAgent
    

SwiftCompile normal arm64 /Users/trgysvc/Developer/EliteAgent/Sources/EliteAgentCore/Exports.swift (in target 'EliteAgentCore' from project 'EliteAgent')
    cd /Users/trgysvc/Developer/EliteAgent
    

SwiftCompile normal arm64 Compiling\ FileTools.swift,\ GitTool.swift,\ ImageAnalysisTool.swift,\ MediaControllerTool.swift,\ MemoryTool.swift,\ MessengerTool.swift,\ MusicDNATool.swift,\ NativeBrowserTool.swift,\ PatchTool.swift,\ ProductivityTools.swift,\ ReadFileTool.swift,\ ResearchReportTool.swift,\ SafariAutomationTool.swift,\ ShellTool.swift,\ ShortcutDiscoveryTool.swift,\ ShortcutExecutionTool.swift /Users/trgysvc/Developer/EliteAgent/Sources/EliteAgentCore/ToolEngine/Tools/FileTools.swift /Users/trgysvc/Developer/EliteAgent/Sources/EliteAgentCore/ToolEngine/Tools/GitTool.swift /Users/trgysvc/Developer/EliteAgent/Sources/EliteAgentCore/ToolEngine/Tools/ImageAnalysisTool.swift /Users/trgysvc/Developer/EliteAgent/Sources/EliteAgentCore/ToolEngine/Tools/MediaControllerTool.swift /Users/trgysvc/Developer/EliteAgent/Sources/EliteAgentCore/ToolEngine/Tools/MemoryTool.swift /Users/trgysvc/Developer/EliteAgent/Sources/EliteAgentCore/ToolEngine/Tools/MessengerTool.swift /Users/trgysvc/Developer/EliteAgent/Sources/EliteAgentCore/ToolEngine/Tools/MusicDNATool.swift /Users/trgysvc/Developer/EliteAgent/Sources/EliteAgentCore/ToolEngine/Tools/NativeBrowserTool.swift /Users/trgysvc/Developer/EliteAgent/Sources/EliteAgentCore/ToolEngine/Tools/PatchTool.swift /Users/trgysvc/Developer/EliteAgent/Sources/EliteAgentCore/ToolEngine/Tools/ProductivityTools.swift /Users/trgysvc/Developer/EliteAgent/Sources/EliteAgentCore/ToolEngine/Tools/ReadFileTool.swift /Users/trgysvc/Developer/EliteAgent/Sources/EliteAgentCore/ToolEngine/Tools/ResearchReportTool.swift /Users/trgysvc/Developer/EliteAgent/Sources/EliteAgentCore/ToolEngine/Tools/SafariAutomationTool.swift /Users/trgysvc/Developer/EliteAgent/Sources/EliteAgentCore/ToolEngine/Tools/ShellTool.swift /Users/trgysvc/Developer/EliteAgent/Sources/EliteAgentCore/ToolEngine/Tools/ShortcutDiscoveryTool.swift /Users/trgysvc/Developer/EliteAgent/Sources/EliteAgentCore/ToolEngine/Tools/ShortcutExecutionTool.swift (in target 'EliteAgentCore' from project 'EliteAgent')

SwiftCompile normal arm64 /Users/trgysvc/Developer/EliteAgent/Sources/EliteAgentCore/ToolEngine/Tools/FileTools.swift (in target 'EliteAgentCore' from project 'EliteAgent')
    cd /Users/trgysvc/Developer/EliteAgent
    

SwiftCompile normal arm64 /Users/trgysvc/Developer/EliteAgent/Sources/EliteAgentCore/ToolEngine/Tools/GitTool.swift (in target 'EliteAgentCore' from project 'EliteAgent')
    cd /Users/trgysvc/Developer/EliteAgent
    

SwiftCompile normal arm64 /Users/trgysvc/Developer/EliteAgent/Sources/EliteAgentCore/ToolEngine/Tools/ImageAnalysisTool.swift (in target 'EliteAgentCore' from project 'EliteAgent')
    cd /Users/trgysvc/Developer/EliteAgent
    

SwiftCompile normal arm64 /Users/trgysvc/Developer/EliteAgent/Sources/EliteAgentCore/ToolEngine/Tools/MediaControllerTool.swift (in target 'EliteAgentCore' from project 'EliteAgent')
    cd /Users/trgysvc/Developer/EliteAgent
    

SwiftCompile normal arm64 /Users/trgysvc/Developer/EliteAgent/Sources/EliteAgentCore/ToolEngine/Tools/MemoryTool.swift (in target 'EliteAgentCore' from project 'EliteAgent')
    cd /Users/trgysvc/Developer/EliteAgent
    

SwiftCompile normal arm64 /Users/trgysvc/Developer/EliteAgent/Sources/EliteAgentCore/ToolEngine/Tools/MessengerTool.swift (in target 'EliteAgentCore' from project 'EliteAgent')
    cd /Users/trgysvc/Developer/EliteAgent
    

SwiftCompile normal arm64 /Users/trgysvc/Developer/EliteAgent/Sources/EliteAgentCore/ToolEngine/Tools/MusicDNATool.swift (in target 'EliteAgentCore' from project 'EliteAgent')
    cd /Users/trgysvc/Developer/EliteAgent
    

SwiftCompile normal arm64 /Users/trgysvc/Developer/EliteAgent/Sources/EliteAgentCore/ToolEngine/Tools/NativeBrowserTool.swift (in target 'EliteAgentCore' from project 'EliteAgent')
    cd /Users/trgysvc/Developer/EliteAgent
    

SwiftCompile normal arm64 /Users/trgysvc/Developer/EliteAgent/Sources/EliteAgentCore/ToolEngine/Tools/PatchTool.swift (in target 'EliteAgentCore' from project 'EliteAgent')
    cd /Users/trgysvc/Developer/EliteAgent
    

SwiftCompile normal arm64 /Users/trgysvc/Developer/EliteAgent/Sources/EliteAgentCore/ToolEngine/Tools/ProductivityTools.swift (in target 'EliteAgentCore' from project 'EliteAgent')
    cd /Users/trgysvc/Developer/EliteAgent
    

SwiftCompile normal arm64 /Users/trgysvc/Developer/EliteAgent/Sources/EliteAgentCore/ToolEngine/Tools/ReadFileTool.swift (in target 'EliteAgentCore' from project 'EliteAgent')
    cd /Users/trgysvc/Developer/EliteAgent
    

SwiftCompile normal arm64 /Users/trgysvc/Developer/EliteAgent/Sources/EliteAgentCore/ToolEngine/Tools/ResearchReportTool.swift (in target 'EliteAgentCore' from project 'EliteAgent')
    cd /Users/trgysvc/Developer/EliteAgent
    

SwiftCompile normal arm64 /Users/trgysvc/Developer/EliteAgent/Sources/EliteAgentCore/ToolEngine/Tools/SafariAutomationTool.swift (in target 'EliteAgentCore' from project 'EliteAgent')
    cd /Users/trgysvc/Developer/EliteAgent
    

SwiftCompile normal arm64 /Users/trgysvc/Developer/EliteAgent/Sources/EliteAgentCore/ToolEngine/Tools/ShellTool.swift (in target 'EliteAgentCore' from project 'EliteAgent')
    cd /Users/trgysvc/Developer/EliteAgent
    

SwiftCompile normal arm64 /Users/trgysvc/Developer/EliteAgent/Sources/EliteAgentCore/ToolEngine/Tools/ShortcutDiscoveryTool.swift (in target 'EliteAgentCore' from project 'EliteAgent')
    cd /Users/trgysvc/Developer/EliteAgent
    

SwiftCompile normal arm64 /Users/trgysvc/Developer/EliteAgent/Sources/EliteAgentCore/ToolEngine/Tools/ShortcutExecutionTool.swift (in target 'EliteAgentCore' from project 'EliteAgent')
    cd /Users/trgysvc/Developer/EliteAgent
    

SwiftCompile normal arm64 Compiling\ AISessionState.swift,\ ChatModels.swift,\ ModelSource.swift,\ SignalBus.swift,\ Types.swift,\ ModelPickerViewModel.swift,\ VisualizerView.swift,\ UNODistributedActorSystem.swift,\ UNOTransport.swift,\ UsageTracker.swift,\ AudioLoader.swift,\ ChromaEngine.swift,\ CQTEngine.swift,\ DNAReportBuilder.swift,\ DSPHelpers.swift,\ FilterbankEngine.swift /Users/trgysvc/Developer/EliteAgent/Sources/EliteAgentCore/Types/AISessionState.swift /Users/trgysvc/Developer/EliteAgent/Sources/EliteAgentCore/Types/ChatModels.swift /Users/trgysvc/Developer/EliteAgent/Sources/EliteAgentCore/Types/ModelSource.swift /Users/trgysvc/Developer/EliteAgent/Sources/EliteAgentCore/Types/SignalBus.swift /Users/trgysvc/Developer/EliteAgent/Sources/EliteAgentCore/Types/Types.swift /Users/trgysvc/Developer/EliteAgent/Sources/EliteAgentCore/UI/ModelPickerViewModel.swift /Users/trgysvc/Developer/EliteAgent/Sources/EliteAgentCore/UI/VisualizerView.swift /Users/trgysvc/Developer/EliteAgent/Sources/EliteAgentCore/UNO/UNODistributedActorSystem.swift /Users/trgysvc/Developer/EliteAgent/Sources/EliteAgentCore/UNO/UNOTransport.swift /Users/trgysvc/Developer/EliteAgent/Sources/EliteAgentCore/Usage/UsageTracker.swift /Users/trgysvc/Developer/EliteAgent/Sources/EliteAgentCore/Utilities/MusicDNA/AudioLoader.swift /Users/trgysvc/Developer/EliteAgent/Sources/EliteAgentCore/Utilities/MusicDNA/ChromaEngine.swift /Users/trgysvc/Developer/EliteAgent/Sources/EliteAgentCore/Utilities/MusicDNA/CQTEngine.swift /Users/trgysvc/Developer/EliteAgent/Sources/EliteAgentCore/Utilities/MusicDNA/DNAReportBuilder.swift /Users/trgysvc/Developer/EliteAgent/Sources/EliteAgentCore/Utilities/MusicDNA/DSPHelpers.swift /Users/trgysvc/Developer/EliteAgent/Sources/EliteAgentCore/Utilities/MusicDNA/FilterbankEngine.swift (in target 'EliteAgentCore' from project 'EliteAgent')

SwiftCompile normal arm64 /Users/trgysvc/Developer/EliteAgent/Sources/EliteAgentCore/Types/AISessionState.swift (in target 'EliteAgentCore' from project 'EliteAgent')
    cd /Users/trgysvc/Developer/EliteAgent
    

SwiftCompile normal arm64 /Users/trgysvc/Developer/EliteAgent/Sources/EliteAgentCore/Types/ChatModels.swift (in target 'EliteAgentCore' from project 'EliteAgent')
    cd /Users/trgysvc/Developer/EliteAgent
    

SwiftCompile normal arm64 /Users/trgysvc/Developer/EliteAgent/Sources/EliteAgentCore/Types/ModelSource.swift (in target 'EliteAgentCore' from project 'EliteAgent')
    cd /Users/trgysvc/Developer/EliteAgent
    

SwiftCompile normal arm64 /Users/trgysvc/Developer/EliteAgent/Sources/EliteAgentCore/Types/SignalBus.swift (in target 'EliteAgentCore' from project 'EliteAgent')
    cd /Users/trgysvc/Developer/EliteAgent
    

SwiftCompile normal arm64 /Users/trgysvc/Developer/EliteAgent/Sources/EliteAgentCore/Types/Types.swift (in target 'EliteAgentCore' from project 'EliteAgent')
    cd /Users/trgysvc/Developer/EliteAgent
    

SwiftCompile normal arm64 /Users/trgysvc/Developer/EliteAgent/Sources/EliteAgentCore/UI/ModelPickerViewModel.swift (in target 'EliteAgentCore' from project 'EliteAgent')
    cd /Users/trgysvc/Developer/EliteAgent
    

SwiftCompile normal arm64 /Users/trgysvc/Developer/EliteAgent/Sources/EliteAgentCore/UI/VisualizerView.swift (in target 'EliteAgentCore' from project 'EliteAgent')
    cd /Users/trgysvc/Developer/EliteAgent
    

SwiftCompile normal arm64 /Users/trgysvc/Developer/EliteAgent/Sources/EliteAgentCore/UNO/UNODistributedActorSystem.swift (in target 'EliteAgentCore' from project 'EliteAgent')
    cd /Users/trgysvc/Developer/EliteAgent
    

SwiftCompile normal arm64 /Users/trgysvc/Developer/EliteAgent/Sources/EliteAgentCore/UNO/UNOTransport.swift (in target 'EliteAgentCore' from project 'EliteAgent')
    cd /Users/trgysvc/Developer/EliteAgent
    

SwiftCompile normal arm64 /Users/trgysvc/Developer/EliteAgent/Sources/EliteAgentCore/Usage/UsageTracker.swift (in target 'EliteAgentCore' from project 'EliteAgent')
    cd /Users/trgysvc/Developer/EliteAgent
    

SwiftCompile normal arm64 /Users/trgysvc/Developer/EliteAgent/Sources/EliteAgentCore/Utilities/MusicDNA/AudioLoader.swift (in target 'EliteAgentCore' from project 'EliteAgent')
    cd /Users/trgysvc/Developer/EliteAgent
    

SwiftCompile normal arm64 /Users/trgysvc/Developer/EliteAgent/Sources/EliteAgentCore/Utilities/MusicDNA/ChromaEngine.swift (in target 'EliteAgentCore' from project 'EliteAgent')
    cd /Users/trgysvc/Developer/EliteAgent
    

SwiftCompile normal arm64 /Users/trgysvc/Developer/EliteAgent/Sources/EliteAgentCore/Utilities/MusicDNA/CQTEngine.swift (in target 'EliteAgentCore' from project 'EliteAgent')
    cd /Users/trgysvc/Developer/EliteAgent
    

SwiftCompile normal arm64 /Users/trgysvc/Developer/EliteAgent/Sources/EliteAgentCore/Utilities/MusicDNA/DNAReportBuilder.swift (in target 'EliteAgentCore' from project 'EliteAgent')
    cd /Users/trgysvc/Developer/EliteAgent
    

SwiftCompile normal arm64 /Users/trgysvc/Developer/EliteAgent/Sources/EliteAgentCore/Utilities/MusicDNA/DSPHelpers.swift (in target 'EliteAgentCore' from project 'EliteAgent')
    cd /Users/trgysvc/Developer/EliteAgent
    

SwiftCompile normal arm64 /Users/trgysvc/Developer/EliteAgent/Sources/EliteAgentCore/Utilities/MusicDNA/FilterbankEngine.swift (in target 'EliteAgentCore' from project 'EliteAgent')
    cd /Users/trgysvc/Developer/EliteAgent
    

SwiftCompile normal arm64 Compiling\ InferenceValidator.swift,\ LLMConnectionTestService.swift,\ LLMHealthTypes.swift,\ LLMModel.swift,\ LLMProvider.swift,\ LLMTypes.swift,\ LocalModelHealthMonitor.swift,\ LocalModelWatchdog.swift,\ MLXEngineGuardian.swift,\ MLXProvider.swift,\ ModelCatalog.swift,\ ModelError.swift,\ ModelLoader.swift,\ ModelManager.swift,\ ModelSetupManager.swift,\ ModelStateManager.swift /Users/trgysvc/Developer/EliteAgent/Sources/EliteAgentCore/LLM/InferenceValidator.swift /Users/trgysvc/Developer/EliteAgent/Sources/EliteAgentCore/LLM/LLMConnectionTestService.swift /Users/trgysvc/Developer/EliteAgent/Sources/EliteAgentCore/LLM/LLMHealthTypes.swift /Users/trgysvc/Developer/EliteAgent/Sources/EliteAgentCore/LLM/LLMModel.swift /Users/trgysvc/Developer/EliteAgent/Sources/EliteAgentCore/LLM/LLMProvider.swift /Users/trgysvc/Developer/EliteAgent/Sources/EliteAgentCore/LLM/LLMTypes.swift /Users/trgysvc/Developer/EliteAgent/Sources/EliteAgentCore/LLM/LocalModelHealthMonitor.swift /Users/trgysvc/Developer/EliteAgent/Sources/EliteAgentCore/LLM/LocalModelWatchdog.swift /Users/trgysvc/Developer/EliteAgent/Sources/EliteAgentCore/LLM/MLXEngineGuardian.swift /Users/trgysvc/Developer/EliteAgent/Sources/EliteAgentCore/LLM/MLXProvider.swift /Users/trgysvc/Developer/EliteAgent/Sources/EliteAgentCore/LLM/ModelCatalog.swift /Users/trgysvc/Developer/EliteAgent/Sources/EliteAgentCore/LLM/ModelError.swift /Users/trgysvc/Developer/EliteAgent/Sources/EliteAgentCore/LLM/ModelLoader.swift /Users/trgysvc/Developer/EliteAgent/Sources/EliteAgentCore/LLM/ModelManager.swift /Users/trgysvc/Developer/EliteAgent/Sources/EliteAgentCore/LLM/ModelSetupManager.swift /Users/trgysvc/Developer/EliteAgent/Sources/EliteAgentCore/LLM/ModelStateManager.swift (in target 'EliteAgentCore' from project 'EliteAgent')

** BUILD FAILED **


The following build commands failed:
	SwiftEmitModule normal arm64 Emitting\ module\ for\ EliteAgentCore (in target 'EliteAgentCore' from project 'EliteAgent')
	EmitSwiftModule normal arm64 (in target 'EliteAgentCore' from project 'EliteAgent')
	Building project EliteAgent with scheme EliteAgentCore
(3 failures)
