[1/1] Compiling plugin GenerateManual
[2/2] Compiling plugin GenerateDoccReference
Building for debugging...
[2/14] Write swift-version-15D9132313371EBE.txt
[4/16] Emitting module EliteAgentTests
[5/16] Compiling EliteAgentTests EliteMarathonTests.swift
/Users/trgysvc/Developer/EliteAgent/Tests/EliteAgentTests/EliteMarathonTests.swift:41:22: error: actor-isolated property 'responses' can not be mutated from a nonisolated context
 39 |     func testWorkflow1_GitOps_CloneAndPatch() async throws {
 40 |         let mockProvider = MockLLMProvider()
 41 |         mockProvider.responses = [
    |                      |- error: actor-isolated property 'responses' can not be mutated from a nonisolated context
    |                      `- note: consider declaring an isolated method on 'MockLLMProvider' to perform the mutation
 42 |             CompletionResponse(taskID: "t1", providerUsed: .mlx, content: "[UNOB: TASK]", tokensUsed: TokenCount(prompt: 0, completion: 0, total: 0), latencyMs: 0, costUSD: 0),
 43 |             CompletionResponse(taskID: "t1", providerUsed: .mlx, content: "<think>I will clone express and patch req.param()</think><final>CALL(32) WITH {\"command\": \"git clone https://github.com/expressjs/express.git .\"}</final>", tokensUsed: TokenCount(prompt: 0, completion: 0, total: 0), latencyMs: 0, costUSD: 0),
    :
242 |     let isLoaded: Bool = true
243 |     
244 |     var responses: [CompletionResponse] = []
    |         `- note: mutation of this property is only permitted within the actor
245 |     
246 |     func healthCheck() async -> Bool { return true }

/Users/trgysvc/Developer/EliteAgent/Tests/EliteAgentTests/EliteMarathonTests.swift:61:22: error: actor-isolated property 'responses' can not be mutated from a nonisolated context
 59 |     func testWorkflow2_WebResearch() async throws {
 60 |         let mockProvider = MockLLMProvider()
 61 |         mockProvider.responses = [
    |                      |- error: actor-isolated property 'responses' can not be mutated from a nonisolated context
    |                      `- note: consider declaring an isolated method on 'MockLLMProvider' to perform the mutation
 62 |             CompletionResponse(taskID: "t2", providerUsed: .mlx, content: "[UNOB: RESEARCH]", tokensUsed: TokenCount(prompt: 0, completion: 0, total: 0), latencyMs: 0, costUSD: 0),
 63 |             CompletionResponse(taskID: "t2", providerUsed: .mlx, content: "<think>Searching papers</think><final>CALL(45) WITH {\"query\": \"Distillation of Large Language Models latest papers\"}</final>", tokensUsed: TokenCount(prompt: 0, completion: 0, total: 0), latencyMs: 0, costUSD: 0),
    :
242 |     let isLoaded: Bool = true
243 |     
244 |     var responses: [CompletionResponse] = []
    |         `- note: mutation of this property is only permitted within the actor
245 |     
246 |     func healthCheck() async -> Bool { return true }

/Users/trgysvc/Developer/EliteAgent/Tests/EliteAgentTests/EliteMarathonTests.swift:82:22: error: actor-isolated property 'responses' can not be mutated from a nonisolated context
 80 |     func testWorkflow3_MonitoringAlerting() async throws {
 81 |         let mockProvider = MockLLMProvider()
 82 |         mockProvider.responses = [
    |                      |- error: actor-isolated property 'responses' can not be mutated from a nonisolated context
    |                      `- note: consider declaring an isolated method on 'MockLLMProvider' to perform the mutation
 83 |             CompletionResponse(taskID: "t3", providerUsed: .mlx, content: "[UNOB: TASK]", tokensUsed: TokenCount(prompt: 0, completion: 0, total: 0), latencyMs: 0, costUSD: 0),
 84 |             CompletionResponse(taskID: "t3", providerUsed: .mlx, content: "<think>Check memory</think><final>CALL(32) WITH {\"command\": \"vm_stat\"}</final>", tokensUsed: TokenCount(prompt: 0, completion: 0, total: 0), latencyMs: 0, costUSD: 0),
    :
242 |     let isLoaded: Bool = true
243 |     
244 |     var responses: [CompletionResponse] = []
    |         `- note: mutation of this property is only permitted within the actor
245 |     
246 |     func healthCheck() async -> Bool { return true }

/Users/trgysvc/Developer/EliteAgent/Tests/EliteAgentTests/EliteMarathonTests.swift:100:22: error: actor-isolated property 'responses' can not be mutated from a nonisolated context
 98 |     func testWorkflow4_BlenderAutomation() async throws {
 99 |         let mockProvider = MockLLMProvider()
100 |         mockProvider.responses = [
    |                      |- error: actor-isolated property 'responses' can not be mutated from a nonisolated context
    |                      `- note: consider declaring an isolated method on 'MockLLMProvider' to perform the mutation
101 |             CompletionResponse(taskID: "t4", providerUsed: .mlx, content: "[UNOB: CREATIVE3D]", tokensUsed: TokenCount(prompt: 0, completion: 0, total: 0), latencyMs: 0, costUSD: 0),
102 |             CompletionResponse(taskID: "t4", providerUsed: .mlx, content: "<think>Generate Blender script</think><final>CALL(60) WITH {\"action\": \"execute_script\", \"script\": \"import bpy...\"}</final>", tokensUsed: TokenCount(prompt: 0, completion: 0, total: 0), latencyMs: 0, costUSD: 0),
    :
242 |     let isLoaded: Bool = true
243 |     
244 |     var responses: [CompletionResponse] = []
    |         `- note: mutation of this property is only permitted within the actor
245 |     
246 |     func healthCheck() async -> Bool { return true }

/Users/trgysvc/Developer/EliteAgent/Tests/EliteAgentTests/EliteMarathonTests.swift:118:22: error: actor-isolated property 'responses' can not be mutated from a nonisolated context
116 |     func testWorkflow5_ProjectBootstrappingAndTDD() async throws {
117 |         let mockProvider = MockLLMProvider()
118 |         mockProvider.responses = [
    |                      |- error: actor-isolated property 'responses' can not be mutated from a nonisolated context
    |                      `- note: consider declaring an isolated method on 'MockLLMProvider' to perform the mutation
119 |             CompletionResponse(taskID: "t5", providerUsed: .mlx, content: "[UNOB: TASK]", tokensUsed: TokenCount(prompt: 0, completion: 0, total: 0), latencyMs: 0, costUSD: 0),
120 |             CompletionResponse(taskID: "t5", providerUsed: .mlx, content: "<think>Init package</think><final>CALL(32) WITH {\"command\": \"swift package init --type executable\"}</final>", tokensUsed: TokenCount(prompt: 0, completion: 0, total: 0), latencyMs: 0, costUSD: 0),
    :
242 |     let isLoaded: Bool = true
243 |     
244 |     var responses: [CompletionResponse] = []
    |         `- note: mutation of this property is only permitted within the actor
245 |     
246 |     func healthCheck() async -> Bool { return true }

/Users/trgysvc/Developer/EliteAgent/Tests/EliteAgentTests/EliteMarathonTests.swift:140:22: error: actor-isolated property 'responses' can not be mutated from a nonisolated context
138 |     func testWorkflow6_SystemConfigPortManagement() async throws {
139 |         let mockProvider = MockLLMProvider()
140 |         mockProvider.responses = [
    |                      |- error: actor-isolated property 'responses' can not be mutated from a nonisolated context
    |                      `- note: consider declaring an isolated method on 'MockLLMProvider' to perform the mutation
141 |             CompletionResponse(taskID: "t6", providerUsed: .mlx, content: "[UNOB: TASK]", tokensUsed: TokenCount(prompt: 0, completion: 0, total: 0), latencyMs: 0, costUSD: 0),
142 |             CompletionResponse(taskID: "t6", providerUsed: .mlx, content: "<think>Check Docker</think><final>CALL(32) WITH {\"command\": \"docker --version\"}</final>", tokensUsed: TokenCount(prompt: 0, completion: 0, total: 0), latencyMs: 0, costUSD: 0),
    :
242 |     let isLoaded: Bool = true
243 |     
244 |     var responses: [CompletionResponse] = []
    |         `- note: mutation of this property is only permitted within the actor
245 |     
246 |     func healthCheck() async -> Bool { return true }

/Users/trgysvc/Developer/EliteAgent/Tests/EliteAgentTests/EliteMarathonTests.swift:159:22: error: actor-isolated property 'responses' can not be mutated from a nonisolated context
157 |     func testWorkflow7_CrossReferenceDocs() async throws {
158 |         let mockProvider = MockLLMProvider()
159 |         mockProvider.responses = [
    |                      |- error: actor-isolated property 'responses' can not be mutated from a nonisolated context
    |                      `- note: consider declaring an isolated method on 'MockLLMProvider' to perform the mutation
160 |             CompletionResponse(taskID: "t7", providerUsed: .mlx, content: "[UNOB: TASK]", tokensUsed: TokenCount(prompt: 0, completion: 0, total: 0), latencyMs: 0, costUSD: 0),
161 |             CompletionResponse(taskID: "t7", providerUsed: .mlx, content: "<think>Read README</think><final>CALL(33) WITH {\"path\": \"README.md\"}</final>", tokensUsed: TokenCount(prompt: 0, completion: 0, total: 0), latencyMs: 0, costUSD: 0),
    :
242 |     let isLoaded: Bool = true
243 |     
244 |     var responses: [CompletionResponse] = []
    |         `- note: mutation of this property is only permitted within the actor
245 |     
246 |     func healthCheck() async -> Bool { return true }

/Users/trgysvc/Developer/EliteAgent/Tests/EliteAgentTests/EliteMarathonTests.swift:178:22: error: actor-isolated property 'responses' can not be mutated from a nonisolated context
176 |     func testWorkflow8_LegacyCodeMigration() async throws {
177 |         let mockProvider = MockLLMProvider()
178 |         mockProvider.responses = [
    |                      |- error: actor-isolated property 'responses' can not be mutated from a nonisolated context
    |                      `- note: consider declaring an isolated method on 'MockLLMProvider' to perform the mutation
179 |             CompletionResponse(taskID: "t8", providerUsed: .mlx, content: "[UNOB: TASK]", tokensUsed: TokenCount(prompt: 0, completion: 0, total: 0), latencyMs: 0, costUSD: 0),
180 |             CompletionResponse(taskID: "t8", providerUsed: .mlx, content: "<think>Find Python files</think><final>CALL(32) WITH {\"command\": \"find scripts/legacy -name '*.py'\"}</final>", tokensUsed: TokenCount(prompt: 0, completion: 0, total: 0), latencyMs: 0, costUSD: 0),
    :
242 |     let isLoaded: Bool = true
243 |     
244 |     var responses: [CompletionResponse] = []
    |         `- note: mutation of this property is only permitted within the actor
245 |     
246 |     func healthCheck() async -> Bool { return true }

/Users/trgysvc/Developer/EliteAgent/Tests/EliteAgentTests/EliteMarathonTests.swift:197:22: error: actor-isolated property 'responses' can not be mutated from a nonisolated context
195 |     func testWorkflow9_DataExtractionPlist() async throws {
196 |         let mockProvider = MockLLMProvider()
197 |         mockProvider.responses = [
    |                      |- error: actor-isolated property 'responses' can not be mutated from a nonisolated context
    |                      `- note: consider declaring an isolated method on 'MockLLMProvider' to perform the mutation
198 |             CompletionResponse(taskID: "t9", providerUsed: .mlx, content: "[UNOB: TASK]", tokensUsed: TokenCount(prompt: 0, completion: 0, total: 0), latencyMs: 0, costUSD: 0),
199 |             CompletionResponse(taskID: "t9", providerUsed: .mlx, content: "<think>Download data</think><final>CALL(32) WITH {\"command\": \"curl -o data.csv url\"}</final>", tokensUsed: TokenCount(prompt: 0, completion: 0, total: 0), latencyMs: 0, costUSD: 0),
    :
242 |     let isLoaded: Bool = true
243 |     
244 |     var responses: [CompletionResponse] = []
    |         `- note: mutation of this property is only permitted within the actor
245 |     
246 |     func healthCheck() async -> Bool { return true }

/Users/trgysvc/Developer/EliteAgent/Tests/EliteAgentTests/EliteMarathonTests.swift:215:22: error: actor-isolated property 'responses' can not be mutated from a nonisolated context
213 |     func testWorkflow10_ComplexBuildDebugging() async throws {
214 |         let mockProvider = MockLLMProvider()
215 |         mockProvider.responses = [
    |                      |- error: actor-isolated property 'responses' can not be mutated from a nonisolated context
    |                      `- note: consider declaring an isolated method on 'MockLLMProvider' to perform the mutation
216 |             CompletionResponse(taskID: "t10", providerUsed: .mlx, content: "[UNOB: TASK]", tokensUsed: TokenCount(prompt: 0, completion: 0, total: 0), latencyMs: 0, costUSD: 0),
217 |             CompletionResponse(taskID: "t10", providerUsed: .mlx, content: "<think>Run build</think><final>CALL(32) WITH {\"command\": \"xcodebuild\"}</final>", tokensUsed: TokenCount(prompt: 0, completion: 0, total: 0), latencyMs: 0, costUSD: 0),
    :
242 |     let isLoaded: Bool = true
243 |     
244 |     var responses: [CompletionResponse] = []
    |         `- note: mutation of this property is only permitted within the actor
245 |     
246 |     func healthCheck() async -> Bool { return true }
[5/16] Linking elite
[5/16] Linking uma-bench
[5/16] Linking EliteAgent
[5/16] Linking EliteAgentXPC
[5/16] Linking libEliteAgentCore.dylib
error: fatalError
